2019-09-26 14:02:01,641 INFO 开始执行测试
2019-09-26 14:12:37,840 INFO 开始执行测试
2019-09-26 14:12:38,974 INFO Creating Session using : alias=baidu, url=http://www.baidu.com, headers={},                     cookies=None, auth=None, timeout=None, proxies=None, verify=False,                     debug=0 
2019-09-26 14:12:38,974 DEBUG Creating session: baidu
2019-09-26 14:12:38,975 DEBUG Argument types are:
<class 'bool'>
2019-09-26 14:12:38,976 INFO <requests.sessions.Session object at 0x10b2d81d0>
2019-09-26 14:12:38,976 INFO <requests.sessions.Session object at 0x10b2d81d0>
2019-09-26 14:12:39,178 INFO Get Request using : alias=baidu, uri=/, headers=None json=None
2019-09-26 14:12:39,178 INFO Get Request using : alias=baidu, uri=/, headers=None json=None
2019-09-26 14:12:39,179 INFO <Response [200]>
2019-09-26 14:12:39,179 INFO <Response [200]>
2019-09-26 14:12:39,179 INFO <Response [200]>
2019-09-26 14:19:25,003 INFO 开始执行测试
2019-09-26 14:19:26,128 INFO Creating Session using : alias=baidu, url=http://www.baidu.com, headers={},                     cookies=None, auth=None, timeout=None, proxies=None, verify=False,                     debug=0 
2019-09-26 14:19:26,128 DEBUG Creating session: baidu
2019-09-26 14:19:26,129 DEBUG Argument types are:
<class 'bool'>
2019-09-26 14:19:26,129 INFO <requests.sessions.Session object at 0x1086e4160>
2019-09-26 14:19:26,129 INFO <requests.sessions.Session object at 0x1086e4160>
2019-09-26 14:19:26,319 INFO Get Request using : alias=baidu, uri=/, headers=None json=None
2019-09-26 14:19:26,319 INFO Get Request using : alias=baidu, uri=/, headers=None json=None
2019-09-26 14:19:26,321 INFO <Response [200]>
2019-09-26 14:19:26,321 INFO <Response [200]>
2019-09-26 14:19:26,321 INFO <Response [200]>
2019-09-26 14:20:00,420 INFO 开始执行测试
2019-09-26 14:20:01,304 INFO in remsg
2019-09-26 14:20:01,304 INFO in remsg
2019-09-26 14:20:01,696 INFO Creating Session using : alias=baidu, url=http://www.baidu.com, headers={},                     cookies=None, auth=None, timeout=None, proxies=None, verify=False,                     debug=0 
2019-09-26 14:20:01,696 INFO Creating Session using : alias=baidu, url=http://www.baidu.com, headers={},                     cookies=None, auth=None, timeout=None, proxies=None, verify=False,                     debug=0 
2019-09-26 14:20:01,697 DEBUG Creating session: baidu
2019-09-26 14:20:01,697 DEBUG Creating session: baidu
2019-09-26 14:20:01,697 DEBUG Argument types are:
<class 'bool'>
2019-09-26 14:20:01,697 DEBUG Argument types are:
<class 'bool'>
2019-09-26 14:20:01,698 INFO <requests.sessions.Session object at 0x10ca4cef0>
2019-09-26 14:20:01,698 INFO <requests.sessions.Session object at 0x10ca4cef0>
2019-09-26 14:20:01,698 INFO <requests.sessions.Session object at 0x10ca4cef0>
2019-09-26 14:20:01,791 INFO Get Request using : alias=baidu, uri=/, headers=None json=None
2019-09-26 14:20:01,791 INFO Get Request using : alias=baidu, uri=/, headers=None json=None
2019-09-26 14:20:01,791 INFO Get Request using : alias=baidu, uri=/, headers=None json=None
2019-09-26 14:20:01,792 INFO <Response [200]>
2019-09-26 14:20:01,792 INFO <Response [200]>
2019-09-26 14:20:01,792 INFO <Response [200]>
2019-09-26 14:20:01,792 INFO <Response [200]>
2019-09-26 14:26:21,794 INFO 开始执行测试
2019-09-26 14:26:22,444 INFO in remsg
2019-09-26 14:26:22,444 INFO in remsg
2019-09-26 14:26:22,675 INFO <Response [200]>
2019-09-26 14:26:22,675 INFO <Response [200]>
2019-09-26 14:26:22,675 INFO <Response [200]>
2019-09-26 14:26:22,886 INFO Creating Session using : alias=baidu, url=http://www.baidu.com, headers={},                     cookies=None, auth=None, timeout=None, proxies=None, verify=False,                     debug=0 
2019-09-26 14:26:22,886 INFO Creating Session using : alias=baidu, url=http://www.baidu.com, headers={},                     cookies=None, auth=None, timeout=None, proxies=None, verify=False,                     debug=0 
2019-09-26 14:26:22,886 INFO Creating Session using : alias=baidu, url=http://www.baidu.com, headers={},                     cookies=None, auth=None, timeout=None, proxies=None, verify=False,                     debug=0 
2019-09-26 14:26:22,886 DEBUG Creating session: baidu
2019-09-26 14:26:22,886 DEBUG Creating session: baidu
2019-09-26 14:26:22,886 DEBUG Creating session: baidu
2019-09-26 14:26:22,887 DEBUG Argument types are:
<class 'bool'>
2019-09-26 14:26:22,887 DEBUG Argument types are:
<class 'bool'>
2019-09-26 14:26:22,887 DEBUG Argument types are:
<class 'bool'>
2019-09-26 14:26:22,887 INFO <requests.sessions.Session object at 0x103325b70>
2019-09-26 14:26:22,887 INFO <requests.sessions.Session object at 0x103325b70>
2019-09-26 14:26:22,887 INFO <requests.sessions.Session object at 0x103325b70>
2019-09-26 14:26:22,887 INFO <requests.sessions.Session object at 0x103325b70>
2019-09-26 14:26:22,974 INFO Get Request using : alias=baidu, uri=/, headers=None json=None
2019-09-26 14:26:22,974 INFO Get Request using : alias=baidu, uri=/, headers=None json=None
2019-09-26 14:26:22,974 INFO Get Request using : alias=baidu, uri=/, headers=None json=None
2019-09-26 14:26:22,974 INFO Get Request using : alias=baidu, uri=/, headers=None json=None
2019-09-26 14:26:22,975 INFO <Response [200]>
2019-09-26 14:26:22,975 INFO <Response [200]>
2019-09-26 14:26:22,975 INFO <Response [200]>
2019-09-26 14:26:22,975 INFO <Response [200]>
2019-09-26 14:26:22,975 INFO <Response [200]>
2019-09-26 14:45:23,920 INFO 开始执行测试
2019-09-26 14:45:24,686 INFO Opening browser 'chrome' to base url 'http://www.baidu.com'.
2019-09-26 14:45:31,341 INFO in remsg
2019-09-26 14:45:31,341 INFO in remsg
2019-09-26 14:45:31,548 INFO <Response [200]>
2019-09-26 14:45:31,548 INFO <Response [200]>
2019-09-26 14:45:31,548 INFO <Response [200]>
2019-09-26 14:45:31,564 INFO Creating Session using : alias=baidu, url=http://www.baidu.com, headers={},                     cookies=None, auth=None, timeout=None, proxies=None, verify=False,                     debug=0 
2019-09-26 14:45:31,564 INFO Creating Session using : alias=baidu, url=http://www.baidu.com, headers={},                     cookies=None, auth=None, timeout=None, proxies=None, verify=False,                     debug=0 
2019-09-26 14:45:31,564 INFO Creating Session using : alias=baidu, url=http://www.baidu.com, headers={},                     cookies=None, auth=None, timeout=None, proxies=None, verify=False,                     debug=0 
2019-09-26 14:45:31,565 DEBUG Creating session: baidu
2019-09-26 14:45:31,565 DEBUG Creating session: baidu
2019-09-26 14:45:31,565 DEBUG Creating session: baidu
2019-09-26 14:45:31,566 DEBUG Argument types are:
<class 'bool'>
2019-09-26 14:45:31,566 DEBUG Argument types are:
<class 'bool'>
2019-09-26 14:45:31,566 DEBUG Argument types are:
<class 'bool'>
2019-09-26 14:45:31,566 INFO <requests.sessions.Session object at 0x100d308d0>
2019-09-26 14:45:31,566 INFO <requests.sessions.Session object at 0x100d308d0>
2019-09-26 14:45:31,566 INFO <requests.sessions.Session object at 0x100d308d0>
2019-09-26 14:45:31,566 INFO <requests.sessions.Session object at 0x100d308d0>
2019-09-26 14:45:31,702 INFO Get Request using : alias=baidu, uri=/, headers=None json=None
2019-09-26 14:45:31,702 INFO Get Request using : alias=baidu, uri=/, headers=None json=None
2019-09-26 14:45:31,702 INFO Get Request using : alias=baidu, uri=/, headers=None json=None
2019-09-26 14:45:31,702 INFO Get Request using : alias=baidu, uri=/, headers=None json=None
2019-09-26 14:45:31,703 INFO <Response [200]>
2019-09-26 14:45:31,703 INFO <Response [200]>
2019-09-26 14:45:31,703 INFO <Response [200]>
2019-09-26 14:45:31,703 INFO <Response [200]>
2019-09-26 14:45:31,703 INFO <Response [200]>
2019-09-29 13:30:12,046 INFO 开始执行测试
2019-09-29 13:33:11,386 INFO 开始执行测试,报告输出模式text
2019-09-29 13:34:25,494 INFO 开始执行测试,报告输出模式text
2019-09-29 13:35:02,533 INFO 开始执行测试,报告输出模式text
2019-09-29 13:35:45,875 INFO 开始执行测试,报告输出模式text
2019-09-29 13:36:35,371 INFO 开始执行测试,报告输出模式text
2019-09-29 13:37:40,119 INFO 开始执行测试,报告输出模式text
2019-09-29 13:37:41,041 INFO in login！
2019-09-29 13:37:41,041 INFO in login！
2019-09-29 13:37:42,000 INFO response is : <Response [200]>
2019-09-29 13:37:42,000 INFO response is : <Response [200]>
2019-09-29 13:37:42,000 INFO response is : <Response [200]>
2019-09-29 13:37:42,001 INFO response is : {"data":{"refresh":"eyJ0eXAiOiJKV1QiLCJhbGciOiJIUzI1NiJ9.eyJ0b2tlbl90eXBlIjoicmVmcmVzaCIsImV4cCI6MTU2OTgyMTg2MSwianRpIjoiNjhiZTEyZWQ4MmE0NGY4ZTg1MDEzM2RkOGQ3YTBmMTciLCJ1c2VyX2lkIjoxfQ.Ia9sFN9hH406_wzGaRF1Bu03ckNhKNQBwbm6colQTig","access":"eyJ0eXAiOiJKV1QiLCJhbGciOiJIUzI1NiJ9.eyJ0b2tlbl90eXBlIjoiYWNjZXNzIiwiZXhwIjoxNTY5NzM5MDYxLCJqdGkiOiI1ZWNkMDRiNzZlOTE0MGZmOWVhNmNkNjY0MWMyM2U4NCIsInVzZXJfaWQiOjF9.xugwwMfglm7qZ7OGQiLeqScsL6goKKF4H_5jIdCPiqU"},"code":20000,"message":"success"}
2019-09-29 13:37:42,001 INFO response is : {"data":{"refresh":"eyJ0eXAiOiJKV1QiLCJhbGciOiJIUzI1NiJ9.eyJ0b2tlbl90eXBlIjoicmVmcmVzaCIsImV4cCI6MTU2OTgyMTg2MSwianRpIjoiNjhiZTEyZWQ4MmE0NGY4ZTg1MDEzM2RkOGQ3YTBmMTciLCJ1c2VyX2lkIjoxfQ.Ia9sFN9hH406_wzGaRF1Bu03ckNhKNQBwbm6colQTig","access":"eyJ0eXAiOiJKV1QiLCJhbGciOiJIUzI1NiJ9.eyJ0b2tlbl90eXBlIjoiYWNjZXNzIiwiZXhwIjoxNTY5NzM5MDYxLCJqdGkiOiI1ZWNkMDRiNzZlOTE0MGZmOWVhNmNkNjY0MWMyM2U4NCIsInVzZXJfaWQiOjF9.xugwwMfglm7qZ7OGQiLeqScsL6goKKF4H_5jIdCPiqU"},"code":20000,"message":"success"}
2019-09-29 13:37:42,001 INFO response is : {"data":{"refresh":"eyJ0eXAiOiJKV1QiLCJhbGciOiJIUzI1NiJ9.eyJ0b2tlbl90eXBlIjoicmVmcmVzaCIsImV4cCI6MTU2OTgyMTg2MSwianRpIjoiNjhiZTEyZWQ4MmE0NGY4ZTg1MDEzM2RkOGQ3YTBmMTciLCJ1c2VyX2lkIjoxfQ.Ia9sFN9hH406_wzGaRF1Bu03ckNhKNQBwbm6colQTig","access":"eyJ0eXAiOiJKV1QiLCJhbGciOiJIUzI1NiJ9.eyJ0b2tlbl90eXBlIjoiYWNjZXNzIiwiZXhwIjoxNTY5NzM5MDYxLCJqdGkiOiI1ZWNkMDRiNzZlOTE0MGZmOWVhNmNkNjY0MWMyM2U4NCIsInVzZXJfaWQiOjF9.xugwwMfglm7qZ7OGQiLeqScsL6goKKF4H_5jIdCPiqU"},"code":20000,"message":"success"}
2019-09-29 13:37:42,001 INFO response is : {"data":{"refresh":"eyJ0eXAiOiJKV1QiLCJhbGciOiJIUzI1NiJ9.eyJ0b2tlbl90eXBlIjoicmVmcmVzaCIsImV4cCI6MTU2OTgyMTg2MSwianRpIjoiNjhiZTEyZWQ4MmE0NGY4ZTg1MDEzM2RkOGQ3YTBmMTciLCJ1c2VyX2lkIjoxfQ.Ia9sFN9hH406_wzGaRF1Bu03ckNhKNQBwbm6colQTig","access":"eyJ0eXAiOiJKV1QiLCJhbGciOiJIUzI1NiJ9.eyJ0b2tlbl90eXBlIjoiYWNjZXNzIiwiZXhwIjoxNTY5NzM5MDYxLCJqdGkiOiI1ZWNkMDRiNzZlOTE0MGZmOWVhNmNkNjY0MWMyM2U4NCIsInVzZXJfaWQiOjF9.xugwwMfglm7qZ7OGQiLeqScsL6goKKF4H_5jIdCPiqU"},"code":20000,"message":"success"}
2019-09-29 13:37:42,003 INFO {"data":{"refresh":"eyJ0eXAiOiJKV1QiLCJhbGciOiJIUzI1NiJ9.eyJ0b2tlbl90eXBlIjoicmVmcmVzaCIsImV4cCI6MTU2OTgyMTg2MSwianRpIjoiNjhiZTEyZWQ4MmE0NGY4ZTg1MDEzM2RkOGQ3YTBmMTciLCJ1c2VyX2lkIjoxfQ.Ia9sFN9hH406_wzGaRF1Bu03ckNhKNQBwbm6colQTig","access":"eyJ0eXAiOiJKV1QiLCJhbGciOiJIUzI1NiJ9.eyJ0b2tlbl90eXBlIjoiYWNjZXNzIiwiZXhwIjoxNTY5NzM5MDYxLCJqdGkiOiI1ZWNkMDRiNzZlOTE0MGZmOWVhNmNkNjY0MWMyM2U4NCIsInVzZXJfaWQiOjF9.xugwwMfglm7qZ7OGQiLeqScsL6goKKF4H_5jIdCPiqU"},"code":20000,"message":"success"}
2019-09-29 13:37:42,003 INFO {"data":{"refresh":"eyJ0eXAiOiJKV1QiLCJhbGciOiJIUzI1NiJ9.eyJ0b2tlbl90eXBlIjoicmVmcmVzaCIsImV4cCI6MTU2OTgyMTg2MSwianRpIjoiNjhiZTEyZWQ4MmE0NGY4ZTg1MDEzM2RkOGQ3YTBmMTciLCJ1c2VyX2lkIjoxfQ.Ia9sFN9hH406_wzGaRF1Bu03ckNhKNQBwbm6colQTig","access":"eyJ0eXAiOiJKV1QiLCJhbGciOiJIUzI1NiJ9.eyJ0b2tlbl90eXBlIjoiYWNjZXNzIiwiZXhwIjoxNTY5NzM5MDYxLCJqdGkiOiI1ZWNkMDRiNzZlOTE0MGZmOWVhNmNkNjY0MWMyM2U4NCIsInVzZXJfaWQiOjF9.xugwwMfglm7qZ7OGQiLeqScsL6goKKF4H_5jIdCPiqU"},"code":20000,"message":"success"}
2019-09-29 13:37:42,003 INFO {"data":{"refresh":"eyJ0eXAiOiJKV1QiLCJhbGciOiJIUzI1NiJ9.eyJ0b2tlbl90eXBlIjoicmVmcmVzaCIsImV4cCI6MTU2OTgyMTg2MSwianRpIjoiNjhiZTEyZWQ4MmE0NGY4ZTg1MDEzM2RkOGQ3YTBmMTciLCJ1c2VyX2lkIjoxfQ.Ia9sFN9hH406_wzGaRF1Bu03ckNhKNQBwbm6colQTig","access":"eyJ0eXAiOiJKV1QiLCJhbGciOiJIUzI1NiJ9.eyJ0b2tlbl90eXBlIjoiYWNjZXNzIiwiZXhwIjoxNTY5NzM5MDYxLCJqdGkiOiI1ZWNkMDRiNzZlOTE0MGZmOWVhNmNkNjY0MWMyM2U4NCIsInVzZXJfaWQiOjF9.xugwwMfglm7qZ7OGQiLeqScsL6goKKF4H_5jIdCPiqU"},"code":20000,"message":"success"}
2019-09-29 13:37:42,003 INFO {"data":{"refresh":"eyJ0eXAiOiJKV1QiLCJhbGciOiJIUzI1NiJ9.eyJ0b2tlbl90eXBlIjoicmVmcmVzaCIsImV4cCI6MTU2OTgyMTg2MSwianRpIjoiNjhiZTEyZWQ4MmE0NGY4ZTg1MDEzM2RkOGQ3YTBmMTciLCJ1c2VyX2lkIjoxfQ.Ia9sFN9hH406_wzGaRF1Bu03ckNhKNQBwbm6colQTig","access":"eyJ0eXAiOiJKV1QiLCJhbGciOiJIUzI1NiJ9.eyJ0b2tlbl90eXBlIjoiYWNjZXNzIiwiZXhwIjoxNTY5NzM5MDYxLCJqdGkiOiI1ZWNkMDRiNzZlOTE0MGZmOWVhNmNkNjY0MWMyM2U4NCIsInVzZXJfaWQiOjF9.xugwwMfglm7qZ7OGQiLeqScsL6goKKF4H_5jIdCPiqU"},"code":20000,"message":"success"}
2019-09-29 13:37:42,003 INFO {"data":{"refresh":"eyJ0eXAiOiJKV1QiLCJhbGciOiJIUzI1NiJ9.eyJ0b2tlbl90eXBlIjoicmVmcmVzaCIsImV4cCI6MTU2OTgyMTg2MSwianRpIjoiNjhiZTEyZWQ4MmE0NGY4ZTg1MDEzM2RkOGQ3YTBmMTciLCJ1c2VyX2lkIjoxfQ.Ia9sFN9hH406_wzGaRF1Bu03ckNhKNQBwbm6colQTig","access":"eyJ0eXAiOiJKV1QiLCJhbGciOiJIUzI1NiJ9.eyJ0b2tlbl90eXBlIjoiYWNjZXNzIiwiZXhwIjoxNTY5NzM5MDYxLCJqdGkiOiI1ZWNkMDRiNzZlOTE0MGZmOWVhNmNkNjY0MWMyM2U4NCIsInVzZXJfaWQiOjF9.xugwwMfglm7qZ7OGQiLeqScsL6goKKF4H_5jIdCPiqU"},"code":20000,"message":"success"}
2019-09-29 13:39:01,391 INFO 开始执行测试,报告输出模式text
2019-09-29 13:39:02,172 INFO in login！
2019-09-29 13:39:02,172 INFO in login！
2019-09-29 13:39:02,881 INFO response is : <Response [200]>
2019-09-29 13:39:02,881 INFO response is : <Response [200]>
2019-09-29 13:39:02,881 INFO response is : <Response [200]>
2019-09-29 13:39:02,883 INFO response is : {"data":{"refresh":"eyJ0eXAiOiJKV1QiLCJhbGciOiJIUzI1NiJ9.eyJ0b2tlbl90eXBlIjoicmVmcmVzaCIsImV4cCI6MTU2OTgyMTk0MiwianRpIjoiZWVlOTY1ZjliZDRjNGI1ZWI3YzY1ZmIyMWMyOTY1YmYiLCJ1c2VyX2lkIjoxfQ.Mv6YPPFpvpGcNkR6xby551C6aI8neVJfK5TlBOtWhqs","access":"eyJ0eXAiOiJKV1QiLCJhbGciOiJIUzI1NiJ9.eyJ0b2tlbl90eXBlIjoiYWNjZXNzIiwiZXhwIjoxNTY5NzM5MTQyLCJqdGkiOiIxMDljMTVkNjliOTU0ZTdiYWFhMTljZjdlYzRiNjA4YSIsInVzZXJfaWQiOjF9.eo2as8f2UMdNirfgGnz6O33GPVy3TvRwTIik_8xB3B0"},"code":20000,"message":"success"}
2019-09-29 13:39:02,883 INFO response is : {"data":{"refresh":"eyJ0eXAiOiJKV1QiLCJhbGciOiJIUzI1NiJ9.eyJ0b2tlbl90eXBlIjoicmVmcmVzaCIsImV4cCI6MTU2OTgyMTk0MiwianRpIjoiZWVlOTY1ZjliZDRjNGI1ZWI3YzY1ZmIyMWMyOTY1YmYiLCJ1c2VyX2lkIjoxfQ.Mv6YPPFpvpGcNkR6xby551C6aI8neVJfK5TlBOtWhqs","access":"eyJ0eXAiOiJKV1QiLCJhbGciOiJIUzI1NiJ9.eyJ0b2tlbl90eXBlIjoiYWNjZXNzIiwiZXhwIjoxNTY5NzM5MTQyLCJqdGkiOiIxMDljMTVkNjliOTU0ZTdiYWFhMTljZjdlYzRiNjA4YSIsInVzZXJfaWQiOjF9.eo2as8f2UMdNirfgGnz6O33GPVy3TvRwTIik_8xB3B0"},"code":20000,"message":"success"}
2019-09-29 13:39:02,883 INFO response is : {"data":{"refresh":"eyJ0eXAiOiJKV1QiLCJhbGciOiJIUzI1NiJ9.eyJ0b2tlbl90eXBlIjoicmVmcmVzaCIsImV4cCI6MTU2OTgyMTk0MiwianRpIjoiZWVlOTY1ZjliZDRjNGI1ZWI3YzY1ZmIyMWMyOTY1YmYiLCJ1c2VyX2lkIjoxfQ.Mv6YPPFpvpGcNkR6xby551C6aI8neVJfK5TlBOtWhqs","access":"eyJ0eXAiOiJKV1QiLCJhbGciOiJIUzI1NiJ9.eyJ0b2tlbl90eXBlIjoiYWNjZXNzIiwiZXhwIjoxNTY5NzM5MTQyLCJqdGkiOiIxMDljMTVkNjliOTU0ZTdiYWFhMTljZjdlYzRiNjA4YSIsInVzZXJfaWQiOjF9.eo2as8f2UMdNirfgGnz6O33GPVy3TvRwTIik_8xB3B0"},"code":20000,"message":"success"}
2019-09-29 13:39:02,883 INFO response is : {"data":{"refresh":"eyJ0eXAiOiJKV1QiLCJhbGciOiJIUzI1NiJ9.eyJ0b2tlbl90eXBlIjoicmVmcmVzaCIsImV4cCI6MTU2OTgyMTk0MiwianRpIjoiZWVlOTY1ZjliZDRjNGI1ZWI3YzY1ZmIyMWMyOTY1YmYiLCJ1c2VyX2lkIjoxfQ.Mv6YPPFpvpGcNkR6xby551C6aI8neVJfK5TlBOtWhqs","access":"eyJ0eXAiOiJKV1QiLCJhbGciOiJIUzI1NiJ9.eyJ0b2tlbl90eXBlIjoiYWNjZXNzIiwiZXhwIjoxNTY5NzM5MTQyLCJqdGkiOiIxMDljMTVkNjliOTU0ZTdiYWFhMTljZjdlYzRiNjA4YSIsInVzZXJfaWQiOjF9.eo2as8f2UMdNirfgGnz6O33GPVy3TvRwTIik_8xB3B0"},"code":20000,"message":"success"}
2019-09-29 13:39:02,884 INFO <Response [200]>
2019-09-29 13:39:02,884 INFO <Response [200]>
2019-09-29 13:39:02,884 INFO <Response [200]>
2019-09-29 13:39:02,884 INFO <Response [200]>
2019-09-29 13:39:02,884 INFO <Response [200]>
2019-09-29 15:23:05,012 INFO 开始执行测试,报告输出模式text
2019-09-29 15:23:34,424 INFO 开始执行测试,报告输出模式text
2019-09-29 15:24:19,563 INFO 开始执行测试,报告输出模式text
2019-09-29 15:24:20,366 INFO in login！
2019-09-29 15:24:20,366 INFO in login！
2019-09-29 15:24:21,148 INFO response is : <Response [200]>
2019-09-29 15:24:21,148 INFO response is : <Response [200]>
2019-09-29 15:24:21,148 INFO response is : <Response [200]>
2019-09-29 15:24:21,149 INFO response is : {"data":{"refresh":"eyJ0eXAiOiJKV1QiLCJhbGciOiJIUzI1NiJ9.eyJ0b2tlbl90eXBlIjoicmVmcmVzaCIsImV4cCI6MTU2OTgyODI2MSwianRpIjoiYTY4NDk5ZWNmZjFiNGMxZjk0ZmM0ZGQ4MjM0YTEwMTYiLCJ1c2VyX2lkIjoxfQ.lBbkwMPUEiDYSLb_hPMobu1pxPchl1Z2JL96vOPrTF8","access":"eyJ0eXAiOiJKV1QiLCJhbGciOiJIUzI1NiJ9.eyJ0b2tlbl90eXBlIjoiYWNjZXNzIiwiZXhwIjoxNTY5NzQ1NDYxLCJqdGkiOiI1OWY2NTcwMTQ1Mzk0MzRlYjAwYmMzNTBkYTBmNTBlMSIsInVzZXJfaWQiOjF9.Fn2GUtLyUwfOiPyhRQmP0zMLYeRAw_nxLEgPOxrvvvI"},"code":20000,"message":"success"}
2019-09-29 15:24:21,149 INFO response is : {"data":{"refresh":"eyJ0eXAiOiJKV1QiLCJhbGciOiJIUzI1NiJ9.eyJ0b2tlbl90eXBlIjoicmVmcmVzaCIsImV4cCI6MTU2OTgyODI2MSwianRpIjoiYTY4NDk5ZWNmZjFiNGMxZjk0ZmM0ZGQ4MjM0YTEwMTYiLCJ1c2VyX2lkIjoxfQ.lBbkwMPUEiDYSLb_hPMobu1pxPchl1Z2JL96vOPrTF8","access":"eyJ0eXAiOiJKV1QiLCJhbGciOiJIUzI1NiJ9.eyJ0b2tlbl90eXBlIjoiYWNjZXNzIiwiZXhwIjoxNTY5NzQ1NDYxLCJqdGkiOiI1OWY2NTcwMTQ1Mzk0MzRlYjAwYmMzNTBkYTBmNTBlMSIsInVzZXJfaWQiOjF9.Fn2GUtLyUwfOiPyhRQmP0zMLYeRAw_nxLEgPOxrvvvI"},"code":20000,"message":"success"}
2019-09-29 15:24:21,149 INFO response is : {"data":{"refresh":"eyJ0eXAiOiJKV1QiLCJhbGciOiJIUzI1NiJ9.eyJ0b2tlbl90eXBlIjoicmVmcmVzaCIsImV4cCI6MTU2OTgyODI2MSwianRpIjoiYTY4NDk5ZWNmZjFiNGMxZjk0ZmM0ZGQ4MjM0YTEwMTYiLCJ1c2VyX2lkIjoxfQ.lBbkwMPUEiDYSLb_hPMobu1pxPchl1Z2JL96vOPrTF8","access":"eyJ0eXAiOiJKV1QiLCJhbGciOiJIUzI1NiJ9.eyJ0b2tlbl90eXBlIjoiYWNjZXNzIiwiZXhwIjoxNTY5NzQ1NDYxLCJqdGkiOiI1OWY2NTcwMTQ1Mzk0MzRlYjAwYmMzNTBkYTBmNTBlMSIsInVzZXJfaWQiOjF9.Fn2GUtLyUwfOiPyhRQmP0zMLYeRAw_nxLEgPOxrvvvI"},"code":20000,"message":"success"}
2019-09-29 15:24:21,149 INFO response is : {"data":{"refresh":"eyJ0eXAiOiJKV1QiLCJhbGciOiJIUzI1NiJ9.eyJ0b2tlbl90eXBlIjoicmVmcmVzaCIsImV4cCI6MTU2OTgyODI2MSwianRpIjoiYTY4NDk5ZWNmZjFiNGMxZjk0ZmM0ZGQ4MjM0YTEwMTYiLCJ1c2VyX2lkIjoxfQ.lBbkwMPUEiDYSLb_hPMobu1pxPchl1Z2JL96vOPrTF8","access":"eyJ0eXAiOiJKV1QiLCJhbGciOiJIUzI1NiJ9.eyJ0b2tlbl90eXBlIjoiYWNjZXNzIiwiZXhwIjoxNTY5NzQ1NDYxLCJqdGkiOiI1OWY2NTcwMTQ1Mzk0MzRlYjAwYmMzNTBkYTBmNTBlMSIsInVzZXJfaWQiOjF9.Fn2GUtLyUwfOiPyhRQmP0zMLYeRAw_nxLEgPOxrvvvI"},"code":20000,"message":"success"}
2019-09-29 15:24:21,149 INFO <Response [200]>
2019-09-29 15:24:21,149 INFO <Response [200]>
2019-09-29 15:24:21,149 INFO <Response [200]>
2019-09-29 15:24:21,149 INFO <Response [200]>
2019-09-29 15:24:21,149 INFO <Response [200]>
2019-09-29 15:24:21,150 INFO in getUserinfo
2019-09-29 15:24:21,150 INFO in getUserinfo
2019-09-29 15:24:21,150 INFO in getUserinfo
2019-09-29 15:24:21,150 INFO in getUserinfo
2019-09-29 15:24:21,150 INFO in getUserinfo
2019-09-29 15:24:21,150 INFO in getUserinfo
2019-09-29 15:25:37,661 INFO 开始执行测试,报告输出模式text
2019-09-29 15:25:38,160 INFO in login！
2019-09-29 15:25:38,160 INFO in login！
2019-09-29 15:25:38,883 INFO response is : <Response [200]>
2019-09-29 15:25:38,883 INFO response is : <Response [200]>
2019-09-29 15:25:38,883 INFO response is : <Response [200]>
2019-09-29 15:25:38,884 INFO response is : {"data":{"refresh":"eyJ0eXAiOiJKV1QiLCJhbGciOiJIUzI1NiJ9.eyJ0b2tlbl90eXBlIjoicmVmcmVzaCIsImV4cCI6MTU2OTgyODMzOCwianRpIjoiOGNlMzE3YjgwNjgyNDZkZmFjMTVkZDc4YWJjZjhmY2UiLCJ1c2VyX2lkIjoxfQ.0zHZWV_45PLhjKzrBV40w1LCo3Z_rsAJArPkFO4vIOc","access":"eyJ0eXAiOiJKV1QiLCJhbGciOiJIUzI1NiJ9.eyJ0b2tlbl90eXBlIjoiYWNjZXNzIiwiZXhwIjoxNTY5NzQ1NTM4LCJqdGkiOiJjZjZiNmMxYzVjODE0MDMyODMzMTIzOGJiOTEwY2Y4NiIsInVzZXJfaWQiOjF9.RPB-VLOOubP-5EWBYvTHUuouZrpAuKGabUwxR8zOH2U"},"code":20000,"message":"success"}
2019-09-29 15:25:38,884 INFO response is : {"data":{"refresh":"eyJ0eXAiOiJKV1QiLCJhbGciOiJIUzI1NiJ9.eyJ0b2tlbl90eXBlIjoicmVmcmVzaCIsImV4cCI6MTU2OTgyODMzOCwianRpIjoiOGNlMzE3YjgwNjgyNDZkZmFjMTVkZDc4YWJjZjhmY2UiLCJ1c2VyX2lkIjoxfQ.0zHZWV_45PLhjKzrBV40w1LCo3Z_rsAJArPkFO4vIOc","access":"eyJ0eXAiOiJKV1QiLCJhbGciOiJIUzI1NiJ9.eyJ0b2tlbl90eXBlIjoiYWNjZXNzIiwiZXhwIjoxNTY5NzQ1NTM4LCJqdGkiOiJjZjZiNmMxYzVjODE0MDMyODMzMTIzOGJiOTEwY2Y4NiIsInVzZXJfaWQiOjF9.RPB-VLOOubP-5EWBYvTHUuouZrpAuKGabUwxR8zOH2U"},"code":20000,"message":"success"}
2019-09-29 15:25:38,884 INFO response is : {"data":{"refresh":"eyJ0eXAiOiJKV1QiLCJhbGciOiJIUzI1NiJ9.eyJ0b2tlbl90eXBlIjoicmVmcmVzaCIsImV4cCI6MTU2OTgyODMzOCwianRpIjoiOGNlMzE3YjgwNjgyNDZkZmFjMTVkZDc4YWJjZjhmY2UiLCJ1c2VyX2lkIjoxfQ.0zHZWV_45PLhjKzrBV40w1LCo3Z_rsAJArPkFO4vIOc","access":"eyJ0eXAiOiJKV1QiLCJhbGciOiJIUzI1NiJ9.eyJ0b2tlbl90eXBlIjoiYWNjZXNzIiwiZXhwIjoxNTY5NzQ1NTM4LCJqdGkiOiJjZjZiNmMxYzVjODE0MDMyODMzMTIzOGJiOTEwY2Y4NiIsInVzZXJfaWQiOjF9.RPB-VLOOubP-5EWBYvTHUuouZrpAuKGabUwxR8zOH2U"},"code":20000,"message":"success"}
2019-09-29 15:25:38,884 INFO response is : {"data":{"refresh":"eyJ0eXAiOiJKV1QiLCJhbGciOiJIUzI1NiJ9.eyJ0b2tlbl90eXBlIjoicmVmcmVzaCIsImV4cCI6MTU2OTgyODMzOCwianRpIjoiOGNlMzE3YjgwNjgyNDZkZmFjMTVkZDc4YWJjZjhmY2UiLCJ1c2VyX2lkIjoxfQ.0zHZWV_45PLhjKzrBV40w1LCo3Z_rsAJArPkFO4vIOc","access":"eyJ0eXAiOiJKV1QiLCJhbGciOiJIUzI1NiJ9.eyJ0b2tlbl90eXBlIjoiYWNjZXNzIiwiZXhwIjoxNTY5NzQ1NTM4LCJqdGkiOiJjZjZiNmMxYzVjODE0MDMyODMzMTIzOGJiOTEwY2Y4NiIsInVzZXJfaWQiOjF9.RPB-VLOOubP-5EWBYvTHUuouZrpAuKGabUwxR8zOH2U"},"code":20000,"message":"success"}
2019-09-29 15:25:38,885 INFO <Response [200]>
2019-09-29 15:25:38,885 INFO <Response [200]>
2019-09-29 15:25:38,885 INFO <Response [200]>
2019-09-29 15:25:38,885 INFO <Response [200]>
2019-09-29 15:25:38,885 INFO <Response [200]>
2019-09-29 15:25:38,886 INFO in getUserinfo
2019-09-29 15:25:38,886 INFO in getUserinfo
2019-09-29 15:25:38,886 INFO in getUserinfo
2019-09-29 15:25:38,886 INFO in getUserinfo
2019-09-29 15:25:38,886 INFO in getUserinfo
2019-09-29 15:25:38,886 INFO in getUserinfo
2019-09-29 15:25:39,312 INFO response is : <Response [404]>
2019-09-29 15:25:39,312 INFO response is : <Response [404]>
2019-09-29 15:25:39,312 INFO response is : <Response [404]>
2019-09-29 15:25:39,312 INFO response is : <Response [404]>
2019-09-29 15:25:39,312 INFO response is : <Response [404]>
2019-09-29 15:25:39,312 INFO response is : <Response [404]>
2019-09-29 15:25:39,312 INFO response is : <Response [404]>
2019-09-29 15:25:39,313 INFO response is : <!DOCTYPE html>
<html lang="en">
<head>
  <meta http-equiv="content-type" content="text/html; charset=utf-8">
  <title>Page not found at /user</title>
  <meta name="robots" content="NONE,NOARCHIVE">
  <style type="text/css">
    html * { padding:0; margin:0; }
    body * { padding:10px 20px; }
    body * * { padding:0; }
    body { font:small sans-serif; background:#eee; color:#000; }
    body>div { border-bottom:1px solid #ddd; }
    h1 { font-weight:normal; margin-bottom:.4em; }
    h1 span { font-size:60%; color:#666; font-weight:normal; }
    table { border:none; border-collapse: collapse; width:100%; }
    td, th { vertical-align:top; padding:2px 3px; }
    th { width:12em; text-align:right; color:#666; padding-right:.5em; }
    #info { background:#f6f6f6; }
    #info ol { margin: 0.5em 4em; }
    #info ol li { font-family: monospace; }
    #summary { background: #ffc; }
    #explanation { background:#eee; border-bottom: 0px none; }
  </style>
</head>
<body>
  <div id="summary">
    <h1>Page not found <span>(404)</span></h1>
    <table class="meta">
      <tr>
        <th>Request Method:</th>
        <td>GET</td>
      </tr>
      <tr>
        <th>Request URL:</th>
        <td>https://www.agavetest.info:8888/user</td>
      </tr>
      
    </table>
  </div>
  <div id="info">
    
      <p>
      Using the URLconf defined in <code>basepro.urls</code>,
      Django tried these URL patterns, in this order:
      </p>
      <ol>
        
          <li>
            
                
                
            
                ^users/$
                [name='userprofile-list']
            
          </li>
        
          <li>
            
                
                
            
                ^users\.(?P&lt;format&gt;[a-z0-9]+)/?$
                [name='userprofile-list']
            
          </li>
        
          <li>
            
                
                
            
                ^users/(?P&lt;pk&gt;[^/.]+)/$
                [name='userprofile-detail']
            
          </li>
        
          <li>
            
                
                
            
                ^users/(?P&lt;pk&gt;[^/.]+)\.(?P&lt;format&gt;[a-z0-9]+)/?$
                [name='userprofile-detail']
            
          </li>
        
          <li>
            
                
                
            
                ^groups/$
                [name='group-list']
            
          </li>
        
          <li>
            
                
                
            
                ^groups\.(?P&lt;format&gt;[a-z0-9]+)/?$
                [name='group-list']
            
          </li>
        
          <li>
            
                
                
            
                ^groups/(?P&lt;pk&gt;[^/.]+)/$
                [name='group-detail']
            
          </li>
        
          <li>
            
                
                
            
                ^groups/(?P&lt;pk&gt;[^/.]+)\.(?P&lt;format&gt;[a-z0-9]+)/?$
                [name='group-detail']
            
          </li>
        
          <li>
            
                
                
            
                ^checkin/$
                [name='checkinlist-list']
            
          </li>
        
          <li>
            
                
                
            
                ^checkin\.(?P&lt;format&gt;[a-z0-9]+)/?$
                [name='checkinlist-list']
            
          </li>
        
          <li>
            
                
                
            
                ^checkin/(?P&lt;pk&gt;[^/.]+)/$
                [name='checkinlist-detail']
            
          </li>
        
          <li>
            
                
                
            
                ^checkin/(?P&lt;pk&gt;[^/.]+)\.(?P&lt;format&gt;[a-z0-9]+)/?$
                [name='checkinlist-detail']
            
          </li>
        
          <li>
            
                
                
            
                ^$
                [name='api-root']
            
          </li>
        
          <li>
            
                
                
            
                ^\.(?P&lt;format&gt;[a-z0-9]+)/?$
                [name='api-root']
            
          </li>
        
          <li>
            
                api-auth/
                
            
          </li>
        
          <li>
            
                user/login
                [name='token_obtain_pair']
            
          </li>
        
          <li>
            
                user/info
                
            
          </li>
        
          <li>
            
                user/token_refresh
                [name='token_refresh']
            
          </li>
        
          <li>
            
                user/logout
                
            
          </li>
        
          <li>
            
                ^media\/(?P&lt;path&gt;.*)$
                
            
          </li>
        
      </ol>
      <p>
        
        The current path, <code>user</code>, didn't match any of these.
      </p>
    
  </div>

  <div id="explanation">
    <p>
      You're seeing this error because you have <code>DEBUG = True</code> in
      your Django settings file. Change that to <code>False</code>, and Django
      will display a standard 404 page.
    </p>
  </div>
</body>
</html>

2019-09-29 15:25:39,313 INFO response is : <!DOCTYPE html>
<html lang="en">
<head>
  <meta http-equiv="content-type" content="text/html; charset=utf-8">
  <title>Page not found at /user</title>
  <meta name="robots" content="NONE,NOARCHIVE">
  <style type="text/css">
    html * { padding:0; margin:0; }
    body * { padding:10px 20px; }
    body * * { padding:0; }
    body { font:small sans-serif; background:#eee; color:#000; }
    body>div { border-bottom:1px solid #ddd; }
    h1 { font-weight:normal; margin-bottom:.4em; }
    h1 span { font-size:60%; color:#666; font-weight:normal; }
    table { border:none; border-collapse: collapse; width:100%; }
    td, th { vertical-align:top; padding:2px 3px; }
    th { width:12em; text-align:right; color:#666; padding-right:.5em; }
    #info { background:#f6f6f6; }
    #info ol { margin: 0.5em 4em; }
    #info ol li { font-family: monospace; }
    #summary { background: #ffc; }
    #explanation { background:#eee; border-bottom: 0px none; }
  </style>
</head>
<body>
  <div id="summary">
    <h1>Page not found <span>(404)</span></h1>
    <table class="meta">
      <tr>
        <th>Request Method:</th>
        <td>GET</td>
      </tr>
      <tr>
        <th>Request URL:</th>
        <td>https://www.agavetest.info:8888/user</td>
      </tr>
      
    </table>
  </div>
  <div id="info">
    
      <p>
      Using the URLconf defined in <code>basepro.urls</code>,
      Django tried these URL patterns, in this order:
      </p>
      <ol>
        
          <li>
            
                
                
            
                ^users/$
                [name='userprofile-list']
            
          </li>
        
          <li>
            
                
                
            
                ^users\.(?P&lt;format&gt;[a-z0-9]+)/?$
                [name='userprofile-list']
            
          </li>
        
          <li>
            
                
                
            
                ^users/(?P&lt;pk&gt;[^/.]+)/$
                [name='userprofile-detail']
            
          </li>
        
          <li>
            
                
                
            
                ^users/(?P&lt;pk&gt;[^/.]+)\.(?P&lt;format&gt;[a-z0-9]+)/?$
                [name='userprofile-detail']
            
          </li>
        
          <li>
            
                
                
            
                ^groups/$
                [name='group-list']
            
          </li>
        
          <li>
            
                
                
            
                ^groups\.(?P&lt;format&gt;[a-z0-9]+)/?$
                [name='group-list']
            
          </li>
        
          <li>
            
                
                
            
                ^groups/(?P&lt;pk&gt;[^/.]+)/$
                [name='group-detail']
            
          </li>
        
          <li>
            
                
                
            
                ^groups/(?P&lt;pk&gt;[^/.]+)\.(?P&lt;format&gt;[a-z0-9]+)/?$
                [name='group-detail']
            
          </li>
        
          <li>
            
                
                
            
                ^checkin/$
                [name='checkinlist-list']
            
          </li>
        
          <li>
            
                
                
            
                ^checkin\.(?P&lt;format&gt;[a-z0-9]+)/?$
                [name='checkinlist-list']
            
          </li>
        
          <li>
            
                
                
            
                ^checkin/(?P&lt;pk&gt;[^/.]+)/$
                [name='checkinlist-detail']
            
          </li>
        
          <li>
            
                
                
            
                ^checkin/(?P&lt;pk&gt;[^/.]+)\.(?P&lt;format&gt;[a-z0-9]+)/?$
                [name='checkinlist-detail']
            
          </li>
        
          <li>
            
                
                
            
                ^$
                [name='api-root']
            
          </li>
        
          <li>
            
                
                
            
                ^\.(?P&lt;format&gt;[a-z0-9]+)/?$
                [name='api-root']
            
          </li>
        
          <li>
            
                api-auth/
                
            
          </li>
        
          <li>
            
                user/login
                [name='token_obtain_pair']
            
          </li>
        
          <li>
            
                user/info
                
            
          </li>
        
          <li>
            
                user/token_refresh
                [name='token_refresh']
            
          </li>
        
          <li>
            
                user/logout
                
            
          </li>
        
          <li>
            
                ^media\/(?P&lt;path&gt;.*)$
                
            
          </li>
        
      </ol>
      <p>
        
        The current path, <code>user</code>, didn't match any of these.
      </p>
    
  </div>

  <div id="explanation">
    <p>
      You're seeing this error because you have <code>DEBUG = True</code> in
      your Django settings file. Change that to <code>False</code>, and Django
      will display a standard 404 page.
    </p>
  </div>
</body>
</html>

2019-09-29 15:25:39,313 INFO response is : <!DOCTYPE html>
<html lang="en">
<head>
  <meta http-equiv="content-type" content="text/html; charset=utf-8">
  <title>Page not found at /user</title>
  <meta name="robots" content="NONE,NOARCHIVE">
  <style type="text/css">
    html * { padding:0; margin:0; }
    body * { padding:10px 20px; }
    body * * { padding:0; }
    body { font:small sans-serif; background:#eee; color:#000; }
    body>div { border-bottom:1px solid #ddd; }
    h1 { font-weight:normal; margin-bottom:.4em; }
    h1 span { font-size:60%; color:#666; font-weight:normal; }
    table { border:none; border-collapse: collapse; width:100%; }
    td, th { vertical-align:top; padding:2px 3px; }
    th { width:12em; text-align:right; color:#666; padding-right:.5em; }
    #info { background:#f6f6f6; }
    #info ol { margin: 0.5em 4em; }
    #info ol li { font-family: monospace; }
    #summary { background: #ffc; }
    #explanation { background:#eee; border-bottom: 0px none; }
  </style>
</head>
<body>
  <div id="summary">
    <h1>Page not found <span>(404)</span></h1>
    <table class="meta">
      <tr>
        <th>Request Method:</th>
        <td>GET</td>
      </tr>
      <tr>
        <th>Request URL:</th>
        <td>https://www.agavetest.info:8888/user</td>
      </tr>
      
    </table>
  </div>
  <div id="info">
    
      <p>
      Using the URLconf defined in <code>basepro.urls</code>,
      Django tried these URL patterns, in this order:
      </p>
      <ol>
        
          <li>
            
                
                
            
                ^users/$
                [name='userprofile-list']
            
          </li>
        
          <li>
            
                
                
            
                ^users\.(?P&lt;format&gt;[a-z0-9]+)/?$
                [name='userprofile-list']
            
          </li>
        
          <li>
            
                
                
            
                ^users/(?P&lt;pk&gt;[^/.]+)/$
                [name='userprofile-detail']
            
          </li>
        
          <li>
            
                
                
            
                ^users/(?P&lt;pk&gt;[^/.]+)\.(?P&lt;format&gt;[a-z0-9]+)/?$
                [name='userprofile-detail']
            
          </li>
        
          <li>
            
                
                
            
                ^groups/$
                [name='group-list']
            
          </li>
        
          <li>
            
                
                
            
                ^groups\.(?P&lt;format&gt;[a-z0-9]+)/?$
                [name='group-list']
            
          </li>
        
          <li>
            
                
                
            
                ^groups/(?P&lt;pk&gt;[^/.]+)/$
                [name='group-detail']
            
          </li>
        
          <li>
            
                
                
            
                ^groups/(?P&lt;pk&gt;[^/.]+)\.(?P&lt;format&gt;[a-z0-9]+)/?$
                [name='group-detail']
            
          </li>
        
          <li>
            
                
                
            
                ^checkin/$
                [name='checkinlist-list']
            
          </li>
        
          <li>
            
                
                
            
                ^checkin\.(?P&lt;format&gt;[a-z0-9]+)/?$
                [name='checkinlist-list']
            
          </li>
        
          <li>
            
                
                
            
                ^checkin/(?P&lt;pk&gt;[^/.]+)/$
                [name='checkinlist-detail']
            
          </li>
        
          <li>
            
                
                
            
                ^checkin/(?P&lt;pk&gt;[^/.]+)\.(?P&lt;format&gt;[a-z0-9]+)/?$
                [name='checkinlist-detail']
            
          </li>
        
          <li>
            
                
                
            
                ^$
                [name='api-root']
            
          </li>
        
          <li>
            
                
                
            
                ^\.(?P&lt;format&gt;[a-z0-9]+)/?$
                [name='api-root']
            
          </li>
        
          <li>
            
                api-auth/
                
            
          </li>
        
          <li>
            
                user/login
                [name='token_obtain_pair']
            
          </li>
        
          <li>
            
                user/info
                
            
          </li>
        
          <li>
            
                user/token_refresh
                [name='token_refresh']
            
          </li>
        
          <li>
            
                user/logout
                
            
          </li>
        
          <li>
            
                ^media\/(?P&lt;path&gt;.*)$
                
            
          </li>
        
      </ol>
      <p>
        
        The current path, <code>user</code>, didn't match any of these.
      </p>
    
  </div>

  <div id="explanation">
    <p>
      You're seeing this error because you have <code>DEBUG = True</code> in
      your Django settings file. Change that to <code>False</code>, and Django
      will display a standard 404 page.
    </p>
  </div>
</body>
</html>

2019-09-29 15:25:39,313 INFO response is : <!DOCTYPE html>
<html lang="en">
<head>
  <meta http-equiv="content-type" content="text/html; charset=utf-8">
  <title>Page not found at /user</title>
  <meta name="robots" content="NONE,NOARCHIVE">
  <style type="text/css">
    html * { padding:0; margin:0; }
    body * { padding:10px 20px; }
    body * * { padding:0; }
    body { font:small sans-serif; background:#eee; color:#000; }
    body>div { border-bottom:1px solid #ddd; }
    h1 { font-weight:normal; margin-bottom:.4em; }
    h1 span { font-size:60%; color:#666; font-weight:normal; }
    table { border:none; border-collapse: collapse; width:100%; }
    td, th { vertical-align:top; padding:2px 3px; }
    th { width:12em; text-align:right; color:#666; padding-right:.5em; }
    #info { background:#f6f6f6; }
    #info ol { margin: 0.5em 4em; }
    #info ol li { font-family: monospace; }
    #summary { background: #ffc; }
    #explanation { background:#eee; border-bottom: 0px none; }
  </style>
</head>
<body>
  <div id="summary">
    <h1>Page not found <span>(404)</span></h1>
    <table class="meta">
      <tr>
        <th>Request Method:</th>
        <td>GET</td>
      </tr>
      <tr>
        <th>Request URL:</th>
        <td>https://www.agavetest.info:8888/user</td>
      </tr>
      
    </table>
  </div>
  <div id="info">
    
      <p>
      Using the URLconf defined in <code>basepro.urls</code>,
      Django tried these URL patterns, in this order:
      </p>
      <ol>
        
          <li>
            
                
                
            
                ^users/$
                [name='userprofile-list']
            
          </li>
        
          <li>
            
                
                
            
                ^users\.(?P&lt;format&gt;[a-z0-9]+)/?$
                [name='userprofile-list']
            
          </li>
        
          <li>
            
                
                
            
                ^users/(?P&lt;pk&gt;[^/.]+)/$
                [name='userprofile-detail']
            
          </li>
        
          <li>
            
                
                
            
                ^users/(?P&lt;pk&gt;[^/.]+)\.(?P&lt;format&gt;[a-z0-9]+)/?$
                [name='userprofile-detail']
            
          </li>
        
          <li>
            
                
                
            
                ^groups/$
                [name='group-list']
            
          </li>
        
          <li>
            
                
                
            
                ^groups\.(?P&lt;format&gt;[a-z0-9]+)/?$
                [name='group-list']
            
          </li>
        
          <li>
            
                
                
            
                ^groups/(?P&lt;pk&gt;[^/.]+)/$
                [name='group-detail']
            
          </li>
        
          <li>
            
                
                
            
                ^groups/(?P&lt;pk&gt;[^/.]+)\.(?P&lt;format&gt;[a-z0-9]+)/?$
                [name='group-detail']
            
          </li>
        
          <li>
            
                
                
            
                ^checkin/$
                [name='checkinlist-list']
            
          </li>
        
          <li>
            
                
                
            
                ^checkin\.(?P&lt;format&gt;[a-z0-9]+)/?$
                [name='checkinlist-list']
            
          </li>
        
          <li>
            
                
                
            
                ^checkin/(?P&lt;pk&gt;[^/.]+)/$
                [name='checkinlist-detail']
            
          </li>
        
          <li>
            
                
                
            
                ^checkin/(?P&lt;pk&gt;[^/.]+)\.(?P&lt;format&gt;[a-z0-9]+)/?$
                [name='checkinlist-detail']
            
          </li>
        
          <li>
            
                
                
            
                ^$
                [name='api-root']
            
          </li>
        
          <li>
            
                
                
            
                ^\.(?P&lt;format&gt;[a-z0-9]+)/?$
                [name='api-root']
            
          </li>
        
          <li>
            
                api-auth/
                
            
          </li>
        
          <li>
            
                user/login
                [name='token_obtain_pair']
            
          </li>
        
          <li>
            
                user/info
                
            
          </li>
        
          <li>
            
                user/token_refresh
                [name='token_refresh']
            
          </li>
        
          <li>
            
                user/logout
                
            
          </li>
        
          <li>
            
                ^media\/(?P&lt;path&gt;.*)$
                
            
          </li>
        
      </ol>
      <p>
        
        The current path, <code>user</code>, didn't match any of these.
      </p>
    
  </div>

  <div id="explanation">
    <p>
      You're seeing this error because you have <code>DEBUG = True</code> in
      your Django settings file. Change that to <code>False</code>, and Django
      will display a standard 404 page.
    </p>
  </div>
</body>
</html>

2019-09-29 15:25:39,313 INFO response is : <!DOCTYPE html>
<html lang="en">
<head>
  <meta http-equiv="content-type" content="text/html; charset=utf-8">
  <title>Page not found at /user</title>
  <meta name="robots" content="NONE,NOARCHIVE">
  <style type="text/css">
    html * { padding:0; margin:0; }
    body * { padding:10px 20px; }
    body * * { padding:0; }
    body { font:small sans-serif; background:#eee; color:#000; }
    body>div { border-bottom:1px solid #ddd; }
    h1 { font-weight:normal; margin-bottom:.4em; }
    h1 span { font-size:60%; color:#666; font-weight:normal; }
    table { border:none; border-collapse: collapse; width:100%; }
    td, th { vertical-align:top; padding:2px 3px; }
    th { width:12em; text-align:right; color:#666; padding-right:.5em; }
    #info { background:#f6f6f6; }
    #info ol { margin: 0.5em 4em; }
    #info ol li { font-family: monospace; }
    #summary { background: #ffc; }
    #explanation { background:#eee; border-bottom: 0px none; }
  </style>
</head>
<body>
  <div id="summary">
    <h1>Page not found <span>(404)</span></h1>
    <table class="meta">
      <tr>
        <th>Request Method:</th>
        <td>GET</td>
      </tr>
      <tr>
        <th>Request URL:</th>
        <td>https://www.agavetest.info:8888/user</td>
      </tr>
      
    </table>
  </div>
  <div id="info">
    
      <p>
      Using the URLconf defined in <code>basepro.urls</code>,
      Django tried these URL patterns, in this order:
      </p>
      <ol>
        
          <li>
            
                
                
            
                ^users/$
                [name='userprofile-list']
            
          </li>
        
          <li>
            
                
                
            
                ^users\.(?P&lt;format&gt;[a-z0-9]+)/?$
                [name='userprofile-list']
            
          </li>
        
          <li>
            
                
                
            
                ^users/(?P&lt;pk&gt;[^/.]+)/$
                [name='userprofile-detail']
            
          </li>
        
          <li>
            
                
                
            
                ^users/(?P&lt;pk&gt;[^/.]+)\.(?P&lt;format&gt;[a-z0-9]+)/?$
                [name='userprofile-detail']
            
          </li>
        
          <li>
            
                
                
            
                ^groups/$
                [name='group-list']
            
          </li>
        
          <li>
            
                
                
            
                ^groups\.(?P&lt;format&gt;[a-z0-9]+)/?$
                [name='group-list']
            
          </li>
        
          <li>
            
                
                
            
                ^groups/(?P&lt;pk&gt;[^/.]+)/$
                [name='group-detail']
            
          </li>
        
          <li>
            
                
                
            
                ^groups/(?P&lt;pk&gt;[^/.]+)\.(?P&lt;format&gt;[a-z0-9]+)/?$
                [name='group-detail']
            
          </li>
        
          <li>
            
                
                
            
                ^checkin/$
                [name='checkinlist-list']
            
          </li>
        
          <li>
            
                
                
            
                ^checkin\.(?P&lt;format&gt;[a-z0-9]+)/?$
                [name='checkinlist-list']
            
          </li>
        
          <li>
            
                
                
            
                ^checkin/(?P&lt;pk&gt;[^/.]+)/$
                [name='checkinlist-detail']
            
          </li>
        
          <li>
            
                
                
            
                ^checkin/(?P&lt;pk&gt;[^/.]+)\.(?P&lt;format&gt;[a-z0-9]+)/?$
                [name='checkinlist-detail']
            
          </li>
        
          <li>
            
                
                
            
                ^$
                [name='api-root']
            
          </li>
        
          <li>
            
                
                
            
                ^\.(?P&lt;format&gt;[a-z0-9]+)/?$
                [name='api-root']
            
          </li>
        
          <li>
            
                api-auth/
                
            
          </li>
        
          <li>
            
                user/login
                [name='token_obtain_pair']
            
          </li>
        
          <li>
            
                user/info
                
            
          </li>
        
          <li>
            
                user/token_refresh
                [name='token_refresh']
            
          </li>
        
          <li>
            
                user/logout
                
            
          </li>
        
          <li>
            
                ^media\/(?P&lt;path&gt;.*)$
                
            
          </li>
        
      </ol>
      <p>
        
        The current path, <code>user</code>, didn't match any of these.
      </p>
    
  </div>

  <div id="explanation">
    <p>
      You're seeing this error because you have <code>DEBUG = True</code> in
      your Django settings file. Change that to <code>False</code>, and Django
      will display a standard 404 page.
    </p>
  </div>
</body>
</html>

2019-09-29 15:25:39,313 INFO response is : <!DOCTYPE html>
<html lang="en">
<head>
  <meta http-equiv="content-type" content="text/html; charset=utf-8">
  <title>Page not found at /user</title>
  <meta name="robots" content="NONE,NOARCHIVE">
  <style type="text/css">
    html * { padding:0; margin:0; }
    body * { padding:10px 20px; }
    body * * { padding:0; }
    body { font:small sans-serif; background:#eee; color:#000; }
    body>div { border-bottom:1px solid #ddd; }
    h1 { font-weight:normal; margin-bottom:.4em; }
    h1 span { font-size:60%; color:#666; font-weight:normal; }
    table { border:none; border-collapse: collapse; width:100%; }
    td, th { vertical-align:top; padding:2px 3px; }
    th { width:12em; text-align:right; color:#666; padding-right:.5em; }
    #info { background:#f6f6f6; }
    #info ol { margin: 0.5em 4em; }
    #info ol li { font-family: monospace; }
    #summary { background: #ffc; }
    #explanation { background:#eee; border-bottom: 0px none; }
  </style>
</head>
<body>
  <div id="summary">
    <h1>Page not found <span>(404)</span></h1>
    <table class="meta">
      <tr>
        <th>Request Method:</th>
        <td>GET</td>
      </tr>
      <tr>
        <th>Request URL:</th>
        <td>https://www.agavetest.info:8888/user</td>
      </tr>
      
    </table>
  </div>
  <div id="info">
    
      <p>
      Using the URLconf defined in <code>basepro.urls</code>,
      Django tried these URL patterns, in this order:
      </p>
      <ol>
        
          <li>
            
                
                
            
                ^users/$
                [name='userprofile-list']
            
          </li>
        
          <li>
            
                
                
            
                ^users\.(?P&lt;format&gt;[a-z0-9]+)/?$
                [name='userprofile-list']
            
          </li>
        
          <li>
            
                
                
            
                ^users/(?P&lt;pk&gt;[^/.]+)/$
                [name='userprofile-detail']
            
          </li>
        
          <li>
            
                
                
            
                ^users/(?P&lt;pk&gt;[^/.]+)\.(?P&lt;format&gt;[a-z0-9]+)/?$
                [name='userprofile-detail']
            
          </li>
        
          <li>
            
                
                
            
                ^groups/$
                [name='group-list']
            
          </li>
        
          <li>
            
                
                
            
                ^groups\.(?P&lt;format&gt;[a-z0-9]+)/?$
                [name='group-list']
            
          </li>
        
          <li>
            
                
                
            
                ^groups/(?P&lt;pk&gt;[^/.]+)/$
                [name='group-detail']
            
          </li>
        
          <li>
            
                
                
            
                ^groups/(?P&lt;pk&gt;[^/.]+)\.(?P&lt;format&gt;[a-z0-9]+)/?$
                [name='group-detail']
            
          </li>
        
          <li>
            
                
                
            
                ^checkin/$
                [name='checkinlist-list']
            
          </li>
        
          <li>
            
                
                
            
                ^checkin\.(?P&lt;format&gt;[a-z0-9]+)/?$
                [name='checkinlist-list']
            
          </li>
        
          <li>
            
                
                
            
                ^checkin/(?P&lt;pk&gt;[^/.]+)/$
                [name='checkinlist-detail']
            
          </li>
        
          <li>
            
                
                
            
                ^checkin/(?P&lt;pk&gt;[^/.]+)\.(?P&lt;format&gt;[a-z0-9]+)/?$
                [name='checkinlist-detail']
            
          </li>
        
          <li>
            
                
                
            
                ^$
                [name='api-root']
            
          </li>
        
          <li>
            
                
                
            
                ^\.(?P&lt;format&gt;[a-z0-9]+)/?$
                [name='api-root']
            
          </li>
        
          <li>
            
                api-auth/
                
            
          </li>
        
          <li>
            
                user/login
                [name='token_obtain_pair']
            
          </li>
        
          <li>
            
                user/info
                
            
          </li>
        
          <li>
            
                user/token_refresh
                [name='token_refresh']
            
          </li>
        
          <li>
            
                user/logout
                
            
          </li>
        
          <li>
            
                ^media\/(?P&lt;path&gt;.*)$
                
            
          </li>
        
      </ol>
      <p>
        
        The current path, <code>user</code>, didn't match any of these.
      </p>
    
  </div>

  <div id="explanation">
    <p>
      You're seeing this error because you have <code>DEBUG = True</code> in
      your Django settings file. Change that to <code>False</code>, and Django
      will display a standard 404 page.
    </p>
  </div>
</body>
</html>

2019-09-29 15:25:39,313 INFO response is : <!DOCTYPE html>
<html lang="en">
<head>
  <meta http-equiv="content-type" content="text/html; charset=utf-8">
  <title>Page not found at /user</title>
  <meta name="robots" content="NONE,NOARCHIVE">
  <style type="text/css">
    html * { padding:0; margin:0; }
    body * { padding:10px 20px; }
    body * * { padding:0; }
    body { font:small sans-serif; background:#eee; color:#000; }
    body>div { border-bottom:1px solid #ddd; }
    h1 { font-weight:normal; margin-bottom:.4em; }
    h1 span { font-size:60%; color:#666; font-weight:normal; }
    table { border:none; border-collapse: collapse; width:100%; }
    td, th { vertical-align:top; padding:2px 3px; }
    th { width:12em; text-align:right; color:#666; padding-right:.5em; }
    #info { background:#f6f6f6; }
    #info ol { margin: 0.5em 4em; }
    #info ol li { font-family: monospace; }
    #summary { background: #ffc; }
    #explanation { background:#eee; border-bottom: 0px none; }
  </style>
</head>
<body>
  <div id="summary">
    <h1>Page not found <span>(404)</span></h1>
    <table class="meta">
      <tr>
        <th>Request Method:</th>
        <td>GET</td>
      </tr>
      <tr>
        <th>Request URL:</th>
        <td>https://www.agavetest.info:8888/user</td>
      </tr>
      
    </table>
  </div>
  <div id="info">
    
      <p>
      Using the URLconf defined in <code>basepro.urls</code>,
      Django tried these URL patterns, in this order:
      </p>
      <ol>
        
          <li>
            
                
                
            
                ^users/$
                [name='userprofile-list']
            
          </li>
        
          <li>
            
                
                
            
                ^users\.(?P&lt;format&gt;[a-z0-9]+)/?$
                [name='userprofile-list']
            
          </li>
        
          <li>
            
                
                
            
                ^users/(?P&lt;pk&gt;[^/.]+)/$
                [name='userprofile-detail']
            
          </li>
        
          <li>
            
                
                
            
                ^users/(?P&lt;pk&gt;[^/.]+)\.(?P&lt;format&gt;[a-z0-9]+)/?$
                [name='userprofile-detail']
            
          </li>
        
          <li>
            
                
                
            
                ^groups/$
                [name='group-list']
            
          </li>
        
          <li>
            
                
                
            
                ^groups\.(?P&lt;format&gt;[a-z0-9]+)/?$
                [name='group-list']
            
          </li>
        
          <li>
            
                
                
            
                ^groups/(?P&lt;pk&gt;[^/.]+)/$
                [name='group-detail']
            
          </li>
        
          <li>
            
                
                
            
                ^groups/(?P&lt;pk&gt;[^/.]+)\.(?P&lt;format&gt;[a-z0-9]+)/?$
                [name='group-detail']
            
          </li>
        
          <li>
            
                
                
            
                ^checkin/$
                [name='checkinlist-list']
            
          </li>
        
          <li>
            
                
                
            
                ^checkin\.(?P&lt;format&gt;[a-z0-9]+)/?$
                [name='checkinlist-list']
            
          </li>
        
          <li>
            
                
                
            
                ^checkin/(?P&lt;pk&gt;[^/.]+)/$
                [name='checkinlist-detail']
            
          </li>
        
          <li>
            
                
                
            
                ^checkin/(?P&lt;pk&gt;[^/.]+)\.(?P&lt;format&gt;[a-z0-9]+)/?$
                [name='checkinlist-detail']
            
          </li>
        
          <li>
            
                
                
            
                ^$
                [name='api-root']
            
          </li>
        
          <li>
            
                
                
            
                ^\.(?P&lt;format&gt;[a-z0-9]+)/?$
                [name='api-root']
            
          </li>
        
          <li>
            
                api-auth/
                
            
          </li>
        
          <li>
            
                user/login
                [name='token_obtain_pair']
            
          </li>
        
          <li>
            
                user/info
                
            
          </li>
        
          <li>
            
                user/token_refresh
                [name='token_refresh']
            
          </li>
        
          <li>
            
                user/logout
                
            
          </li>
        
          <li>
            
                ^media\/(?P&lt;path&gt;.*)$
                
            
          </li>
        
      </ol>
      <p>
        
        The current path, <code>user</code>, didn't match any of these.
      </p>
    
  </div>

  <div id="explanation">
    <p>
      You're seeing this error because you have <code>DEBUG = True</code> in
      your Django settings file. Change that to <code>False</code>, and Django
      will display a standard 404 page.
    </p>
  </div>
</body>
</html>

2019-09-29 15:25:39,313 INFO response is : <!DOCTYPE html>
<html lang="en">
<head>
  <meta http-equiv="content-type" content="text/html; charset=utf-8">
  <title>Page not found at /user</title>
  <meta name="robots" content="NONE,NOARCHIVE">
  <style type="text/css">
    html * { padding:0; margin:0; }
    body * { padding:10px 20px; }
    body * * { padding:0; }
    body { font:small sans-serif; background:#eee; color:#000; }
    body>div { border-bottom:1px solid #ddd; }
    h1 { font-weight:normal; margin-bottom:.4em; }
    h1 span { font-size:60%; color:#666; font-weight:normal; }
    table { border:none; border-collapse: collapse; width:100%; }
    td, th { vertical-align:top; padding:2px 3px; }
    th { width:12em; text-align:right; color:#666; padding-right:.5em; }
    #info { background:#f6f6f6; }
    #info ol { margin: 0.5em 4em; }
    #info ol li { font-family: monospace; }
    #summary { background: #ffc; }
    #explanation { background:#eee; border-bottom: 0px none; }
  </style>
</head>
<body>
  <div id="summary">
    <h1>Page not found <span>(404)</span></h1>
    <table class="meta">
      <tr>
        <th>Request Method:</th>
        <td>GET</td>
      </tr>
      <tr>
        <th>Request URL:</th>
        <td>https://www.agavetest.info:8888/user</td>
      </tr>
      
    </table>
  </div>
  <div id="info">
    
      <p>
      Using the URLconf defined in <code>basepro.urls</code>,
      Django tried these URL patterns, in this order:
      </p>
      <ol>
        
          <li>
            
                
                
            
                ^users/$
                [name='userprofile-list']
            
          </li>
        
          <li>
            
                
                
            
                ^users\.(?P&lt;format&gt;[a-z0-9]+)/?$
                [name='userprofile-list']
            
          </li>
        
          <li>
            
                
                
            
                ^users/(?P&lt;pk&gt;[^/.]+)/$
                [name='userprofile-detail']
            
          </li>
        
          <li>
            
                
                
            
                ^users/(?P&lt;pk&gt;[^/.]+)\.(?P&lt;format&gt;[a-z0-9]+)/?$
                [name='userprofile-detail']
            
          </li>
        
          <li>
            
                
                
            
                ^groups/$
                [name='group-list']
            
          </li>
        
          <li>
            
                
                
            
                ^groups\.(?P&lt;format&gt;[a-z0-9]+)/?$
                [name='group-list']
            
          </li>
        
          <li>
            
                
                
            
                ^groups/(?P&lt;pk&gt;[^/.]+)/$
                [name='group-detail']
            
          </li>
        
          <li>
            
                
                
            
                ^groups/(?P&lt;pk&gt;[^/.]+)\.(?P&lt;format&gt;[a-z0-9]+)/?$
                [name='group-detail']
            
          </li>
        
          <li>
            
                
                
            
                ^checkin/$
                [name='checkinlist-list']
            
          </li>
        
          <li>
            
                
                
            
                ^checkin\.(?P&lt;format&gt;[a-z0-9]+)/?$
                [name='checkinlist-list']
            
          </li>
        
          <li>
            
                
                
            
                ^checkin/(?P&lt;pk&gt;[^/.]+)/$
                [name='checkinlist-detail']
            
          </li>
        
          <li>
            
                
                
            
                ^checkin/(?P&lt;pk&gt;[^/.]+)\.(?P&lt;format&gt;[a-z0-9]+)/?$
                [name='checkinlist-detail']
            
          </li>
        
          <li>
            
                
                
            
                ^$
                [name='api-root']
            
          </li>
        
          <li>
            
                
                
            
                ^\.(?P&lt;format&gt;[a-z0-9]+)/?$
                [name='api-root']
            
          </li>
        
          <li>
            
                api-auth/
                
            
          </li>
        
          <li>
            
                user/login
                [name='token_obtain_pair']
            
          </li>
        
          <li>
            
                user/info
                
            
          </li>
        
          <li>
            
                user/token_refresh
                [name='token_refresh']
            
          </li>
        
          <li>
            
                user/logout
                
            
          </li>
        
          <li>
            
                ^media\/(?P&lt;path&gt;.*)$
                
            
          </li>
        
      </ol>
      <p>
        
        The current path, <code>user</code>, didn't match any of these.
      </p>
    
  </div>

  <div id="explanation">
    <p>
      You're seeing this error because you have <code>DEBUG = True</code> in
      your Django settings file. Change that to <code>False</code>, and Django
      will display a standard 404 page.
    </p>
  </div>
</body>
</html>

2019-09-29 15:28:25,294 INFO 开始执行测试,报告输出模式text
2019-09-29 15:28:26,177 INFO in login！
2019-09-29 15:28:26,177 INFO in login！
2019-09-29 15:28:26,943 INFO response is : <Response [200]>
2019-09-29 15:28:26,943 INFO response is : <Response [200]>
2019-09-29 15:28:26,943 INFO response is : <Response [200]>
2019-09-29 15:28:26,944 INFO response is : {"data":{"refresh":"eyJ0eXAiOiJKV1QiLCJhbGciOiJIUzI1NiJ9.eyJ0b2tlbl90eXBlIjoicmVmcmVzaCIsImV4cCI6MTU2OTgyODUwNiwianRpIjoiNWRmMjY2ZjQ5ZGI2NGY1M2JhYWI1M2NkMzdhY2UxMjQiLCJ1c2VyX2lkIjoxfQ.LdFeWwODGRL0PVESuWpS6z3JyFXR7Jf8TlvpR9KRPwk","access":"eyJ0eXAiOiJKV1QiLCJhbGciOiJIUzI1NiJ9.eyJ0b2tlbl90eXBlIjoiYWNjZXNzIiwiZXhwIjoxNTY5NzQ1NzA2LCJqdGkiOiIxZTA1NTRjZDVjZTc0Nzk1OWJiNjExNzQ3MjZkODFjNiIsInVzZXJfaWQiOjF9.HaTNzo7bAV5a5E-a-YmY6XMaSV-c0MWvidC4ZYZkHBE"},"code":20000,"message":"success"}
2019-09-29 15:28:26,944 INFO response is : {"data":{"refresh":"eyJ0eXAiOiJKV1QiLCJhbGciOiJIUzI1NiJ9.eyJ0b2tlbl90eXBlIjoicmVmcmVzaCIsImV4cCI6MTU2OTgyODUwNiwianRpIjoiNWRmMjY2ZjQ5ZGI2NGY1M2JhYWI1M2NkMzdhY2UxMjQiLCJ1c2VyX2lkIjoxfQ.LdFeWwODGRL0PVESuWpS6z3JyFXR7Jf8TlvpR9KRPwk","access":"eyJ0eXAiOiJKV1QiLCJhbGciOiJIUzI1NiJ9.eyJ0b2tlbl90eXBlIjoiYWNjZXNzIiwiZXhwIjoxNTY5NzQ1NzA2LCJqdGkiOiIxZTA1NTRjZDVjZTc0Nzk1OWJiNjExNzQ3MjZkODFjNiIsInVzZXJfaWQiOjF9.HaTNzo7bAV5a5E-a-YmY6XMaSV-c0MWvidC4ZYZkHBE"},"code":20000,"message":"success"}
2019-09-29 15:28:26,944 INFO response is : {"data":{"refresh":"eyJ0eXAiOiJKV1QiLCJhbGciOiJIUzI1NiJ9.eyJ0b2tlbl90eXBlIjoicmVmcmVzaCIsImV4cCI6MTU2OTgyODUwNiwianRpIjoiNWRmMjY2ZjQ5ZGI2NGY1M2JhYWI1M2NkMzdhY2UxMjQiLCJ1c2VyX2lkIjoxfQ.LdFeWwODGRL0PVESuWpS6z3JyFXR7Jf8TlvpR9KRPwk","access":"eyJ0eXAiOiJKV1QiLCJhbGciOiJIUzI1NiJ9.eyJ0b2tlbl90eXBlIjoiYWNjZXNzIiwiZXhwIjoxNTY5NzQ1NzA2LCJqdGkiOiIxZTA1NTRjZDVjZTc0Nzk1OWJiNjExNzQ3MjZkODFjNiIsInVzZXJfaWQiOjF9.HaTNzo7bAV5a5E-a-YmY6XMaSV-c0MWvidC4ZYZkHBE"},"code":20000,"message":"success"}
2019-09-29 15:28:26,944 INFO response is : {"data":{"refresh":"eyJ0eXAiOiJKV1QiLCJhbGciOiJIUzI1NiJ9.eyJ0b2tlbl90eXBlIjoicmVmcmVzaCIsImV4cCI6MTU2OTgyODUwNiwianRpIjoiNWRmMjY2ZjQ5ZGI2NGY1M2JhYWI1M2NkMzdhY2UxMjQiLCJ1c2VyX2lkIjoxfQ.LdFeWwODGRL0PVESuWpS6z3JyFXR7Jf8TlvpR9KRPwk","access":"eyJ0eXAiOiJKV1QiLCJhbGciOiJIUzI1NiJ9.eyJ0b2tlbl90eXBlIjoiYWNjZXNzIiwiZXhwIjoxNTY5NzQ1NzA2LCJqdGkiOiIxZTA1NTRjZDVjZTc0Nzk1OWJiNjExNzQ3MjZkODFjNiIsInVzZXJfaWQiOjF9.HaTNzo7bAV5a5E-a-YmY6XMaSV-c0MWvidC4ZYZkHBE"},"code":20000,"message":"success"}
2019-09-29 15:28:26,945 INFO <Response [200]>
2019-09-29 15:28:26,945 INFO <Response [200]>
2019-09-29 15:28:26,945 INFO <Response [200]>
2019-09-29 15:28:26,945 INFO <Response [200]>
2019-09-29 15:28:26,945 INFO <Response [200]>
2019-09-29 15:28:26,947 INFO in getUserinfo
2019-09-29 15:28:26,947 INFO in getUserinfo
2019-09-29 15:28:26,947 INFO in getUserinfo
2019-09-29 15:28:26,947 INFO in getUserinfo
2019-09-29 15:28:26,947 INFO in getUserinfo
2019-09-29 15:28:26,947 INFO in getUserinfo
2019-09-29 15:28:27,474 INFO response is : <Response [404]>
2019-09-29 15:28:27,474 INFO response is : <Response [404]>
2019-09-29 15:28:27,474 INFO response is : <Response [404]>
2019-09-29 15:28:27,474 INFO response is : <Response [404]>
2019-09-29 15:28:27,474 INFO response is : <Response [404]>
2019-09-29 15:28:27,474 INFO response is : <Response [404]>
2019-09-29 15:28:27,474 INFO response is : <Response [404]>
2019-09-29 15:28:27,475 INFO response is : <!DOCTYPE html>
<html lang="en">
<head>
  <meta http-equiv="content-type" content="text/html; charset=utf-8">
  <title>Page not found at /user</title>
  <meta name="robots" content="NONE,NOARCHIVE">
  <style type="text/css">
    html * { padding:0; margin:0; }
    body * { padding:10px 20px; }
    body * * { padding:0; }
    body { font:small sans-serif; background:#eee; color:#000; }
    body>div { border-bottom:1px solid #ddd; }
    h1 { font-weight:normal; margin-bottom:.4em; }
    h1 span { font-size:60%; color:#666; font-weight:normal; }
    table { border:none; border-collapse: collapse; width:100%; }
    td, th { vertical-align:top; padding:2px 3px; }
    th { width:12em; text-align:right; color:#666; padding-right:.5em; }
    #info { background:#f6f6f6; }
    #info ol { margin: 0.5em 4em; }
    #info ol li { font-family: monospace; }
    #summary { background: #ffc; }
    #explanation { background:#eee; border-bottom: 0px none; }
  </style>
</head>
<body>
  <div id="summary">
    <h1>Page not found <span>(404)</span></h1>
    <table class="meta">
      <tr>
        <th>Request Method:</th>
        <td>GET</td>
      </tr>
      <tr>
        <th>Request URL:</th>
        <td>https://www.agavetest.info:8888/user</td>
      </tr>
      
    </table>
  </div>
  <div id="info">
    
      <p>
      Using the URLconf defined in <code>basepro.urls</code>,
      Django tried these URL patterns, in this order:
      </p>
      <ol>
        
          <li>
            
                
                
            
                ^users/$
                [name='userprofile-list']
            
          </li>
        
          <li>
            
                
                
            
                ^users\.(?P&lt;format&gt;[a-z0-9]+)/?$
                [name='userprofile-list']
            
          </li>
        
          <li>
            
                
                
            
                ^users/(?P&lt;pk&gt;[^/.]+)/$
                [name='userprofile-detail']
            
          </li>
        
          <li>
            
                
                
            
                ^users/(?P&lt;pk&gt;[^/.]+)\.(?P&lt;format&gt;[a-z0-9]+)/?$
                [name='userprofile-detail']
            
          </li>
        
          <li>
            
                
                
            
                ^groups/$
                [name='group-list']
            
          </li>
        
          <li>
            
                
                
            
                ^groups\.(?P&lt;format&gt;[a-z0-9]+)/?$
                [name='group-list']
            
          </li>
        
          <li>
            
                
                
            
                ^groups/(?P&lt;pk&gt;[^/.]+)/$
                [name='group-detail']
            
          </li>
        
          <li>
            
                
                
            
                ^groups/(?P&lt;pk&gt;[^/.]+)\.(?P&lt;format&gt;[a-z0-9]+)/?$
                [name='group-detail']
            
          </li>
        
          <li>
            
                
                
            
                ^checkin/$
                [name='checkinlist-list']
            
          </li>
        
          <li>
            
                
                
            
                ^checkin\.(?P&lt;format&gt;[a-z0-9]+)/?$
                [name='checkinlist-list']
            
          </li>
        
          <li>
            
                
                
            
                ^checkin/(?P&lt;pk&gt;[^/.]+)/$
                [name='checkinlist-detail']
            
          </li>
        
          <li>
            
                
                
            
                ^checkin/(?P&lt;pk&gt;[^/.]+)\.(?P&lt;format&gt;[a-z0-9]+)/?$
                [name='checkinlist-detail']
            
          </li>
        
          <li>
            
                
                
            
                ^$
                [name='api-root']
            
          </li>
        
          <li>
            
                
                
            
                ^\.(?P&lt;format&gt;[a-z0-9]+)/?$
                [name='api-root']
            
          </li>
        
          <li>
            
                api-auth/
                
            
          </li>
        
          <li>
            
                user/login
                [name='token_obtain_pair']
            
          </li>
        
          <li>
            
                user/info
                
            
          </li>
        
          <li>
            
                user/token_refresh
                [name='token_refresh']
            
          </li>
        
          <li>
            
                user/logout
                
            
          </li>
        
          <li>
            
                ^media\/(?P&lt;path&gt;.*)$
                
            
          </li>
        
      </ol>
      <p>
        
        The current path, <code>user</code>, didn't match any of these.
      </p>
    
  </div>

  <div id="explanation">
    <p>
      You're seeing this error because you have <code>DEBUG = True</code> in
      your Django settings file. Change that to <code>False</code>, and Django
      will display a standard 404 page.
    </p>
  </div>
</body>
</html>

2019-09-29 15:28:27,475 INFO response is : <!DOCTYPE html>
<html lang="en">
<head>
  <meta http-equiv="content-type" content="text/html; charset=utf-8">
  <title>Page not found at /user</title>
  <meta name="robots" content="NONE,NOARCHIVE">
  <style type="text/css">
    html * { padding:0; margin:0; }
    body * { padding:10px 20px; }
    body * * { padding:0; }
    body { font:small sans-serif; background:#eee; color:#000; }
    body>div { border-bottom:1px solid #ddd; }
    h1 { font-weight:normal; margin-bottom:.4em; }
    h1 span { font-size:60%; color:#666; font-weight:normal; }
    table { border:none; border-collapse: collapse; width:100%; }
    td, th { vertical-align:top; padding:2px 3px; }
    th { width:12em; text-align:right; color:#666; padding-right:.5em; }
    #info { background:#f6f6f6; }
    #info ol { margin: 0.5em 4em; }
    #info ol li { font-family: monospace; }
    #summary { background: #ffc; }
    #explanation { background:#eee; border-bottom: 0px none; }
  </style>
</head>
<body>
  <div id="summary">
    <h1>Page not found <span>(404)</span></h1>
    <table class="meta">
      <tr>
        <th>Request Method:</th>
        <td>GET</td>
      </tr>
      <tr>
        <th>Request URL:</th>
        <td>https://www.agavetest.info:8888/user</td>
      </tr>
      
    </table>
  </div>
  <div id="info">
    
      <p>
      Using the URLconf defined in <code>basepro.urls</code>,
      Django tried these URL patterns, in this order:
      </p>
      <ol>
        
          <li>
            
                
                
            
                ^users/$
                [name='userprofile-list']
            
          </li>
        
          <li>
            
                
                
            
                ^users\.(?P&lt;format&gt;[a-z0-9]+)/?$
                [name='userprofile-list']
            
          </li>
        
          <li>
            
                
                
            
                ^users/(?P&lt;pk&gt;[^/.]+)/$
                [name='userprofile-detail']
            
          </li>
        
          <li>
            
                
                
            
                ^users/(?P&lt;pk&gt;[^/.]+)\.(?P&lt;format&gt;[a-z0-9]+)/?$
                [name='userprofile-detail']
            
          </li>
        
          <li>
            
                
                
            
                ^groups/$
                [name='group-list']
            
          </li>
        
          <li>
            
                
                
            
                ^groups\.(?P&lt;format&gt;[a-z0-9]+)/?$
                [name='group-list']
            
          </li>
        
          <li>
            
                
                
            
                ^groups/(?P&lt;pk&gt;[^/.]+)/$
                [name='group-detail']
            
          </li>
        
          <li>
            
                
                
            
                ^groups/(?P&lt;pk&gt;[^/.]+)\.(?P&lt;format&gt;[a-z0-9]+)/?$
                [name='group-detail']
            
          </li>
        
          <li>
            
                
                
            
                ^checkin/$
                [name='checkinlist-list']
            
          </li>
        
          <li>
            
                
                
            
                ^checkin\.(?P&lt;format&gt;[a-z0-9]+)/?$
                [name='checkinlist-list']
            
          </li>
        
          <li>
            
                
                
            
                ^checkin/(?P&lt;pk&gt;[^/.]+)/$
                [name='checkinlist-detail']
            
          </li>
        
          <li>
            
                
                
            
                ^checkin/(?P&lt;pk&gt;[^/.]+)\.(?P&lt;format&gt;[a-z0-9]+)/?$
                [name='checkinlist-detail']
            
          </li>
        
          <li>
            
                
                
            
                ^$
                [name='api-root']
            
          </li>
        
          <li>
            
                
                
            
                ^\.(?P&lt;format&gt;[a-z0-9]+)/?$
                [name='api-root']
            
          </li>
        
          <li>
            
                api-auth/
                
            
          </li>
        
          <li>
            
                user/login
                [name='token_obtain_pair']
            
          </li>
        
          <li>
            
                user/info
                
            
          </li>
        
          <li>
            
                user/token_refresh
                [name='token_refresh']
            
          </li>
        
          <li>
            
                user/logout
                
            
          </li>
        
          <li>
            
                ^media\/(?P&lt;path&gt;.*)$
                
            
          </li>
        
      </ol>
      <p>
        
        The current path, <code>user</code>, didn't match any of these.
      </p>
    
  </div>

  <div id="explanation">
    <p>
      You're seeing this error because you have <code>DEBUG = True</code> in
      your Django settings file. Change that to <code>False</code>, and Django
      will display a standard 404 page.
    </p>
  </div>
</body>
</html>

2019-09-29 15:28:27,475 INFO response is : <!DOCTYPE html>
<html lang="en">
<head>
  <meta http-equiv="content-type" content="text/html; charset=utf-8">
  <title>Page not found at /user</title>
  <meta name="robots" content="NONE,NOARCHIVE">
  <style type="text/css">
    html * { padding:0; margin:0; }
    body * { padding:10px 20px; }
    body * * { padding:0; }
    body { font:small sans-serif; background:#eee; color:#000; }
    body>div { border-bottom:1px solid #ddd; }
    h1 { font-weight:normal; margin-bottom:.4em; }
    h1 span { font-size:60%; color:#666; font-weight:normal; }
    table { border:none; border-collapse: collapse; width:100%; }
    td, th { vertical-align:top; padding:2px 3px; }
    th { width:12em; text-align:right; color:#666; padding-right:.5em; }
    #info { background:#f6f6f6; }
    #info ol { margin: 0.5em 4em; }
    #info ol li { font-family: monospace; }
    #summary { background: #ffc; }
    #explanation { background:#eee; border-bottom: 0px none; }
  </style>
</head>
<body>
  <div id="summary">
    <h1>Page not found <span>(404)</span></h1>
    <table class="meta">
      <tr>
        <th>Request Method:</th>
        <td>GET</td>
      </tr>
      <tr>
        <th>Request URL:</th>
        <td>https://www.agavetest.info:8888/user</td>
      </tr>
      
    </table>
  </div>
  <div id="info">
    
      <p>
      Using the URLconf defined in <code>basepro.urls</code>,
      Django tried these URL patterns, in this order:
      </p>
      <ol>
        
          <li>
            
                
                
            
                ^users/$
                [name='userprofile-list']
            
          </li>
        
          <li>
            
                
                
            
                ^users\.(?P&lt;format&gt;[a-z0-9]+)/?$
                [name='userprofile-list']
            
          </li>
        
          <li>
            
                
                
            
                ^users/(?P&lt;pk&gt;[^/.]+)/$
                [name='userprofile-detail']
            
          </li>
        
          <li>
            
                
                
            
                ^users/(?P&lt;pk&gt;[^/.]+)\.(?P&lt;format&gt;[a-z0-9]+)/?$
                [name='userprofile-detail']
            
          </li>
        
          <li>
            
                
                
            
                ^groups/$
                [name='group-list']
            
          </li>
        
          <li>
            
                
                
            
                ^groups\.(?P&lt;format&gt;[a-z0-9]+)/?$
                [name='group-list']
            
          </li>
        
          <li>
            
                
                
            
                ^groups/(?P&lt;pk&gt;[^/.]+)/$
                [name='group-detail']
            
          </li>
        
          <li>
            
                
                
            
                ^groups/(?P&lt;pk&gt;[^/.]+)\.(?P&lt;format&gt;[a-z0-9]+)/?$
                [name='group-detail']
            
          </li>
        
          <li>
            
                
                
            
                ^checkin/$
                [name='checkinlist-list']
            
          </li>
        
          <li>
            
                
                
            
                ^checkin\.(?P&lt;format&gt;[a-z0-9]+)/?$
                [name='checkinlist-list']
            
          </li>
        
          <li>
            
                
                
            
                ^checkin/(?P&lt;pk&gt;[^/.]+)/$
                [name='checkinlist-detail']
            
          </li>
        
          <li>
            
                
                
            
                ^checkin/(?P&lt;pk&gt;[^/.]+)\.(?P&lt;format&gt;[a-z0-9]+)/?$
                [name='checkinlist-detail']
            
          </li>
        
          <li>
            
                
                
            
                ^$
                [name='api-root']
            
          </li>
        
          <li>
            
                
                
            
                ^\.(?P&lt;format&gt;[a-z0-9]+)/?$
                [name='api-root']
            
          </li>
        
          <li>
            
                api-auth/
                
            
          </li>
        
          <li>
            
                user/login
                [name='token_obtain_pair']
            
          </li>
        
          <li>
            
                user/info
                
            
          </li>
        
          <li>
            
                user/token_refresh
                [name='token_refresh']
            
          </li>
        
          <li>
            
                user/logout
                
            
          </li>
        
          <li>
            
                ^media\/(?P&lt;path&gt;.*)$
                
            
          </li>
        
      </ol>
      <p>
        
        The current path, <code>user</code>, didn't match any of these.
      </p>
    
  </div>

  <div id="explanation">
    <p>
      You're seeing this error because you have <code>DEBUG = True</code> in
      your Django settings file. Change that to <code>False</code>, and Django
      will display a standard 404 page.
    </p>
  </div>
</body>
</html>

2019-09-29 15:28:27,475 INFO response is : <!DOCTYPE html>
<html lang="en">
<head>
  <meta http-equiv="content-type" content="text/html; charset=utf-8">
  <title>Page not found at /user</title>
  <meta name="robots" content="NONE,NOARCHIVE">
  <style type="text/css">
    html * { padding:0; margin:0; }
    body * { padding:10px 20px; }
    body * * { padding:0; }
    body { font:small sans-serif; background:#eee; color:#000; }
    body>div { border-bottom:1px solid #ddd; }
    h1 { font-weight:normal; margin-bottom:.4em; }
    h1 span { font-size:60%; color:#666; font-weight:normal; }
    table { border:none; border-collapse: collapse; width:100%; }
    td, th { vertical-align:top; padding:2px 3px; }
    th { width:12em; text-align:right; color:#666; padding-right:.5em; }
    #info { background:#f6f6f6; }
    #info ol { margin: 0.5em 4em; }
    #info ol li { font-family: monospace; }
    #summary { background: #ffc; }
    #explanation { background:#eee; border-bottom: 0px none; }
  </style>
</head>
<body>
  <div id="summary">
    <h1>Page not found <span>(404)</span></h1>
    <table class="meta">
      <tr>
        <th>Request Method:</th>
        <td>GET</td>
      </tr>
      <tr>
        <th>Request URL:</th>
        <td>https://www.agavetest.info:8888/user</td>
      </tr>
      
    </table>
  </div>
  <div id="info">
    
      <p>
      Using the URLconf defined in <code>basepro.urls</code>,
      Django tried these URL patterns, in this order:
      </p>
      <ol>
        
          <li>
            
                
                
            
                ^users/$
                [name='userprofile-list']
            
          </li>
        
          <li>
            
                
                
            
                ^users\.(?P&lt;format&gt;[a-z0-9]+)/?$
                [name='userprofile-list']
            
          </li>
        
          <li>
            
                
                
            
                ^users/(?P&lt;pk&gt;[^/.]+)/$
                [name='userprofile-detail']
            
          </li>
        
          <li>
            
                
                
            
                ^users/(?P&lt;pk&gt;[^/.]+)\.(?P&lt;format&gt;[a-z0-9]+)/?$
                [name='userprofile-detail']
            
          </li>
        
          <li>
            
                
                
            
                ^groups/$
                [name='group-list']
            
          </li>
        
          <li>
            
                
                
            
                ^groups\.(?P&lt;format&gt;[a-z0-9]+)/?$
                [name='group-list']
            
          </li>
        
          <li>
            
                
                
            
                ^groups/(?P&lt;pk&gt;[^/.]+)/$
                [name='group-detail']
            
          </li>
        
          <li>
            
                
                
            
                ^groups/(?P&lt;pk&gt;[^/.]+)\.(?P&lt;format&gt;[a-z0-9]+)/?$
                [name='group-detail']
            
          </li>
        
          <li>
            
                
                
            
                ^checkin/$
                [name='checkinlist-list']
            
          </li>
        
          <li>
            
                
                
            
                ^checkin\.(?P&lt;format&gt;[a-z0-9]+)/?$
                [name='checkinlist-list']
            
          </li>
        
          <li>
            
                
                
            
                ^checkin/(?P&lt;pk&gt;[^/.]+)/$
                [name='checkinlist-detail']
            
          </li>
        
          <li>
            
                
                
            
                ^checkin/(?P&lt;pk&gt;[^/.]+)\.(?P&lt;format&gt;[a-z0-9]+)/?$
                [name='checkinlist-detail']
            
          </li>
        
          <li>
            
                
                
            
                ^$
                [name='api-root']
            
          </li>
        
          <li>
            
                
                
            
                ^\.(?P&lt;format&gt;[a-z0-9]+)/?$
                [name='api-root']
            
          </li>
        
          <li>
            
                api-auth/
                
            
          </li>
        
          <li>
            
                user/login
                [name='token_obtain_pair']
            
          </li>
        
          <li>
            
                user/info
                
            
          </li>
        
          <li>
            
                user/token_refresh
                [name='token_refresh']
            
          </li>
        
          <li>
            
                user/logout
                
            
          </li>
        
          <li>
            
                ^media\/(?P&lt;path&gt;.*)$
                
            
          </li>
        
      </ol>
      <p>
        
        The current path, <code>user</code>, didn't match any of these.
      </p>
    
  </div>

  <div id="explanation">
    <p>
      You're seeing this error because you have <code>DEBUG = True</code> in
      your Django settings file. Change that to <code>False</code>, and Django
      will display a standard 404 page.
    </p>
  </div>
</body>
</html>

2019-09-29 15:28:27,475 INFO response is : <!DOCTYPE html>
<html lang="en">
<head>
  <meta http-equiv="content-type" content="text/html; charset=utf-8">
  <title>Page not found at /user</title>
  <meta name="robots" content="NONE,NOARCHIVE">
  <style type="text/css">
    html * { padding:0; margin:0; }
    body * { padding:10px 20px; }
    body * * { padding:0; }
    body { font:small sans-serif; background:#eee; color:#000; }
    body>div { border-bottom:1px solid #ddd; }
    h1 { font-weight:normal; margin-bottom:.4em; }
    h1 span { font-size:60%; color:#666; font-weight:normal; }
    table { border:none; border-collapse: collapse; width:100%; }
    td, th { vertical-align:top; padding:2px 3px; }
    th { width:12em; text-align:right; color:#666; padding-right:.5em; }
    #info { background:#f6f6f6; }
    #info ol { margin: 0.5em 4em; }
    #info ol li { font-family: monospace; }
    #summary { background: #ffc; }
    #explanation { background:#eee; border-bottom: 0px none; }
  </style>
</head>
<body>
  <div id="summary">
    <h1>Page not found <span>(404)</span></h1>
    <table class="meta">
      <tr>
        <th>Request Method:</th>
        <td>GET</td>
      </tr>
      <tr>
        <th>Request URL:</th>
        <td>https://www.agavetest.info:8888/user</td>
      </tr>
      
    </table>
  </div>
  <div id="info">
    
      <p>
      Using the URLconf defined in <code>basepro.urls</code>,
      Django tried these URL patterns, in this order:
      </p>
      <ol>
        
          <li>
            
                
                
            
                ^users/$
                [name='userprofile-list']
            
          </li>
        
          <li>
            
                
                
            
                ^users\.(?P&lt;format&gt;[a-z0-9]+)/?$
                [name='userprofile-list']
            
          </li>
        
          <li>
            
                
                
            
                ^users/(?P&lt;pk&gt;[^/.]+)/$
                [name='userprofile-detail']
            
          </li>
        
          <li>
            
                
                
            
                ^users/(?P&lt;pk&gt;[^/.]+)\.(?P&lt;format&gt;[a-z0-9]+)/?$
                [name='userprofile-detail']
            
          </li>
        
          <li>
            
                
                
            
                ^groups/$
                [name='group-list']
            
          </li>
        
          <li>
            
                
                
            
                ^groups\.(?P&lt;format&gt;[a-z0-9]+)/?$
                [name='group-list']
            
          </li>
        
          <li>
            
                
                
            
                ^groups/(?P&lt;pk&gt;[^/.]+)/$
                [name='group-detail']
            
          </li>
        
          <li>
            
                
                
            
                ^groups/(?P&lt;pk&gt;[^/.]+)\.(?P&lt;format&gt;[a-z0-9]+)/?$
                [name='group-detail']
            
          </li>
        
          <li>
            
                
                
            
                ^checkin/$
                [name='checkinlist-list']
            
          </li>
        
          <li>
            
                
                
            
                ^checkin\.(?P&lt;format&gt;[a-z0-9]+)/?$
                [name='checkinlist-list']
            
          </li>
        
          <li>
            
                
                
            
                ^checkin/(?P&lt;pk&gt;[^/.]+)/$
                [name='checkinlist-detail']
            
          </li>
        
          <li>
            
                
                
            
                ^checkin/(?P&lt;pk&gt;[^/.]+)\.(?P&lt;format&gt;[a-z0-9]+)/?$
                [name='checkinlist-detail']
            
          </li>
        
          <li>
            
                
                
            
                ^$
                [name='api-root']
            
          </li>
        
          <li>
            
                
                
            
                ^\.(?P&lt;format&gt;[a-z0-9]+)/?$
                [name='api-root']
            
          </li>
        
          <li>
            
                api-auth/
                
            
          </li>
        
          <li>
            
                user/login
                [name='token_obtain_pair']
            
          </li>
        
          <li>
            
                user/info
                
            
          </li>
        
          <li>
            
                user/token_refresh
                [name='token_refresh']
            
          </li>
        
          <li>
            
                user/logout
                
            
          </li>
        
          <li>
            
                ^media\/(?P&lt;path&gt;.*)$
                
            
          </li>
        
      </ol>
      <p>
        
        The current path, <code>user</code>, didn't match any of these.
      </p>
    
  </div>

  <div id="explanation">
    <p>
      You're seeing this error because you have <code>DEBUG = True</code> in
      your Django settings file. Change that to <code>False</code>, and Django
      will display a standard 404 page.
    </p>
  </div>
</body>
</html>

2019-09-29 15:28:27,475 INFO response is : <!DOCTYPE html>
<html lang="en">
<head>
  <meta http-equiv="content-type" content="text/html; charset=utf-8">
  <title>Page not found at /user</title>
  <meta name="robots" content="NONE,NOARCHIVE">
  <style type="text/css">
    html * { padding:0; margin:0; }
    body * { padding:10px 20px; }
    body * * { padding:0; }
    body { font:small sans-serif; background:#eee; color:#000; }
    body>div { border-bottom:1px solid #ddd; }
    h1 { font-weight:normal; margin-bottom:.4em; }
    h1 span { font-size:60%; color:#666; font-weight:normal; }
    table { border:none; border-collapse: collapse; width:100%; }
    td, th { vertical-align:top; padding:2px 3px; }
    th { width:12em; text-align:right; color:#666; padding-right:.5em; }
    #info { background:#f6f6f6; }
    #info ol { margin: 0.5em 4em; }
    #info ol li { font-family: monospace; }
    #summary { background: #ffc; }
    #explanation { background:#eee; border-bottom: 0px none; }
  </style>
</head>
<body>
  <div id="summary">
    <h1>Page not found <span>(404)</span></h1>
    <table class="meta">
      <tr>
        <th>Request Method:</th>
        <td>GET</td>
      </tr>
      <tr>
        <th>Request URL:</th>
        <td>https://www.agavetest.info:8888/user</td>
      </tr>
      
    </table>
  </div>
  <div id="info">
    
      <p>
      Using the URLconf defined in <code>basepro.urls</code>,
      Django tried these URL patterns, in this order:
      </p>
      <ol>
        
          <li>
            
                
                
            
                ^users/$
                [name='userprofile-list']
            
          </li>
        
          <li>
            
                
                
            
                ^users\.(?P&lt;format&gt;[a-z0-9]+)/?$
                [name='userprofile-list']
            
          </li>
        
          <li>
            
                
                
            
                ^users/(?P&lt;pk&gt;[^/.]+)/$
                [name='userprofile-detail']
            
          </li>
        
          <li>
            
                
                
            
                ^users/(?P&lt;pk&gt;[^/.]+)\.(?P&lt;format&gt;[a-z0-9]+)/?$
                [name='userprofile-detail']
            
          </li>
        
          <li>
            
                
                
            
                ^groups/$
                [name='group-list']
            
          </li>
        
          <li>
            
                
                
            
                ^groups\.(?P&lt;format&gt;[a-z0-9]+)/?$
                [name='group-list']
            
          </li>
        
          <li>
            
                
                
            
                ^groups/(?P&lt;pk&gt;[^/.]+)/$
                [name='group-detail']
            
          </li>
        
          <li>
            
                
                
            
                ^groups/(?P&lt;pk&gt;[^/.]+)\.(?P&lt;format&gt;[a-z0-9]+)/?$
                [name='group-detail']
            
          </li>
        
          <li>
            
                
                
            
                ^checkin/$
                [name='checkinlist-list']
            
          </li>
        
          <li>
            
                
                
            
                ^checkin\.(?P&lt;format&gt;[a-z0-9]+)/?$
                [name='checkinlist-list']
            
          </li>
        
          <li>
            
                
                
            
                ^checkin/(?P&lt;pk&gt;[^/.]+)/$
                [name='checkinlist-detail']
            
          </li>
        
          <li>
            
                
                
            
                ^checkin/(?P&lt;pk&gt;[^/.]+)\.(?P&lt;format&gt;[a-z0-9]+)/?$
                [name='checkinlist-detail']
            
          </li>
        
          <li>
            
                
                
            
                ^$
                [name='api-root']
            
          </li>
        
          <li>
            
                
                
            
                ^\.(?P&lt;format&gt;[a-z0-9]+)/?$
                [name='api-root']
            
          </li>
        
          <li>
            
                api-auth/
                
            
          </li>
        
          <li>
            
                user/login
                [name='token_obtain_pair']
            
          </li>
        
          <li>
            
                user/info
                
            
          </li>
        
          <li>
            
                user/token_refresh
                [name='token_refresh']
            
          </li>
        
          <li>
            
                user/logout
                
            
          </li>
        
          <li>
            
                ^media\/(?P&lt;path&gt;.*)$
                
            
          </li>
        
      </ol>
      <p>
        
        The current path, <code>user</code>, didn't match any of these.
      </p>
    
  </div>

  <div id="explanation">
    <p>
      You're seeing this error because you have <code>DEBUG = True</code> in
      your Django settings file. Change that to <code>False</code>, and Django
      will display a standard 404 page.
    </p>
  </div>
</body>
</html>

2019-09-29 15:28:27,475 INFO response is : <!DOCTYPE html>
<html lang="en">
<head>
  <meta http-equiv="content-type" content="text/html; charset=utf-8">
  <title>Page not found at /user</title>
  <meta name="robots" content="NONE,NOARCHIVE">
  <style type="text/css">
    html * { padding:0; margin:0; }
    body * { padding:10px 20px; }
    body * * { padding:0; }
    body { font:small sans-serif; background:#eee; color:#000; }
    body>div { border-bottom:1px solid #ddd; }
    h1 { font-weight:normal; margin-bottom:.4em; }
    h1 span { font-size:60%; color:#666; font-weight:normal; }
    table { border:none; border-collapse: collapse; width:100%; }
    td, th { vertical-align:top; padding:2px 3px; }
    th { width:12em; text-align:right; color:#666; padding-right:.5em; }
    #info { background:#f6f6f6; }
    #info ol { margin: 0.5em 4em; }
    #info ol li { font-family: monospace; }
    #summary { background: #ffc; }
    #explanation { background:#eee; border-bottom: 0px none; }
  </style>
</head>
<body>
  <div id="summary">
    <h1>Page not found <span>(404)</span></h1>
    <table class="meta">
      <tr>
        <th>Request Method:</th>
        <td>GET</td>
      </tr>
      <tr>
        <th>Request URL:</th>
        <td>https://www.agavetest.info:8888/user</td>
      </tr>
      
    </table>
  </div>
  <div id="info">
    
      <p>
      Using the URLconf defined in <code>basepro.urls</code>,
      Django tried these URL patterns, in this order:
      </p>
      <ol>
        
          <li>
            
                
                
            
                ^users/$
                [name='userprofile-list']
            
          </li>
        
          <li>
            
                
                
            
                ^users\.(?P&lt;format&gt;[a-z0-9]+)/?$
                [name='userprofile-list']
            
          </li>
        
          <li>
            
                
                
            
                ^users/(?P&lt;pk&gt;[^/.]+)/$
                [name='userprofile-detail']
            
          </li>
        
          <li>
            
                
                
            
                ^users/(?P&lt;pk&gt;[^/.]+)\.(?P&lt;format&gt;[a-z0-9]+)/?$
                [name='userprofile-detail']
            
          </li>
        
          <li>
            
                
                
            
                ^groups/$
                [name='group-list']
            
          </li>
        
          <li>
            
                
                
            
                ^groups\.(?P&lt;format&gt;[a-z0-9]+)/?$
                [name='group-list']
            
          </li>
        
          <li>
            
                
                
            
                ^groups/(?P&lt;pk&gt;[^/.]+)/$
                [name='group-detail']
            
          </li>
        
          <li>
            
                
                
            
                ^groups/(?P&lt;pk&gt;[^/.]+)\.(?P&lt;format&gt;[a-z0-9]+)/?$
                [name='group-detail']
            
          </li>
        
          <li>
            
                
                
            
                ^checkin/$
                [name='checkinlist-list']
            
          </li>
        
          <li>
            
                
                
            
                ^checkin\.(?P&lt;format&gt;[a-z0-9]+)/?$
                [name='checkinlist-list']
            
          </li>
        
          <li>
            
                
                
            
                ^checkin/(?P&lt;pk&gt;[^/.]+)/$
                [name='checkinlist-detail']
            
          </li>
        
          <li>
            
                
                
            
                ^checkin/(?P&lt;pk&gt;[^/.]+)\.(?P&lt;format&gt;[a-z0-9]+)/?$
                [name='checkinlist-detail']
            
          </li>
        
          <li>
            
                
                
            
                ^$
                [name='api-root']
            
          </li>
        
          <li>
            
                
                
            
                ^\.(?P&lt;format&gt;[a-z0-9]+)/?$
                [name='api-root']
            
          </li>
        
          <li>
            
                api-auth/
                
            
          </li>
        
          <li>
            
                user/login
                [name='token_obtain_pair']
            
          </li>
        
          <li>
            
                user/info
                
            
          </li>
        
          <li>
            
                user/token_refresh
                [name='token_refresh']
            
          </li>
        
          <li>
            
                user/logout
                
            
          </li>
        
          <li>
            
                ^media\/(?P&lt;path&gt;.*)$
                
            
          </li>
        
      </ol>
      <p>
        
        The current path, <code>user</code>, didn't match any of these.
      </p>
    
  </div>

  <div id="explanation">
    <p>
      You're seeing this error because you have <code>DEBUG = True</code> in
      your Django settings file. Change that to <code>False</code>, and Django
      will display a standard 404 page.
    </p>
  </div>
</body>
</html>

2019-09-29 15:28:27,475 INFO response is : <!DOCTYPE html>
<html lang="en">
<head>
  <meta http-equiv="content-type" content="text/html; charset=utf-8">
  <title>Page not found at /user</title>
  <meta name="robots" content="NONE,NOARCHIVE">
  <style type="text/css">
    html * { padding:0; margin:0; }
    body * { padding:10px 20px; }
    body * * { padding:0; }
    body { font:small sans-serif; background:#eee; color:#000; }
    body>div { border-bottom:1px solid #ddd; }
    h1 { font-weight:normal; margin-bottom:.4em; }
    h1 span { font-size:60%; color:#666; font-weight:normal; }
    table { border:none; border-collapse: collapse; width:100%; }
    td, th { vertical-align:top; padding:2px 3px; }
    th { width:12em; text-align:right; color:#666; padding-right:.5em; }
    #info { background:#f6f6f6; }
    #info ol { margin: 0.5em 4em; }
    #info ol li { font-family: monospace; }
    #summary { background: #ffc; }
    #explanation { background:#eee; border-bottom: 0px none; }
  </style>
</head>
<body>
  <div id="summary">
    <h1>Page not found <span>(404)</span></h1>
    <table class="meta">
      <tr>
        <th>Request Method:</th>
        <td>GET</td>
      </tr>
      <tr>
        <th>Request URL:</th>
        <td>https://www.agavetest.info:8888/user</td>
      </tr>
      
    </table>
  </div>
  <div id="info">
    
      <p>
      Using the URLconf defined in <code>basepro.urls</code>,
      Django tried these URL patterns, in this order:
      </p>
      <ol>
        
          <li>
            
                
                
            
                ^users/$
                [name='userprofile-list']
            
          </li>
        
          <li>
            
                
                
            
                ^users\.(?P&lt;format&gt;[a-z0-9]+)/?$
                [name='userprofile-list']
            
          </li>
        
          <li>
            
                
                
            
                ^users/(?P&lt;pk&gt;[^/.]+)/$
                [name='userprofile-detail']
            
          </li>
        
          <li>
            
                
                
            
                ^users/(?P&lt;pk&gt;[^/.]+)\.(?P&lt;format&gt;[a-z0-9]+)/?$
                [name='userprofile-detail']
            
          </li>
        
          <li>
            
                
                
            
                ^groups/$
                [name='group-list']
            
          </li>
        
          <li>
            
                
                
            
                ^groups\.(?P&lt;format&gt;[a-z0-9]+)/?$
                [name='group-list']
            
          </li>
        
          <li>
            
                
                
            
                ^groups/(?P&lt;pk&gt;[^/.]+)/$
                [name='group-detail']
            
          </li>
        
          <li>
            
                
                
            
                ^groups/(?P&lt;pk&gt;[^/.]+)\.(?P&lt;format&gt;[a-z0-9]+)/?$
                [name='group-detail']
            
          </li>
        
          <li>
            
                
                
            
                ^checkin/$
                [name='checkinlist-list']
            
          </li>
        
          <li>
            
                
                
            
                ^checkin\.(?P&lt;format&gt;[a-z0-9]+)/?$
                [name='checkinlist-list']
            
          </li>
        
          <li>
            
                
                
            
                ^checkin/(?P&lt;pk&gt;[^/.]+)/$
                [name='checkinlist-detail']
            
          </li>
        
          <li>
            
                
                
            
                ^checkin/(?P&lt;pk&gt;[^/.]+)\.(?P&lt;format&gt;[a-z0-9]+)/?$
                [name='checkinlist-detail']
            
          </li>
        
          <li>
            
                
                
            
                ^$
                [name='api-root']
            
          </li>
        
          <li>
            
                
                
            
                ^\.(?P&lt;format&gt;[a-z0-9]+)/?$
                [name='api-root']
            
          </li>
        
          <li>
            
                api-auth/
                
            
          </li>
        
          <li>
            
                user/login
                [name='token_obtain_pair']
            
          </li>
        
          <li>
            
                user/info
                
            
          </li>
        
          <li>
            
                user/token_refresh
                [name='token_refresh']
            
          </li>
        
          <li>
            
                user/logout
                
            
          </li>
        
          <li>
            
                ^media\/(?P&lt;path&gt;.*)$
                
            
          </li>
        
      </ol>
      <p>
        
        The current path, <code>user</code>, didn't match any of these.
      </p>
    
  </div>

  <div id="explanation">
    <p>
      You're seeing this error because you have <code>DEBUG = True</code> in
      your Django settings file. Change that to <code>False</code>, and Django
      will display a standard 404 page.
    </p>
  </div>
</body>
</html>

2019-09-29 15:28:27,521 INFO in login！
2019-09-29 15:28:27,521 INFO in login！
2019-09-29 15:28:27,521 INFO in login！
2019-09-29 15:28:27,521 INFO in login！
2019-09-29 15:28:27,521 INFO in login！
2019-09-29 15:28:27,521 INFO in login！
2019-09-29 15:28:27,521 INFO in login！
2019-09-29 15:28:27,521 INFO in login！
2019-09-29 15:28:27,521 INFO in login！
2019-09-29 15:28:28,235 INFO response is : <Response [200]>
2019-09-29 15:28:28,235 INFO response is : <Response [200]>
2019-09-29 15:28:28,235 INFO response is : <Response [200]>
2019-09-29 15:28:28,235 INFO response is : <Response [200]>
2019-09-29 15:28:28,235 INFO response is : <Response [200]>
2019-09-29 15:28:28,235 INFO response is : <Response [200]>
2019-09-29 15:28:28,235 INFO response is : <Response [200]>
2019-09-29 15:28:28,235 INFO response is : <Response [200]>
2019-09-29 15:28:28,235 INFO response is : <Response [200]>
2019-09-29 15:28:28,235 INFO response is : <Response [200]>
2019-09-29 15:28:28,236 INFO response is : {"data":{"refresh":"eyJ0eXAiOiJKV1QiLCJhbGciOiJIUzI1NiJ9.eyJ0b2tlbl90eXBlIjoicmVmcmVzaCIsImV4cCI6MTU2OTgyODUwOCwianRpIjoiZmNlMjMyMWJmNDljNDUzY2FjM2FmMzJhYzMzMTliYzkiLCJ1c2VyX2lkIjoxfQ.VSRM9V2sdT40r0GwXH94vKSakn9cQGUUKFwUCJyVxSA","access":"eyJ0eXAiOiJKV1QiLCJhbGciOiJIUzI1NiJ9.eyJ0b2tlbl90eXBlIjoiYWNjZXNzIiwiZXhwIjoxNTY5NzQ1NzA4LCJqdGkiOiI2NWUxMzNkM2UwM2M0NTAxYjlhNjI4NDEyMzMxYTgzYyIsInVzZXJfaWQiOjF9.it5C8IpGraJp_VC5DESl10t_qKL4aIbYif8kl1LArOw"},"code":20000,"message":"success"}
2019-09-29 15:28:28,236 INFO response is : {"data":{"refresh":"eyJ0eXAiOiJKV1QiLCJhbGciOiJIUzI1NiJ9.eyJ0b2tlbl90eXBlIjoicmVmcmVzaCIsImV4cCI6MTU2OTgyODUwOCwianRpIjoiZmNlMjMyMWJmNDljNDUzY2FjM2FmMzJhYzMzMTliYzkiLCJ1c2VyX2lkIjoxfQ.VSRM9V2sdT40r0GwXH94vKSakn9cQGUUKFwUCJyVxSA","access":"eyJ0eXAiOiJKV1QiLCJhbGciOiJIUzI1NiJ9.eyJ0b2tlbl90eXBlIjoiYWNjZXNzIiwiZXhwIjoxNTY5NzQ1NzA4LCJqdGkiOiI2NWUxMzNkM2UwM2M0NTAxYjlhNjI4NDEyMzMxYTgzYyIsInVzZXJfaWQiOjF9.it5C8IpGraJp_VC5DESl10t_qKL4aIbYif8kl1LArOw"},"code":20000,"message":"success"}
2019-09-29 15:28:28,236 INFO response is : {"data":{"refresh":"eyJ0eXAiOiJKV1QiLCJhbGciOiJIUzI1NiJ9.eyJ0b2tlbl90eXBlIjoicmVmcmVzaCIsImV4cCI6MTU2OTgyODUwOCwianRpIjoiZmNlMjMyMWJmNDljNDUzY2FjM2FmMzJhYzMzMTliYzkiLCJ1c2VyX2lkIjoxfQ.VSRM9V2sdT40r0GwXH94vKSakn9cQGUUKFwUCJyVxSA","access":"eyJ0eXAiOiJKV1QiLCJhbGciOiJIUzI1NiJ9.eyJ0b2tlbl90eXBlIjoiYWNjZXNzIiwiZXhwIjoxNTY5NzQ1NzA4LCJqdGkiOiI2NWUxMzNkM2UwM2M0NTAxYjlhNjI4NDEyMzMxYTgzYyIsInVzZXJfaWQiOjF9.it5C8IpGraJp_VC5DESl10t_qKL4aIbYif8kl1LArOw"},"code":20000,"message":"success"}
2019-09-29 15:28:28,236 INFO response is : {"data":{"refresh":"eyJ0eXAiOiJKV1QiLCJhbGciOiJIUzI1NiJ9.eyJ0b2tlbl90eXBlIjoicmVmcmVzaCIsImV4cCI6MTU2OTgyODUwOCwianRpIjoiZmNlMjMyMWJmNDljNDUzY2FjM2FmMzJhYzMzMTliYzkiLCJ1c2VyX2lkIjoxfQ.VSRM9V2sdT40r0GwXH94vKSakn9cQGUUKFwUCJyVxSA","access":"eyJ0eXAiOiJKV1QiLCJhbGciOiJIUzI1NiJ9.eyJ0b2tlbl90eXBlIjoiYWNjZXNzIiwiZXhwIjoxNTY5NzQ1NzA4LCJqdGkiOiI2NWUxMzNkM2UwM2M0NTAxYjlhNjI4NDEyMzMxYTgzYyIsInVzZXJfaWQiOjF9.it5C8IpGraJp_VC5DESl10t_qKL4aIbYif8kl1LArOw"},"code":20000,"message":"success"}
2019-09-29 15:28:28,236 INFO response is : {"data":{"refresh":"eyJ0eXAiOiJKV1QiLCJhbGciOiJIUzI1NiJ9.eyJ0b2tlbl90eXBlIjoicmVmcmVzaCIsImV4cCI6MTU2OTgyODUwOCwianRpIjoiZmNlMjMyMWJmNDljNDUzY2FjM2FmMzJhYzMzMTliYzkiLCJ1c2VyX2lkIjoxfQ.VSRM9V2sdT40r0GwXH94vKSakn9cQGUUKFwUCJyVxSA","access":"eyJ0eXAiOiJKV1QiLCJhbGciOiJIUzI1NiJ9.eyJ0b2tlbl90eXBlIjoiYWNjZXNzIiwiZXhwIjoxNTY5NzQ1NzA4LCJqdGkiOiI2NWUxMzNkM2UwM2M0NTAxYjlhNjI4NDEyMzMxYTgzYyIsInVzZXJfaWQiOjF9.it5C8IpGraJp_VC5DESl10t_qKL4aIbYif8kl1LArOw"},"code":20000,"message":"success"}
2019-09-29 15:28:28,236 INFO response is : {"data":{"refresh":"eyJ0eXAiOiJKV1QiLCJhbGciOiJIUzI1NiJ9.eyJ0b2tlbl90eXBlIjoicmVmcmVzaCIsImV4cCI6MTU2OTgyODUwOCwianRpIjoiZmNlMjMyMWJmNDljNDUzY2FjM2FmMzJhYzMzMTliYzkiLCJ1c2VyX2lkIjoxfQ.VSRM9V2sdT40r0GwXH94vKSakn9cQGUUKFwUCJyVxSA","access":"eyJ0eXAiOiJKV1QiLCJhbGciOiJIUzI1NiJ9.eyJ0b2tlbl90eXBlIjoiYWNjZXNzIiwiZXhwIjoxNTY5NzQ1NzA4LCJqdGkiOiI2NWUxMzNkM2UwM2M0NTAxYjlhNjI4NDEyMzMxYTgzYyIsInVzZXJfaWQiOjF9.it5C8IpGraJp_VC5DESl10t_qKL4aIbYif8kl1LArOw"},"code":20000,"message":"success"}
2019-09-29 15:28:28,236 INFO response is : {"data":{"refresh":"eyJ0eXAiOiJKV1QiLCJhbGciOiJIUzI1NiJ9.eyJ0b2tlbl90eXBlIjoicmVmcmVzaCIsImV4cCI6MTU2OTgyODUwOCwianRpIjoiZmNlMjMyMWJmNDljNDUzY2FjM2FmMzJhYzMzMTliYzkiLCJ1c2VyX2lkIjoxfQ.VSRM9V2sdT40r0GwXH94vKSakn9cQGUUKFwUCJyVxSA","access":"eyJ0eXAiOiJKV1QiLCJhbGciOiJIUzI1NiJ9.eyJ0b2tlbl90eXBlIjoiYWNjZXNzIiwiZXhwIjoxNTY5NzQ1NzA4LCJqdGkiOiI2NWUxMzNkM2UwM2M0NTAxYjlhNjI4NDEyMzMxYTgzYyIsInVzZXJfaWQiOjF9.it5C8IpGraJp_VC5DESl10t_qKL4aIbYif8kl1LArOw"},"code":20000,"message":"success"}
2019-09-29 15:28:28,236 INFO response is : {"data":{"refresh":"eyJ0eXAiOiJKV1QiLCJhbGciOiJIUzI1NiJ9.eyJ0b2tlbl90eXBlIjoicmVmcmVzaCIsImV4cCI6MTU2OTgyODUwOCwianRpIjoiZmNlMjMyMWJmNDljNDUzY2FjM2FmMzJhYzMzMTliYzkiLCJ1c2VyX2lkIjoxfQ.VSRM9V2sdT40r0GwXH94vKSakn9cQGUUKFwUCJyVxSA","access":"eyJ0eXAiOiJKV1QiLCJhbGciOiJIUzI1NiJ9.eyJ0b2tlbl90eXBlIjoiYWNjZXNzIiwiZXhwIjoxNTY5NzQ1NzA4LCJqdGkiOiI2NWUxMzNkM2UwM2M0NTAxYjlhNjI4NDEyMzMxYTgzYyIsInVzZXJfaWQiOjF9.it5C8IpGraJp_VC5DESl10t_qKL4aIbYif8kl1LArOw"},"code":20000,"message":"success"}
2019-09-29 15:28:28,236 INFO response is : {"data":{"refresh":"eyJ0eXAiOiJKV1QiLCJhbGciOiJIUzI1NiJ9.eyJ0b2tlbl90eXBlIjoicmVmcmVzaCIsImV4cCI6MTU2OTgyODUwOCwianRpIjoiZmNlMjMyMWJmNDljNDUzY2FjM2FmMzJhYzMzMTliYzkiLCJ1c2VyX2lkIjoxfQ.VSRM9V2sdT40r0GwXH94vKSakn9cQGUUKFwUCJyVxSA","access":"eyJ0eXAiOiJKV1QiLCJhbGciOiJIUzI1NiJ9.eyJ0b2tlbl90eXBlIjoiYWNjZXNzIiwiZXhwIjoxNTY5NzQ1NzA4LCJqdGkiOiI2NWUxMzNkM2UwM2M0NTAxYjlhNjI4NDEyMzMxYTgzYyIsInVzZXJfaWQiOjF9.it5C8IpGraJp_VC5DESl10t_qKL4aIbYif8kl1LArOw"},"code":20000,"message":"success"}
2019-09-29 15:28:28,236 INFO response is : {"data":{"refresh":"eyJ0eXAiOiJKV1QiLCJhbGciOiJIUzI1NiJ9.eyJ0b2tlbl90eXBlIjoicmVmcmVzaCIsImV4cCI6MTU2OTgyODUwOCwianRpIjoiZmNlMjMyMWJmNDljNDUzY2FjM2FmMzJhYzMzMTliYzkiLCJ1c2VyX2lkIjoxfQ.VSRM9V2sdT40r0GwXH94vKSakn9cQGUUKFwUCJyVxSA","access":"eyJ0eXAiOiJKV1QiLCJhbGciOiJIUzI1NiJ9.eyJ0b2tlbl90eXBlIjoiYWNjZXNzIiwiZXhwIjoxNTY5NzQ1NzA4LCJqdGkiOiI2NWUxMzNkM2UwM2M0NTAxYjlhNjI4NDEyMzMxYTgzYyIsInVzZXJfaWQiOjF9.it5C8IpGraJp_VC5DESl10t_qKL4aIbYif8kl1LArOw"},"code":20000,"message":"success"}
2019-09-29 15:28:28,236 INFO response is : {"data":{"refresh":"eyJ0eXAiOiJKV1QiLCJhbGciOiJIUzI1NiJ9.eyJ0b2tlbl90eXBlIjoicmVmcmVzaCIsImV4cCI6MTU2OTgyODUwOCwianRpIjoiZmNlMjMyMWJmNDljNDUzY2FjM2FmMzJhYzMzMTliYzkiLCJ1c2VyX2lkIjoxfQ.VSRM9V2sdT40r0GwXH94vKSakn9cQGUUKFwUCJyVxSA","access":"eyJ0eXAiOiJKV1QiLCJhbGciOiJIUzI1NiJ9.eyJ0b2tlbl90eXBlIjoiYWNjZXNzIiwiZXhwIjoxNTY5NzQ1NzA4LCJqdGkiOiI2NWUxMzNkM2UwM2M0NTAxYjlhNjI4NDEyMzMxYTgzYyIsInVzZXJfaWQiOjF9.it5C8IpGraJp_VC5DESl10t_qKL4aIbYif8kl1LArOw"},"code":20000,"message":"success"}
2019-09-29 15:28:28,237 INFO <Response [200]>
2019-09-29 15:28:28,237 INFO <Response [200]>
2019-09-29 15:28:28,237 INFO <Response [200]>
2019-09-29 15:28:28,237 INFO <Response [200]>
2019-09-29 15:28:28,237 INFO <Response [200]>
2019-09-29 15:28:28,237 INFO <Response [200]>
2019-09-29 15:28:28,237 INFO <Response [200]>
2019-09-29 15:28:28,237 INFO <Response [200]>
2019-09-29 15:28:28,237 INFO <Response [200]>
2019-09-29 15:28:28,237 INFO <Response [200]>
2019-09-29 15:28:28,237 INFO <Response [200]>
2019-09-29 15:28:28,237 INFO <Response [200]>
2019-09-29 15:28:28,238 INFO in login！
2019-09-29 15:28:28,238 INFO in login！
2019-09-29 15:28:28,238 INFO in login！
2019-09-29 15:28:28,238 INFO in login！
2019-09-29 15:28:28,238 INFO in login！
2019-09-29 15:28:28,238 INFO in login！
2019-09-29 15:28:28,238 INFO in login！
2019-09-29 15:28:28,238 INFO in login！
2019-09-29 15:28:28,238 INFO in login！
2019-09-29 15:28:28,238 INFO in login！
2019-09-29 15:28:28,238 INFO in login！
2019-09-29 15:28:28,238 INFO in login！
2019-09-29 15:28:28,238 INFO in login！
2019-09-29 15:28:28,903 INFO response is : <Response [200]>
2019-09-29 15:28:28,903 INFO response is : <Response [200]>
2019-09-29 15:28:28,903 INFO response is : <Response [200]>
2019-09-29 15:28:28,903 INFO response is : <Response [200]>
2019-09-29 15:28:28,903 INFO response is : <Response [200]>
2019-09-29 15:28:28,903 INFO response is : <Response [200]>
2019-09-29 15:28:28,903 INFO response is : <Response [200]>
2019-09-29 15:28:28,903 INFO response is : <Response [200]>
2019-09-29 15:28:28,903 INFO response is : <Response [200]>
2019-09-29 15:28:28,903 INFO response is : <Response [200]>
2019-09-29 15:28:28,903 INFO response is : <Response [200]>
2019-09-29 15:28:28,903 INFO response is : <Response [200]>
2019-09-29 15:28:28,903 INFO response is : <Response [200]>
2019-09-29 15:28:28,903 INFO response is : <Response [200]>
2019-09-29 15:28:28,905 INFO response is : {"data":{"refresh":"eyJ0eXAiOiJKV1QiLCJhbGciOiJIUzI1NiJ9.eyJ0b2tlbl90eXBlIjoicmVmcmVzaCIsImV4cCI6MTU2OTgyODUwOCwianRpIjoiNTk2ZDcwNDQzN2UxNDJjNThhMzQ4MDMyYjc4NDU3ZmIiLCJ1c2VyX2lkIjoxfQ.WD106xyuceZceb_pZzbo9c5DzCbcnmyXsAYWN8LJZl8","access":"eyJ0eXAiOiJKV1QiLCJhbGciOiJIUzI1NiJ9.eyJ0b2tlbl90eXBlIjoiYWNjZXNzIiwiZXhwIjoxNTY5NzQ1NzA4LCJqdGkiOiJhMzg0MDA4N2VhMmE0NzM3YWI0OWQ2YjA2ZjVhNjBlZiIsInVzZXJfaWQiOjF9.8KTbuonAxs1lUHXu-tJ-LCD_N9qJwONyETxjVkztbyA"},"code":20000,"message":"success"}
2019-09-29 15:28:28,905 INFO response is : {"data":{"refresh":"eyJ0eXAiOiJKV1QiLCJhbGciOiJIUzI1NiJ9.eyJ0b2tlbl90eXBlIjoicmVmcmVzaCIsImV4cCI6MTU2OTgyODUwOCwianRpIjoiNTk2ZDcwNDQzN2UxNDJjNThhMzQ4MDMyYjc4NDU3ZmIiLCJ1c2VyX2lkIjoxfQ.WD106xyuceZceb_pZzbo9c5DzCbcnmyXsAYWN8LJZl8","access":"eyJ0eXAiOiJKV1QiLCJhbGciOiJIUzI1NiJ9.eyJ0b2tlbl90eXBlIjoiYWNjZXNzIiwiZXhwIjoxNTY5NzQ1NzA4LCJqdGkiOiJhMzg0MDA4N2VhMmE0NzM3YWI0OWQ2YjA2ZjVhNjBlZiIsInVzZXJfaWQiOjF9.8KTbuonAxs1lUHXu-tJ-LCD_N9qJwONyETxjVkztbyA"},"code":20000,"message":"success"}
2019-09-29 15:28:28,905 INFO response is : {"data":{"refresh":"eyJ0eXAiOiJKV1QiLCJhbGciOiJIUzI1NiJ9.eyJ0b2tlbl90eXBlIjoicmVmcmVzaCIsImV4cCI6MTU2OTgyODUwOCwianRpIjoiNTk2ZDcwNDQzN2UxNDJjNThhMzQ4MDMyYjc4NDU3ZmIiLCJ1c2VyX2lkIjoxfQ.WD106xyuceZceb_pZzbo9c5DzCbcnmyXsAYWN8LJZl8","access":"eyJ0eXAiOiJKV1QiLCJhbGciOiJIUzI1NiJ9.eyJ0b2tlbl90eXBlIjoiYWNjZXNzIiwiZXhwIjoxNTY5NzQ1NzA4LCJqdGkiOiJhMzg0MDA4N2VhMmE0NzM3YWI0OWQ2YjA2ZjVhNjBlZiIsInVzZXJfaWQiOjF9.8KTbuonAxs1lUHXu-tJ-LCD_N9qJwONyETxjVkztbyA"},"code":20000,"message":"success"}
2019-09-29 15:28:28,905 INFO response is : {"data":{"refresh":"eyJ0eXAiOiJKV1QiLCJhbGciOiJIUzI1NiJ9.eyJ0b2tlbl90eXBlIjoicmVmcmVzaCIsImV4cCI6MTU2OTgyODUwOCwianRpIjoiNTk2ZDcwNDQzN2UxNDJjNThhMzQ4MDMyYjc4NDU3ZmIiLCJ1c2VyX2lkIjoxfQ.WD106xyuceZceb_pZzbo9c5DzCbcnmyXsAYWN8LJZl8","access":"eyJ0eXAiOiJKV1QiLCJhbGciOiJIUzI1NiJ9.eyJ0b2tlbl90eXBlIjoiYWNjZXNzIiwiZXhwIjoxNTY5NzQ1NzA4LCJqdGkiOiJhMzg0MDA4N2VhMmE0NzM3YWI0OWQ2YjA2ZjVhNjBlZiIsInVzZXJfaWQiOjF9.8KTbuonAxs1lUHXu-tJ-LCD_N9qJwONyETxjVkztbyA"},"code":20000,"message":"success"}
2019-09-29 15:28:28,905 INFO response is : {"data":{"refresh":"eyJ0eXAiOiJKV1QiLCJhbGciOiJIUzI1NiJ9.eyJ0b2tlbl90eXBlIjoicmVmcmVzaCIsImV4cCI6MTU2OTgyODUwOCwianRpIjoiNTk2ZDcwNDQzN2UxNDJjNThhMzQ4MDMyYjc4NDU3ZmIiLCJ1c2VyX2lkIjoxfQ.WD106xyuceZceb_pZzbo9c5DzCbcnmyXsAYWN8LJZl8","access":"eyJ0eXAiOiJKV1QiLCJhbGciOiJIUzI1NiJ9.eyJ0b2tlbl90eXBlIjoiYWNjZXNzIiwiZXhwIjoxNTY5NzQ1NzA4LCJqdGkiOiJhMzg0MDA4N2VhMmE0NzM3YWI0OWQ2YjA2ZjVhNjBlZiIsInVzZXJfaWQiOjF9.8KTbuonAxs1lUHXu-tJ-LCD_N9qJwONyETxjVkztbyA"},"code":20000,"message":"success"}
2019-09-29 15:28:28,905 INFO response is : {"data":{"refresh":"eyJ0eXAiOiJKV1QiLCJhbGciOiJIUzI1NiJ9.eyJ0b2tlbl90eXBlIjoicmVmcmVzaCIsImV4cCI6MTU2OTgyODUwOCwianRpIjoiNTk2ZDcwNDQzN2UxNDJjNThhMzQ4MDMyYjc4NDU3ZmIiLCJ1c2VyX2lkIjoxfQ.WD106xyuceZceb_pZzbo9c5DzCbcnmyXsAYWN8LJZl8","access":"eyJ0eXAiOiJKV1QiLCJhbGciOiJIUzI1NiJ9.eyJ0b2tlbl90eXBlIjoiYWNjZXNzIiwiZXhwIjoxNTY5NzQ1NzA4LCJqdGkiOiJhMzg0MDA4N2VhMmE0NzM3YWI0OWQ2YjA2ZjVhNjBlZiIsInVzZXJfaWQiOjF9.8KTbuonAxs1lUHXu-tJ-LCD_N9qJwONyETxjVkztbyA"},"code":20000,"message":"success"}
2019-09-29 15:28:28,905 INFO response is : {"data":{"refresh":"eyJ0eXAiOiJKV1QiLCJhbGciOiJIUzI1NiJ9.eyJ0b2tlbl90eXBlIjoicmVmcmVzaCIsImV4cCI6MTU2OTgyODUwOCwianRpIjoiNTk2ZDcwNDQzN2UxNDJjNThhMzQ4MDMyYjc4NDU3ZmIiLCJ1c2VyX2lkIjoxfQ.WD106xyuceZceb_pZzbo9c5DzCbcnmyXsAYWN8LJZl8","access":"eyJ0eXAiOiJKV1QiLCJhbGciOiJIUzI1NiJ9.eyJ0b2tlbl90eXBlIjoiYWNjZXNzIiwiZXhwIjoxNTY5NzQ1NzA4LCJqdGkiOiJhMzg0MDA4N2VhMmE0NzM3YWI0OWQ2YjA2ZjVhNjBlZiIsInVzZXJfaWQiOjF9.8KTbuonAxs1lUHXu-tJ-LCD_N9qJwONyETxjVkztbyA"},"code":20000,"message":"success"}
2019-09-29 15:28:28,905 INFO response is : {"data":{"refresh":"eyJ0eXAiOiJKV1QiLCJhbGciOiJIUzI1NiJ9.eyJ0b2tlbl90eXBlIjoicmVmcmVzaCIsImV4cCI6MTU2OTgyODUwOCwianRpIjoiNTk2ZDcwNDQzN2UxNDJjNThhMzQ4MDMyYjc4NDU3ZmIiLCJ1c2VyX2lkIjoxfQ.WD106xyuceZceb_pZzbo9c5DzCbcnmyXsAYWN8LJZl8","access":"eyJ0eXAiOiJKV1QiLCJhbGciOiJIUzI1NiJ9.eyJ0b2tlbl90eXBlIjoiYWNjZXNzIiwiZXhwIjoxNTY5NzQ1NzA4LCJqdGkiOiJhMzg0MDA4N2VhMmE0NzM3YWI0OWQ2YjA2ZjVhNjBlZiIsInVzZXJfaWQiOjF9.8KTbuonAxs1lUHXu-tJ-LCD_N9qJwONyETxjVkztbyA"},"code":20000,"message":"success"}
2019-09-29 15:28:28,905 INFO response is : {"data":{"refresh":"eyJ0eXAiOiJKV1QiLCJhbGciOiJIUzI1NiJ9.eyJ0b2tlbl90eXBlIjoicmVmcmVzaCIsImV4cCI6MTU2OTgyODUwOCwianRpIjoiNTk2ZDcwNDQzN2UxNDJjNThhMzQ4MDMyYjc4NDU3ZmIiLCJ1c2VyX2lkIjoxfQ.WD106xyuceZceb_pZzbo9c5DzCbcnmyXsAYWN8LJZl8","access":"eyJ0eXAiOiJKV1QiLCJhbGciOiJIUzI1NiJ9.eyJ0b2tlbl90eXBlIjoiYWNjZXNzIiwiZXhwIjoxNTY5NzQ1NzA4LCJqdGkiOiJhMzg0MDA4N2VhMmE0NzM3YWI0OWQ2YjA2ZjVhNjBlZiIsInVzZXJfaWQiOjF9.8KTbuonAxs1lUHXu-tJ-LCD_N9qJwONyETxjVkztbyA"},"code":20000,"message":"success"}
2019-09-29 15:28:28,905 INFO response is : {"data":{"refresh":"eyJ0eXAiOiJKV1QiLCJhbGciOiJIUzI1NiJ9.eyJ0b2tlbl90eXBlIjoicmVmcmVzaCIsImV4cCI6MTU2OTgyODUwOCwianRpIjoiNTk2ZDcwNDQzN2UxNDJjNThhMzQ4MDMyYjc4NDU3ZmIiLCJ1c2VyX2lkIjoxfQ.WD106xyuceZceb_pZzbo9c5DzCbcnmyXsAYWN8LJZl8","access":"eyJ0eXAiOiJKV1QiLCJhbGciOiJIUzI1NiJ9.eyJ0b2tlbl90eXBlIjoiYWNjZXNzIiwiZXhwIjoxNTY5NzQ1NzA4LCJqdGkiOiJhMzg0MDA4N2VhMmE0NzM3YWI0OWQ2YjA2ZjVhNjBlZiIsInVzZXJfaWQiOjF9.8KTbuonAxs1lUHXu-tJ-LCD_N9qJwONyETxjVkztbyA"},"code":20000,"message":"success"}
2019-09-29 15:28:28,905 INFO response is : {"data":{"refresh":"eyJ0eXAiOiJKV1QiLCJhbGciOiJIUzI1NiJ9.eyJ0b2tlbl90eXBlIjoicmVmcmVzaCIsImV4cCI6MTU2OTgyODUwOCwianRpIjoiNTk2ZDcwNDQzN2UxNDJjNThhMzQ4MDMyYjc4NDU3ZmIiLCJ1c2VyX2lkIjoxfQ.WD106xyuceZceb_pZzbo9c5DzCbcnmyXsAYWN8LJZl8","access":"eyJ0eXAiOiJKV1QiLCJhbGciOiJIUzI1NiJ9.eyJ0b2tlbl90eXBlIjoiYWNjZXNzIiwiZXhwIjoxNTY5NzQ1NzA4LCJqdGkiOiJhMzg0MDA4N2VhMmE0NzM3YWI0OWQ2YjA2ZjVhNjBlZiIsInVzZXJfaWQiOjF9.8KTbuonAxs1lUHXu-tJ-LCD_N9qJwONyETxjVkztbyA"},"code":20000,"message":"success"}
2019-09-29 15:28:28,905 INFO response is : {"data":{"refresh":"eyJ0eXAiOiJKV1QiLCJhbGciOiJIUzI1NiJ9.eyJ0b2tlbl90eXBlIjoicmVmcmVzaCIsImV4cCI6MTU2OTgyODUwOCwianRpIjoiNTk2ZDcwNDQzN2UxNDJjNThhMzQ4MDMyYjc4NDU3ZmIiLCJ1c2VyX2lkIjoxfQ.WD106xyuceZceb_pZzbo9c5DzCbcnmyXsAYWN8LJZl8","access":"eyJ0eXAiOiJKV1QiLCJhbGciOiJIUzI1NiJ9.eyJ0b2tlbl90eXBlIjoiYWNjZXNzIiwiZXhwIjoxNTY5NzQ1NzA4LCJqdGkiOiJhMzg0MDA4N2VhMmE0NzM3YWI0OWQ2YjA2ZjVhNjBlZiIsInVzZXJfaWQiOjF9.8KTbuonAxs1lUHXu-tJ-LCD_N9qJwONyETxjVkztbyA"},"code":20000,"message":"success"}
2019-09-29 15:28:28,905 INFO response is : {"data":{"refresh":"eyJ0eXAiOiJKV1QiLCJhbGciOiJIUzI1NiJ9.eyJ0b2tlbl90eXBlIjoicmVmcmVzaCIsImV4cCI6MTU2OTgyODUwOCwianRpIjoiNTk2ZDcwNDQzN2UxNDJjNThhMzQ4MDMyYjc4NDU3ZmIiLCJ1c2VyX2lkIjoxfQ.WD106xyuceZceb_pZzbo9c5DzCbcnmyXsAYWN8LJZl8","access":"eyJ0eXAiOiJKV1QiLCJhbGciOiJIUzI1NiJ9.eyJ0b2tlbl90eXBlIjoiYWNjZXNzIiwiZXhwIjoxNTY5NzQ1NzA4LCJqdGkiOiJhMzg0MDA4N2VhMmE0NzM3YWI0OWQ2YjA2ZjVhNjBlZiIsInVzZXJfaWQiOjF9.8KTbuonAxs1lUHXu-tJ-LCD_N9qJwONyETxjVkztbyA"},"code":20000,"message":"success"}
2019-09-29 15:28:28,905 INFO response is : {"data":{"refresh":"eyJ0eXAiOiJKV1QiLCJhbGciOiJIUzI1NiJ9.eyJ0b2tlbl90eXBlIjoicmVmcmVzaCIsImV4cCI6MTU2OTgyODUwOCwianRpIjoiNTk2ZDcwNDQzN2UxNDJjNThhMzQ4MDMyYjc4NDU3ZmIiLCJ1c2VyX2lkIjoxfQ.WD106xyuceZceb_pZzbo9c5DzCbcnmyXsAYWN8LJZl8","access":"eyJ0eXAiOiJKV1QiLCJhbGciOiJIUzI1NiJ9.eyJ0b2tlbl90eXBlIjoiYWNjZXNzIiwiZXhwIjoxNTY5NzQ1NzA4LCJqdGkiOiJhMzg0MDA4N2VhMmE0NzM3YWI0OWQ2YjA2ZjVhNjBlZiIsInVzZXJfaWQiOjF9.8KTbuonAxs1lUHXu-tJ-LCD_N9qJwONyETxjVkztbyA"},"code":20000,"message":"success"}
2019-09-29 15:28:28,905 INFO response is : {"data":{"refresh":"eyJ0eXAiOiJKV1QiLCJhbGciOiJIUzI1NiJ9.eyJ0b2tlbl90eXBlIjoicmVmcmVzaCIsImV4cCI6MTU2OTgyODUwOCwianRpIjoiNTk2ZDcwNDQzN2UxNDJjNThhMzQ4MDMyYjc4NDU3ZmIiLCJ1c2VyX2lkIjoxfQ.WD106xyuceZceb_pZzbo9c5DzCbcnmyXsAYWN8LJZl8","access":"eyJ0eXAiOiJKV1QiLCJhbGciOiJIUzI1NiJ9.eyJ0b2tlbl90eXBlIjoiYWNjZXNzIiwiZXhwIjoxNTY5NzQ1NzA4LCJqdGkiOiJhMzg0MDA4N2VhMmE0NzM3YWI0OWQ2YjA2ZjVhNjBlZiIsInVzZXJfaWQiOjF9.8KTbuonAxs1lUHXu-tJ-LCD_N9qJwONyETxjVkztbyA"},"code":20000,"message":"success"}
2019-09-29 15:28:28,906 INFO <Response [200]>
2019-09-29 15:28:28,906 INFO <Response [200]>
2019-09-29 15:28:28,906 INFO <Response [200]>
2019-09-29 15:28:28,906 INFO <Response [200]>
2019-09-29 15:28:28,906 INFO <Response [200]>
2019-09-29 15:28:28,906 INFO <Response [200]>
2019-09-29 15:28:28,906 INFO <Response [200]>
2019-09-29 15:28:28,906 INFO <Response [200]>
2019-09-29 15:28:28,906 INFO <Response [200]>
2019-09-29 15:28:28,906 INFO <Response [200]>
2019-09-29 15:28:28,906 INFO <Response [200]>
2019-09-29 15:28:28,906 INFO <Response [200]>
2019-09-29 15:28:28,906 INFO <Response [200]>
2019-09-29 15:28:28,906 INFO <Response [200]>
2019-09-29 15:28:28,906 INFO <Response [200]>
2019-09-29 15:28:28,906 INFO <Response [200]>
2019-09-29 15:29:54,593 INFO 开始执行测试,报告输出模式text
2019-09-29 15:29:55,362 INFO in login！
2019-09-29 15:29:55,362 INFO in login！
2019-09-29 15:29:55,975 INFO response is : <Response [200]>
2019-09-29 15:29:55,975 INFO response is : <Response [200]>
2019-09-29 15:29:55,975 INFO response is : <Response [200]>
2019-09-29 15:29:55,976 INFO response is : {"data":{"refresh":"eyJ0eXAiOiJKV1QiLCJhbGciOiJIUzI1NiJ9.eyJ0b2tlbl90eXBlIjoicmVmcmVzaCIsImV4cCI6MTU2OTgyODU5NSwianRpIjoiNTIzZmQwN2QyY2UzNGIzNTg0OGU2ZjJiZWUyNTNmNDQiLCJ1c2VyX2lkIjoxfQ.XbKoEVPcn4rLFQGNKsZKiOnP93q5vFhBnwJwdmmWm3M","access":"eyJ0eXAiOiJKV1QiLCJhbGciOiJIUzI1NiJ9.eyJ0b2tlbl90eXBlIjoiYWNjZXNzIiwiZXhwIjoxNTY5NzQ1Nzk1LCJqdGkiOiI0M2NlOGExMDQ0MzU0ODkwODdmZDE0NWNiYTU0ZmE5NCIsInVzZXJfaWQiOjF9.csqIpLlM_IthQBCBRKOeT_1AgGHxXrH30ArLyW4HNo8"},"code":20000,"message":"success"}
2019-09-29 15:29:55,976 INFO response is : {"data":{"refresh":"eyJ0eXAiOiJKV1QiLCJhbGciOiJIUzI1NiJ9.eyJ0b2tlbl90eXBlIjoicmVmcmVzaCIsImV4cCI6MTU2OTgyODU5NSwianRpIjoiNTIzZmQwN2QyY2UzNGIzNTg0OGU2ZjJiZWUyNTNmNDQiLCJ1c2VyX2lkIjoxfQ.XbKoEVPcn4rLFQGNKsZKiOnP93q5vFhBnwJwdmmWm3M","access":"eyJ0eXAiOiJKV1QiLCJhbGciOiJIUzI1NiJ9.eyJ0b2tlbl90eXBlIjoiYWNjZXNzIiwiZXhwIjoxNTY5NzQ1Nzk1LCJqdGkiOiI0M2NlOGExMDQ0MzU0ODkwODdmZDE0NWNiYTU0ZmE5NCIsInVzZXJfaWQiOjF9.csqIpLlM_IthQBCBRKOeT_1AgGHxXrH30ArLyW4HNo8"},"code":20000,"message":"success"}
2019-09-29 15:29:55,976 INFO response is : {"data":{"refresh":"eyJ0eXAiOiJKV1QiLCJhbGciOiJIUzI1NiJ9.eyJ0b2tlbl90eXBlIjoicmVmcmVzaCIsImV4cCI6MTU2OTgyODU5NSwianRpIjoiNTIzZmQwN2QyY2UzNGIzNTg0OGU2ZjJiZWUyNTNmNDQiLCJ1c2VyX2lkIjoxfQ.XbKoEVPcn4rLFQGNKsZKiOnP93q5vFhBnwJwdmmWm3M","access":"eyJ0eXAiOiJKV1QiLCJhbGciOiJIUzI1NiJ9.eyJ0b2tlbl90eXBlIjoiYWNjZXNzIiwiZXhwIjoxNTY5NzQ1Nzk1LCJqdGkiOiI0M2NlOGExMDQ0MzU0ODkwODdmZDE0NWNiYTU0ZmE5NCIsInVzZXJfaWQiOjF9.csqIpLlM_IthQBCBRKOeT_1AgGHxXrH30ArLyW4HNo8"},"code":20000,"message":"success"}
2019-09-29 15:29:55,976 INFO response is : {"data":{"refresh":"eyJ0eXAiOiJKV1QiLCJhbGciOiJIUzI1NiJ9.eyJ0b2tlbl90eXBlIjoicmVmcmVzaCIsImV4cCI6MTU2OTgyODU5NSwianRpIjoiNTIzZmQwN2QyY2UzNGIzNTg0OGU2ZjJiZWUyNTNmNDQiLCJ1c2VyX2lkIjoxfQ.XbKoEVPcn4rLFQGNKsZKiOnP93q5vFhBnwJwdmmWm3M","access":"eyJ0eXAiOiJKV1QiLCJhbGciOiJIUzI1NiJ9.eyJ0b2tlbl90eXBlIjoiYWNjZXNzIiwiZXhwIjoxNTY5NzQ1Nzk1LCJqdGkiOiI0M2NlOGExMDQ0MzU0ODkwODdmZDE0NWNiYTU0ZmE5NCIsInVzZXJfaWQiOjF9.csqIpLlM_IthQBCBRKOeT_1AgGHxXrH30ArLyW4HNo8"},"code":20000,"message":"success"}
2019-09-29 15:29:55,976 INFO <Response [200]>
2019-09-29 15:29:55,976 INFO <Response [200]>
2019-09-29 15:29:55,976 INFO <Response [200]>
2019-09-29 15:29:55,976 INFO <Response [200]>
2019-09-29 15:29:55,976 INFO <Response [200]>
2019-09-29 15:29:55,979 INFO in login！
2019-09-29 15:29:55,979 INFO in login！
2019-09-29 15:29:55,979 INFO in login！
2019-09-29 15:29:55,979 INFO in login！
2019-09-29 15:29:55,979 INFO in login！
2019-09-29 15:29:55,979 INFO in login！
2019-09-29 15:29:56,529 INFO response is : <Response [200]>
2019-09-29 15:29:56,529 INFO response is : <Response [200]>
2019-09-29 15:29:56,529 INFO response is : <Response [200]>
2019-09-29 15:29:56,529 INFO response is : <Response [200]>
2019-09-29 15:29:56,529 INFO response is : <Response [200]>
2019-09-29 15:29:56,529 INFO response is : <Response [200]>
2019-09-29 15:29:56,529 INFO response is : <Response [200]>
2019-09-29 15:29:56,531 INFO response is : {"data":{"refresh":"eyJ0eXAiOiJKV1QiLCJhbGciOiJIUzI1NiJ9.eyJ0b2tlbl90eXBlIjoicmVmcmVzaCIsImV4cCI6MTU2OTgyODU5NiwianRpIjoiMzc3MTgzMWJhNDI3NDhkMzlmMzEyZjQ0OWJhM2MxYTIiLCJ1c2VyX2lkIjoxfQ.0xh2kLh371nGwGxNl7OBpnRcJdqQOPRjSo_9UIie19g","access":"eyJ0eXAiOiJKV1QiLCJhbGciOiJIUzI1NiJ9.eyJ0b2tlbl90eXBlIjoiYWNjZXNzIiwiZXhwIjoxNTY5NzQ1Nzk2LCJqdGkiOiJhOGM1M2ZiMDkyMWY0ZGE4YjA2OGJjYjg5ODU4MTRkMSIsInVzZXJfaWQiOjF9.5BiBb5s0FuRvdtIB44tJbyMTOXMCmfxDs4N9-Y0uL-g"},"code":20000,"message":"success"}
2019-09-29 15:29:56,531 INFO response is : {"data":{"refresh":"eyJ0eXAiOiJKV1QiLCJhbGciOiJIUzI1NiJ9.eyJ0b2tlbl90eXBlIjoicmVmcmVzaCIsImV4cCI6MTU2OTgyODU5NiwianRpIjoiMzc3MTgzMWJhNDI3NDhkMzlmMzEyZjQ0OWJhM2MxYTIiLCJ1c2VyX2lkIjoxfQ.0xh2kLh371nGwGxNl7OBpnRcJdqQOPRjSo_9UIie19g","access":"eyJ0eXAiOiJKV1QiLCJhbGciOiJIUzI1NiJ9.eyJ0b2tlbl90eXBlIjoiYWNjZXNzIiwiZXhwIjoxNTY5NzQ1Nzk2LCJqdGkiOiJhOGM1M2ZiMDkyMWY0ZGE4YjA2OGJjYjg5ODU4MTRkMSIsInVzZXJfaWQiOjF9.5BiBb5s0FuRvdtIB44tJbyMTOXMCmfxDs4N9-Y0uL-g"},"code":20000,"message":"success"}
2019-09-29 15:29:56,531 INFO response is : {"data":{"refresh":"eyJ0eXAiOiJKV1QiLCJhbGciOiJIUzI1NiJ9.eyJ0b2tlbl90eXBlIjoicmVmcmVzaCIsImV4cCI6MTU2OTgyODU5NiwianRpIjoiMzc3MTgzMWJhNDI3NDhkMzlmMzEyZjQ0OWJhM2MxYTIiLCJ1c2VyX2lkIjoxfQ.0xh2kLh371nGwGxNl7OBpnRcJdqQOPRjSo_9UIie19g","access":"eyJ0eXAiOiJKV1QiLCJhbGciOiJIUzI1NiJ9.eyJ0b2tlbl90eXBlIjoiYWNjZXNzIiwiZXhwIjoxNTY5NzQ1Nzk2LCJqdGkiOiJhOGM1M2ZiMDkyMWY0ZGE4YjA2OGJjYjg5ODU4MTRkMSIsInVzZXJfaWQiOjF9.5BiBb5s0FuRvdtIB44tJbyMTOXMCmfxDs4N9-Y0uL-g"},"code":20000,"message":"success"}
2019-09-29 15:29:56,531 INFO response is : {"data":{"refresh":"eyJ0eXAiOiJKV1QiLCJhbGciOiJIUzI1NiJ9.eyJ0b2tlbl90eXBlIjoicmVmcmVzaCIsImV4cCI6MTU2OTgyODU5NiwianRpIjoiMzc3MTgzMWJhNDI3NDhkMzlmMzEyZjQ0OWJhM2MxYTIiLCJ1c2VyX2lkIjoxfQ.0xh2kLh371nGwGxNl7OBpnRcJdqQOPRjSo_9UIie19g","access":"eyJ0eXAiOiJKV1QiLCJhbGciOiJIUzI1NiJ9.eyJ0b2tlbl90eXBlIjoiYWNjZXNzIiwiZXhwIjoxNTY5NzQ1Nzk2LCJqdGkiOiJhOGM1M2ZiMDkyMWY0ZGE4YjA2OGJjYjg5ODU4MTRkMSIsInVzZXJfaWQiOjF9.5BiBb5s0FuRvdtIB44tJbyMTOXMCmfxDs4N9-Y0uL-g"},"code":20000,"message":"success"}
2019-09-29 15:29:56,531 INFO response is : {"data":{"refresh":"eyJ0eXAiOiJKV1QiLCJhbGciOiJIUzI1NiJ9.eyJ0b2tlbl90eXBlIjoicmVmcmVzaCIsImV4cCI6MTU2OTgyODU5NiwianRpIjoiMzc3MTgzMWJhNDI3NDhkMzlmMzEyZjQ0OWJhM2MxYTIiLCJ1c2VyX2lkIjoxfQ.0xh2kLh371nGwGxNl7OBpnRcJdqQOPRjSo_9UIie19g","access":"eyJ0eXAiOiJKV1QiLCJhbGciOiJIUzI1NiJ9.eyJ0b2tlbl90eXBlIjoiYWNjZXNzIiwiZXhwIjoxNTY5NzQ1Nzk2LCJqdGkiOiJhOGM1M2ZiMDkyMWY0ZGE4YjA2OGJjYjg5ODU4MTRkMSIsInVzZXJfaWQiOjF9.5BiBb5s0FuRvdtIB44tJbyMTOXMCmfxDs4N9-Y0uL-g"},"code":20000,"message":"success"}
2019-09-29 15:29:56,531 INFO response is : {"data":{"refresh":"eyJ0eXAiOiJKV1QiLCJhbGciOiJIUzI1NiJ9.eyJ0b2tlbl90eXBlIjoicmVmcmVzaCIsImV4cCI6MTU2OTgyODU5NiwianRpIjoiMzc3MTgzMWJhNDI3NDhkMzlmMzEyZjQ0OWJhM2MxYTIiLCJ1c2VyX2lkIjoxfQ.0xh2kLh371nGwGxNl7OBpnRcJdqQOPRjSo_9UIie19g","access":"eyJ0eXAiOiJKV1QiLCJhbGciOiJIUzI1NiJ9.eyJ0b2tlbl90eXBlIjoiYWNjZXNzIiwiZXhwIjoxNTY5NzQ1Nzk2LCJqdGkiOiJhOGM1M2ZiMDkyMWY0ZGE4YjA2OGJjYjg5ODU4MTRkMSIsInVzZXJfaWQiOjF9.5BiBb5s0FuRvdtIB44tJbyMTOXMCmfxDs4N9-Y0uL-g"},"code":20000,"message":"success"}
2019-09-29 15:29:56,531 INFO response is : {"data":{"refresh":"eyJ0eXAiOiJKV1QiLCJhbGciOiJIUzI1NiJ9.eyJ0b2tlbl90eXBlIjoicmVmcmVzaCIsImV4cCI6MTU2OTgyODU5NiwianRpIjoiMzc3MTgzMWJhNDI3NDhkMzlmMzEyZjQ0OWJhM2MxYTIiLCJ1c2VyX2lkIjoxfQ.0xh2kLh371nGwGxNl7OBpnRcJdqQOPRjSo_9UIie19g","access":"eyJ0eXAiOiJKV1QiLCJhbGciOiJIUzI1NiJ9.eyJ0b2tlbl90eXBlIjoiYWNjZXNzIiwiZXhwIjoxNTY5NzQ1Nzk2LCJqdGkiOiJhOGM1M2ZiMDkyMWY0ZGE4YjA2OGJjYjg5ODU4MTRkMSIsInVzZXJfaWQiOjF9.5BiBb5s0FuRvdtIB44tJbyMTOXMCmfxDs4N9-Y0uL-g"},"code":20000,"message":"success"}
2019-09-29 15:29:56,531 INFO response is : {"data":{"refresh":"eyJ0eXAiOiJKV1QiLCJhbGciOiJIUzI1NiJ9.eyJ0b2tlbl90eXBlIjoicmVmcmVzaCIsImV4cCI6MTU2OTgyODU5NiwianRpIjoiMzc3MTgzMWJhNDI3NDhkMzlmMzEyZjQ0OWJhM2MxYTIiLCJ1c2VyX2lkIjoxfQ.0xh2kLh371nGwGxNl7OBpnRcJdqQOPRjSo_9UIie19g","access":"eyJ0eXAiOiJKV1QiLCJhbGciOiJIUzI1NiJ9.eyJ0b2tlbl90eXBlIjoiYWNjZXNzIiwiZXhwIjoxNTY5NzQ1Nzk2LCJqdGkiOiJhOGM1M2ZiMDkyMWY0ZGE4YjA2OGJjYjg5ODU4MTRkMSIsInVzZXJfaWQiOjF9.5BiBb5s0FuRvdtIB44tJbyMTOXMCmfxDs4N9-Y0uL-g"},"code":20000,"message":"success"}
2019-09-29 15:29:56,532 INFO <Response [200]>
2019-09-29 15:29:56,532 INFO <Response [200]>
2019-09-29 15:29:56,532 INFO <Response [200]>
2019-09-29 15:29:56,532 INFO <Response [200]>
2019-09-29 15:29:56,532 INFO <Response [200]>
2019-09-29 15:29:56,532 INFO <Response [200]>
2019-09-29 15:29:56,532 INFO <Response [200]>
2019-09-29 15:29:56,532 INFO <Response [200]>
2019-09-29 15:29:56,532 INFO <Response [200]>
2019-09-29 15:29:56,533 INFO in login！
2019-09-29 15:29:56,533 INFO in login！
2019-09-29 15:29:56,533 INFO in login！
2019-09-29 15:29:56,533 INFO in login！
2019-09-29 15:29:56,533 INFO in login！
2019-09-29 15:29:56,533 INFO in login！
2019-09-29 15:29:56,533 INFO in login！
2019-09-29 15:29:56,533 INFO in login！
2019-09-29 15:29:56,533 INFO in login！
2019-09-29 15:29:56,533 INFO in login！
2019-09-29 15:29:57,061 INFO response is : <Response [200]>
2019-09-29 15:29:57,061 INFO response is : <Response [200]>
2019-09-29 15:29:57,061 INFO response is : <Response [200]>
2019-09-29 15:29:57,061 INFO response is : <Response [200]>
2019-09-29 15:29:57,061 INFO response is : <Response [200]>
2019-09-29 15:29:57,061 INFO response is : <Response [200]>
2019-09-29 15:29:57,061 INFO response is : <Response [200]>
2019-09-29 15:29:57,061 INFO response is : <Response [200]>
2019-09-29 15:29:57,061 INFO response is : <Response [200]>
2019-09-29 15:29:57,061 INFO response is : <Response [200]>
2019-09-29 15:29:57,061 INFO response is : <Response [200]>
2019-09-29 15:29:57,062 INFO response is : {"data":{"refresh":"eyJ0eXAiOiJKV1QiLCJhbGciOiJIUzI1NiJ9.eyJ0b2tlbl90eXBlIjoicmVmcmVzaCIsImV4cCI6MTU2OTgyODU5NywianRpIjoiYmQzYjg5MGU3OWNjNDUzMDkyMGQ4NzIxNzE0MTY2MDYiLCJ1c2VyX2lkIjoxfQ.c3jbMD3iCrcV_K11pvpasZ6C8Qzt6O7N2vuEZi9wSXQ","access":"eyJ0eXAiOiJKV1QiLCJhbGciOiJIUzI1NiJ9.eyJ0b2tlbl90eXBlIjoiYWNjZXNzIiwiZXhwIjoxNTY5NzQ1Nzk3LCJqdGkiOiI3YmVkMTZlMWI2MTk0ZWU1YjYxNWFkYzBkMThhMWZjZCIsInVzZXJfaWQiOjF9.TQyBTRtUjPb6DgQPGWa0lM74ZKHO4XjehOgL6jX6inY"},"code":20000,"message":"success"}
2019-09-29 15:29:57,062 INFO response is : {"data":{"refresh":"eyJ0eXAiOiJKV1QiLCJhbGciOiJIUzI1NiJ9.eyJ0b2tlbl90eXBlIjoicmVmcmVzaCIsImV4cCI6MTU2OTgyODU5NywianRpIjoiYmQzYjg5MGU3OWNjNDUzMDkyMGQ4NzIxNzE0MTY2MDYiLCJ1c2VyX2lkIjoxfQ.c3jbMD3iCrcV_K11pvpasZ6C8Qzt6O7N2vuEZi9wSXQ","access":"eyJ0eXAiOiJKV1QiLCJhbGciOiJIUzI1NiJ9.eyJ0b2tlbl90eXBlIjoiYWNjZXNzIiwiZXhwIjoxNTY5NzQ1Nzk3LCJqdGkiOiI3YmVkMTZlMWI2MTk0ZWU1YjYxNWFkYzBkMThhMWZjZCIsInVzZXJfaWQiOjF9.TQyBTRtUjPb6DgQPGWa0lM74ZKHO4XjehOgL6jX6inY"},"code":20000,"message":"success"}
2019-09-29 15:29:57,062 INFO response is : {"data":{"refresh":"eyJ0eXAiOiJKV1QiLCJhbGciOiJIUzI1NiJ9.eyJ0b2tlbl90eXBlIjoicmVmcmVzaCIsImV4cCI6MTU2OTgyODU5NywianRpIjoiYmQzYjg5MGU3OWNjNDUzMDkyMGQ4NzIxNzE0MTY2MDYiLCJ1c2VyX2lkIjoxfQ.c3jbMD3iCrcV_K11pvpasZ6C8Qzt6O7N2vuEZi9wSXQ","access":"eyJ0eXAiOiJKV1QiLCJhbGciOiJIUzI1NiJ9.eyJ0b2tlbl90eXBlIjoiYWNjZXNzIiwiZXhwIjoxNTY5NzQ1Nzk3LCJqdGkiOiI3YmVkMTZlMWI2MTk0ZWU1YjYxNWFkYzBkMThhMWZjZCIsInVzZXJfaWQiOjF9.TQyBTRtUjPb6DgQPGWa0lM74ZKHO4XjehOgL6jX6inY"},"code":20000,"message":"success"}
2019-09-29 15:29:57,062 INFO response is : {"data":{"refresh":"eyJ0eXAiOiJKV1QiLCJhbGciOiJIUzI1NiJ9.eyJ0b2tlbl90eXBlIjoicmVmcmVzaCIsImV4cCI6MTU2OTgyODU5NywianRpIjoiYmQzYjg5MGU3OWNjNDUzMDkyMGQ4NzIxNzE0MTY2MDYiLCJ1c2VyX2lkIjoxfQ.c3jbMD3iCrcV_K11pvpasZ6C8Qzt6O7N2vuEZi9wSXQ","access":"eyJ0eXAiOiJKV1QiLCJhbGciOiJIUzI1NiJ9.eyJ0b2tlbl90eXBlIjoiYWNjZXNzIiwiZXhwIjoxNTY5NzQ1Nzk3LCJqdGkiOiI3YmVkMTZlMWI2MTk0ZWU1YjYxNWFkYzBkMThhMWZjZCIsInVzZXJfaWQiOjF9.TQyBTRtUjPb6DgQPGWa0lM74ZKHO4XjehOgL6jX6inY"},"code":20000,"message":"success"}
2019-09-29 15:29:57,062 INFO response is : {"data":{"refresh":"eyJ0eXAiOiJKV1QiLCJhbGciOiJIUzI1NiJ9.eyJ0b2tlbl90eXBlIjoicmVmcmVzaCIsImV4cCI6MTU2OTgyODU5NywianRpIjoiYmQzYjg5MGU3OWNjNDUzMDkyMGQ4NzIxNzE0MTY2MDYiLCJ1c2VyX2lkIjoxfQ.c3jbMD3iCrcV_K11pvpasZ6C8Qzt6O7N2vuEZi9wSXQ","access":"eyJ0eXAiOiJKV1QiLCJhbGciOiJIUzI1NiJ9.eyJ0b2tlbl90eXBlIjoiYWNjZXNzIiwiZXhwIjoxNTY5NzQ1Nzk3LCJqdGkiOiI3YmVkMTZlMWI2MTk0ZWU1YjYxNWFkYzBkMThhMWZjZCIsInVzZXJfaWQiOjF9.TQyBTRtUjPb6DgQPGWa0lM74ZKHO4XjehOgL6jX6inY"},"code":20000,"message":"success"}
2019-09-29 15:29:57,062 INFO response is : {"data":{"refresh":"eyJ0eXAiOiJKV1QiLCJhbGciOiJIUzI1NiJ9.eyJ0b2tlbl90eXBlIjoicmVmcmVzaCIsImV4cCI6MTU2OTgyODU5NywianRpIjoiYmQzYjg5MGU3OWNjNDUzMDkyMGQ4NzIxNzE0MTY2MDYiLCJ1c2VyX2lkIjoxfQ.c3jbMD3iCrcV_K11pvpasZ6C8Qzt6O7N2vuEZi9wSXQ","access":"eyJ0eXAiOiJKV1QiLCJhbGciOiJIUzI1NiJ9.eyJ0b2tlbl90eXBlIjoiYWNjZXNzIiwiZXhwIjoxNTY5NzQ1Nzk3LCJqdGkiOiI3YmVkMTZlMWI2MTk0ZWU1YjYxNWFkYzBkMThhMWZjZCIsInVzZXJfaWQiOjF9.TQyBTRtUjPb6DgQPGWa0lM74ZKHO4XjehOgL6jX6inY"},"code":20000,"message":"success"}
2019-09-29 15:29:57,062 INFO response is : {"data":{"refresh":"eyJ0eXAiOiJKV1QiLCJhbGciOiJIUzI1NiJ9.eyJ0b2tlbl90eXBlIjoicmVmcmVzaCIsImV4cCI6MTU2OTgyODU5NywianRpIjoiYmQzYjg5MGU3OWNjNDUzMDkyMGQ4NzIxNzE0MTY2MDYiLCJ1c2VyX2lkIjoxfQ.c3jbMD3iCrcV_K11pvpasZ6C8Qzt6O7N2vuEZi9wSXQ","access":"eyJ0eXAiOiJKV1QiLCJhbGciOiJIUzI1NiJ9.eyJ0b2tlbl90eXBlIjoiYWNjZXNzIiwiZXhwIjoxNTY5NzQ1Nzk3LCJqdGkiOiI3YmVkMTZlMWI2MTk0ZWU1YjYxNWFkYzBkMThhMWZjZCIsInVzZXJfaWQiOjF9.TQyBTRtUjPb6DgQPGWa0lM74ZKHO4XjehOgL6jX6inY"},"code":20000,"message":"success"}
2019-09-29 15:29:57,062 INFO response is : {"data":{"refresh":"eyJ0eXAiOiJKV1QiLCJhbGciOiJIUzI1NiJ9.eyJ0b2tlbl90eXBlIjoicmVmcmVzaCIsImV4cCI6MTU2OTgyODU5NywianRpIjoiYmQzYjg5MGU3OWNjNDUzMDkyMGQ4NzIxNzE0MTY2MDYiLCJ1c2VyX2lkIjoxfQ.c3jbMD3iCrcV_K11pvpasZ6C8Qzt6O7N2vuEZi9wSXQ","access":"eyJ0eXAiOiJKV1QiLCJhbGciOiJIUzI1NiJ9.eyJ0b2tlbl90eXBlIjoiYWNjZXNzIiwiZXhwIjoxNTY5NzQ1Nzk3LCJqdGkiOiI3YmVkMTZlMWI2MTk0ZWU1YjYxNWFkYzBkMThhMWZjZCIsInVzZXJfaWQiOjF9.TQyBTRtUjPb6DgQPGWa0lM74ZKHO4XjehOgL6jX6inY"},"code":20000,"message":"success"}
2019-09-29 15:29:57,062 INFO response is : {"data":{"refresh":"eyJ0eXAiOiJKV1QiLCJhbGciOiJIUzI1NiJ9.eyJ0b2tlbl90eXBlIjoicmVmcmVzaCIsImV4cCI6MTU2OTgyODU5NywianRpIjoiYmQzYjg5MGU3OWNjNDUzMDkyMGQ4NzIxNzE0MTY2MDYiLCJ1c2VyX2lkIjoxfQ.c3jbMD3iCrcV_K11pvpasZ6C8Qzt6O7N2vuEZi9wSXQ","access":"eyJ0eXAiOiJKV1QiLCJhbGciOiJIUzI1NiJ9.eyJ0b2tlbl90eXBlIjoiYWNjZXNzIiwiZXhwIjoxNTY5NzQ1Nzk3LCJqdGkiOiI3YmVkMTZlMWI2MTk0ZWU1YjYxNWFkYzBkMThhMWZjZCIsInVzZXJfaWQiOjF9.TQyBTRtUjPb6DgQPGWa0lM74ZKHO4XjehOgL6jX6inY"},"code":20000,"message":"success"}
2019-09-29 15:29:57,062 INFO response is : {"data":{"refresh":"eyJ0eXAiOiJKV1QiLCJhbGciOiJIUzI1NiJ9.eyJ0b2tlbl90eXBlIjoicmVmcmVzaCIsImV4cCI6MTU2OTgyODU5NywianRpIjoiYmQzYjg5MGU3OWNjNDUzMDkyMGQ4NzIxNzE0MTY2MDYiLCJ1c2VyX2lkIjoxfQ.c3jbMD3iCrcV_K11pvpasZ6C8Qzt6O7N2vuEZi9wSXQ","access":"eyJ0eXAiOiJKV1QiLCJhbGciOiJIUzI1NiJ9.eyJ0b2tlbl90eXBlIjoiYWNjZXNzIiwiZXhwIjoxNTY5NzQ1Nzk3LCJqdGkiOiI3YmVkMTZlMWI2MTk0ZWU1YjYxNWFkYzBkMThhMWZjZCIsInVzZXJfaWQiOjF9.TQyBTRtUjPb6DgQPGWa0lM74ZKHO4XjehOgL6jX6inY"},"code":20000,"message":"success"}
2019-09-29 15:29:57,062 INFO response is : {"data":{"refresh":"eyJ0eXAiOiJKV1QiLCJhbGciOiJIUzI1NiJ9.eyJ0b2tlbl90eXBlIjoicmVmcmVzaCIsImV4cCI6MTU2OTgyODU5NywianRpIjoiYmQzYjg5MGU3OWNjNDUzMDkyMGQ4NzIxNzE0MTY2MDYiLCJ1c2VyX2lkIjoxfQ.c3jbMD3iCrcV_K11pvpasZ6C8Qzt6O7N2vuEZi9wSXQ","access":"eyJ0eXAiOiJKV1QiLCJhbGciOiJIUzI1NiJ9.eyJ0b2tlbl90eXBlIjoiYWNjZXNzIiwiZXhwIjoxNTY5NzQ1Nzk3LCJqdGkiOiI3YmVkMTZlMWI2MTk0ZWU1YjYxNWFkYzBkMThhMWZjZCIsInVzZXJfaWQiOjF9.TQyBTRtUjPb6DgQPGWa0lM74ZKHO4XjehOgL6jX6inY"},"code":20000,"message":"success"}
2019-09-29 15:29:57,062 INFO response is : {"data":{"refresh":"eyJ0eXAiOiJKV1QiLCJhbGciOiJIUzI1NiJ9.eyJ0b2tlbl90eXBlIjoicmVmcmVzaCIsImV4cCI6MTU2OTgyODU5NywianRpIjoiYmQzYjg5MGU3OWNjNDUzMDkyMGQ4NzIxNzE0MTY2MDYiLCJ1c2VyX2lkIjoxfQ.c3jbMD3iCrcV_K11pvpasZ6C8Qzt6O7N2vuEZi9wSXQ","access":"eyJ0eXAiOiJKV1QiLCJhbGciOiJIUzI1NiJ9.eyJ0b2tlbl90eXBlIjoiYWNjZXNzIiwiZXhwIjoxNTY5NzQ1Nzk3LCJqdGkiOiI3YmVkMTZlMWI2MTk0ZWU1YjYxNWFkYzBkMThhMWZjZCIsInVzZXJfaWQiOjF9.TQyBTRtUjPb6DgQPGWa0lM74ZKHO4XjehOgL6jX6inY"},"code":20000,"message":"success"}
2019-09-29 15:29:57,063 INFO <Response [200]>
2019-09-29 15:29:57,063 INFO <Response [200]>
2019-09-29 15:29:57,063 INFO <Response [200]>
2019-09-29 15:29:57,063 INFO <Response [200]>
2019-09-29 15:29:57,063 INFO <Response [200]>
2019-09-29 15:29:57,063 INFO <Response [200]>
2019-09-29 15:29:57,063 INFO <Response [200]>
2019-09-29 15:29:57,063 INFO <Response [200]>
2019-09-29 15:29:57,063 INFO <Response [200]>
2019-09-29 15:29:57,063 INFO <Response [200]>
2019-09-29 15:29:57,063 INFO <Response [200]>
2019-09-29 15:29:57,063 INFO <Response [200]>
2019-09-29 15:29:57,063 INFO <Response [200]>
2019-09-29 15:30:40,714 INFO 开始执行测试,报告输出模式text
2019-09-29 15:30:41,195 INFO in login！
2019-09-29 15:30:41,195 INFO in login！
2019-09-29 15:30:41,707 INFO response is : <Response [200]>
2019-09-29 15:30:41,707 INFO response is : <Response [200]>
2019-09-29 15:30:41,707 INFO response is : <Response [200]>
2019-09-29 15:30:41,708 INFO response is : {"data":{"refresh":"eyJ0eXAiOiJKV1QiLCJhbGciOiJIUzI1NiJ9.eyJ0b2tlbl90eXBlIjoicmVmcmVzaCIsImV4cCI6MTU2OTgyODY0MSwianRpIjoiMzUxYmZiODM3ZjNjNDVmNWJmMDc0ZmQ1NTFmNWVhZWYiLCJ1c2VyX2lkIjoxfQ.JhQhr0KNAA9pMfTLxk65PA-LggFTC_4TJ-qSY7TwznE","access":"eyJ0eXAiOiJKV1QiLCJhbGciOiJIUzI1NiJ9.eyJ0b2tlbl90eXBlIjoiYWNjZXNzIiwiZXhwIjoxNTY5NzQ1ODQxLCJqdGkiOiJlMTBiOTI2YTU3ZmU0MWNiYmRkZmIwOGFiZTUxNjQ0ZiIsInVzZXJfaWQiOjF9.Hr6LviIsvcZzyYJ8OFwSc2vhWSwIrhlUv-vdOWbqjYU"},"code":20000,"message":"success"}
2019-09-29 15:30:41,708 INFO response is : {"data":{"refresh":"eyJ0eXAiOiJKV1QiLCJhbGciOiJIUzI1NiJ9.eyJ0b2tlbl90eXBlIjoicmVmcmVzaCIsImV4cCI6MTU2OTgyODY0MSwianRpIjoiMzUxYmZiODM3ZjNjNDVmNWJmMDc0ZmQ1NTFmNWVhZWYiLCJ1c2VyX2lkIjoxfQ.JhQhr0KNAA9pMfTLxk65PA-LggFTC_4TJ-qSY7TwznE","access":"eyJ0eXAiOiJKV1QiLCJhbGciOiJIUzI1NiJ9.eyJ0b2tlbl90eXBlIjoiYWNjZXNzIiwiZXhwIjoxNTY5NzQ1ODQxLCJqdGkiOiJlMTBiOTI2YTU3ZmU0MWNiYmRkZmIwOGFiZTUxNjQ0ZiIsInVzZXJfaWQiOjF9.Hr6LviIsvcZzyYJ8OFwSc2vhWSwIrhlUv-vdOWbqjYU"},"code":20000,"message":"success"}
2019-09-29 15:30:41,708 INFO response is : {"data":{"refresh":"eyJ0eXAiOiJKV1QiLCJhbGciOiJIUzI1NiJ9.eyJ0b2tlbl90eXBlIjoicmVmcmVzaCIsImV4cCI6MTU2OTgyODY0MSwianRpIjoiMzUxYmZiODM3ZjNjNDVmNWJmMDc0ZmQ1NTFmNWVhZWYiLCJ1c2VyX2lkIjoxfQ.JhQhr0KNAA9pMfTLxk65PA-LggFTC_4TJ-qSY7TwznE","access":"eyJ0eXAiOiJKV1QiLCJhbGciOiJIUzI1NiJ9.eyJ0b2tlbl90eXBlIjoiYWNjZXNzIiwiZXhwIjoxNTY5NzQ1ODQxLCJqdGkiOiJlMTBiOTI2YTU3ZmU0MWNiYmRkZmIwOGFiZTUxNjQ0ZiIsInVzZXJfaWQiOjF9.Hr6LviIsvcZzyYJ8OFwSc2vhWSwIrhlUv-vdOWbqjYU"},"code":20000,"message":"success"}
2019-09-29 15:30:41,708 INFO response is : {"data":{"refresh":"eyJ0eXAiOiJKV1QiLCJhbGciOiJIUzI1NiJ9.eyJ0b2tlbl90eXBlIjoicmVmcmVzaCIsImV4cCI6MTU2OTgyODY0MSwianRpIjoiMzUxYmZiODM3ZjNjNDVmNWJmMDc0ZmQ1NTFmNWVhZWYiLCJ1c2VyX2lkIjoxfQ.JhQhr0KNAA9pMfTLxk65PA-LggFTC_4TJ-qSY7TwznE","access":"eyJ0eXAiOiJKV1QiLCJhbGciOiJIUzI1NiJ9.eyJ0b2tlbl90eXBlIjoiYWNjZXNzIiwiZXhwIjoxNTY5NzQ1ODQxLCJqdGkiOiJlMTBiOTI2YTU3ZmU0MWNiYmRkZmIwOGFiZTUxNjQ0ZiIsInVzZXJfaWQiOjF9.Hr6LviIsvcZzyYJ8OFwSc2vhWSwIrhlUv-vdOWbqjYU"},"code":20000,"message":"success"}
2019-09-29 15:30:41,709 INFO <Response [200]>
2019-09-29 15:30:41,709 INFO <Response [200]>
2019-09-29 15:30:41,709 INFO <Response [200]>
2019-09-29 15:30:41,709 INFO <Response [200]>
2019-09-29 15:30:41,709 INFO <Response [200]>
2019-09-29 15:30:41,710 INFO in getUserinfo
2019-09-29 15:30:41,710 INFO in getUserinfo
2019-09-29 15:30:41,710 INFO in getUserinfo
2019-09-29 15:30:41,710 INFO in getUserinfo
2019-09-29 15:30:41,710 INFO in getUserinfo
2019-09-29 15:30:41,710 INFO in getUserinfo
2019-09-29 15:30:42,041 INFO response is : <Response [404]>
2019-09-29 15:30:42,041 INFO response is : <Response [404]>
2019-09-29 15:30:42,041 INFO response is : <Response [404]>
2019-09-29 15:30:42,041 INFO response is : <Response [404]>
2019-09-29 15:30:42,041 INFO response is : <Response [404]>
2019-09-29 15:30:42,041 INFO response is : <Response [404]>
2019-09-29 15:30:42,041 INFO response is : <Response [404]>
2019-09-29 15:30:42,042 INFO response is : <!DOCTYPE html>
<html lang="en">
<head>
  <meta http-equiv="content-type" content="text/html; charset=utf-8">
  <title>Page not found at /user</title>
  <meta name="robots" content="NONE,NOARCHIVE">
  <style type="text/css">
    html * { padding:0; margin:0; }
    body * { padding:10px 20px; }
    body * * { padding:0; }
    body { font:small sans-serif; background:#eee; color:#000; }
    body>div { border-bottom:1px solid #ddd; }
    h1 { font-weight:normal; margin-bottom:.4em; }
    h1 span { font-size:60%; color:#666; font-weight:normal; }
    table { border:none; border-collapse: collapse; width:100%; }
    td, th { vertical-align:top; padding:2px 3px; }
    th { width:12em; text-align:right; color:#666; padding-right:.5em; }
    #info { background:#f6f6f6; }
    #info ol { margin: 0.5em 4em; }
    #info ol li { font-family: monospace; }
    #summary { background: #ffc; }
    #explanation { background:#eee; border-bottom: 0px none; }
  </style>
</head>
<body>
  <div id="summary">
    <h1>Page not found <span>(404)</span></h1>
    <table class="meta">
      <tr>
        <th>Request Method:</th>
        <td>GET</td>
      </tr>
      <tr>
        <th>Request URL:</th>
        <td>https://www.agavetest.info:8888/user</td>
      </tr>
      
    </table>
  </div>
  <div id="info">
    
      <p>
      Using the URLconf defined in <code>basepro.urls</code>,
      Django tried these URL patterns, in this order:
      </p>
      <ol>
        
          <li>
            
                
                
            
                ^users/$
                [name='userprofile-list']
            
          </li>
        
          <li>
            
                
                
            
                ^users\.(?P&lt;format&gt;[a-z0-9]+)/?$
                [name='userprofile-list']
            
          </li>
        
          <li>
            
                
                
            
                ^users/(?P&lt;pk&gt;[^/.]+)/$
                [name='userprofile-detail']
            
          </li>
        
          <li>
            
                
                
            
                ^users/(?P&lt;pk&gt;[^/.]+)\.(?P&lt;format&gt;[a-z0-9]+)/?$
                [name='userprofile-detail']
            
          </li>
        
          <li>
            
                
                
            
                ^groups/$
                [name='group-list']
            
          </li>
        
          <li>
            
                
                
            
                ^groups\.(?P&lt;format&gt;[a-z0-9]+)/?$
                [name='group-list']
            
          </li>
        
          <li>
            
                
                
            
                ^groups/(?P&lt;pk&gt;[^/.]+)/$
                [name='group-detail']
            
          </li>
        
          <li>
            
                
                
            
                ^groups/(?P&lt;pk&gt;[^/.]+)\.(?P&lt;format&gt;[a-z0-9]+)/?$
                [name='group-detail']
            
          </li>
        
          <li>
            
                
                
            
                ^checkin/$
                [name='checkinlist-list']
            
          </li>
        
          <li>
            
                
                
            
                ^checkin\.(?P&lt;format&gt;[a-z0-9]+)/?$
                [name='checkinlist-list']
            
          </li>
        
          <li>
            
                
                
            
                ^checkin/(?P&lt;pk&gt;[^/.]+)/$
                [name='checkinlist-detail']
            
          </li>
        
          <li>
            
                
                
            
                ^checkin/(?P&lt;pk&gt;[^/.]+)\.(?P&lt;format&gt;[a-z0-9]+)/?$
                [name='checkinlist-detail']
            
          </li>
        
          <li>
            
                
                
            
                ^$
                [name='api-root']
            
          </li>
        
          <li>
            
                
                
            
                ^\.(?P&lt;format&gt;[a-z0-9]+)/?$
                [name='api-root']
            
          </li>
        
          <li>
            
                api-auth/
                
            
          </li>
        
          <li>
            
                user/login
                [name='token_obtain_pair']
            
          </li>
        
          <li>
            
                user/info
                
            
          </li>
        
          <li>
            
                user/token_refresh
                [name='token_refresh']
            
          </li>
        
          <li>
            
                user/logout
                
            
          </li>
        
          <li>
            
                ^media\/(?P&lt;path&gt;.*)$
                
            
          </li>
        
      </ol>
      <p>
        
        The current path, <code>user</code>, didn't match any of these.
      </p>
    
  </div>

  <div id="explanation">
    <p>
      You're seeing this error because you have <code>DEBUG = True</code> in
      your Django settings file. Change that to <code>False</code>, and Django
      will display a standard 404 page.
    </p>
  </div>
</body>
</html>

2019-09-29 15:30:42,042 INFO response is : <!DOCTYPE html>
<html lang="en">
<head>
  <meta http-equiv="content-type" content="text/html; charset=utf-8">
  <title>Page not found at /user</title>
  <meta name="robots" content="NONE,NOARCHIVE">
  <style type="text/css">
    html * { padding:0; margin:0; }
    body * { padding:10px 20px; }
    body * * { padding:0; }
    body { font:small sans-serif; background:#eee; color:#000; }
    body>div { border-bottom:1px solid #ddd; }
    h1 { font-weight:normal; margin-bottom:.4em; }
    h1 span { font-size:60%; color:#666; font-weight:normal; }
    table { border:none; border-collapse: collapse; width:100%; }
    td, th { vertical-align:top; padding:2px 3px; }
    th { width:12em; text-align:right; color:#666; padding-right:.5em; }
    #info { background:#f6f6f6; }
    #info ol { margin: 0.5em 4em; }
    #info ol li { font-family: monospace; }
    #summary { background: #ffc; }
    #explanation { background:#eee; border-bottom: 0px none; }
  </style>
</head>
<body>
  <div id="summary">
    <h1>Page not found <span>(404)</span></h1>
    <table class="meta">
      <tr>
        <th>Request Method:</th>
        <td>GET</td>
      </tr>
      <tr>
        <th>Request URL:</th>
        <td>https://www.agavetest.info:8888/user</td>
      </tr>
      
    </table>
  </div>
  <div id="info">
    
      <p>
      Using the URLconf defined in <code>basepro.urls</code>,
      Django tried these URL patterns, in this order:
      </p>
      <ol>
        
          <li>
            
                
                
            
                ^users/$
                [name='userprofile-list']
            
          </li>
        
          <li>
            
                
                
            
                ^users\.(?P&lt;format&gt;[a-z0-9]+)/?$
                [name='userprofile-list']
            
          </li>
        
          <li>
            
                
                
            
                ^users/(?P&lt;pk&gt;[^/.]+)/$
                [name='userprofile-detail']
            
          </li>
        
          <li>
            
                
                
            
                ^users/(?P&lt;pk&gt;[^/.]+)\.(?P&lt;format&gt;[a-z0-9]+)/?$
                [name='userprofile-detail']
            
          </li>
        
          <li>
            
                
                
            
                ^groups/$
                [name='group-list']
            
          </li>
        
          <li>
            
                
                
            
                ^groups\.(?P&lt;format&gt;[a-z0-9]+)/?$
                [name='group-list']
            
          </li>
        
          <li>
            
                
                
            
                ^groups/(?P&lt;pk&gt;[^/.]+)/$
                [name='group-detail']
            
          </li>
        
          <li>
            
                
                
            
                ^groups/(?P&lt;pk&gt;[^/.]+)\.(?P&lt;format&gt;[a-z0-9]+)/?$
                [name='group-detail']
            
          </li>
        
          <li>
            
                
                
            
                ^checkin/$
                [name='checkinlist-list']
            
          </li>
        
          <li>
            
                
                
            
                ^checkin\.(?P&lt;format&gt;[a-z0-9]+)/?$
                [name='checkinlist-list']
            
          </li>
        
          <li>
            
                
                
            
                ^checkin/(?P&lt;pk&gt;[^/.]+)/$
                [name='checkinlist-detail']
            
          </li>
        
          <li>
            
                
                
            
                ^checkin/(?P&lt;pk&gt;[^/.]+)\.(?P&lt;format&gt;[a-z0-9]+)/?$
                [name='checkinlist-detail']
            
          </li>
        
          <li>
            
                
                
            
                ^$
                [name='api-root']
            
          </li>
        
          <li>
            
                
                
            
                ^\.(?P&lt;format&gt;[a-z0-9]+)/?$
                [name='api-root']
            
          </li>
        
          <li>
            
                api-auth/
                
            
          </li>
        
          <li>
            
                user/login
                [name='token_obtain_pair']
            
          </li>
        
          <li>
            
                user/info
                
            
          </li>
        
          <li>
            
                user/token_refresh
                [name='token_refresh']
            
          </li>
        
          <li>
            
                user/logout
                
            
          </li>
        
          <li>
            
                ^media\/(?P&lt;path&gt;.*)$
                
            
          </li>
        
      </ol>
      <p>
        
        The current path, <code>user</code>, didn't match any of these.
      </p>
    
  </div>

  <div id="explanation">
    <p>
      You're seeing this error because you have <code>DEBUG = True</code> in
      your Django settings file. Change that to <code>False</code>, and Django
      will display a standard 404 page.
    </p>
  </div>
</body>
</html>

2019-09-29 15:30:42,042 INFO response is : <!DOCTYPE html>
<html lang="en">
<head>
  <meta http-equiv="content-type" content="text/html; charset=utf-8">
  <title>Page not found at /user</title>
  <meta name="robots" content="NONE,NOARCHIVE">
  <style type="text/css">
    html * { padding:0; margin:0; }
    body * { padding:10px 20px; }
    body * * { padding:0; }
    body { font:small sans-serif; background:#eee; color:#000; }
    body>div { border-bottom:1px solid #ddd; }
    h1 { font-weight:normal; margin-bottom:.4em; }
    h1 span { font-size:60%; color:#666; font-weight:normal; }
    table { border:none; border-collapse: collapse; width:100%; }
    td, th { vertical-align:top; padding:2px 3px; }
    th { width:12em; text-align:right; color:#666; padding-right:.5em; }
    #info { background:#f6f6f6; }
    #info ol { margin: 0.5em 4em; }
    #info ol li { font-family: monospace; }
    #summary { background: #ffc; }
    #explanation { background:#eee; border-bottom: 0px none; }
  </style>
</head>
<body>
  <div id="summary">
    <h1>Page not found <span>(404)</span></h1>
    <table class="meta">
      <tr>
        <th>Request Method:</th>
        <td>GET</td>
      </tr>
      <tr>
        <th>Request URL:</th>
        <td>https://www.agavetest.info:8888/user</td>
      </tr>
      
    </table>
  </div>
  <div id="info">
    
      <p>
      Using the URLconf defined in <code>basepro.urls</code>,
      Django tried these URL patterns, in this order:
      </p>
      <ol>
        
          <li>
            
                
                
            
                ^users/$
                [name='userprofile-list']
            
          </li>
        
          <li>
            
                
                
            
                ^users\.(?P&lt;format&gt;[a-z0-9]+)/?$
                [name='userprofile-list']
            
          </li>
        
          <li>
            
                
                
            
                ^users/(?P&lt;pk&gt;[^/.]+)/$
                [name='userprofile-detail']
            
          </li>
        
          <li>
            
                
                
            
                ^users/(?P&lt;pk&gt;[^/.]+)\.(?P&lt;format&gt;[a-z0-9]+)/?$
                [name='userprofile-detail']
            
          </li>
        
          <li>
            
                
                
            
                ^groups/$
                [name='group-list']
            
          </li>
        
          <li>
            
                
                
            
                ^groups\.(?P&lt;format&gt;[a-z0-9]+)/?$
                [name='group-list']
            
          </li>
        
          <li>
            
                
                
            
                ^groups/(?P&lt;pk&gt;[^/.]+)/$
                [name='group-detail']
            
          </li>
        
          <li>
            
                
                
            
                ^groups/(?P&lt;pk&gt;[^/.]+)\.(?P&lt;format&gt;[a-z0-9]+)/?$
                [name='group-detail']
            
          </li>
        
          <li>
            
                
                
            
                ^checkin/$
                [name='checkinlist-list']
            
          </li>
        
          <li>
            
                
                
            
                ^checkin\.(?P&lt;format&gt;[a-z0-9]+)/?$
                [name='checkinlist-list']
            
          </li>
        
          <li>
            
                
                
            
                ^checkin/(?P&lt;pk&gt;[^/.]+)/$
                [name='checkinlist-detail']
            
          </li>
        
          <li>
            
                
                
            
                ^checkin/(?P&lt;pk&gt;[^/.]+)\.(?P&lt;format&gt;[a-z0-9]+)/?$
                [name='checkinlist-detail']
            
          </li>
        
          <li>
            
                
                
            
                ^$
                [name='api-root']
            
          </li>
        
          <li>
            
                
                
            
                ^\.(?P&lt;format&gt;[a-z0-9]+)/?$
                [name='api-root']
            
          </li>
        
          <li>
            
                api-auth/
                
            
          </li>
        
          <li>
            
                user/login
                [name='token_obtain_pair']
            
          </li>
        
          <li>
            
                user/info
                
            
          </li>
        
          <li>
            
                user/token_refresh
                [name='token_refresh']
            
          </li>
        
          <li>
            
                user/logout
                
            
          </li>
        
          <li>
            
                ^media\/(?P&lt;path&gt;.*)$
                
            
          </li>
        
      </ol>
      <p>
        
        The current path, <code>user</code>, didn't match any of these.
      </p>
    
  </div>

  <div id="explanation">
    <p>
      You're seeing this error because you have <code>DEBUG = True</code> in
      your Django settings file. Change that to <code>False</code>, and Django
      will display a standard 404 page.
    </p>
  </div>
</body>
</html>

2019-09-29 15:30:42,042 INFO response is : <!DOCTYPE html>
<html lang="en">
<head>
  <meta http-equiv="content-type" content="text/html; charset=utf-8">
  <title>Page not found at /user</title>
  <meta name="robots" content="NONE,NOARCHIVE">
  <style type="text/css">
    html * { padding:0; margin:0; }
    body * { padding:10px 20px; }
    body * * { padding:0; }
    body { font:small sans-serif; background:#eee; color:#000; }
    body>div { border-bottom:1px solid #ddd; }
    h1 { font-weight:normal; margin-bottom:.4em; }
    h1 span { font-size:60%; color:#666; font-weight:normal; }
    table { border:none; border-collapse: collapse; width:100%; }
    td, th { vertical-align:top; padding:2px 3px; }
    th { width:12em; text-align:right; color:#666; padding-right:.5em; }
    #info { background:#f6f6f6; }
    #info ol { margin: 0.5em 4em; }
    #info ol li { font-family: monospace; }
    #summary { background: #ffc; }
    #explanation { background:#eee; border-bottom: 0px none; }
  </style>
</head>
<body>
  <div id="summary">
    <h1>Page not found <span>(404)</span></h1>
    <table class="meta">
      <tr>
        <th>Request Method:</th>
        <td>GET</td>
      </tr>
      <tr>
        <th>Request URL:</th>
        <td>https://www.agavetest.info:8888/user</td>
      </tr>
      
    </table>
  </div>
  <div id="info">
    
      <p>
      Using the URLconf defined in <code>basepro.urls</code>,
      Django tried these URL patterns, in this order:
      </p>
      <ol>
        
          <li>
            
                
                
            
                ^users/$
                [name='userprofile-list']
            
          </li>
        
          <li>
            
                
                
            
                ^users\.(?P&lt;format&gt;[a-z0-9]+)/?$
                [name='userprofile-list']
            
          </li>
        
          <li>
            
                
                
            
                ^users/(?P&lt;pk&gt;[^/.]+)/$
                [name='userprofile-detail']
            
          </li>
        
          <li>
            
                
                
            
                ^users/(?P&lt;pk&gt;[^/.]+)\.(?P&lt;format&gt;[a-z0-9]+)/?$
                [name='userprofile-detail']
            
          </li>
        
          <li>
            
                
                
            
                ^groups/$
                [name='group-list']
            
          </li>
        
          <li>
            
                
                
            
                ^groups\.(?P&lt;format&gt;[a-z0-9]+)/?$
                [name='group-list']
            
          </li>
        
          <li>
            
                
                
            
                ^groups/(?P&lt;pk&gt;[^/.]+)/$
                [name='group-detail']
            
          </li>
        
          <li>
            
                
                
            
                ^groups/(?P&lt;pk&gt;[^/.]+)\.(?P&lt;format&gt;[a-z0-9]+)/?$
                [name='group-detail']
            
          </li>
        
          <li>
            
                
                
            
                ^checkin/$
                [name='checkinlist-list']
            
          </li>
        
          <li>
            
                
                
            
                ^checkin\.(?P&lt;format&gt;[a-z0-9]+)/?$
                [name='checkinlist-list']
            
          </li>
        
          <li>
            
                
                
            
                ^checkin/(?P&lt;pk&gt;[^/.]+)/$
                [name='checkinlist-detail']
            
          </li>
        
          <li>
            
                
                
            
                ^checkin/(?P&lt;pk&gt;[^/.]+)\.(?P&lt;format&gt;[a-z0-9]+)/?$
                [name='checkinlist-detail']
            
          </li>
        
          <li>
            
                
                
            
                ^$
                [name='api-root']
            
          </li>
        
          <li>
            
                
                
            
                ^\.(?P&lt;format&gt;[a-z0-9]+)/?$
                [name='api-root']
            
          </li>
        
          <li>
            
                api-auth/
                
            
          </li>
        
          <li>
            
                user/login
                [name='token_obtain_pair']
            
          </li>
        
          <li>
            
                user/info
                
            
          </li>
        
          <li>
            
                user/token_refresh
                [name='token_refresh']
            
          </li>
        
          <li>
            
                user/logout
                
            
          </li>
        
          <li>
            
                ^media\/(?P&lt;path&gt;.*)$
                
            
          </li>
        
      </ol>
      <p>
        
        The current path, <code>user</code>, didn't match any of these.
      </p>
    
  </div>

  <div id="explanation">
    <p>
      You're seeing this error because you have <code>DEBUG = True</code> in
      your Django settings file. Change that to <code>False</code>, and Django
      will display a standard 404 page.
    </p>
  </div>
</body>
</html>

2019-09-29 15:30:42,042 INFO response is : <!DOCTYPE html>
<html lang="en">
<head>
  <meta http-equiv="content-type" content="text/html; charset=utf-8">
  <title>Page not found at /user</title>
  <meta name="robots" content="NONE,NOARCHIVE">
  <style type="text/css">
    html * { padding:0; margin:0; }
    body * { padding:10px 20px; }
    body * * { padding:0; }
    body { font:small sans-serif; background:#eee; color:#000; }
    body>div { border-bottom:1px solid #ddd; }
    h1 { font-weight:normal; margin-bottom:.4em; }
    h1 span { font-size:60%; color:#666; font-weight:normal; }
    table { border:none; border-collapse: collapse; width:100%; }
    td, th { vertical-align:top; padding:2px 3px; }
    th { width:12em; text-align:right; color:#666; padding-right:.5em; }
    #info { background:#f6f6f6; }
    #info ol { margin: 0.5em 4em; }
    #info ol li { font-family: monospace; }
    #summary { background: #ffc; }
    #explanation { background:#eee; border-bottom: 0px none; }
  </style>
</head>
<body>
  <div id="summary">
    <h1>Page not found <span>(404)</span></h1>
    <table class="meta">
      <tr>
        <th>Request Method:</th>
        <td>GET</td>
      </tr>
      <tr>
        <th>Request URL:</th>
        <td>https://www.agavetest.info:8888/user</td>
      </tr>
      
    </table>
  </div>
  <div id="info">
    
      <p>
      Using the URLconf defined in <code>basepro.urls</code>,
      Django tried these URL patterns, in this order:
      </p>
      <ol>
        
          <li>
            
                
                
            
                ^users/$
                [name='userprofile-list']
            
          </li>
        
          <li>
            
                
                
            
                ^users\.(?P&lt;format&gt;[a-z0-9]+)/?$
                [name='userprofile-list']
            
          </li>
        
          <li>
            
                
                
            
                ^users/(?P&lt;pk&gt;[^/.]+)/$
                [name='userprofile-detail']
            
          </li>
        
          <li>
            
                
                
            
                ^users/(?P&lt;pk&gt;[^/.]+)\.(?P&lt;format&gt;[a-z0-9]+)/?$
                [name='userprofile-detail']
            
          </li>
        
          <li>
            
                
                
            
                ^groups/$
                [name='group-list']
            
          </li>
        
          <li>
            
                
                
            
                ^groups\.(?P&lt;format&gt;[a-z0-9]+)/?$
                [name='group-list']
            
          </li>
        
          <li>
            
                
                
            
                ^groups/(?P&lt;pk&gt;[^/.]+)/$
                [name='group-detail']
            
          </li>
        
          <li>
            
                
                
            
                ^groups/(?P&lt;pk&gt;[^/.]+)\.(?P&lt;format&gt;[a-z0-9]+)/?$
                [name='group-detail']
            
          </li>
        
          <li>
            
                
                
            
                ^checkin/$
                [name='checkinlist-list']
            
          </li>
        
          <li>
            
                
                
            
                ^checkin\.(?P&lt;format&gt;[a-z0-9]+)/?$
                [name='checkinlist-list']
            
          </li>
        
          <li>
            
                
                
            
                ^checkin/(?P&lt;pk&gt;[^/.]+)/$
                [name='checkinlist-detail']
            
          </li>
        
          <li>
            
                
                
            
                ^checkin/(?P&lt;pk&gt;[^/.]+)\.(?P&lt;format&gt;[a-z0-9]+)/?$
                [name='checkinlist-detail']
            
          </li>
        
          <li>
            
                
                
            
                ^$
                [name='api-root']
            
          </li>
        
          <li>
            
                
                
            
                ^\.(?P&lt;format&gt;[a-z0-9]+)/?$
                [name='api-root']
            
          </li>
        
          <li>
            
                api-auth/
                
            
          </li>
        
          <li>
            
                user/login
                [name='token_obtain_pair']
            
          </li>
        
          <li>
            
                user/info
                
            
          </li>
        
          <li>
            
                user/token_refresh
                [name='token_refresh']
            
          </li>
        
          <li>
            
                user/logout
                
            
          </li>
        
          <li>
            
                ^media\/(?P&lt;path&gt;.*)$
                
            
          </li>
        
      </ol>
      <p>
        
        The current path, <code>user</code>, didn't match any of these.
      </p>
    
  </div>

  <div id="explanation">
    <p>
      You're seeing this error because you have <code>DEBUG = True</code> in
      your Django settings file. Change that to <code>False</code>, and Django
      will display a standard 404 page.
    </p>
  </div>
</body>
</html>

2019-09-29 15:30:42,042 INFO response is : <!DOCTYPE html>
<html lang="en">
<head>
  <meta http-equiv="content-type" content="text/html; charset=utf-8">
  <title>Page not found at /user</title>
  <meta name="robots" content="NONE,NOARCHIVE">
  <style type="text/css">
    html * { padding:0; margin:0; }
    body * { padding:10px 20px; }
    body * * { padding:0; }
    body { font:small sans-serif; background:#eee; color:#000; }
    body>div { border-bottom:1px solid #ddd; }
    h1 { font-weight:normal; margin-bottom:.4em; }
    h1 span { font-size:60%; color:#666; font-weight:normal; }
    table { border:none; border-collapse: collapse; width:100%; }
    td, th { vertical-align:top; padding:2px 3px; }
    th { width:12em; text-align:right; color:#666; padding-right:.5em; }
    #info { background:#f6f6f6; }
    #info ol { margin: 0.5em 4em; }
    #info ol li { font-family: monospace; }
    #summary { background: #ffc; }
    #explanation { background:#eee; border-bottom: 0px none; }
  </style>
</head>
<body>
  <div id="summary">
    <h1>Page not found <span>(404)</span></h1>
    <table class="meta">
      <tr>
        <th>Request Method:</th>
        <td>GET</td>
      </tr>
      <tr>
        <th>Request URL:</th>
        <td>https://www.agavetest.info:8888/user</td>
      </tr>
      
    </table>
  </div>
  <div id="info">
    
      <p>
      Using the URLconf defined in <code>basepro.urls</code>,
      Django tried these URL patterns, in this order:
      </p>
      <ol>
        
          <li>
            
                
                
            
                ^users/$
                [name='userprofile-list']
            
          </li>
        
          <li>
            
                
                
            
                ^users\.(?P&lt;format&gt;[a-z0-9]+)/?$
                [name='userprofile-list']
            
          </li>
        
          <li>
            
                
                
            
                ^users/(?P&lt;pk&gt;[^/.]+)/$
                [name='userprofile-detail']
            
          </li>
        
          <li>
            
                
                
            
                ^users/(?P&lt;pk&gt;[^/.]+)\.(?P&lt;format&gt;[a-z0-9]+)/?$
                [name='userprofile-detail']
            
          </li>
        
          <li>
            
                
                
            
                ^groups/$
                [name='group-list']
            
          </li>
        
          <li>
            
                
                
            
                ^groups\.(?P&lt;format&gt;[a-z0-9]+)/?$
                [name='group-list']
            
          </li>
        
          <li>
            
                
                
            
                ^groups/(?P&lt;pk&gt;[^/.]+)/$
                [name='group-detail']
            
          </li>
        
          <li>
            
                
                
            
                ^groups/(?P&lt;pk&gt;[^/.]+)\.(?P&lt;format&gt;[a-z0-9]+)/?$
                [name='group-detail']
            
          </li>
        
          <li>
            
                
                
            
                ^checkin/$
                [name='checkinlist-list']
            
          </li>
        
          <li>
            
                
                
            
                ^checkin\.(?P&lt;format&gt;[a-z0-9]+)/?$
                [name='checkinlist-list']
            
          </li>
        
          <li>
            
                
                
            
                ^checkin/(?P&lt;pk&gt;[^/.]+)/$
                [name='checkinlist-detail']
            
          </li>
        
          <li>
            
                
                
            
                ^checkin/(?P&lt;pk&gt;[^/.]+)\.(?P&lt;format&gt;[a-z0-9]+)/?$
                [name='checkinlist-detail']
            
          </li>
        
          <li>
            
                
                
            
                ^$
                [name='api-root']
            
          </li>
        
          <li>
            
                
                
            
                ^\.(?P&lt;format&gt;[a-z0-9]+)/?$
                [name='api-root']
            
          </li>
        
          <li>
            
                api-auth/
                
            
          </li>
        
          <li>
            
                user/login
                [name='token_obtain_pair']
            
          </li>
        
          <li>
            
                user/info
                
            
          </li>
        
          <li>
            
                user/token_refresh
                [name='token_refresh']
            
          </li>
        
          <li>
            
                user/logout
                
            
          </li>
        
          <li>
            
                ^media\/(?P&lt;path&gt;.*)$
                
            
          </li>
        
      </ol>
      <p>
        
        The current path, <code>user</code>, didn't match any of these.
      </p>
    
  </div>

  <div id="explanation">
    <p>
      You're seeing this error because you have <code>DEBUG = True</code> in
      your Django settings file. Change that to <code>False</code>, and Django
      will display a standard 404 page.
    </p>
  </div>
</body>
</html>

2019-09-29 15:30:42,042 INFO response is : <!DOCTYPE html>
<html lang="en">
<head>
  <meta http-equiv="content-type" content="text/html; charset=utf-8">
  <title>Page not found at /user</title>
  <meta name="robots" content="NONE,NOARCHIVE">
  <style type="text/css">
    html * { padding:0; margin:0; }
    body * { padding:10px 20px; }
    body * * { padding:0; }
    body { font:small sans-serif; background:#eee; color:#000; }
    body>div { border-bottom:1px solid #ddd; }
    h1 { font-weight:normal; margin-bottom:.4em; }
    h1 span { font-size:60%; color:#666; font-weight:normal; }
    table { border:none; border-collapse: collapse; width:100%; }
    td, th { vertical-align:top; padding:2px 3px; }
    th { width:12em; text-align:right; color:#666; padding-right:.5em; }
    #info { background:#f6f6f6; }
    #info ol { margin: 0.5em 4em; }
    #info ol li { font-family: monospace; }
    #summary { background: #ffc; }
    #explanation { background:#eee; border-bottom: 0px none; }
  </style>
</head>
<body>
  <div id="summary">
    <h1>Page not found <span>(404)</span></h1>
    <table class="meta">
      <tr>
        <th>Request Method:</th>
        <td>GET</td>
      </tr>
      <tr>
        <th>Request URL:</th>
        <td>https://www.agavetest.info:8888/user</td>
      </tr>
      
    </table>
  </div>
  <div id="info">
    
      <p>
      Using the URLconf defined in <code>basepro.urls</code>,
      Django tried these URL patterns, in this order:
      </p>
      <ol>
        
          <li>
            
                
                
            
                ^users/$
                [name='userprofile-list']
            
          </li>
        
          <li>
            
                
                
            
                ^users\.(?P&lt;format&gt;[a-z0-9]+)/?$
                [name='userprofile-list']
            
          </li>
        
          <li>
            
                
                
            
                ^users/(?P&lt;pk&gt;[^/.]+)/$
                [name='userprofile-detail']
            
          </li>
        
          <li>
            
                
                
            
                ^users/(?P&lt;pk&gt;[^/.]+)\.(?P&lt;format&gt;[a-z0-9]+)/?$
                [name='userprofile-detail']
            
          </li>
        
          <li>
            
                
                
            
                ^groups/$
                [name='group-list']
            
          </li>
        
          <li>
            
                
                
            
                ^groups\.(?P&lt;format&gt;[a-z0-9]+)/?$
                [name='group-list']
            
          </li>
        
          <li>
            
                
                
            
                ^groups/(?P&lt;pk&gt;[^/.]+)/$
                [name='group-detail']
            
          </li>
        
          <li>
            
                
                
            
                ^groups/(?P&lt;pk&gt;[^/.]+)\.(?P&lt;format&gt;[a-z0-9]+)/?$
                [name='group-detail']
            
          </li>
        
          <li>
            
                
                
            
                ^checkin/$
                [name='checkinlist-list']
            
          </li>
        
          <li>
            
                
                
            
                ^checkin\.(?P&lt;format&gt;[a-z0-9]+)/?$
                [name='checkinlist-list']
            
          </li>
        
          <li>
            
                
                
            
                ^checkin/(?P&lt;pk&gt;[^/.]+)/$
                [name='checkinlist-detail']
            
          </li>
        
          <li>
            
                
                
            
                ^checkin/(?P&lt;pk&gt;[^/.]+)\.(?P&lt;format&gt;[a-z0-9]+)/?$
                [name='checkinlist-detail']
            
          </li>
        
          <li>
            
                
                
            
                ^$
                [name='api-root']
            
          </li>
        
          <li>
            
                
                
            
                ^\.(?P&lt;format&gt;[a-z0-9]+)/?$
                [name='api-root']
            
          </li>
        
          <li>
            
                api-auth/
                
            
          </li>
        
          <li>
            
                user/login
                [name='token_obtain_pair']
            
          </li>
        
          <li>
            
                user/info
                
            
          </li>
        
          <li>
            
                user/token_refresh
                [name='token_refresh']
            
          </li>
        
          <li>
            
                user/logout
                
            
          </li>
        
          <li>
            
                ^media\/(?P&lt;path&gt;.*)$
                
            
          </li>
        
      </ol>
      <p>
        
        The current path, <code>user</code>, didn't match any of these.
      </p>
    
  </div>

  <div id="explanation">
    <p>
      You're seeing this error because you have <code>DEBUG = True</code> in
      your Django settings file. Change that to <code>False</code>, and Django
      will display a standard 404 page.
    </p>
  </div>
</body>
</html>

2019-09-29 15:30:42,042 INFO response is : <!DOCTYPE html>
<html lang="en">
<head>
  <meta http-equiv="content-type" content="text/html; charset=utf-8">
  <title>Page not found at /user</title>
  <meta name="robots" content="NONE,NOARCHIVE">
  <style type="text/css">
    html * { padding:0; margin:0; }
    body * { padding:10px 20px; }
    body * * { padding:0; }
    body { font:small sans-serif; background:#eee; color:#000; }
    body>div { border-bottom:1px solid #ddd; }
    h1 { font-weight:normal; margin-bottom:.4em; }
    h1 span { font-size:60%; color:#666; font-weight:normal; }
    table { border:none; border-collapse: collapse; width:100%; }
    td, th { vertical-align:top; padding:2px 3px; }
    th { width:12em; text-align:right; color:#666; padding-right:.5em; }
    #info { background:#f6f6f6; }
    #info ol { margin: 0.5em 4em; }
    #info ol li { font-family: monospace; }
    #summary { background: #ffc; }
    #explanation { background:#eee; border-bottom: 0px none; }
  </style>
</head>
<body>
  <div id="summary">
    <h1>Page not found <span>(404)</span></h1>
    <table class="meta">
      <tr>
        <th>Request Method:</th>
        <td>GET</td>
      </tr>
      <tr>
        <th>Request URL:</th>
        <td>https://www.agavetest.info:8888/user</td>
      </tr>
      
    </table>
  </div>
  <div id="info">
    
      <p>
      Using the URLconf defined in <code>basepro.urls</code>,
      Django tried these URL patterns, in this order:
      </p>
      <ol>
        
          <li>
            
                
                
            
                ^users/$
                [name='userprofile-list']
            
          </li>
        
          <li>
            
                
                
            
                ^users\.(?P&lt;format&gt;[a-z0-9]+)/?$
                [name='userprofile-list']
            
          </li>
        
          <li>
            
                
                
            
                ^users/(?P&lt;pk&gt;[^/.]+)/$
                [name='userprofile-detail']
            
          </li>
        
          <li>
            
                
                
            
                ^users/(?P&lt;pk&gt;[^/.]+)\.(?P&lt;format&gt;[a-z0-9]+)/?$
                [name='userprofile-detail']
            
          </li>
        
          <li>
            
                
                
            
                ^groups/$
                [name='group-list']
            
          </li>
        
          <li>
            
                
                
            
                ^groups\.(?P&lt;format&gt;[a-z0-9]+)/?$
                [name='group-list']
            
          </li>
        
          <li>
            
                
                
            
                ^groups/(?P&lt;pk&gt;[^/.]+)/$
                [name='group-detail']
            
          </li>
        
          <li>
            
                
                
            
                ^groups/(?P&lt;pk&gt;[^/.]+)\.(?P&lt;format&gt;[a-z0-9]+)/?$
                [name='group-detail']
            
          </li>
        
          <li>
            
                
                
            
                ^checkin/$
                [name='checkinlist-list']
            
          </li>
        
          <li>
            
                
                
            
                ^checkin\.(?P&lt;format&gt;[a-z0-9]+)/?$
                [name='checkinlist-list']
            
          </li>
        
          <li>
            
                
                
            
                ^checkin/(?P&lt;pk&gt;[^/.]+)/$
                [name='checkinlist-detail']
            
          </li>
        
          <li>
            
                
                
            
                ^checkin/(?P&lt;pk&gt;[^/.]+)\.(?P&lt;format&gt;[a-z0-9]+)/?$
                [name='checkinlist-detail']
            
          </li>
        
          <li>
            
                
                
            
                ^$
                [name='api-root']
            
          </li>
        
          <li>
            
                
                
            
                ^\.(?P&lt;format&gt;[a-z0-9]+)/?$
                [name='api-root']
            
          </li>
        
          <li>
            
                api-auth/
                
            
          </li>
        
          <li>
            
                user/login
                [name='token_obtain_pair']
            
          </li>
        
          <li>
            
                user/info
                
            
          </li>
        
          <li>
            
                user/token_refresh
                [name='token_refresh']
            
          </li>
        
          <li>
            
                user/logout
                
            
          </li>
        
          <li>
            
                ^media\/(?P&lt;path&gt;.*)$
                
            
          </li>
        
      </ol>
      <p>
        
        The current path, <code>user</code>, didn't match any of these.
      </p>
    
  </div>

  <div id="explanation">
    <p>
      You're seeing this error because you have <code>DEBUG = True</code> in
      your Django settings file. Change that to <code>False</code>, and Django
      will display a standard 404 page.
    </p>
  </div>
</body>
</html>

2019-09-29 15:30:42,062 INFO in login！
2019-09-29 15:30:42,062 INFO in login！
2019-09-29 15:30:42,062 INFO in login！
2019-09-29 15:30:42,062 INFO in login！
2019-09-29 15:30:42,062 INFO in login！
2019-09-29 15:30:42,062 INFO in login！
2019-09-29 15:30:42,062 INFO in login！
2019-09-29 15:30:42,062 INFO in login！
2019-09-29 15:30:42,062 INFO in login！
2019-09-29 15:30:42,618 INFO response is : <Response [200]>
2019-09-29 15:30:42,618 INFO response is : <Response [200]>
2019-09-29 15:30:42,618 INFO response is : <Response [200]>
2019-09-29 15:30:42,618 INFO response is : <Response [200]>
2019-09-29 15:30:42,618 INFO response is : <Response [200]>
2019-09-29 15:30:42,618 INFO response is : <Response [200]>
2019-09-29 15:30:42,618 INFO response is : <Response [200]>
2019-09-29 15:30:42,618 INFO response is : <Response [200]>
2019-09-29 15:30:42,618 INFO response is : <Response [200]>
2019-09-29 15:30:42,618 INFO response is : <Response [200]>
2019-09-29 15:30:42,619 INFO response is : {"data":{"refresh":"eyJ0eXAiOiJKV1QiLCJhbGciOiJIUzI1NiJ9.eyJ0b2tlbl90eXBlIjoicmVmcmVzaCIsImV4cCI6MTU2OTgyODY0MiwianRpIjoiMzMxNWEzY2IwMDA2NDgxNzgzMDNiZjcxMzJjYzdlMmMiLCJ1c2VyX2lkIjoxfQ.azuRcY_bCyIkVaBEInhgjYSScd_nO7l_CCPFOo2lWJw","access":"eyJ0eXAiOiJKV1QiLCJhbGciOiJIUzI1NiJ9.eyJ0b2tlbl90eXBlIjoiYWNjZXNzIiwiZXhwIjoxNTY5NzQ1ODQyLCJqdGkiOiIxMjZkNzM4MDcwN2U0MTI2YWYwNTliZGIwY2ZmYTQ0ZSIsInVzZXJfaWQiOjF9.VSuqB0Cop1twIZFP4hmL4QKebjHcit3SQXPqw8Z0SeY"},"code":20000,"message":"success"}
2019-09-29 15:30:42,619 INFO response is : {"data":{"refresh":"eyJ0eXAiOiJKV1QiLCJhbGciOiJIUzI1NiJ9.eyJ0b2tlbl90eXBlIjoicmVmcmVzaCIsImV4cCI6MTU2OTgyODY0MiwianRpIjoiMzMxNWEzY2IwMDA2NDgxNzgzMDNiZjcxMzJjYzdlMmMiLCJ1c2VyX2lkIjoxfQ.azuRcY_bCyIkVaBEInhgjYSScd_nO7l_CCPFOo2lWJw","access":"eyJ0eXAiOiJKV1QiLCJhbGciOiJIUzI1NiJ9.eyJ0b2tlbl90eXBlIjoiYWNjZXNzIiwiZXhwIjoxNTY5NzQ1ODQyLCJqdGkiOiIxMjZkNzM4MDcwN2U0MTI2YWYwNTliZGIwY2ZmYTQ0ZSIsInVzZXJfaWQiOjF9.VSuqB0Cop1twIZFP4hmL4QKebjHcit3SQXPqw8Z0SeY"},"code":20000,"message":"success"}
2019-09-29 15:30:42,619 INFO response is : {"data":{"refresh":"eyJ0eXAiOiJKV1QiLCJhbGciOiJIUzI1NiJ9.eyJ0b2tlbl90eXBlIjoicmVmcmVzaCIsImV4cCI6MTU2OTgyODY0MiwianRpIjoiMzMxNWEzY2IwMDA2NDgxNzgzMDNiZjcxMzJjYzdlMmMiLCJ1c2VyX2lkIjoxfQ.azuRcY_bCyIkVaBEInhgjYSScd_nO7l_CCPFOo2lWJw","access":"eyJ0eXAiOiJKV1QiLCJhbGciOiJIUzI1NiJ9.eyJ0b2tlbl90eXBlIjoiYWNjZXNzIiwiZXhwIjoxNTY5NzQ1ODQyLCJqdGkiOiIxMjZkNzM4MDcwN2U0MTI2YWYwNTliZGIwY2ZmYTQ0ZSIsInVzZXJfaWQiOjF9.VSuqB0Cop1twIZFP4hmL4QKebjHcit3SQXPqw8Z0SeY"},"code":20000,"message":"success"}
2019-09-29 15:30:42,619 INFO response is : {"data":{"refresh":"eyJ0eXAiOiJKV1QiLCJhbGciOiJIUzI1NiJ9.eyJ0b2tlbl90eXBlIjoicmVmcmVzaCIsImV4cCI6MTU2OTgyODY0MiwianRpIjoiMzMxNWEzY2IwMDA2NDgxNzgzMDNiZjcxMzJjYzdlMmMiLCJ1c2VyX2lkIjoxfQ.azuRcY_bCyIkVaBEInhgjYSScd_nO7l_CCPFOo2lWJw","access":"eyJ0eXAiOiJKV1QiLCJhbGciOiJIUzI1NiJ9.eyJ0b2tlbl90eXBlIjoiYWNjZXNzIiwiZXhwIjoxNTY5NzQ1ODQyLCJqdGkiOiIxMjZkNzM4MDcwN2U0MTI2YWYwNTliZGIwY2ZmYTQ0ZSIsInVzZXJfaWQiOjF9.VSuqB0Cop1twIZFP4hmL4QKebjHcit3SQXPqw8Z0SeY"},"code":20000,"message":"success"}
2019-09-29 15:30:42,619 INFO response is : {"data":{"refresh":"eyJ0eXAiOiJKV1QiLCJhbGciOiJIUzI1NiJ9.eyJ0b2tlbl90eXBlIjoicmVmcmVzaCIsImV4cCI6MTU2OTgyODY0MiwianRpIjoiMzMxNWEzY2IwMDA2NDgxNzgzMDNiZjcxMzJjYzdlMmMiLCJ1c2VyX2lkIjoxfQ.azuRcY_bCyIkVaBEInhgjYSScd_nO7l_CCPFOo2lWJw","access":"eyJ0eXAiOiJKV1QiLCJhbGciOiJIUzI1NiJ9.eyJ0b2tlbl90eXBlIjoiYWNjZXNzIiwiZXhwIjoxNTY5NzQ1ODQyLCJqdGkiOiIxMjZkNzM4MDcwN2U0MTI2YWYwNTliZGIwY2ZmYTQ0ZSIsInVzZXJfaWQiOjF9.VSuqB0Cop1twIZFP4hmL4QKebjHcit3SQXPqw8Z0SeY"},"code":20000,"message":"success"}
2019-09-29 15:30:42,619 INFO response is : {"data":{"refresh":"eyJ0eXAiOiJKV1QiLCJhbGciOiJIUzI1NiJ9.eyJ0b2tlbl90eXBlIjoicmVmcmVzaCIsImV4cCI6MTU2OTgyODY0MiwianRpIjoiMzMxNWEzY2IwMDA2NDgxNzgzMDNiZjcxMzJjYzdlMmMiLCJ1c2VyX2lkIjoxfQ.azuRcY_bCyIkVaBEInhgjYSScd_nO7l_CCPFOo2lWJw","access":"eyJ0eXAiOiJKV1QiLCJhbGciOiJIUzI1NiJ9.eyJ0b2tlbl90eXBlIjoiYWNjZXNzIiwiZXhwIjoxNTY5NzQ1ODQyLCJqdGkiOiIxMjZkNzM4MDcwN2U0MTI2YWYwNTliZGIwY2ZmYTQ0ZSIsInVzZXJfaWQiOjF9.VSuqB0Cop1twIZFP4hmL4QKebjHcit3SQXPqw8Z0SeY"},"code":20000,"message":"success"}
2019-09-29 15:30:42,619 INFO response is : {"data":{"refresh":"eyJ0eXAiOiJKV1QiLCJhbGciOiJIUzI1NiJ9.eyJ0b2tlbl90eXBlIjoicmVmcmVzaCIsImV4cCI6MTU2OTgyODY0MiwianRpIjoiMzMxNWEzY2IwMDA2NDgxNzgzMDNiZjcxMzJjYzdlMmMiLCJ1c2VyX2lkIjoxfQ.azuRcY_bCyIkVaBEInhgjYSScd_nO7l_CCPFOo2lWJw","access":"eyJ0eXAiOiJKV1QiLCJhbGciOiJIUzI1NiJ9.eyJ0b2tlbl90eXBlIjoiYWNjZXNzIiwiZXhwIjoxNTY5NzQ1ODQyLCJqdGkiOiIxMjZkNzM4MDcwN2U0MTI2YWYwNTliZGIwY2ZmYTQ0ZSIsInVzZXJfaWQiOjF9.VSuqB0Cop1twIZFP4hmL4QKebjHcit3SQXPqw8Z0SeY"},"code":20000,"message":"success"}
2019-09-29 15:30:42,619 INFO response is : {"data":{"refresh":"eyJ0eXAiOiJKV1QiLCJhbGciOiJIUzI1NiJ9.eyJ0b2tlbl90eXBlIjoicmVmcmVzaCIsImV4cCI6MTU2OTgyODY0MiwianRpIjoiMzMxNWEzY2IwMDA2NDgxNzgzMDNiZjcxMzJjYzdlMmMiLCJ1c2VyX2lkIjoxfQ.azuRcY_bCyIkVaBEInhgjYSScd_nO7l_CCPFOo2lWJw","access":"eyJ0eXAiOiJKV1QiLCJhbGciOiJIUzI1NiJ9.eyJ0b2tlbl90eXBlIjoiYWNjZXNzIiwiZXhwIjoxNTY5NzQ1ODQyLCJqdGkiOiIxMjZkNzM4MDcwN2U0MTI2YWYwNTliZGIwY2ZmYTQ0ZSIsInVzZXJfaWQiOjF9.VSuqB0Cop1twIZFP4hmL4QKebjHcit3SQXPqw8Z0SeY"},"code":20000,"message":"success"}
2019-09-29 15:30:42,619 INFO response is : {"data":{"refresh":"eyJ0eXAiOiJKV1QiLCJhbGciOiJIUzI1NiJ9.eyJ0b2tlbl90eXBlIjoicmVmcmVzaCIsImV4cCI6MTU2OTgyODY0MiwianRpIjoiMzMxNWEzY2IwMDA2NDgxNzgzMDNiZjcxMzJjYzdlMmMiLCJ1c2VyX2lkIjoxfQ.azuRcY_bCyIkVaBEInhgjYSScd_nO7l_CCPFOo2lWJw","access":"eyJ0eXAiOiJKV1QiLCJhbGciOiJIUzI1NiJ9.eyJ0b2tlbl90eXBlIjoiYWNjZXNzIiwiZXhwIjoxNTY5NzQ1ODQyLCJqdGkiOiIxMjZkNzM4MDcwN2U0MTI2YWYwNTliZGIwY2ZmYTQ0ZSIsInVzZXJfaWQiOjF9.VSuqB0Cop1twIZFP4hmL4QKebjHcit3SQXPqw8Z0SeY"},"code":20000,"message":"success"}
2019-09-29 15:30:42,619 INFO response is : {"data":{"refresh":"eyJ0eXAiOiJKV1QiLCJhbGciOiJIUzI1NiJ9.eyJ0b2tlbl90eXBlIjoicmVmcmVzaCIsImV4cCI6MTU2OTgyODY0MiwianRpIjoiMzMxNWEzY2IwMDA2NDgxNzgzMDNiZjcxMzJjYzdlMmMiLCJ1c2VyX2lkIjoxfQ.azuRcY_bCyIkVaBEInhgjYSScd_nO7l_CCPFOo2lWJw","access":"eyJ0eXAiOiJKV1QiLCJhbGciOiJIUzI1NiJ9.eyJ0b2tlbl90eXBlIjoiYWNjZXNzIiwiZXhwIjoxNTY5NzQ1ODQyLCJqdGkiOiIxMjZkNzM4MDcwN2U0MTI2YWYwNTliZGIwY2ZmYTQ0ZSIsInVzZXJfaWQiOjF9.VSuqB0Cop1twIZFP4hmL4QKebjHcit3SQXPqw8Z0SeY"},"code":20000,"message":"success"}
2019-09-29 15:30:42,619 INFO response is : {"data":{"refresh":"eyJ0eXAiOiJKV1QiLCJhbGciOiJIUzI1NiJ9.eyJ0b2tlbl90eXBlIjoicmVmcmVzaCIsImV4cCI6MTU2OTgyODY0MiwianRpIjoiMzMxNWEzY2IwMDA2NDgxNzgzMDNiZjcxMzJjYzdlMmMiLCJ1c2VyX2lkIjoxfQ.azuRcY_bCyIkVaBEInhgjYSScd_nO7l_CCPFOo2lWJw","access":"eyJ0eXAiOiJKV1QiLCJhbGciOiJIUzI1NiJ9.eyJ0b2tlbl90eXBlIjoiYWNjZXNzIiwiZXhwIjoxNTY5NzQ1ODQyLCJqdGkiOiIxMjZkNzM4MDcwN2U0MTI2YWYwNTliZGIwY2ZmYTQ0ZSIsInVzZXJfaWQiOjF9.VSuqB0Cop1twIZFP4hmL4QKebjHcit3SQXPqw8Z0SeY"},"code":20000,"message":"success"}
2019-09-29 15:30:42,620 INFO <Response [200]>
2019-09-29 15:30:42,620 INFO <Response [200]>
2019-09-29 15:30:42,620 INFO <Response [200]>
2019-09-29 15:30:42,620 INFO <Response [200]>
2019-09-29 15:30:42,620 INFO <Response [200]>
2019-09-29 15:30:42,620 INFO <Response [200]>
2019-09-29 15:30:42,620 INFO <Response [200]>
2019-09-29 15:30:42,620 INFO <Response [200]>
2019-09-29 15:30:42,620 INFO <Response [200]>
2019-09-29 15:30:42,620 INFO <Response [200]>
2019-09-29 15:30:42,620 INFO <Response [200]>
2019-09-29 15:30:42,620 INFO <Response [200]>
2019-09-29 15:30:42,622 INFO in login！
2019-09-29 15:30:42,622 INFO in login！
2019-09-29 15:30:42,622 INFO in login！
2019-09-29 15:30:42,622 INFO in login！
2019-09-29 15:30:42,622 INFO in login！
2019-09-29 15:30:42,622 INFO in login！
2019-09-29 15:30:42,622 INFO in login！
2019-09-29 15:30:42,622 INFO in login！
2019-09-29 15:30:42,622 INFO in login！
2019-09-29 15:30:42,622 INFO in login！
2019-09-29 15:30:42,622 INFO in login！
2019-09-29 15:30:42,622 INFO in login！
2019-09-29 15:30:42,622 INFO in login！
2019-09-29 15:30:43,172 INFO response is : <Response [200]>
2019-09-29 15:30:43,172 INFO response is : <Response [200]>
2019-09-29 15:30:43,172 INFO response is : <Response [200]>
2019-09-29 15:30:43,172 INFO response is : <Response [200]>
2019-09-29 15:30:43,172 INFO response is : <Response [200]>
2019-09-29 15:30:43,172 INFO response is : <Response [200]>
2019-09-29 15:30:43,172 INFO response is : <Response [200]>
2019-09-29 15:30:43,172 INFO response is : <Response [200]>
2019-09-29 15:30:43,172 INFO response is : <Response [200]>
2019-09-29 15:30:43,172 INFO response is : <Response [200]>
2019-09-29 15:30:43,172 INFO response is : <Response [200]>
2019-09-29 15:30:43,172 INFO response is : <Response [200]>
2019-09-29 15:30:43,172 INFO response is : <Response [200]>
2019-09-29 15:30:43,172 INFO response is : <Response [200]>
2019-09-29 15:30:43,174 INFO response is : {"data":{"refresh":"eyJ0eXAiOiJKV1QiLCJhbGciOiJIUzI1NiJ9.eyJ0b2tlbl90eXBlIjoicmVmcmVzaCIsImV4cCI6MTU2OTgyODY0MywianRpIjoiN2EwNGQ3NWViZDhmNDA3Y2IzMzc3ODczMGIyNmVmNGIiLCJ1c2VyX2lkIjoxfQ.vtG_j-Gq9At2B1ALIJFeRRigqYRhOeJGLyHGf9sSqvY","access":"eyJ0eXAiOiJKV1QiLCJhbGciOiJIUzI1NiJ9.eyJ0b2tlbl90eXBlIjoiYWNjZXNzIiwiZXhwIjoxNTY5NzQ1ODQzLCJqdGkiOiJmOWUxMTRiNzMzMDI0YmE5OWQyMWRjNjJjYTc4OWI0NiIsInVzZXJfaWQiOjF9.X9dJUGgqKwieo3yLXJhm-U9RfsvWK0vjtyUx2HRhSRo"},"code":20000,"message":"success"}
2019-09-29 15:30:43,174 INFO response is : {"data":{"refresh":"eyJ0eXAiOiJKV1QiLCJhbGciOiJIUzI1NiJ9.eyJ0b2tlbl90eXBlIjoicmVmcmVzaCIsImV4cCI6MTU2OTgyODY0MywianRpIjoiN2EwNGQ3NWViZDhmNDA3Y2IzMzc3ODczMGIyNmVmNGIiLCJ1c2VyX2lkIjoxfQ.vtG_j-Gq9At2B1ALIJFeRRigqYRhOeJGLyHGf9sSqvY","access":"eyJ0eXAiOiJKV1QiLCJhbGciOiJIUzI1NiJ9.eyJ0b2tlbl90eXBlIjoiYWNjZXNzIiwiZXhwIjoxNTY5NzQ1ODQzLCJqdGkiOiJmOWUxMTRiNzMzMDI0YmE5OWQyMWRjNjJjYTc4OWI0NiIsInVzZXJfaWQiOjF9.X9dJUGgqKwieo3yLXJhm-U9RfsvWK0vjtyUx2HRhSRo"},"code":20000,"message":"success"}
2019-09-29 15:30:43,174 INFO response is : {"data":{"refresh":"eyJ0eXAiOiJKV1QiLCJhbGciOiJIUzI1NiJ9.eyJ0b2tlbl90eXBlIjoicmVmcmVzaCIsImV4cCI6MTU2OTgyODY0MywianRpIjoiN2EwNGQ3NWViZDhmNDA3Y2IzMzc3ODczMGIyNmVmNGIiLCJ1c2VyX2lkIjoxfQ.vtG_j-Gq9At2B1ALIJFeRRigqYRhOeJGLyHGf9sSqvY","access":"eyJ0eXAiOiJKV1QiLCJhbGciOiJIUzI1NiJ9.eyJ0b2tlbl90eXBlIjoiYWNjZXNzIiwiZXhwIjoxNTY5NzQ1ODQzLCJqdGkiOiJmOWUxMTRiNzMzMDI0YmE5OWQyMWRjNjJjYTc4OWI0NiIsInVzZXJfaWQiOjF9.X9dJUGgqKwieo3yLXJhm-U9RfsvWK0vjtyUx2HRhSRo"},"code":20000,"message":"success"}
2019-09-29 15:30:43,174 INFO response is : {"data":{"refresh":"eyJ0eXAiOiJKV1QiLCJhbGciOiJIUzI1NiJ9.eyJ0b2tlbl90eXBlIjoicmVmcmVzaCIsImV4cCI6MTU2OTgyODY0MywianRpIjoiN2EwNGQ3NWViZDhmNDA3Y2IzMzc3ODczMGIyNmVmNGIiLCJ1c2VyX2lkIjoxfQ.vtG_j-Gq9At2B1ALIJFeRRigqYRhOeJGLyHGf9sSqvY","access":"eyJ0eXAiOiJKV1QiLCJhbGciOiJIUzI1NiJ9.eyJ0b2tlbl90eXBlIjoiYWNjZXNzIiwiZXhwIjoxNTY5NzQ1ODQzLCJqdGkiOiJmOWUxMTRiNzMzMDI0YmE5OWQyMWRjNjJjYTc4OWI0NiIsInVzZXJfaWQiOjF9.X9dJUGgqKwieo3yLXJhm-U9RfsvWK0vjtyUx2HRhSRo"},"code":20000,"message":"success"}
2019-09-29 15:30:43,174 INFO response is : {"data":{"refresh":"eyJ0eXAiOiJKV1QiLCJhbGciOiJIUzI1NiJ9.eyJ0b2tlbl90eXBlIjoicmVmcmVzaCIsImV4cCI6MTU2OTgyODY0MywianRpIjoiN2EwNGQ3NWViZDhmNDA3Y2IzMzc3ODczMGIyNmVmNGIiLCJ1c2VyX2lkIjoxfQ.vtG_j-Gq9At2B1ALIJFeRRigqYRhOeJGLyHGf9sSqvY","access":"eyJ0eXAiOiJKV1QiLCJhbGciOiJIUzI1NiJ9.eyJ0b2tlbl90eXBlIjoiYWNjZXNzIiwiZXhwIjoxNTY5NzQ1ODQzLCJqdGkiOiJmOWUxMTRiNzMzMDI0YmE5OWQyMWRjNjJjYTc4OWI0NiIsInVzZXJfaWQiOjF9.X9dJUGgqKwieo3yLXJhm-U9RfsvWK0vjtyUx2HRhSRo"},"code":20000,"message":"success"}
2019-09-29 15:30:43,174 INFO response is : {"data":{"refresh":"eyJ0eXAiOiJKV1QiLCJhbGciOiJIUzI1NiJ9.eyJ0b2tlbl90eXBlIjoicmVmcmVzaCIsImV4cCI6MTU2OTgyODY0MywianRpIjoiN2EwNGQ3NWViZDhmNDA3Y2IzMzc3ODczMGIyNmVmNGIiLCJ1c2VyX2lkIjoxfQ.vtG_j-Gq9At2B1ALIJFeRRigqYRhOeJGLyHGf9sSqvY","access":"eyJ0eXAiOiJKV1QiLCJhbGciOiJIUzI1NiJ9.eyJ0b2tlbl90eXBlIjoiYWNjZXNzIiwiZXhwIjoxNTY5NzQ1ODQzLCJqdGkiOiJmOWUxMTRiNzMzMDI0YmE5OWQyMWRjNjJjYTc4OWI0NiIsInVzZXJfaWQiOjF9.X9dJUGgqKwieo3yLXJhm-U9RfsvWK0vjtyUx2HRhSRo"},"code":20000,"message":"success"}
2019-09-29 15:30:43,174 INFO response is : {"data":{"refresh":"eyJ0eXAiOiJKV1QiLCJhbGciOiJIUzI1NiJ9.eyJ0b2tlbl90eXBlIjoicmVmcmVzaCIsImV4cCI6MTU2OTgyODY0MywianRpIjoiN2EwNGQ3NWViZDhmNDA3Y2IzMzc3ODczMGIyNmVmNGIiLCJ1c2VyX2lkIjoxfQ.vtG_j-Gq9At2B1ALIJFeRRigqYRhOeJGLyHGf9sSqvY","access":"eyJ0eXAiOiJKV1QiLCJhbGciOiJIUzI1NiJ9.eyJ0b2tlbl90eXBlIjoiYWNjZXNzIiwiZXhwIjoxNTY5NzQ1ODQzLCJqdGkiOiJmOWUxMTRiNzMzMDI0YmE5OWQyMWRjNjJjYTc4OWI0NiIsInVzZXJfaWQiOjF9.X9dJUGgqKwieo3yLXJhm-U9RfsvWK0vjtyUx2HRhSRo"},"code":20000,"message":"success"}
2019-09-29 15:30:43,174 INFO response is : {"data":{"refresh":"eyJ0eXAiOiJKV1QiLCJhbGciOiJIUzI1NiJ9.eyJ0b2tlbl90eXBlIjoicmVmcmVzaCIsImV4cCI6MTU2OTgyODY0MywianRpIjoiN2EwNGQ3NWViZDhmNDA3Y2IzMzc3ODczMGIyNmVmNGIiLCJ1c2VyX2lkIjoxfQ.vtG_j-Gq9At2B1ALIJFeRRigqYRhOeJGLyHGf9sSqvY","access":"eyJ0eXAiOiJKV1QiLCJhbGciOiJIUzI1NiJ9.eyJ0b2tlbl90eXBlIjoiYWNjZXNzIiwiZXhwIjoxNTY5NzQ1ODQzLCJqdGkiOiJmOWUxMTRiNzMzMDI0YmE5OWQyMWRjNjJjYTc4OWI0NiIsInVzZXJfaWQiOjF9.X9dJUGgqKwieo3yLXJhm-U9RfsvWK0vjtyUx2HRhSRo"},"code":20000,"message":"success"}
2019-09-29 15:30:43,174 INFO response is : {"data":{"refresh":"eyJ0eXAiOiJKV1QiLCJhbGciOiJIUzI1NiJ9.eyJ0b2tlbl90eXBlIjoicmVmcmVzaCIsImV4cCI6MTU2OTgyODY0MywianRpIjoiN2EwNGQ3NWViZDhmNDA3Y2IzMzc3ODczMGIyNmVmNGIiLCJ1c2VyX2lkIjoxfQ.vtG_j-Gq9At2B1ALIJFeRRigqYRhOeJGLyHGf9sSqvY","access":"eyJ0eXAiOiJKV1QiLCJhbGciOiJIUzI1NiJ9.eyJ0b2tlbl90eXBlIjoiYWNjZXNzIiwiZXhwIjoxNTY5NzQ1ODQzLCJqdGkiOiJmOWUxMTRiNzMzMDI0YmE5OWQyMWRjNjJjYTc4OWI0NiIsInVzZXJfaWQiOjF9.X9dJUGgqKwieo3yLXJhm-U9RfsvWK0vjtyUx2HRhSRo"},"code":20000,"message":"success"}
2019-09-29 15:30:43,174 INFO response is : {"data":{"refresh":"eyJ0eXAiOiJKV1QiLCJhbGciOiJIUzI1NiJ9.eyJ0b2tlbl90eXBlIjoicmVmcmVzaCIsImV4cCI6MTU2OTgyODY0MywianRpIjoiN2EwNGQ3NWViZDhmNDA3Y2IzMzc3ODczMGIyNmVmNGIiLCJ1c2VyX2lkIjoxfQ.vtG_j-Gq9At2B1ALIJFeRRigqYRhOeJGLyHGf9sSqvY","access":"eyJ0eXAiOiJKV1QiLCJhbGciOiJIUzI1NiJ9.eyJ0b2tlbl90eXBlIjoiYWNjZXNzIiwiZXhwIjoxNTY5NzQ1ODQzLCJqdGkiOiJmOWUxMTRiNzMzMDI0YmE5OWQyMWRjNjJjYTc4OWI0NiIsInVzZXJfaWQiOjF9.X9dJUGgqKwieo3yLXJhm-U9RfsvWK0vjtyUx2HRhSRo"},"code":20000,"message":"success"}
2019-09-29 15:30:43,174 INFO response is : {"data":{"refresh":"eyJ0eXAiOiJKV1QiLCJhbGciOiJIUzI1NiJ9.eyJ0b2tlbl90eXBlIjoicmVmcmVzaCIsImV4cCI6MTU2OTgyODY0MywianRpIjoiN2EwNGQ3NWViZDhmNDA3Y2IzMzc3ODczMGIyNmVmNGIiLCJ1c2VyX2lkIjoxfQ.vtG_j-Gq9At2B1ALIJFeRRigqYRhOeJGLyHGf9sSqvY","access":"eyJ0eXAiOiJKV1QiLCJhbGciOiJIUzI1NiJ9.eyJ0b2tlbl90eXBlIjoiYWNjZXNzIiwiZXhwIjoxNTY5NzQ1ODQzLCJqdGkiOiJmOWUxMTRiNzMzMDI0YmE5OWQyMWRjNjJjYTc4OWI0NiIsInVzZXJfaWQiOjF9.X9dJUGgqKwieo3yLXJhm-U9RfsvWK0vjtyUx2HRhSRo"},"code":20000,"message":"success"}
2019-09-29 15:30:43,174 INFO response is : {"data":{"refresh":"eyJ0eXAiOiJKV1QiLCJhbGciOiJIUzI1NiJ9.eyJ0b2tlbl90eXBlIjoicmVmcmVzaCIsImV4cCI6MTU2OTgyODY0MywianRpIjoiN2EwNGQ3NWViZDhmNDA3Y2IzMzc3ODczMGIyNmVmNGIiLCJ1c2VyX2lkIjoxfQ.vtG_j-Gq9At2B1ALIJFeRRigqYRhOeJGLyHGf9sSqvY","access":"eyJ0eXAiOiJKV1QiLCJhbGciOiJIUzI1NiJ9.eyJ0b2tlbl90eXBlIjoiYWNjZXNzIiwiZXhwIjoxNTY5NzQ1ODQzLCJqdGkiOiJmOWUxMTRiNzMzMDI0YmE5OWQyMWRjNjJjYTc4OWI0NiIsInVzZXJfaWQiOjF9.X9dJUGgqKwieo3yLXJhm-U9RfsvWK0vjtyUx2HRhSRo"},"code":20000,"message":"success"}
2019-09-29 15:30:43,174 INFO response is : {"data":{"refresh":"eyJ0eXAiOiJKV1QiLCJhbGciOiJIUzI1NiJ9.eyJ0b2tlbl90eXBlIjoicmVmcmVzaCIsImV4cCI6MTU2OTgyODY0MywianRpIjoiN2EwNGQ3NWViZDhmNDA3Y2IzMzc3ODczMGIyNmVmNGIiLCJ1c2VyX2lkIjoxfQ.vtG_j-Gq9At2B1ALIJFeRRigqYRhOeJGLyHGf9sSqvY","access":"eyJ0eXAiOiJKV1QiLCJhbGciOiJIUzI1NiJ9.eyJ0b2tlbl90eXBlIjoiYWNjZXNzIiwiZXhwIjoxNTY5NzQ1ODQzLCJqdGkiOiJmOWUxMTRiNzMzMDI0YmE5OWQyMWRjNjJjYTc4OWI0NiIsInVzZXJfaWQiOjF9.X9dJUGgqKwieo3yLXJhm-U9RfsvWK0vjtyUx2HRhSRo"},"code":20000,"message":"success"}
2019-09-29 15:30:43,174 INFO response is : {"data":{"refresh":"eyJ0eXAiOiJKV1QiLCJhbGciOiJIUzI1NiJ9.eyJ0b2tlbl90eXBlIjoicmVmcmVzaCIsImV4cCI6MTU2OTgyODY0MywianRpIjoiN2EwNGQ3NWViZDhmNDA3Y2IzMzc3ODczMGIyNmVmNGIiLCJ1c2VyX2lkIjoxfQ.vtG_j-Gq9At2B1ALIJFeRRigqYRhOeJGLyHGf9sSqvY","access":"eyJ0eXAiOiJKV1QiLCJhbGciOiJIUzI1NiJ9.eyJ0b2tlbl90eXBlIjoiYWNjZXNzIiwiZXhwIjoxNTY5NzQ1ODQzLCJqdGkiOiJmOWUxMTRiNzMzMDI0YmE5OWQyMWRjNjJjYTc4OWI0NiIsInVzZXJfaWQiOjF9.X9dJUGgqKwieo3yLXJhm-U9RfsvWK0vjtyUx2HRhSRo"},"code":20000,"message":"success"}
2019-09-29 15:30:43,174 INFO response is : {"data":{"refresh":"eyJ0eXAiOiJKV1QiLCJhbGciOiJIUzI1NiJ9.eyJ0b2tlbl90eXBlIjoicmVmcmVzaCIsImV4cCI6MTU2OTgyODY0MywianRpIjoiN2EwNGQ3NWViZDhmNDA3Y2IzMzc3ODczMGIyNmVmNGIiLCJ1c2VyX2lkIjoxfQ.vtG_j-Gq9At2B1ALIJFeRRigqYRhOeJGLyHGf9sSqvY","access":"eyJ0eXAiOiJKV1QiLCJhbGciOiJIUzI1NiJ9.eyJ0b2tlbl90eXBlIjoiYWNjZXNzIiwiZXhwIjoxNTY5NzQ1ODQzLCJqdGkiOiJmOWUxMTRiNzMzMDI0YmE5OWQyMWRjNjJjYTc4OWI0NiIsInVzZXJfaWQiOjF9.X9dJUGgqKwieo3yLXJhm-U9RfsvWK0vjtyUx2HRhSRo"},"code":20000,"message":"success"}
2019-09-29 15:30:43,175 INFO <Response [200]>
2019-09-29 15:30:43,175 INFO <Response [200]>
2019-09-29 15:30:43,175 INFO <Response [200]>
2019-09-29 15:30:43,175 INFO <Response [200]>
2019-09-29 15:30:43,175 INFO <Response [200]>
2019-09-29 15:30:43,175 INFO <Response [200]>
2019-09-29 15:30:43,175 INFO <Response [200]>
2019-09-29 15:30:43,175 INFO <Response [200]>
2019-09-29 15:30:43,175 INFO <Response [200]>
2019-09-29 15:30:43,175 INFO <Response [200]>
2019-09-29 15:30:43,175 INFO <Response [200]>
2019-09-29 15:30:43,175 INFO <Response [200]>
2019-09-29 15:30:43,175 INFO <Response [200]>
2019-09-29 15:30:43,175 INFO <Response [200]>
2019-09-29 15:30:43,175 INFO <Response [200]>
2019-09-29 15:30:43,175 INFO <Response [200]>
2019-09-29 15:34:03,511 INFO 开始执行测试,报告输出模式text
2019-09-29 15:34:04,011 INFO in login！
2019-09-29 15:34:04,011 INFO in login！
2019-09-29 15:34:04,617 INFO response is : <Response [200]>
2019-09-29 15:34:04,617 INFO response is : <Response [200]>
2019-09-29 15:34:04,617 INFO response is : <Response [200]>
2019-09-29 15:34:04,617 INFO response is : {"data":{"refresh":"eyJ0eXAiOiJKV1QiLCJhbGciOiJIUzI1NiJ9.eyJ0b2tlbl90eXBlIjoicmVmcmVzaCIsImV4cCI6MTU2OTgyODg0NCwianRpIjoiZDU4YjkyZWMwMWQxNDJlM2JiNDZlODBjOGRiMWU2YTkiLCJ1c2VyX2lkIjoxfQ.em7azwmpOx-Av6nVjOS55Cinz7zHAcm97xnqgot0mtQ","access":"eyJ0eXAiOiJKV1QiLCJhbGciOiJIUzI1NiJ9.eyJ0b2tlbl90eXBlIjoiYWNjZXNzIiwiZXhwIjoxNTY5NzQ2MDQ0LCJqdGkiOiIwYzJjMWU5NzcwZjQ0MTNkYWVlYjRmNzIxZGQyNGQ2NCIsInVzZXJfaWQiOjF9.QvnBLWqwv3yc0LoFoUoWQYDRfijMDm-GnMykkfFKZqg"},"code":20000,"message":"success"}
2019-09-29 15:34:04,617 INFO response is : {"data":{"refresh":"eyJ0eXAiOiJKV1QiLCJhbGciOiJIUzI1NiJ9.eyJ0b2tlbl90eXBlIjoicmVmcmVzaCIsImV4cCI6MTU2OTgyODg0NCwianRpIjoiZDU4YjkyZWMwMWQxNDJlM2JiNDZlODBjOGRiMWU2YTkiLCJ1c2VyX2lkIjoxfQ.em7azwmpOx-Av6nVjOS55Cinz7zHAcm97xnqgot0mtQ","access":"eyJ0eXAiOiJKV1QiLCJhbGciOiJIUzI1NiJ9.eyJ0b2tlbl90eXBlIjoiYWNjZXNzIiwiZXhwIjoxNTY5NzQ2MDQ0LCJqdGkiOiIwYzJjMWU5NzcwZjQ0MTNkYWVlYjRmNzIxZGQyNGQ2NCIsInVzZXJfaWQiOjF9.QvnBLWqwv3yc0LoFoUoWQYDRfijMDm-GnMykkfFKZqg"},"code":20000,"message":"success"}
2019-09-29 15:34:04,617 INFO response is : {"data":{"refresh":"eyJ0eXAiOiJKV1QiLCJhbGciOiJIUzI1NiJ9.eyJ0b2tlbl90eXBlIjoicmVmcmVzaCIsImV4cCI6MTU2OTgyODg0NCwianRpIjoiZDU4YjkyZWMwMWQxNDJlM2JiNDZlODBjOGRiMWU2YTkiLCJ1c2VyX2lkIjoxfQ.em7azwmpOx-Av6nVjOS55Cinz7zHAcm97xnqgot0mtQ","access":"eyJ0eXAiOiJKV1QiLCJhbGciOiJIUzI1NiJ9.eyJ0b2tlbl90eXBlIjoiYWNjZXNzIiwiZXhwIjoxNTY5NzQ2MDQ0LCJqdGkiOiIwYzJjMWU5NzcwZjQ0MTNkYWVlYjRmNzIxZGQyNGQ2NCIsInVzZXJfaWQiOjF9.QvnBLWqwv3yc0LoFoUoWQYDRfijMDm-GnMykkfFKZqg"},"code":20000,"message":"success"}
2019-09-29 15:34:04,617 INFO response is : {"data":{"refresh":"eyJ0eXAiOiJKV1QiLCJhbGciOiJIUzI1NiJ9.eyJ0b2tlbl90eXBlIjoicmVmcmVzaCIsImV4cCI6MTU2OTgyODg0NCwianRpIjoiZDU4YjkyZWMwMWQxNDJlM2JiNDZlODBjOGRiMWU2YTkiLCJ1c2VyX2lkIjoxfQ.em7azwmpOx-Av6nVjOS55Cinz7zHAcm97xnqgot0mtQ","access":"eyJ0eXAiOiJKV1QiLCJhbGciOiJIUzI1NiJ9.eyJ0b2tlbl90eXBlIjoiYWNjZXNzIiwiZXhwIjoxNTY5NzQ2MDQ0LCJqdGkiOiIwYzJjMWU5NzcwZjQ0MTNkYWVlYjRmNzIxZGQyNGQ2NCIsInVzZXJfaWQiOjF9.QvnBLWqwv3yc0LoFoUoWQYDRfijMDm-GnMykkfFKZqg"},"code":20000,"message":"success"}
2019-09-29 15:34:04,618 INFO <Response [200]>
2019-09-29 15:34:04,618 INFO <Response [200]>
2019-09-29 15:34:04,618 INFO <Response [200]>
2019-09-29 15:34:04,618 INFO <Response [200]>
2019-09-29 15:34:04,618 INFO <Response [200]>
2019-09-29 15:34:04,620 INFO in login！
2019-09-29 15:34:04,620 INFO in login！
2019-09-29 15:34:04,620 INFO in login！
2019-09-29 15:34:04,620 INFO in login！
2019-09-29 15:34:04,620 INFO in login！
2019-09-29 15:34:04,620 INFO in login！
2019-09-29 15:34:05,200 INFO response is : <Response [200]>
2019-09-29 15:34:05,200 INFO response is : <Response [200]>
2019-09-29 15:34:05,200 INFO response is : <Response [200]>
2019-09-29 15:34:05,200 INFO response is : <Response [200]>
2019-09-29 15:34:05,200 INFO response is : <Response [200]>
2019-09-29 15:34:05,200 INFO response is : <Response [200]>
2019-09-29 15:34:05,200 INFO response is : <Response [200]>
2019-09-29 15:34:05,201 INFO response is : {"data":{"refresh":"eyJ0eXAiOiJKV1QiLCJhbGciOiJIUzI1NiJ9.eyJ0b2tlbl90eXBlIjoicmVmcmVzaCIsImV4cCI6MTU2OTgyODg0NSwianRpIjoiNDQzZDI0ZDNlMzgzNGU3OWE0OGNjMTFhOTI2NjBhODkiLCJ1c2VyX2lkIjoxfQ.1hAR_p5cnKbvIGM8ObgKo_loQEWfMsZE5gSkh22OdlI","access":"eyJ0eXAiOiJKV1QiLCJhbGciOiJIUzI1NiJ9.eyJ0b2tlbl90eXBlIjoiYWNjZXNzIiwiZXhwIjoxNTY5NzQ2MDQ1LCJqdGkiOiJkNzFhODg5N2JjODk0MjRiYjZlNWQyYWMzZGU3OTIwOCIsInVzZXJfaWQiOjF9._HFjz4s-FiCWXS9G2oVOPbjtu4aKvEazE-zicx-P6mI"},"code":20000,"message":"success"}
2019-09-29 15:34:05,201 INFO response is : {"data":{"refresh":"eyJ0eXAiOiJKV1QiLCJhbGciOiJIUzI1NiJ9.eyJ0b2tlbl90eXBlIjoicmVmcmVzaCIsImV4cCI6MTU2OTgyODg0NSwianRpIjoiNDQzZDI0ZDNlMzgzNGU3OWE0OGNjMTFhOTI2NjBhODkiLCJ1c2VyX2lkIjoxfQ.1hAR_p5cnKbvIGM8ObgKo_loQEWfMsZE5gSkh22OdlI","access":"eyJ0eXAiOiJKV1QiLCJhbGciOiJIUzI1NiJ9.eyJ0b2tlbl90eXBlIjoiYWNjZXNzIiwiZXhwIjoxNTY5NzQ2MDQ1LCJqdGkiOiJkNzFhODg5N2JjODk0MjRiYjZlNWQyYWMzZGU3OTIwOCIsInVzZXJfaWQiOjF9._HFjz4s-FiCWXS9G2oVOPbjtu4aKvEazE-zicx-P6mI"},"code":20000,"message":"success"}
2019-09-29 15:34:05,201 INFO response is : {"data":{"refresh":"eyJ0eXAiOiJKV1QiLCJhbGciOiJIUzI1NiJ9.eyJ0b2tlbl90eXBlIjoicmVmcmVzaCIsImV4cCI6MTU2OTgyODg0NSwianRpIjoiNDQzZDI0ZDNlMzgzNGU3OWE0OGNjMTFhOTI2NjBhODkiLCJ1c2VyX2lkIjoxfQ.1hAR_p5cnKbvIGM8ObgKo_loQEWfMsZE5gSkh22OdlI","access":"eyJ0eXAiOiJKV1QiLCJhbGciOiJIUzI1NiJ9.eyJ0b2tlbl90eXBlIjoiYWNjZXNzIiwiZXhwIjoxNTY5NzQ2MDQ1LCJqdGkiOiJkNzFhODg5N2JjODk0MjRiYjZlNWQyYWMzZGU3OTIwOCIsInVzZXJfaWQiOjF9._HFjz4s-FiCWXS9G2oVOPbjtu4aKvEazE-zicx-P6mI"},"code":20000,"message":"success"}
2019-09-29 15:34:05,201 INFO response is : {"data":{"refresh":"eyJ0eXAiOiJKV1QiLCJhbGciOiJIUzI1NiJ9.eyJ0b2tlbl90eXBlIjoicmVmcmVzaCIsImV4cCI6MTU2OTgyODg0NSwianRpIjoiNDQzZDI0ZDNlMzgzNGU3OWE0OGNjMTFhOTI2NjBhODkiLCJ1c2VyX2lkIjoxfQ.1hAR_p5cnKbvIGM8ObgKo_loQEWfMsZE5gSkh22OdlI","access":"eyJ0eXAiOiJKV1QiLCJhbGciOiJIUzI1NiJ9.eyJ0b2tlbl90eXBlIjoiYWNjZXNzIiwiZXhwIjoxNTY5NzQ2MDQ1LCJqdGkiOiJkNzFhODg5N2JjODk0MjRiYjZlNWQyYWMzZGU3OTIwOCIsInVzZXJfaWQiOjF9._HFjz4s-FiCWXS9G2oVOPbjtu4aKvEazE-zicx-P6mI"},"code":20000,"message":"success"}
2019-09-29 15:34:05,201 INFO response is : {"data":{"refresh":"eyJ0eXAiOiJKV1QiLCJhbGciOiJIUzI1NiJ9.eyJ0b2tlbl90eXBlIjoicmVmcmVzaCIsImV4cCI6MTU2OTgyODg0NSwianRpIjoiNDQzZDI0ZDNlMzgzNGU3OWE0OGNjMTFhOTI2NjBhODkiLCJ1c2VyX2lkIjoxfQ.1hAR_p5cnKbvIGM8ObgKo_loQEWfMsZE5gSkh22OdlI","access":"eyJ0eXAiOiJKV1QiLCJhbGciOiJIUzI1NiJ9.eyJ0b2tlbl90eXBlIjoiYWNjZXNzIiwiZXhwIjoxNTY5NzQ2MDQ1LCJqdGkiOiJkNzFhODg5N2JjODk0MjRiYjZlNWQyYWMzZGU3OTIwOCIsInVzZXJfaWQiOjF9._HFjz4s-FiCWXS9G2oVOPbjtu4aKvEazE-zicx-P6mI"},"code":20000,"message":"success"}
2019-09-29 15:34:05,201 INFO response is : {"data":{"refresh":"eyJ0eXAiOiJKV1QiLCJhbGciOiJIUzI1NiJ9.eyJ0b2tlbl90eXBlIjoicmVmcmVzaCIsImV4cCI6MTU2OTgyODg0NSwianRpIjoiNDQzZDI0ZDNlMzgzNGU3OWE0OGNjMTFhOTI2NjBhODkiLCJ1c2VyX2lkIjoxfQ.1hAR_p5cnKbvIGM8ObgKo_loQEWfMsZE5gSkh22OdlI","access":"eyJ0eXAiOiJKV1QiLCJhbGciOiJIUzI1NiJ9.eyJ0b2tlbl90eXBlIjoiYWNjZXNzIiwiZXhwIjoxNTY5NzQ2MDQ1LCJqdGkiOiJkNzFhODg5N2JjODk0MjRiYjZlNWQyYWMzZGU3OTIwOCIsInVzZXJfaWQiOjF9._HFjz4s-FiCWXS9G2oVOPbjtu4aKvEazE-zicx-P6mI"},"code":20000,"message":"success"}
2019-09-29 15:34:05,201 INFO response is : {"data":{"refresh":"eyJ0eXAiOiJKV1QiLCJhbGciOiJIUzI1NiJ9.eyJ0b2tlbl90eXBlIjoicmVmcmVzaCIsImV4cCI6MTU2OTgyODg0NSwianRpIjoiNDQzZDI0ZDNlMzgzNGU3OWE0OGNjMTFhOTI2NjBhODkiLCJ1c2VyX2lkIjoxfQ.1hAR_p5cnKbvIGM8ObgKo_loQEWfMsZE5gSkh22OdlI","access":"eyJ0eXAiOiJKV1QiLCJhbGciOiJIUzI1NiJ9.eyJ0b2tlbl90eXBlIjoiYWNjZXNzIiwiZXhwIjoxNTY5NzQ2MDQ1LCJqdGkiOiJkNzFhODg5N2JjODk0MjRiYjZlNWQyYWMzZGU3OTIwOCIsInVzZXJfaWQiOjF9._HFjz4s-FiCWXS9G2oVOPbjtu4aKvEazE-zicx-P6mI"},"code":20000,"message":"success"}
2019-09-29 15:34:05,201 INFO response is : {"data":{"refresh":"eyJ0eXAiOiJKV1QiLCJhbGciOiJIUzI1NiJ9.eyJ0b2tlbl90eXBlIjoicmVmcmVzaCIsImV4cCI6MTU2OTgyODg0NSwianRpIjoiNDQzZDI0ZDNlMzgzNGU3OWE0OGNjMTFhOTI2NjBhODkiLCJ1c2VyX2lkIjoxfQ.1hAR_p5cnKbvIGM8ObgKo_loQEWfMsZE5gSkh22OdlI","access":"eyJ0eXAiOiJKV1QiLCJhbGciOiJIUzI1NiJ9.eyJ0b2tlbl90eXBlIjoiYWNjZXNzIiwiZXhwIjoxNTY5NzQ2MDQ1LCJqdGkiOiJkNzFhODg5N2JjODk0MjRiYjZlNWQyYWMzZGU3OTIwOCIsInVzZXJfaWQiOjF9._HFjz4s-FiCWXS9G2oVOPbjtu4aKvEazE-zicx-P6mI"},"code":20000,"message":"success"}
2019-09-29 15:34:05,202 INFO <Response [200]>
2019-09-29 15:34:05,202 INFO <Response [200]>
2019-09-29 15:34:05,202 INFO <Response [200]>
2019-09-29 15:34:05,202 INFO <Response [200]>
2019-09-29 15:34:05,202 INFO <Response [200]>
2019-09-29 15:34:05,202 INFO <Response [200]>
2019-09-29 15:34:05,202 INFO <Response [200]>
2019-09-29 15:34:05,202 INFO <Response [200]>
2019-09-29 15:34:05,202 INFO <Response [200]>
2019-09-29 15:34:05,204 INFO in login！
2019-09-29 15:34:05,204 INFO in login！
2019-09-29 15:34:05,204 INFO in login！
2019-09-29 15:34:05,204 INFO in login！
2019-09-29 15:34:05,204 INFO in login！
2019-09-29 15:34:05,204 INFO in login！
2019-09-29 15:34:05,204 INFO in login！
2019-09-29 15:34:05,204 INFO in login！
2019-09-29 15:34:05,204 INFO in login！
2019-09-29 15:34:05,204 INFO in login！
2019-09-29 15:34:05,716 INFO response is : <Response [200]>
2019-09-29 15:34:05,716 INFO response is : <Response [200]>
2019-09-29 15:34:05,716 INFO response is : <Response [200]>
2019-09-29 15:34:05,716 INFO response is : <Response [200]>
2019-09-29 15:34:05,716 INFO response is : <Response [200]>
2019-09-29 15:34:05,716 INFO response is : <Response [200]>
2019-09-29 15:34:05,716 INFO response is : <Response [200]>
2019-09-29 15:34:05,716 INFO response is : <Response [200]>
2019-09-29 15:34:05,716 INFO response is : <Response [200]>
2019-09-29 15:34:05,716 INFO response is : <Response [200]>
2019-09-29 15:34:05,716 INFO response is : <Response [200]>
2019-09-29 15:34:05,718 INFO response is : {"data":{"refresh":"eyJ0eXAiOiJKV1QiLCJhbGciOiJIUzI1NiJ9.eyJ0b2tlbl90eXBlIjoicmVmcmVzaCIsImV4cCI6MTU2OTgyODg0NSwianRpIjoiNmI5ZWRjNTJlMjYyNGVhYTg4YmY3NTM0ZTUyNDA1M2MiLCJ1c2VyX2lkIjoxfQ.nSC8N0oxkugOZ4BJeHYGCw7ejHTWHZxH7hFBJRLOCBY","access":"eyJ0eXAiOiJKV1QiLCJhbGciOiJIUzI1NiJ9.eyJ0b2tlbl90eXBlIjoiYWNjZXNzIiwiZXhwIjoxNTY5NzQ2MDQ1LCJqdGkiOiJkZGFjZDk3YThlMjU0NWU2ODUzMjQ2MzY3ZDAwMDhhOSIsInVzZXJfaWQiOjF9.P_UMpeRH9MwBEu9BuGoiLVPbpxkMq1ywp1PTqegteVM"},"code":20000,"message":"success"}
2019-09-29 15:34:05,718 INFO response is : {"data":{"refresh":"eyJ0eXAiOiJKV1QiLCJhbGciOiJIUzI1NiJ9.eyJ0b2tlbl90eXBlIjoicmVmcmVzaCIsImV4cCI6MTU2OTgyODg0NSwianRpIjoiNmI5ZWRjNTJlMjYyNGVhYTg4YmY3NTM0ZTUyNDA1M2MiLCJ1c2VyX2lkIjoxfQ.nSC8N0oxkugOZ4BJeHYGCw7ejHTWHZxH7hFBJRLOCBY","access":"eyJ0eXAiOiJKV1QiLCJhbGciOiJIUzI1NiJ9.eyJ0b2tlbl90eXBlIjoiYWNjZXNzIiwiZXhwIjoxNTY5NzQ2MDQ1LCJqdGkiOiJkZGFjZDk3YThlMjU0NWU2ODUzMjQ2MzY3ZDAwMDhhOSIsInVzZXJfaWQiOjF9.P_UMpeRH9MwBEu9BuGoiLVPbpxkMq1ywp1PTqegteVM"},"code":20000,"message":"success"}
2019-09-29 15:34:05,718 INFO response is : {"data":{"refresh":"eyJ0eXAiOiJKV1QiLCJhbGciOiJIUzI1NiJ9.eyJ0b2tlbl90eXBlIjoicmVmcmVzaCIsImV4cCI6MTU2OTgyODg0NSwianRpIjoiNmI5ZWRjNTJlMjYyNGVhYTg4YmY3NTM0ZTUyNDA1M2MiLCJ1c2VyX2lkIjoxfQ.nSC8N0oxkugOZ4BJeHYGCw7ejHTWHZxH7hFBJRLOCBY","access":"eyJ0eXAiOiJKV1QiLCJhbGciOiJIUzI1NiJ9.eyJ0b2tlbl90eXBlIjoiYWNjZXNzIiwiZXhwIjoxNTY5NzQ2MDQ1LCJqdGkiOiJkZGFjZDk3YThlMjU0NWU2ODUzMjQ2MzY3ZDAwMDhhOSIsInVzZXJfaWQiOjF9.P_UMpeRH9MwBEu9BuGoiLVPbpxkMq1ywp1PTqegteVM"},"code":20000,"message":"success"}
2019-09-29 15:34:05,718 INFO response is : {"data":{"refresh":"eyJ0eXAiOiJKV1QiLCJhbGciOiJIUzI1NiJ9.eyJ0b2tlbl90eXBlIjoicmVmcmVzaCIsImV4cCI6MTU2OTgyODg0NSwianRpIjoiNmI5ZWRjNTJlMjYyNGVhYTg4YmY3NTM0ZTUyNDA1M2MiLCJ1c2VyX2lkIjoxfQ.nSC8N0oxkugOZ4BJeHYGCw7ejHTWHZxH7hFBJRLOCBY","access":"eyJ0eXAiOiJKV1QiLCJhbGciOiJIUzI1NiJ9.eyJ0b2tlbl90eXBlIjoiYWNjZXNzIiwiZXhwIjoxNTY5NzQ2MDQ1LCJqdGkiOiJkZGFjZDk3YThlMjU0NWU2ODUzMjQ2MzY3ZDAwMDhhOSIsInVzZXJfaWQiOjF9.P_UMpeRH9MwBEu9BuGoiLVPbpxkMq1ywp1PTqegteVM"},"code":20000,"message":"success"}
2019-09-29 15:34:05,718 INFO response is : {"data":{"refresh":"eyJ0eXAiOiJKV1QiLCJhbGciOiJIUzI1NiJ9.eyJ0b2tlbl90eXBlIjoicmVmcmVzaCIsImV4cCI6MTU2OTgyODg0NSwianRpIjoiNmI5ZWRjNTJlMjYyNGVhYTg4YmY3NTM0ZTUyNDA1M2MiLCJ1c2VyX2lkIjoxfQ.nSC8N0oxkugOZ4BJeHYGCw7ejHTWHZxH7hFBJRLOCBY","access":"eyJ0eXAiOiJKV1QiLCJhbGciOiJIUzI1NiJ9.eyJ0b2tlbl90eXBlIjoiYWNjZXNzIiwiZXhwIjoxNTY5NzQ2MDQ1LCJqdGkiOiJkZGFjZDk3YThlMjU0NWU2ODUzMjQ2MzY3ZDAwMDhhOSIsInVzZXJfaWQiOjF9.P_UMpeRH9MwBEu9BuGoiLVPbpxkMq1ywp1PTqegteVM"},"code":20000,"message":"success"}
2019-09-29 15:34:05,718 INFO response is : {"data":{"refresh":"eyJ0eXAiOiJKV1QiLCJhbGciOiJIUzI1NiJ9.eyJ0b2tlbl90eXBlIjoicmVmcmVzaCIsImV4cCI6MTU2OTgyODg0NSwianRpIjoiNmI5ZWRjNTJlMjYyNGVhYTg4YmY3NTM0ZTUyNDA1M2MiLCJ1c2VyX2lkIjoxfQ.nSC8N0oxkugOZ4BJeHYGCw7ejHTWHZxH7hFBJRLOCBY","access":"eyJ0eXAiOiJKV1QiLCJhbGciOiJIUzI1NiJ9.eyJ0b2tlbl90eXBlIjoiYWNjZXNzIiwiZXhwIjoxNTY5NzQ2MDQ1LCJqdGkiOiJkZGFjZDk3YThlMjU0NWU2ODUzMjQ2MzY3ZDAwMDhhOSIsInVzZXJfaWQiOjF9.P_UMpeRH9MwBEu9BuGoiLVPbpxkMq1ywp1PTqegteVM"},"code":20000,"message":"success"}
2019-09-29 15:34:05,718 INFO response is : {"data":{"refresh":"eyJ0eXAiOiJKV1QiLCJhbGciOiJIUzI1NiJ9.eyJ0b2tlbl90eXBlIjoicmVmcmVzaCIsImV4cCI6MTU2OTgyODg0NSwianRpIjoiNmI5ZWRjNTJlMjYyNGVhYTg4YmY3NTM0ZTUyNDA1M2MiLCJ1c2VyX2lkIjoxfQ.nSC8N0oxkugOZ4BJeHYGCw7ejHTWHZxH7hFBJRLOCBY","access":"eyJ0eXAiOiJKV1QiLCJhbGciOiJIUzI1NiJ9.eyJ0b2tlbl90eXBlIjoiYWNjZXNzIiwiZXhwIjoxNTY5NzQ2MDQ1LCJqdGkiOiJkZGFjZDk3YThlMjU0NWU2ODUzMjQ2MzY3ZDAwMDhhOSIsInVzZXJfaWQiOjF9.P_UMpeRH9MwBEu9BuGoiLVPbpxkMq1ywp1PTqegteVM"},"code":20000,"message":"success"}
2019-09-29 15:34:05,718 INFO response is : {"data":{"refresh":"eyJ0eXAiOiJKV1QiLCJhbGciOiJIUzI1NiJ9.eyJ0b2tlbl90eXBlIjoicmVmcmVzaCIsImV4cCI6MTU2OTgyODg0NSwianRpIjoiNmI5ZWRjNTJlMjYyNGVhYTg4YmY3NTM0ZTUyNDA1M2MiLCJ1c2VyX2lkIjoxfQ.nSC8N0oxkugOZ4BJeHYGCw7ejHTWHZxH7hFBJRLOCBY","access":"eyJ0eXAiOiJKV1QiLCJhbGciOiJIUzI1NiJ9.eyJ0b2tlbl90eXBlIjoiYWNjZXNzIiwiZXhwIjoxNTY5NzQ2MDQ1LCJqdGkiOiJkZGFjZDk3YThlMjU0NWU2ODUzMjQ2MzY3ZDAwMDhhOSIsInVzZXJfaWQiOjF9.P_UMpeRH9MwBEu9BuGoiLVPbpxkMq1ywp1PTqegteVM"},"code":20000,"message":"success"}
2019-09-29 15:34:05,718 INFO response is : {"data":{"refresh":"eyJ0eXAiOiJKV1QiLCJhbGciOiJIUzI1NiJ9.eyJ0b2tlbl90eXBlIjoicmVmcmVzaCIsImV4cCI6MTU2OTgyODg0NSwianRpIjoiNmI5ZWRjNTJlMjYyNGVhYTg4YmY3NTM0ZTUyNDA1M2MiLCJ1c2VyX2lkIjoxfQ.nSC8N0oxkugOZ4BJeHYGCw7ejHTWHZxH7hFBJRLOCBY","access":"eyJ0eXAiOiJKV1QiLCJhbGciOiJIUzI1NiJ9.eyJ0b2tlbl90eXBlIjoiYWNjZXNzIiwiZXhwIjoxNTY5NzQ2MDQ1LCJqdGkiOiJkZGFjZDk3YThlMjU0NWU2ODUzMjQ2MzY3ZDAwMDhhOSIsInVzZXJfaWQiOjF9.P_UMpeRH9MwBEu9BuGoiLVPbpxkMq1ywp1PTqegteVM"},"code":20000,"message":"success"}
2019-09-29 15:34:05,718 INFO response is : {"data":{"refresh":"eyJ0eXAiOiJKV1QiLCJhbGciOiJIUzI1NiJ9.eyJ0b2tlbl90eXBlIjoicmVmcmVzaCIsImV4cCI6MTU2OTgyODg0NSwianRpIjoiNmI5ZWRjNTJlMjYyNGVhYTg4YmY3NTM0ZTUyNDA1M2MiLCJ1c2VyX2lkIjoxfQ.nSC8N0oxkugOZ4BJeHYGCw7ejHTWHZxH7hFBJRLOCBY","access":"eyJ0eXAiOiJKV1QiLCJhbGciOiJIUzI1NiJ9.eyJ0b2tlbl90eXBlIjoiYWNjZXNzIiwiZXhwIjoxNTY5NzQ2MDQ1LCJqdGkiOiJkZGFjZDk3YThlMjU0NWU2ODUzMjQ2MzY3ZDAwMDhhOSIsInVzZXJfaWQiOjF9.P_UMpeRH9MwBEu9BuGoiLVPbpxkMq1ywp1PTqegteVM"},"code":20000,"message":"success"}
2019-09-29 15:34:05,718 INFO response is : {"data":{"refresh":"eyJ0eXAiOiJKV1QiLCJhbGciOiJIUzI1NiJ9.eyJ0b2tlbl90eXBlIjoicmVmcmVzaCIsImV4cCI6MTU2OTgyODg0NSwianRpIjoiNmI5ZWRjNTJlMjYyNGVhYTg4YmY3NTM0ZTUyNDA1M2MiLCJ1c2VyX2lkIjoxfQ.nSC8N0oxkugOZ4BJeHYGCw7ejHTWHZxH7hFBJRLOCBY","access":"eyJ0eXAiOiJKV1QiLCJhbGciOiJIUzI1NiJ9.eyJ0b2tlbl90eXBlIjoiYWNjZXNzIiwiZXhwIjoxNTY5NzQ2MDQ1LCJqdGkiOiJkZGFjZDk3YThlMjU0NWU2ODUzMjQ2MzY3ZDAwMDhhOSIsInVzZXJfaWQiOjF9.P_UMpeRH9MwBEu9BuGoiLVPbpxkMq1ywp1PTqegteVM"},"code":20000,"message":"success"}
2019-09-29 15:34:05,718 INFO response is : {"data":{"refresh":"eyJ0eXAiOiJKV1QiLCJhbGciOiJIUzI1NiJ9.eyJ0b2tlbl90eXBlIjoicmVmcmVzaCIsImV4cCI6MTU2OTgyODg0NSwianRpIjoiNmI5ZWRjNTJlMjYyNGVhYTg4YmY3NTM0ZTUyNDA1M2MiLCJ1c2VyX2lkIjoxfQ.nSC8N0oxkugOZ4BJeHYGCw7ejHTWHZxH7hFBJRLOCBY","access":"eyJ0eXAiOiJKV1QiLCJhbGciOiJIUzI1NiJ9.eyJ0b2tlbl90eXBlIjoiYWNjZXNzIiwiZXhwIjoxNTY5NzQ2MDQ1LCJqdGkiOiJkZGFjZDk3YThlMjU0NWU2ODUzMjQ2MzY3ZDAwMDhhOSIsInVzZXJfaWQiOjF9.P_UMpeRH9MwBEu9BuGoiLVPbpxkMq1ywp1PTqegteVM"},"code":20000,"message":"success"}
2019-09-29 15:34:05,719 INFO <Response [200]>
2019-09-29 15:34:05,719 INFO <Response [200]>
2019-09-29 15:34:05,719 INFO <Response [200]>
2019-09-29 15:34:05,719 INFO <Response [200]>
2019-09-29 15:34:05,719 INFO <Response [200]>
2019-09-29 15:34:05,719 INFO <Response [200]>
2019-09-29 15:34:05,719 INFO <Response [200]>
2019-09-29 15:34:05,719 INFO <Response [200]>
2019-09-29 15:34:05,719 INFO <Response [200]>
2019-09-29 15:34:05,719 INFO <Response [200]>
2019-09-29 15:34:05,719 INFO <Response [200]>
2019-09-29 15:34:05,719 INFO <Response [200]>
2019-09-29 15:34:05,719 INFO <Response [200]>
2019-09-29 15:35:01,695 INFO 开始执行测试,报告输出模式text
2019-09-29 15:35:02,289 INFO in login！
2019-09-29 15:35:02,289 INFO in login！
2019-09-29 15:35:03,011 INFO response is : <Response [200]>
2019-09-29 15:35:03,011 INFO response is : <Response [200]>
2019-09-29 15:35:03,011 INFO response is : <Response [200]>
2019-09-29 15:35:03,012 INFO response is : {"data":{"refresh":"eyJ0eXAiOiJKV1QiLCJhbGciOiJIUzI1NiJ9.eyJ0b2tlbl90eXBlIjoicmVmcmVzaCIsImV4cCI6MTU2OTgyODkwMiwianRpIjoiYTUwMDAyMTEwODFjNGUyYmE0NTMwM2YyODBmMzYyODMiLCJ1c2VyX2lkIjoxfQ.vWr4BHSzuKPDkmxQXlVKc2vyRsS6JHgsBx3Vy9hL7QM","access":"eyJ0eXAiOiJKV1QiLCJhbGciOiJIUzI1NiJ9.eyJ0b2tlbl90eXBlIjoiYWNjZXNzIiwiZXhwIjoxNTY5NzQ2MTAyLCJqdGkiOiJmYmJkMTNhYjhhMWM0ZjhiOTZmMDk0ZWUyOGU1NGJlMCIsInVzZXJfaWQiOjF9.XV__qoMbulsgwT_zKNb0r46DZnt7l6VIdSKXRkdpQKY"},"code":20000,"message":"success"}
2019-09-29 15:35:03,012 INFO response is : {"data":{"refresh":"eyJ0eXAiOiJKV1QiLCJhbGciOiJIUzI1NiJ9.eyJ0b2tlbl90eXBlIjoicmVmcmVzaCIsImV4cCI6MTU2OTgyODkwMiwianRpIjoiYTUwMDAyMTEwODFjNGUyYmE0NTMwM2YyODBmMzYyODMiLCJ1c2VyX2lkIjoxfQ.vWr4BHSzuKPDkmxQXlVKc2vyRsS6JHgsBx3Vy9hL7QM","access":"eyJ0eXAiOiJKV1QiLCJhbGciOiJIUzI1NiJ9.eyJ0b2tlbl90eXBlIjoiYWNjZXNzIiwiZXhwIjoxNTY5NzQ2MTAyLCJqdGkiOiJmYmJkMTNhYjhhMWM0ZjhiOTZmMDk0ZWUyOGU1NGJlMCIsInVzZXJfaWQiOjF9.XV__qoMbulsgwT_zKNb0r46DZnt7l6VIdSKXRkdpQKY"},"code":20000,"message":"success"}
2019-09-29 15:35:03,012 INFO response is : {"data":{"refresh":"eyJ0eXAiOiJKV1QiLCJhbGciOiJIUzI1NiJ9.eyJ0b2tlbl90eXBlIjoicmVmcmVzaCIsImV4cCI6MTU2OTgyODkwMiwianRpIjoiYTUwMDAyMTEwODFjNGUyYmE0NTMwM2YyODBmMzYyODMiLCJ1c2VyX2lkIjoxfQ.vWr4BHSzuKPDkmxQXlVKc2vyRsS6JHgsBx3Vy9hL7QM","access":"eyJ0eXAiOiJKV1QiLCJhbGciOiJIUzI1NiJ9.eyJ0b2tlbl90eXBlIjoiYWNjZXNzIiwiZXhwIjoxNTY5NzQ2MTAyLCJqdGkiOiJmYmJkMTNhYjhhMWM0ZjhiOTZmMDk0ZWUyOGU1NGJlMCIsInVzZXJfaWQiOjF9.XV__qoMbulsgwT_zKNb0r46DZnt7l6VIdSKXRkdpQKY"},"code":20000,"message":"success"}
2019-09-29 15:35:03,012 INFO response is : {"data":{"refresh":"eyJ0eXAiOiJKV1QiLCJhbGciOiJIUzI1NiJ9.eyJ0b2tlbl90eXBlIjoicmVmcmVzaCIsImV4cCI6MTU2OTgyODkwMiwianRpIjoiYTUwMDAyMTEwODFjNGUyYmE0NTMwM2YyODBmMzYyODMiLCJ1c2VyX2lkIjoxfQ.vWr4BHSzuKPDkmxQXlVKc2vyRsS6JHgsBx3Vy9hL7QM","access":"eyJ0eXAiOiJKV1QiLCJhbGciOiJIUzI1NiJ9.eyJ0b2tlbl90eXBlIjoiYWNjZXNzIiwiZXhwIjoxNTY5NzQ2MTAyLCJqdGkiOiJmYmJkMTNhYjhhMWM0ZjhiOTZmMDk0ZWUyOGU1NGJlMCIsInVzZXJfaWQiOjF9.XV__qoMbulsgwT_zKNb0r46DZnt7l6VIdSKXRkdpQKY"},"code":20000,"message":"success"}
2019-09-29 15:35:03,013 INFO <Response [200]>
2019-09-29 15:35:03,013 INFO <Response [200]>
2019-09-29 15:35:03,013 INFO <Response [200]>
2019-09-29 15:35:03,013 INFO <Response [200]>
2019-09-29 15:35:03,013 INFO <Response [200]>
2019-09-29 15:35:03,014 INFO in getUserinfo heasers is :{'Content-Type': 'application/json', 'Authorization': 'eyJ0eXAiOiJKV1QiLCJhbGciOiJIUzI1NiJ9.eyJ0b2tlbl90eXBlIjoiYWNjZXNzIiwiZXhwIjoxNTY5NzQ2MTAyLCJqdGkiOiJmYmJkMTNhYjhhMWM0ZjhiOTZmMDk0ZWUyOGU1NGJlMCIsInVzZXJfaWQiOjF9.XV__qoMbulsgwT_zKNb0r46DZnt7l6VIdSKXRkdpQKY'}
2019-09-29 15:35:03,014 INFO in getUserinfo heasers is :{'Content-Type': 'application/json', 'Authorization': 'eyJ0eXAiOiJKV1QiLCJhbGciOiJIUzI1NiJ9.eyJ0b2tlbl90eXBlIjoiYWNjZXNzIiwiZXhwIjoxNTY5NzQ2MTAyLCJqdGkiOiJmYmJkMTNhYjhhMWM0ZjhiOTZmMDk0ZWUyOGU1NGJlMCIsInVzZXJfaWQiOjF9.XV__qoMbulsgwT_zKNb0r46DZnt7l6VIdSKXRkdpQKY'}
2019-09-29 15:35:03,014 INFO in getUserinfo heasers is :{'Content-Type': 'application/json', 'Authorization': 'eyJ0eXAiOiJKV1QiLCJhbGciOiJIUzI1NiJ9.eyJ0b2tlbl90eXBlIjoiYWNjZXNzIiwiZXhwIjoxNTY5NzQ2MTAyLCJqdGkiOiJmYmJkMTNhYjhhMWM0ZjhiOTZmMDk0ZWUyOGU1NGJlMCIsInVzZXJfaWQiOjF9.XV__qoMbulsgwT_zKNb0r46DZnt7l6VIdSKXRkdpQKY'}
2019-09-29 15:35:03,014 INFO in getUserinfo heasers is :{'Content-Type': 'application/json', 'Authorization': 'eyJ0eXAiOiJKV1QiLCJhbGciOiJIUzI1NiJ9.eyJ0b2tlbl90eXBlIjoiYWNjZXNzIiwiZXhwIjoxNTY5NzQ2MTAyLCJqdGkiOiJmYmJkMTNhYjhhMWM0ZjhiOTZmMDk0ZWUyOGU1NGJlMCIsInVzZXJfaWQiOjF9.XV__qoMbulsgwT_zKNb0r46DZnt7l6VIdSKXRkdpQKY'}
2019-09-29 15:35:03,014 INFO in getUserinfo heasers is :{'Content-Type': 'application/json', 'Authorization': 'eyJ0eXAiOiJKV1QiLCJhbGciOiJIUzI1NiJ9.eyJ0b2tlbl90eXBlIjoiYWNjZXNzIiwiZXhwIjoxNTY5NzQ2MTAyLCJqdGkiOiJmYmJkMTNhYjhhMWM0ZjhiOTZmMDk0ZWUyOGU1NGJlMCIsInVzZXJfaWQiOjF9.XV__qoMbulsgwT_zKNb0r46DZnt7l6VIdSKXRkdpQKY'}
2019-09-29 15:35:03,014 INFO in getUserinfo heasers is :{'Content-Type': 'application/json', 'Authorization': 'eyJ0eXAiOiJKV1QiLCJhbGciOiJIUzI1NiJ9.eyJ0b2tlbl90eXBlIjoiYWNjZXNzIiwiZXhwIjoxNTY5NzQ2MTAyLCJqdGkiOiJmYmJkMTNhYjhhMWM0ZjhiOTZmMDk0ZWUyOGU1NGJlMCIsInVzZXJfaWQiOjF9.XV__qoMbulsgwT_zKNb0r46DZnt7l6VIdSKXRkdpQKY'}
2019-09-29 15:35:03,464 INFO response is : <Response [404]>
2019-09-29 15:35:03,464 INFO response is : <Response [404]>
2019-09-29 15:35:03,464 INFO response is : <Response [404]>
2019-09-29 15:35:03,464 INFO response is : <Response [404]>
2019-09-29 15:35:03,464 INFO response is : <Response [404]>
2019-09-29 15:35:03,464 INFO response is : <Response [404]>
2019-09-29 15:35:03,464 INFO response is : <Response [404]>
2019-09-29 15:35:03,465 INFO response is : <!DOCTYPE html>
<html lang="en">
<head>
  <meta http-equiv="content-type" content="text/html; charset=utf-8">
  <title>Page not found at /user</title>
  <meta name="robots" content="NONE,NOARCHIVE">
  <style type="text/css">
    html * { padding:0; margin:0; }
    body * { padding:10px 20px; }
    body * * { padding:0; }
    body { font:small sans-serif; background:#eee; color:#000; }
    body>div { border-bottom:1px solid #ddd; }
    h1 { font-weight:normal; margin-bottom:.4em; }
    h1 span { font-size:60%; color:#666; font-weight:normal; }
    table { border:none; border-collapse: collapse; width:100%; }
    td, th { vertical-align:top; padding:2px 3px; }
    th { width:12em; text-align:right; color:#666; padding-right:.5em; }
    #info { background:#f6f6f6; }
    #info ol { margin: 0.5em 4em; }
    #info ol li { font-family: monospace; }
    #summary { background: #ffc; }
    #explanation { background:#eee; border-bottom: 0px none; }
  </style>
</head>
<body>
  <div id="summary">
    <h1>Page not found <span>(404)</span></h1>
    <table class="meta">
      <tr>
        <th>Request Method:</th>
        <td>GET</td>
      </tr>
      <tr>
        <th>Request URL:</th>
        <td>https://www.agavetest.info:8888/user</td>
      </tr>
      
    </table>
  </div>
  <div id="info">
    
      <p>
      Using the URLconf defined in <code>basepro.urls</code>,
      Django tried these URL patterns, in this order:
      </p>
      <ol>
        
          <li>
            
                
                
            
                ^users/$
                [name='userprofile-list']
            
          </li>
        
          <li>
            
                
                
            
                ^users\.(?P&lt;format&gt;[a-z0-9]+)/?$
                [name='userprofile-list']
            
          </li>
        
          <li>
            
                
                
            
                ^users/(?P&lt;pk&gt;[^/.]+)/$
                [name='userprofile-detail']
            
          </li>
        
          <li>
            
                
                
            
                ^users/(?P&lt;pk&gt;[^/.]+)\.(?P&lt;format&gt;[a-z0-9]+)/?$
                [name='userprofile-detail']
            
          </li>
        
          <li>
            
                
                
            
                ^groups/$
                [name='group-list']
            
          </li>
        
          <li>
            
                
                
            
                ^groups\.(?P&lt;format&gt;[a-z0-9]+)/?$
                [name='group-list']
            
          </li>
        
          <li>
            
                
                
            
                ^groups/(?P&lt;pk&gt;[^/.]+)/$
                [name='group-detail']
            
          </li>
        
          <li>
            
                
                
            
                ^groups/(?P&lt;pk&gt;[^/.]+)\.(?P&lt;format&gt;[a-z0-9]+)/?$
                [name='group-detail']
            
          </li>
        
          <li>
            
                
                
            
                ^checkin/$
                [name='checkinlist-list']
            
          </li>
        
          <li>
            
                
                
            
                ^checkin\.(?P&lt;format&gt;[a-z0-9]+)/?$
                [name='checkinlist-list']
            
          </li>
        
          <li>
            
                
                
            
                ^checkin/(?P&lt;pk&gt;[^/.]+)/$
                [name='checkinlist-detail']
            
          </li>
        
          <li>
            
                
                
            
                ^checkin/(?P&lt;pk&gt;[^/.]+)\.(?P&lt;format&gt;[a-z0-9]+)/?$
                [name='checkinlist-detail']
            
          </li>
        
          <li>
            
                
                
            
                ^$
                [name='api-root']
            
          </li>
        
          <li>
            
                
                
            
                ^\.(?P&lt;format&gt;[a-z0-9]+)/?$
                [name='api-root']
            
          </li>
        
          <li>
            
                api-auth/
                
            
          </li>
        
          <li>
            
                user/login
                [name='token_obtain_pair']
            
          </li>
        
          <li>
            
                user/info
                
            
          </li>
        
          <li>
            
                user/token_refresh
                [name='token_refresh']
            
          </li>
        
          <li>
            
                user/logout
                
            
          </li>
        
          <li>
            
                ^media\/(?P&lt;path&gt;.*)$
                
            
          </li>
        
      </ol>
      <p>
        
        The current path, <code>user</code>, didn't match any of these.
      </p>
    
  </div>

  <div id="explanation">
    <p>
      You're seeing this error because you have <code>DEBUG = True</code> in
      your Django settings file. Change that to <code>False</code>, and Django
      will display a standard 404 page.
    </p>
  </div>
</body>
</html>

2019-09-29 15:35:03,465 INFO response is : <!DOCTYPE html>
<html lang="en">
<head>
  <meta http-equiv="content-type" content="text/html; charset=utf-8">
  <title>Page not found at /user</title>
  <meta name="robots" content="NONE,NOARCHIVE">
  <style type="text/css">
    html * { padding:0; margin:0; }
    body * { padding:10px 20px; }
    body * * { padding:0; }
    body { font:small sans-serif; background:#eee; color:#000; }
    body>div { border-bottom:1px solid #ddd; }
    h1 { font-weight:normal; margin-bottom:.4em; }
    h1 span { font-size:60%; color:#666; font-weight:normal; }
    table { border:none; border-collapse: collapse; width:100%; }
    td, th { vertical-align:top; padding:2px 3px; }
    th { width:12em; text-align:right; color:#666; padding-right:.5em; }
    #info { background:#f6f6f6; }
    #info ol { margin: 0.5em 4em; }
    #info ol li { font-family: monospace; }
    #summary { background: #ffc; }
    #explanation { background:#eee; border-bottom: 0px none; }
  </style>
</head>
<body>
  <div id="summary">
    <h1>Page not found <span>(404)</span></h1>
    <table class="meta">
      <tr>
        <th>Request Method:</th>
        <td>GET</td>
      </tr>
      <tr>
        <th>Request URL:</th>
        <td>https://www.agavetest.info:8888/user</td>
      </tr>
      
    </table>
  </div>
  <div id="info">
    
      <p>
      Using the URLconf defined in <code>basepro.urls</code>,
      Django tried these URL patterns, in this order:
      </p>
      <ol>
        
          <li>
            
                
                
            
                ^users/$
                [name='userprofile-list']
            
          </li>
        
          <li>
            
                
                
            
                ^users\.(?P&lt;format&gt;[a-z0-9]+)/?$
                [name='userprofile-list']
            
          </li>
        
          <li>
            
                
                
            
                ^users/(?P&lt;pk&gt;[^/.]+)/$
                [name='userprofile-detail']
            
          </li>
        
          <li>
            
                
                
            
                ^users/(?P&lt;pk&gt;[^/.]+)\.(?P&lt;format&gt;[a-z0-9]+)/?$
                [name='userprofile-detail']
            
          </li>
        
          <li>
            
                
                
            
                ^groups/$
                [name='group-list']
            
          </li>
        
          <li>
            
                
                
            
                ^groups\.(?P&lt;format&gt;[a-z0-9]+)/?$
                [name='group-list']
            
          </li>
        
          <li>
            
                
                
            
                ^groups/(?P&lt;pk&gt;[^/.]+)/$
                [name='group-detail']
            
          </li>
        
          <li>
            
                
                
            
                ^groups/(?P&lt;pk&gt;[^/.]+)\.(?P&lt;format&gt;[a-z0-9]+)/?$
                [name='group-detail']
            
          </li>
        
          <li>
            
                
                
            
                ^checkin/$
                [name='checkinlist-list']
            
          </li>
        
          <li>
            
                
                
            
                ^checkin\.(?P&lt;format&gt;[a-z0-9]+)/?$
                [name='checkinlist-list']
            
          </li>
        
          <li>
            
                
                
            
                ^checkin/(?P&lt;pk&gt;[^/.]+)/$
                [name='checkinlist-detail']
            
          </li>
        
          <li>
            
                
                
            
                ^checkin/(?P&lt;pk&gt;[^/.]+)\.(?P&lt;format&gt;[a-z0-9]+)/?$
                [name='checkinlist-detail']
            
          </li>
        
          <li>
            
                
                
            
                ^$
                [name='api-root']
            
          </li>
        
          <li>
            
                
                
            
                ^\.(?P&lt;format&gt;[a-z0-9]+)/?$
                [name='api-root']
            
          </li>
        
          <li>
            
                api-auth/
                
            
          </li>
        
          <li>
            
                user/login
                [name='token_obtain_pair']
            
          </li>
        
          <li>
            
                user/info
                
            
          </li>
        
          <li>
            
                user/token_refresh
                [name='token_refresh']
            
          </li>
        
          <li>
            
                user/logout
                
            
          </li>
        
          <li>
            
                ^media\/(?P&lt;path&gt;.*)$
                
            
          </li>
        
      </ol>
      <p>
        
        The current path, <code>user</code>, didn't match any of these.
      </p>
    
  </div>

  <div id="explanation">
    <p>
      You're seeing this error because you have <code>DEBUG = True</code> in
      your Django settings file. Change that to <code>False</code>, and Django
      will display a standard 404 page.
    </p>
  </div>
</body>
</html>

2019-09-29 15:35:03,465 INFO response is : <!DOCTYPE html>
<html lang="en">
<head>
  <meta http-equiv="content-type" content="text/html; charset=utf-8">
  <title>Page not found at /user</title>
  <meta name="robots" content="NONE,NOARCHIVE">
  <style type="text/css">
    html * { padding:0; margin:0; }
    body * { padding:10px 20px; }
    body * * { padding:0; }
    body { font:small sans-serif; background:#eee; color:#000; }
    body>div { border-bottom:1px solid #ddd; }
    h1 { font-weight:normal; margin-bottom:.4em; }
    h1 span { font-size:60%; color:#666; font-weight:normal; }
    table { border:none; border-collapse: collapse; width:100%; }
    td, th { vertical-align:top; padding:2px 3px; }
    th { width:12em; text-align:right; color:#666; padding-right:.5em; }
    #info { background:#f6f6f6; }
    #info ol { margin: 0.5em 4em; }
    #info ol li { font-family: monospace; }
    #summary { background: #ffc; }
    #explanation { background:#eee; border-bottom: 0px none; }
  </style>
</head>
<body>
  <div id="summary">
    <h1>Page not found <span>(404)</span></h1>
    <table class="meta">
      <tr>
        <th>Request Method:</th>
        <td>GET</td>
      </tr>
      <tr>
        <th>Request URL:</th>
        <td>https://www.agavetest.info:8888/user</td>
      </tr>
      
    </table>
  </div>
  <div id="info">
    
      <p>
      Using the URLconf defined in <code>basepro.urls</code>,
      Django tried these URL patterns, in this order:
      </p>
      <ol>
        
          <li>
            
                
                
            
                ^users/$
                [name='userprofile-list']
            
          </li>
        
          <li>
            
                
                
            
                ^users\.(?P&lt;format&gt;[a-z0-9]+)/?$
                [name='userprofile-list']
            
          </li>
        
          <li>
            
                
                
            
                ^users/(?P&lt;pk&gt;[^/.]+)/$
                [name='userprofile-detail']
            
          </li>
        
          <li>
            
                
                
            
                ^users/(?P&lt;pk&gt;[^/.]+)\.(?P&lt;format&gt;[a-z0-9]+)/?$
                [name='userprofile-detail']
            
          </li>
        
          <li>
            
                
                
            
                ^groups/$
                [name='group-list']
            
          </li>
        
          <li>
            
                
                
            
                ^groups\.(?P&lt;format&gt;[a-z0-9]+)/?$
                [name='group-list']
            
          </li>
        
          <li>
            
                
                
            
                ^groups/(?P&lt;pk&gt;[^/.]+)/$
                [name='group-detail']
            
          </li>
        
          <li>
            
                
                
            
                ^groups/(?P&lt;pk&gt;[^/.]+)\.(?P&lt;format&gt;[a-z0-9]+)/?$
                [name='group-detail']
            
          </li>
        
          <li>
            
                
                
            
                ^checkin/$
                [name='checkinlist-list']
            
          </li>
        
          <li>
            
                
                
            
                ^checkin\.(?P&lt;format&gt;[a-z0-9]+)/?$
                [name='checkinlist-list']
            
          </li>
        
          <li>
            
                
                
            
                ^checkin/(?P&lt;pk&gt;[^/.]+)/$
                [name='checkinlist-detail']
            
          </li>
        
          <li>
            
                
                
            
                ^checkin/(?P&lt;pk&gt;[^/.]+)\.(?P&lt;format&gt;[a-z0-9]+)/?$
                [name='checkinlist-detail']
            
          </li>
        
          <li>
            
                
                
            
                ^$
                [name='api-root']
            
          </li>
        
          <li>
            
                
                
            
                ^\.(?P&lt;format&gt;[a-z0-9]+)/?$
                [name='api-root']
            
          </li>
        
          <li>
            
                api-auth/
                
            
          </li>
        
          <li>
            
                user/login
                [name='token_obtain_pair']
            
          </li>
        
          <li>
            
                user/info
                
            
          </li>
        
          <li>
            
                user/token_refresh
                [name='token_refresh']
            
          </li>
        
          <li>
            
                user/logout
                
            
          </li>
        
          <li>
            
                ^media\/(?P&lt;path&gt;.*)$
                
            
          </li>
        
      </ol>
      <p>
        
        The current path, <code>user</code>, didn't match any of these.
      </p>
    
  </div>

  <div id="explanation">
    <p>
      You're seeing this error because you have <code>DEBUG = True</code> in
      your Django settings file. Change that to <code>False</code>, and Django
      will display a standard 404 page.
    </p>
  </div>
</body>
</html>

2019-09-29 15:35:03,465 INFO response is : <!DOCTYPE html>
<html lang="en">
<head>
  <meta http-equiv="content-type" content="text/html; charset=utf-8">
  <title>Page not found at /user</title>
  <meta name="robots" content="NONE,NOARCHIVE">
  <style type="text/css">
    html * { padding:0; margin:0; }
    body * { padding:10px 20px; }
    body * * { padding:0; }
    body { font:small sans-serif; background:#eee; color:#000; }
    body>div { border-bottom:1px solid #ddd; }
    h1 { font-weight:normal; margin-bottom:.4em; }
    h1 span { font-size:60%; color:#666; font-weight:normal; }
    table { border:none; border-collapse: collapse; width:100%; }
    td, th { vertical-align:top; padding:2px 3px; }
    th { width:12em; text-align:right; color:#666; padding-right:.5em; }
    #info { background:#f6f6f6; }
    #info ol { margin: 0.5em 4em; }
    #info ol li { font-family: monospace; }
    #summary { background: #ffc; }
    #explanation { background:#eee; border-bottom: 0px none; }
  </style>
</head>
<body>
  <div id="summary">
    <h1>Page not found <span>(404)</span></h1>
    <table class="meta">
      <tr>
        <th>Request Method:</th>
        <td>GET</td>
      </tr>
      <tr>
        <th>Request URL:</th>
        <td>https://www.agavetest.info:8888/user</td>
      </tr>
      
    </table>
  </div>
  <div id="info">
    
      <p>
      Using the URLconf defined in <code>basepro.urls</code>,
      Django tried these URL patterns, in this order:
      </p>
      <ol>
        
          <li>
            
                
                
            
                ^users/$
                [name='userprofile-list']
            
          </li>
        
          <li>
            
                
                
            
                ^users\.(?P&lt;format&gt;[a-z0-9]+)/?$
                [name='userprofile-list']
            
          </li>
        
          <li>
            
                
                
            
                ^users/(?P&lt;pk&gt;[^/.]+)/$
                [name='userprofile-detail']
            
          </li>
        
          <li>
            
                
                
            
                ^users/(?P&lt;pk&gt;[^/.]+)\.(?P&lt;format&gt;[a-z0-9]+)/?$
                [name='userprofile-detail']
            
          </li>
        
          <li>
            
                
                
            
                ^groups/$
                [name='group-list']
            
          </li>
        
          <li>
            
                
                
            
                ^groups\.(?P&lt;format&gt;[a-z0-9]+)/?$
                [name='group-list']
            
          </li>
        
          <li>
            
                
                
            
                ^groups/(?P&lt;pk&gt;[^/.]+)/$
                [name='group-detail']
            
          </li>
        
          <li>
            
                
                
            
                ^groups/(?P&lt;pk&gt;[^/.]+)\.(?P&lt;format&gt;[a-z0-9]+)/?$
                [name='group-detail']
            
          </li>
        
          <li>
            
                
                
            
                ^checkin/$
                [name='checkinlist-list']
            
          </li>
        
          <li>
            
                
                
            
                ^checkin\.(?P&lt;format&gt;[a-z0-9]+)/?$
                [name='checkinlist-list']
            
          </li>
        
          <li>
            
                
                
            
                ^checkin/(?P&lt;pk&gt;[^/.]+)/$
                [name='checkinlist-detail']
            
          </li>
        
          <li>
            
                
                
            
                ^checkin/(?P&lt;pk&gt;[^/.]+)\.(?P&lt;format&gt;[a-z0-9]+)/?$
                [name='checkinlist-detail']
            
          </li>
        
          <li>
            
                
                
            
                ^$
                [name='api-root']
            
          </li>
        
          <li>
            
                
                
            
                ^\.(?P&lt;format&gt;[a-z0-9]+)/?$
                [name='api-root']
            
          </li>
        
          <li>
            
                api-auth/
                
            
          </li>
        
          <li>
            
                user/login
                [name='token_obtain_pair']
            
          </li>
        
          <li>
            
                user/info
                
            
          </li>
        
          <li>
            
                user/token_refresh
                [name='token_refresh']
            
          </li>
        
          <li>
            
                user/logout
                
            
          </li>
        
          <li>
            
                ^media\/(?P&lt;path&gt;.*)$
                
            
          </li>
        
      </ol>
      <p>
        
        The current path, <code>user</code>, didn't match any of these.
      </p>
    
  </div>

  <div id="explanation">
    <p>
      You're seeing this error because you have <code>DEBUG = True</code> in
      your Django settings file. Change that to <code>False</code>, and Django
      will display a standard 404 page.
    </p>
  </div>
</body>
</html>

2019-09-29 15:35:03,465 INFO response is : <!DOCTYPE html>
<html lang="en">
<head>
  <meta http-equiv="content-type" content="text/html; charset=utf-8">
  <title>Page not found at /user</title>
  <meta name="robots" content="NONE,NOARCHIVE">
  <style type="text/css">
    html * { padding:0; margin:0; }
    body * { padding:10px 20px; }
    body * * { padding:0; }
    body { font:small sans-serif; background:#eee; color:#000; }
    body>div { border-bottom:1px solid #ddd; }
    h1 { font-weight:normal; margin-bottom:.4em; }
    h1 span { font-size:60%; color:#666; font-weight:normal; }
    table { border:none; border-collapse: collapse; width:100%; }
    td, th { vertical-align:top; padding:2px 3px; }
    th { width:12em; text-align:right; color:#666; padding-right:.5em; }
    #info { background:#f6f6f6; }
    #info ol { margin: 0.5em 4em; }
    #info ol li { font-family: monospace; }
    #summary { background: #ffc; }
    #explanation { background:#eee; border-bottom: 0px none; }
  </style>
</head>
<body>
  <div id="summary">
    <h1>Page not found <span>(404)</span></h1>
    <table class="meta">
      <tr>
        <th>Request Method:</th>
        <td>GET</td>
      </tr>
      <tr>
        <th>Request URL:</th>
        <td>https://www.agavetest.info:8888/user</td>
      </tr>
      
    </table>
  </div>
  <div id="info">
    
      <p>
      Using the URLconf defined in <code>basepro.urls</code>,
      Django tried these URL patterns, in this order:
      </p>
      <ol>
        
          <li>
            
                
                
            
                ^users/$
                [name='userprofile-list']
            
          </li>
        
          <li>
            
                
                
            
                ^users\.(?P&lt;format&gt;[a-z0-9]+)/?$
                [name='userprofile-list']
            
          </li>
        
          <li>
            
                
                
            
                ^users/(?P&lt;pk&gt;[^/.]+)/$
                [name='userprofile-detail']
            
          </li>
        
          <li>
            
                
                
            
                ^users/(?P&lt;pk&gt;[^/.]+)\.(?P&lt;format&gt;[a-z0-9]+)/?$
                [name='userprofile-detail']
            
          </li>
        
          <li>
            
                
                
            
                ^groups/$
                [name='group-list']
            
          </li>
        
          <li>
            
                
                
            
                ^groups\.(?P&lt;format&gt;[a-z0-9]+)/?$
                [name='group-list']
            
          </li>
        
          <li>
            
                
                
            
                ^groups/(?P&lt;pk&gt;[^/.]+)/$
                [name='group-detail']
            
          </li>
        
          <li>
            
                
                
            
                ^groups/(?P&lt;pk&gt;[^/.]+)\.(?P&lt;format&gt;[a-z0-9]+)/?$
                [name='group-detail']
            
          </li>
        
          <li>
            
                
                
            
                ^checkin/$
                [name='checkinlist-list']
            
          </li>
        
          <li>
            
                
                
            
                ^checkin\.(?P&lt;format&gt;[a-z0-9]+)/?$
                [name='checkinlist-list']
            
          </li>
        
          <li>
            
                
                
            
                ^checkin/(?P&lt;pk&gt;[^/.]+)/$
                [name='checkinlist-detail']
            
          </li>
        
          <li>
            
                
                
            
                ^checkin/(?P&lt;pk&gt;[^/.]+)\.(?P&lt;format&gt;[a-z0-9]+)/?$
                [name='checkinlist-detail']
            
          </li>
        
          <li>
            
                
                
            
                ^$
                [name='api-root']
            
          </li>
        
          <li>
            
                
                
            
                ^\.(?P&lt;format&gt;[a-z0-9]+)/?$
                [name='api-root']
            
          </li>
        
          <li>
            
                api-auth/
                
            
          </li>
        
          <li>
            
                user/login
                [name='token_obtain_pair']
            
          </li>
        
          <li>
            
                user/info
                
            
          </li>
        
          <li>
            
                user/token_refresh
                [name='token_refresh']
            
          </li>
        
          <li>
            
                user/logout
                
            
          </li>
        
          <li>
            
                ^media\/(?P&lt;path&gt;.*)$
                
            
          </li>
        
      </ol>
      <p>
        
        The current path, <code>user</code>, didn't match any of these.
      </p>
    
  </div>

  <div id="explanation">
    <p>
      You're seeing this error because you have <code>DEBUG = True</code> in
      your Django settings file. Change that to <code>False</code>, and Django
      will display a standard 404 page.
    </p>
  </div>
</body>
</html>

2019-09-29 15:35:03,465 INFO response is : <!DOCTYPE html>
<html lang="en">
<head>
  <meta http-equiv="content-type" content="text/html; charset=utf-8">
  <title>Page not found at /user</title>
  <meta name="robots" content="NONE,NOARCHIVE">
  <style type="text/css">
    html * { padding:0; margin:0; }
    body * { padding:10px 20px; }
    body * * { padding:0; }
    body { font:small sans-serif; background:#eee; color:#000; }
    body>div { border-bottom:1px solid #ddd; }
    h1 { font-weight:normal; margin-bottom:.4em; }
    h1 span { font-size:60%; color:#666; font-weight:normal; }
    table { border:none; border-collapse: collapse; width:100%; }
    td, th { vertical-align:top; padding:2px 3px; }
    th { width:12em; text-align:right; color:#666; padding-right:.5em; }
    #info { background:#f6f6f6; }
    #info ol { margin: 0.5em 4em; }
    #info ol li { font-family: monospace; }
    #summary { background: #ffc; }
    #explanation { background:#eee; border-bottom: 0px none; }
  </style>
</head>
<body>
  <div id="summary">
    <h1>Page not found <span>(404)</span></h1>
    <table class="meta">
      <tr>
        <th>Request Method:</th>
        <td>GET</td>
      </tr>
      <tr>
        <th>Request URL:</th>
        <td>https://www.agavetest.info:8888/user</td>
      </tr>
      
    </table>
  </div>
  <div id="info">
    
      <p>
      Using the URLconf defined in <code>basepro.urls</code>,
      Django tried these URL patterns, in this order:
      </p>
      <ol>
        
          <li>
            
                
                
            
                ^users/$
                [name='userprofile-list']
            
          </li>
        
          <li>
            
                
                
            
                ^users\.(?P&lt;format&gt;[a-z0-9]+)/?$
                [name='userprofile-list']
            
          </li>
        
          <li>
            
                
                
            
                ^users/(?P&lt;pk&gt;[^/.]+)/$
                [name='userprofile-detail']
            
          </li>
        
          <li>
            
                
                
            
                ^users/(?P&lt;pk&gt;[^/.]+)\.(?P&lt;format&gt;[a-z0-9]+)/?$
                [name='userprofile-detail']
            
          </li>
        
          <li>
            
                
                
            
                ^groups/$
                [name='group-list']
            
          </li>
        
          <li>
            
                
                
            
                ^groups\.(?P&lt;format&gt;[a-z0-9]+)/?$
                [name='group-list']
            
          </li>
        
          <li>
            
                
                
            
                ^groups/(?P&lt;pk&gt;[^/.]+)/$
                [name='group-detail']
            
          </li>
        
          <li>
            
                
                
            
                ^groups/(?P&lt;pk&gt;[^/.]+)\.(?P&lt;format&gt;[a-z0-9]+)/?$
                [name='group-detail']
            
          </li>
        
          <li>
            
                
                
            
                ^checkin/$
                [name='checkinlist-list']
            
          </li>
        
          <li>
            
                
                
            
                ^checkin\.(?P&lt;format&gt;[a-z0-9]+)/?$
                [name='checkinlist-list']
            
          </li>
        
          <li>
            
                
                
            
                ^checkin/(?P&lt;pk&gt;[^/.]+)/$
                [name='checkinlist-detail']
            
          </li>
        
          <li>
            
                
                
            
                ^checkin/(?P&lt;pk&gt;[^/.]+)\.(?P&lt;format&gt;[a-z0-9]+)/?$
                [name='checkinlist-detail']
            
          </li>
        
          <li>
            
                
                
            
                ^$
                [name='api-root']
            
          </li>
        
          <li>
            
                
                
            
                ^\.(?P&lt;format&gt;[a-z0-9]+)/?$
                [name='api-root']
            
          </li>
        
          <li>
            
                api-auth/
                
            
          </li>
        
          <li>
            
                user/login
                [name='token_obtain_pair']
            
          </li>
        
          <li>
            
                user/info
                
            
          </li>
        
          <li>
            
                user/token_refresh
                [name='token_refresh']
            
          </li>
        
          <li>
            
                user/logout
                
            
          </li>
        
          <li>
            
                ^media\/(?P&lt;path&gt;.*)$
                
            
          </li>
        
      </ol>
      <p>
        
        The current path, <code>user</code>, didn't match any of these.
      </p>
    
  </div>

  <div id="explanation">
    <p>
      You're seeing this error because you have <code>DEBUG = True</code> in
      your Django settings file. Change that to <code>False</code>, and Django
      will display a standard 404 page.
    </p>
  </div>
</body>
</html>

2019-09-29 15:35:03,465 INFO response is : <!DOCTYPE html>
<html lang="en">
<head>
  <meta http-equiv="content-type" content="text/html; charset=utf-8">
  <title>Page not found at /user</title>
  <meta name="robots" content="NONE,NOARCHIVE">
  <style type="text/css">
    html * { padding:0; margin:0; }
    body * { padding:10px 20px; }
    body * * { padding:0; }
    body { font:small sans-serif; background:#eee; color:#000; }
    body>div { border-bottom:1px solid #ddd; }
    h1 { font-weight:normal; margin-bottom:.4em; }
    h1 span { font-size:60%; color:#666; font-weight:normal; }
    table { border:none; border-collapse: collapse; width:100%; }
    td, th { vertical-align:top; padding:2px 3px; }
    th { width:12em; text-align:right; color:#666; padding-right:.5em; }
    #info { background:#f6f6f6; }
    #info ol { margin: 0.5em 4em; }
    #info ol li { font-family: monospace; }
    #summary { background: #ffc; }
    #explanation { background:#eee; border-bottom: 0px none; }
  </style>
</head>
<body>
  <div id="summary">
    <h1>Page not found <span>(404)</span></h1>
    <table class="meta">
      <tr>
        <th>Request Method:</th>
        <td>GET</td>
      </tr>
      <tr>
        <th>Request URL:</th>
        <td>https://www.agavetest.info:8888/user</td>
      </tr>
      
    </table>
  </div>
  <div id="info">
    
      <p>
      Using the URLconf defined in <code>basepro.urls</code>,
      Django tried these URL patterns, in this order:
      </p>
      <ol>
        
          <li>
            
                
                
            
                ^users/$
                [name='userprofile-list']
            
          </li>
        
          <li>
            
                
                
            
                ^users\.(?P&lt;format&gt;[a-z0-9]+)/?$
                [name='userprofile-list']
            
          </li>
        
          <li>
            
                
                
            
                ^users/(?P&lt;pk&gt;[^/.]+)/$
                [name='userprofile-detail']
            
          </li>
        
          <li>
            
                
                
            
                ^users/(?P&lt;pk&gt;[^/.]+)\.(?P&lt;format&gt;[a-z0-9]+)/?$
                [name='userprofile-detail']
            
          </li>
        
          <li>
            
                
                
            
                ^groups/$
                [name='group-list']
            
          </li>
        
          <li>
            
                
                
            
                ^groups\.(?P&lt;format&gt;[a-z0-9]+)/?$
                [name='group-list']
            
          </li>
        
          <li>
            
                
                
            
                ^groups/(?P&lt;pk&gt;[^/.]+)/$
                [name='group-detail']
            
          </li>
        
          <li>
            
                
                
            
                ^groups/(?P&lt;pk&gt;[^/.]+)\.(?P&lt;format&gt;[a-z0-9]+)/?$
                [name='group-detail']
            
          </li>
        
          <li>
            
                
                
            
                ^checkin/$
                [name='checkinlist-list']
            
          </li>
        
          <li>
            
                
                
            
                ^checkin\.(?P&lt;format&gt;[a-z0-9]+)/?$
                [name='checkinlist-list']
            
          </li>
        
          <li>
            
                
                
            
                ^checkin/(?P&lt;pk&gt;[^/.]+)/$
                [name='checkinlist-detail']
            
          </li>
        
          <li>
            
                
                
            
                ^checkin/(?P&lt;pk&gt;[^/.]+)\.(?P&lt;format&gt;[a-z0-9]+)/?$
                [name='checkinlist-detail']
            
          </li>
        
          <li>
            
                
                
            
                ^$
                [name='api-root']
            
          </li>
        
          <li>
            
                
                
            
                ^\.(?P&lt;format&gt;[a-z0-9]+)/?$
                [name='api-root']
            
          </li>
        
          <li>
            
                api-auth/
                
            
          </li>
        
          <li>
            
                user/login
                [name='token_obtain_pair']
            
          </li>
        
          <li>
            
                user/info
                
            
          </li>
        
          <li>
            
                user/token_refresh
                [name='token_refresh']
            
          </li>
        
          <li>
            
                user/logout
                
            
          </li>
        
          <li>
            
                ^media\/(?P&lt;path&gt;.*)$
                
            
          </li>
        
      </ol>
      <p>
        
        The current path, <code>user</code>, didn't match any of these.
      </p>
    
  </div>

  <div id="explanation">
    <p>
      You're seeing this error because you have <code>DEBUG = True</code> in
      your Django settings file. Change that to <code>False</code>, and Django
      will display a standard 404 page.
    </p>
  </div>
</body>
</html>

2019-09-29 15:35:03,465 INFO response is : <!DOCTYPE html>
<html lang="en">
<head>
  <meta http-equiv="content-type" content="text/html; charset=utf-8">
  <title>Page not found at /user</title>
  <meta name="robots" content="NONE,NOARCHIVE">
  <style type="text/css">
    html * { padding:0; margin:0; }
    body * { padding:10px 20px; }
    body * * { padding:0; }
    body { font:small sans-serif; background:#eee; color:#000; }
    body>div { border-bottom:1px solid #ddd; }
    h1 { font-weight:normal; margin-bottom:.4em; }
    h1 span { font-size:60%; color:#666; font-weight:normal; }
    table { border:none; border-collapse: collapse; width:100%; }
    td, th { vertical-align:top; padding:2px 3px; }
    th { width:12em; text-align:right; color:#666; padding-right:.5em; }
    #info { background:#f6f6f6; }
    #info ol { margin: 0.5em 4em; }
    #info ol li { font-family: monospace; }
    #summary { background: #ffc; }
    #explanation { background:#eee; border-bottom: 0px none; }
  </style>
</head>
<body>
  <div id="summary">
    <h1>Page not found <span>(404)</span></h1>
    <table class="meta">
      <tr>
        <th>Request Method:</th>
        <td>GET</td>
      </tr>
      <tr>
        <th>Request URL:</th>
        <td>https://www.agavetest.info:8888/user</td>
      </tr>
      
    </table>
  </div>
  <div id="info">
    
      <p>
      Using the URLconf defined in <code>basepro.urls</code>,
      Django tried these URL patterns, in this order:
      </p>
      <ol>
        
          <li>
            
                
                
            
                ^users/$
                [name='userprofile-list']
            
          </li>
        
          <li>
            
                
                
            
                ^users\.(?P&lt;format&gt;[a-z0-9]+)/?$
                [name='userprofile-list']
            
          </li>
        
          <li>
            
                
                
            
                ^users/(?P&lt;pk&gt;[^/.]+)/$
                [name='userprofile-detail']
            
          </li>
        
          <li>
            
                
                
            
                ^users/(?P&lt;pk&gt;[^/.]+)\.(?P&lt;format&gt;[a-z0-9]+)/?$
                [name='userprofile-detail']
            
          </li>
        
          <li>
            
                
                
            
                ^groups/$
                [name='group-list']
            
          </li>
        
          <li>
            
                
                
            
                ^groups\.(?P&lt;format&gt;[a-z0-9]+)/?$
                [name='group-list']
            
          </li>
        
          <li>
            
                
                
            
                ^groups/(?P&lt;pk&gt;[^/.]+)/$
                [name='group-detail']
            
          </li>
        
          <li>
            
                
                
            
                ^groups/(?P&lt;pk&gt;[^/.]+)\.(?P&lt;format&gt;[a-z0-9]+)/?$
                [name='group-detail']
            
          </li>
        
          <li>
            
                
                
            
                ^checkin/$
                [name='checkinlist-list']
            
          </li>
        
          <li>
            
                
                
            
                ^checkin\.(?P&lt;format&gt;[a-z0-9]+)/?$
                [name='checkinlist-list']
            
          </li>
        
          <li>
            
                
                
            
                ^checkin/(?P&lt;pk&gt;[^/.]+)/$
                [name='checkinlist-detail']
            
          </li>
        
          <li>
            
                
                
            
                ^checkin/(?P&lt;pk&gt;[^/.]+)\.(?P&lt;format&gt;[a-z0-9]+)/?$
                [name='checkinlist-detail']
            
          </li>
        
          <li>
            
                
                
            
                ^$
                [name='api-root']
            
          </li>
        
          <li>
            
                
                
            
                ^\.(?P&lt;format&gt;[a-z0-9]+)/?$
                [name='api-root']
            
          </li>
        
          <li>
            
                api-auth/
                
            
          </li>
        
          <li>
            
                user/login
                [name='token_obtain_pair']
            
          </li>
        
          <li>
            
                user/info
                
            
          </li>
        
          <li>
            
                user/token_refresh
                [name='token_refresh']
            
          </li>
        
          <li>
            
                user/logout
                
            
          </li>
        
          <li>
            
                ^media\/(?P&lt;path&gt;.*)$
                
            
          </li>
        
      </ol>
      <p>
        
        The current path, <code>user</code>, didn't match any of these.
      </p>
    
  </div>

  <div id="explanation">
    <p>
      You're seeing this error because you have <code>DEBUG = True</code> in
      your Django settings file. Change that to <code>False</code>, and Django
      will display a standard 404 page.
    </p>
  </div>
</body>
</html>

2019-09-29 15:35:03,482 INFO in login！
2019-09-29 15:35:03,482 INFO in login！
2019-09-29 15:35:03,482 INFO in login！
2019-09-29 15:35:03,482 INFO in login！
2019-09-29 15:35:03,482 INFO in login！
2019-09-29 15:35:03,482 INFO in login！
2019-09-29 15:35:03,482 INFO in login！
2019-09-29 15:35:03,482 INFO in login！
2019-09-29 15:35:03,482 INFO in login！
2019-09-29 15:35:04,053 INFO response is : <Response [200]>
2019-09-29 15:35:04,053 INFO response is : <Response [200]>
2019-09-29 15:35:04,053 INFO response is : <Response [200]>
2019-09-29 15:35:04,053 INFO response is : <Response [200]>
2019-09-29 15:35:04,053 INFO response is : <Response [200]>
2019-09-29 15:35:04,053 INFO response is : <Response [200]>
2019-09-29 15:35:04,053 INFO response is : <Response [200]>
2019-09-29 15:35:04,053 INFO response is : <Response [200]>
2019-09-29 15:35:04,053 INFO response is : <Response [200]>
2019-09-29 15:35:04,053 INFO response is : <Response [200]>
2019-09-29 15:35:04,055 INFO response is : {"data":{"refresh":"eyJ0eXAiOiJKV1QiLCJhbGciOiJIUzI1NiJ9.eyJ0b2tlbl90eXBlIjoicmVmcmVzaCIsImV4cCI6MTU2OTgyODkwNCwianRpIjoiODQ5ZjBiMTQwOGQyNDkwMDg4YWIxZjVhYWNjMjJiM2YiLCJ1c2VyX2lkIjoxfQ.BiuPn-Haxh9Z7XH6B9ACzQUOWuytuyJzv-4-nhDePto","access":"eyJ0eXAiOiJKV1QiLCJhbGciOiJIUzI1NiJ9.eyJ0b2tlbl90eXBlIjoiYWNjZXNzIiwiZXhwIjoxNTY5NzQ2MTA0LCJqdGkiOiJhZTgwMjU4MTIxYjU0ZmRiOGJhM2JhM2NlMTI4MzlhOCIsInVzZXJfaWQiOjF9.wgUJzWEUMLx5y9P88zTlB7_AB7SlBEitURJE4lUj0xY"},"code":20000,"message":"success"}
2019-09-29 15:35:04,055 INFO response is : {"data":{"refresh":"eyJ0eXAiOiJKV1QiLCJhbGciOiJIUzI1NiJ9.eyJ0b2tlbl90eXBlIjoicmVmcmVzaCIsImV4cCI6MTU2OTgyODkwNCwianRpIjoiODQ5ZjBiMTQwOGQyNDkwMDg4YWIxZjVhYWNjMjJiM2YiLCJ1c2VyX2lkIjoxfQ.BiuPn-Haxh9Z7XH6B9ACzQUOWuytuyJzv-4-nhDePto","access":"eyJ0eXAiOiJKV1QiLCJhbGciOiJIUzI1NiJ9.eyJ0b2tlbl90eXBlIjoiYWNjZXNzIiwiZXhwIjoxNTY5NzQ2MTA0LCJqdGkiOiJhZTgwMjU4MTIxYjU0ZmRiOGJhM2JhM2NlMTI4MzlhOCIsInVzZXJfaWQiOjF9.wgUJzWEUMLx5y9P88zTlB7_AB7SlBEitURJE4lUj0xY"},"code":20000,"message":"success"}
2019-09-29 15:35:04,055 INFO response is : {"data":{"refresh":"eyJ0eXAiOiJKV1QiLCJhbGciOiJIUzI1NiJ9.eyJ0b2tlbl90eXBlIjoicmVmcmVzaCIsImV4cCI6MTU2OTgyODkwNCwianRpIjoiODQ5ZjBiMTQwOGQyNDkwMDg4YWIxZjVhYWNjMjJiM2YiLCJ1c2VyX2lkIjoxfQ.BiuPn-Haxh9Z7XH6B9ACzQUOWuytuyJzv-4-nhDePto","access":"eyJ0eXAiOiJKV1QiLCJhbGciOiJIUzI1NiJ9.eyJ0b2tlbl90eXBlIjoiYWNjZXNzIiwiZXhwIjoxNTY5NzQ2MTA0LCJqdGkiOiJhZTgwMjU4MTIxYjU0ZmRiOGJhM2JhM2NlMTI4MzlhOCIsInVzZXJfaWQiOjF9.wgUJzWEUMLx5y9P88zTlB7_AB7SlBEitURJE4lUj0xY"},"code":20000,"message":"success"}
2019-09-29 15:35:04,055 INFO response is : {"data":{"refresh":"eyJ0eXAiOiJKV1QiLCJhbGciOiJIUzI1NiJ9.eyJ0b2tlbl90eXBlIjoicmVmcmVzaCIsImV4cCI6MTU2OTgyODkwNCwianRpIjoiODQ5ZjBiMTQwOGQyNDkwMDg4YWIxZjVhYWNjMjJiM2YiLCJ1c2VyX2lkIjoxfQ.BiuPn-Haxh9Z7XH6B9ACzQUOWuytuyJzv-4-nhDePto","access":"eyJ0eXAiOiJKV1QiLCJhbGciOiJIUzI1NiJ9.eyJ0b2tlbl90eXBlIjoiYWNjZXNzIiwiZXhwIjoxNTY5NzQ2MTA0LCJqdGkiOiJhZTgwMjU4MTIxYjU0ZmRiOGJhM2JhM2NlMTI4MzlhOCIsInVzZXJfaWQiOjF9.wgUJzWEUMLx5y9P88zTlB7_AB7SlBEitURJE4lUj0xY"},"code":20000,"message":"success"}
2019-09-29 15:35:04,055 INFO response is : {"data":{"refresh":"eyJ0eXAiOiJKV1QiLCJhbGciOiJIUzI1NiJ9.eyJ0b2tlbl90eXBlIjoicmVmcmVzaCIsImV4cCI6MTU2OTgyODkwNCwianRpIjoiODQ5ZjBiMTQwOGQyNDkwMDg4YWIxZjVhYWNjMjJiM2YiLCJ1c2VyX2lkIjoxfQ.BiuPn-Haxh9Z7XH6B9ACzQUOWuytuyJzv-4-nhDePto","access":"eyJ0eXAiOiJKV1QiLCJhbGciOiJIUzI1NiJ9.eyJ0b2tlbl90eXBlIjoiYWNjZXNzIiwiZXhwIjoxNTY5NzQ2MTA0LCJqdGkiOiJhZTgwMjU4MTIxYjU0ZmRiOGJhM2JhM2NlMTI4MzlhOCIsInVzZXJfaWQiOjF9.wgUJzWEUMLx5y9P88zTlB7_AB7SlBEitURJE4lUj0xY"},"code":20000,"message":"success"}
2019-09-29 15:35:04,055 INFO response is : {"data":{"refresh":"eyJ0eXAiOiJKV1QiLCJhbGciOiJIUzI1NiJ9.eyJ0b2tlbl90eXBlIjoicmVmcmVzaCIsImV4cCI6MTU2OTgyODkwNCwianRpIjoiODQ5ZjBiMTQwOGQyNDkwMDg4YWIxZjVhYWNjMjJiM2YiLCJ1c2VyX2lkIjoxfQ.BiuPn-Haxh9Z7XH6B9ACzQUOWuytuyJzv-4-nhDePto","access":"eyJ0eXAiOiJKV1QiLCJhbGciOiJIUzI1NiJ9.eyJ0b2tlbl90eXBlIjoiYWNjZXNzIiwiZXhwIjoxNTY5NzQ2MTA0LCJqdGkiOiJhZTgwMjU4MTIxYjU0ZmRiOGJhM2JhM2NlMTI4MzlhOCIsInVzZXJfaWQiOjF9.wgUJzWEUMLx5y9P88zTlB7_AB7SlBEitURJE4lUj0xY"},"code":20000,"message":"success"}
2019-09-29 15:35:04,055 INFO response is : {"data":{"refresh":"eyJ0eXAiOiJKV1QiLCJhbGciOiJIUzI1NiJ9.eyJ0b2tlbl90eXBlIjoicmVmcmVzaCIsImV4cCI6MTU2OTgyODkwNCwianRpIjoiODQ5ZjBiMTQwOGQyNDkwMDg4YWIxZjVhYWNjMjJiM2YiLCJ1c2VyX2lkIjoxfQ.BiuPn-Haxh9Z7XH6B9ACzQUOWuytuyJzv-4-nhDePto","access":"eyJ0eXAiOiJKV1QiLCJhbGciOiJIUzI1NiJ9.eyJ0b2tlbl90eXBlIjoiYWNjZXNzIiwiZXhwIjoxNTY5NzQ2MTA0LCJqdGkiOiJhZTgwMjU4MTIxYjU0ZmRiOGJhM2JhM2NlMTI4MzlhOCIsInVzZXJfaWQiOjF9.wgUJzWEUMLx5y9P88zTlB7_AB7SlBEitURJE4lUj0xY"},"code":20000,"message":"success"}
2019-09-29 15:35:04,055 INFO response is : {"data":{"refresh":"eyJ0eXAiOiJKV1QiLCJhbGciOiJIUzI1NiJ9.eyJ0b2tlbl90eXBlIjoicmVmcmVzaCIsImV4cCI6MTU2OTgyODkwNCwianRpIjoiODQ5ZjBiMTQwOGQyNDkwMDg4YWIxZjVhYWNjMjJiM2YiLCJ1c2VyX2lkIjoxfQ.BiuPn-Haxh9Z7XH6B9ACzQUOWuytuyJzv-4-nhDePto","access":"eyJ0eXAiOiJKV1QiLCJhbGciOiJIUzI1NiJ9.eyJ0b2tlbl90eXBlIjoiYWNjZXNzIiwiZXhwIjoxNTY5NzQ2MTA0LCJqdGkiOiJhZTgwMjU4MTIxYjU0ZmRiOGJhM2JhM2NlMTI4MzlhOCIsInVzZXJfaWQiOjF9.wgUJzWEUMLx5y9P88zTlB7_AB7SlBEitURJE4lUj0xY"},"code":20000,"message":"success"}
2019-09-29 15:35:04,055 INFO response is : {"data":{"refresh":"eyJ0eXAiOiJKV1QiLCJhbGciOiJIUzI1NiJ9.eyJ0b2tlbl90eXBlIjoicmVmcmVzaCIsImV4cCI6MTU2OTgyODkwNCwianRpIjoiODQ5ZjBiMTQwOGQyNDkwMDg4YWIxZjVhYWNjMjJiM2YiLCJ1c2VyX2lkIjoxfQ.BiuPn-Haxh9Z7XH6B9ACzQUOWuytuyJzv-4-nhDePto","access":"eyJ0eXAiOiJKV1QiLCJhbGciOiJIUzI1NiJ9.eyJ0b2tlbl90eXBlIjoiYWNjZXNzIiwiZXhwIjoxNTY5NzQ2MTA0LCJqdGkiOiJhZTgwMjU4MTIxYjU0ZmRiOGJhM2JhM2NlMTI4MzlhOCIsInVzZXJfaWQiOjF9.wgUJzWEUMLx5y9P88zTlB7_AB7SlBEitURJE4lUj0xY"},"code":20000,"message":"success"}
2019-09-29 15:35:04,055 INFO response is : {"data":{"refresh":"eyJ0eXAiOiJKV1QiLCJhbGciOiJIUzI1NiJ9.eyJ0b2tlbl90eXBlIjoicmVmcmVzaCIsImV4cCI6MTU2OTgyODkwNCwianRpIjoiODQ5ZjBiMTQwOGQyNDkwMDg4YWIxZjVhYWNjMjJiM2YiLCJ1c2VyX2lkIjoxfQ.BiuPn-Haxh9Z7XH6B9ACzQUOWuytuyJzv-4-nhDePto","access":"eyJ0eXAiOiJKV1QiLCJhbGciOiJIUzI1NiJ9.eyJ0b2tlbl90eXBlIjoiYWNjZXNzIiwiZXhwIjoxNTY5NzQ2MTA0LCJqdGkiOiJhZTgwMjU4MTIxYjU0ZmRiOGJhM2JhM2NlMTI4MzlhOCIsInVzZXJfaWQiOjF9.wgUJzWEUMLx5y9P88zTlB7_AB7SlBEitURJE4lUj0xY"},"code":20000,"message":"success"}
2019-09-29 15:35:04,055 INFO response is : {"data":{"refresh":"eyJ0eXAiOiJKV1QiLCJhbGciOiJIUzI1NiJ9.eyJ0b2tlbl90eXBlIjoicmVmcmVzaCIsImV4cCI6MTU2OTgyODkwNCwianRpIjoiODQ5ZjBiMTQwOGQyNDkwMDg4YWIxZjVhYWNjMjJiM2YiLCJ1c2VyX2lkIjoxfQ.BiuPn-Haxh9Z7XH6B9ACzQUOWuytuyJzv-4-nhDePto","access":"eyJ0eXAiOiJKV1QiLCJhbGciOiJIUzI1NiJ9.eyJ0b2tlbl90eXBlIjoiYWNjZXNzIiwiZXhwIjoxNTY5NzQ2MTA0LCJqdGkiOiJhZTgwMjU4MTIxYjU0ZmRiOGJhM2JhM2NlMTI4MzlhOCIsInVzZXJfaWQiOjF9.wgUJzWEUMLx5y9P88zTlB7_AB7SlBEitURJE4lUj0xY"},"code":20000,"message":"success"}
2019-09-29 15:35:04,056 INFO <Response [200]>
2019-09-29 15:35:04,056 INFO <Response [200]>
2019-09-29 15:35:04,056 INFO <Response [200]>
2019-09-29 15:35:04,056 INFO <Response [200]>
2019-09-29 15:35:04,056 INFO <Response [200]>
2019-09-29 15:35:04,056 INFO <Response [200]>
2019-09-29 15:35:04,056 INFO <Response [200]>
2019-09-29 15:35:04,056 INFO <Response [200]>
2019-09-29 15:35:04,056 INFO <Response [200]>
2019-09-29 15:35:04,056 INFO <Response [200]>
2019-09-29 15:35:04,056 INFO <Response [200]>
2019-09-29 15:35:04,056 INFO <Response [200]>
2019-09-29 15:35:04,057 INFO in login！
2019-09-29 15:35:04,057 INFO in login！
2019-09-29 15:35:04,057 INFO in login！
2019-09-29 15:35:04,057 INFO in login！
2019-09-29 15:35:04,057 INFO in login！
2019-09-29 15:35:04,057 INFO in login！
2019-09-29 15:35:04,057 INFO in login！
2019-09-29 15:35:04,057 INFO in login！
2019-09-29 15:35:04,057 INFO in login！
2019-09-29 15:35:04,057 INFO in login！
2019-09-29 15:35:04,057 INFO in login！
2019-09-29 15:35:04,057 INFO in login！
2019-09-29 15:35:04,057 INFO in login！
2019-09-29 15:35:04,655 INFO response is : <Response [200]>
2019-09-29 15:35:04,655 INFO response is : <Response [200]>
2019-09-29 15:35:04,655 INFO response is : <Response [200]>
2019-09-29 15:35:04,655 INFO response is : <Response [200]>
2019-09-29 15:35:04,655 INFO response is : <Response [200]>
2019-09-29 15:35:04,655 INFO response is : <Response [200]>
2019-09-29 15:35:04,655 INFO response is : <Response [200]>
2019-09-29 15:35:04,655 INFO response is : <Response [200]>
2019-09-29 15:35:04,655 INFO response is : <Response [200]>
2019-09-29 15:35:04,655 INFO response is : <Response [200]>
2019-09-29 15:35:04,655 INFO response is : <Response [200]>
2019-09-29 15:35:04,655 INFO response is : <Response [200]>
2019-09-29 15:35:04,655 INFO response is : <Response [200]>
2019-09-29 15:35:04,655 INFO response is : <Response [200]>
2019-09-29 15:35:04,657 INFO response is : {"data":{"refresh":"eyJ0eXAiOiJKV1QiLCJhbGciOiJIUzI1NiJ9.eyJ0b2tlbl90eXBlIjoicmVmcmVzaCIsImV4cCI6MTU2OTgyODkwNCwianRpIjoiMTBkYTMyYWQ0YzAxNGY3YmFlNzI4NTVlZjBkN2I2OGEiLCJ1c2VyX2lkIjoxfQ.pGl4XYbdLRzSszURFW7dxstLasHEvBcaTHMwVE6-Drw","access":"eyJ0eXAiOiJKV1QiLCJhbGciOiJIUzI1NiJ9.eyJ0b2tlbl90eXBlIjoiYWNjZXNzIiwiZXhwIjoxNTY5NzQ2MTA0LCJqdGkiOiIzY2JmMGMxNGU2NjY0ZTI2YTQ1ODdiZjY3YzQ5ZTVkOCIsInVzZXJfaWQiOjF9.8C9yO4rGQUVEEaMJNx7k8bEcpF4LmdoUuiUy0G5eXZc"},"code":20000,"message":"success"}
2019-09-29 15:35:04,657 INFO response is : {"data":{"refresh":"eyJ0eXAiOiJKV1QiLCJhbGciOiJIUzI1NiJ9.eyJ0b2tlbl90eXBlIjoicmVmcmVzaCIsImV4cCI6MTU2OTgyODkwNCwianRpIjoiMTBkYTMyYWQ0YzAxNGY3YmFlNzI4NTVlZjBkN2I2OGEiLCJ1c2VyX2lkIjoxfQ.pGl4XYbdLRzSszURFW7dxstLasHEvBcaTHMwVE6-Drw","access":"eyJ0eXAiOiJKV1QiLCJhbGciOiJIUzI1NiJ9.eyJ0b2tlbl90eXBlIjoiYWNjZXNzIiwiZXhwIjoxNTY5NzQ2MTA0LCJqdGkiOiIzY2JmMGMxNGU2NjY0ZTI2YTQ1ODdiZjY3YzQ5ZTVkOCIsInVzZXJfaWQiOjF9.8C9yO4rGQUVEEaMJNx7k8bEcpF4LmdoUuiUy0G5eXZc"},"code":20000,"message":"success"}
2019-09-29 15:35:04,657 INFO response is : {"data":{"refresh":"eyJ0eXAiOiJKV1QiLCJhbGciOiJIUzI1NiJ9.eyJ0b2tlbl90eXBlIjoicmVmcmVzaCIsImV4cCI6MTU2OTgyODkwNCwianRpIjoiMTBkYTMyYWQ0YzAxNGY3YmFlNzI4NTVlZjBkN2I2OGEiLCJ1c2VyX2lkIjoxfQ.pGl4XYbdLRzSszURFW7dxstLasHEvBcaTHMwVE6-Drw","access":"eyJ0eXAiOiJKV1QiLCJhbGciOiJIUzI1NiJ9.eyJ0b2tlbl90eXBlIjoiYWNjZXNzIiwiZXhwIjoxNTY5NzQ2MTA0LCJqdGkiOiIzY2JmMGMxNGU2NjY0ZTI2YTQ1ODdiZjY3YzQ5ZTVkOCIsInVzZXJfaWQiOjF9.8C9yO4rGQUVEEaMJNx7k8bEcpF4LmdoUuiUy0G5eXZc"},"code":20000,"message":"success"}
2019-09-29 15:35:04,657 INFO response is : {"data":{"refresh":"eyJ0eXAiOiJKV1QiLCJhbGciOiJIUzI1NiJ9.eyJ0b2tlbl90eXBlIjoicmVmcmVzaCIsImV4cCI6MTU2OTgyODkwNCwianRpIjoiMTBkYTMyYWQ0YzAxNGY3YmFlNzI4NTVlZjBkN2I2OGEiLCJ1c2VyX2lkIjoxfQ.pGl4XYbdLRzSszURFW7dxstLasHEvBcaTHMwVE6-Drw","access":"eyJ0eXAiOiJKV1QiLCJhbGciOiJIUzI1NiJ9.eyJ0b2tlbl90eXBlIjoiYWNjZXNzIiwiZXhwIjoxNTY5NzQ2MTA0LCJqdGkiOiIzY2JmMGMxNGU2NjY0ZTI2YTQ1ODdiZjY3YzQ5ZTVkOCIsInVzZXJfaWQiOjF9.8C9yO4rGQUVEEaMJNx7k8bEcpF4LmdoUuiUy0G5eXZc"},"code":20000,"message":"success"}
2019-09-29 15:35:04,657 INFO response is : {"data":{"refresh":"eyJ0eXAiOiJKV1QiLCJhbGciOiJIUzI1NiJ9.eyJ0b2tlbl90eXBlIjoicmVmcmVzaCIsImV4cCI6MTU2OTgyODkwNCwianRpIjoiMTBkYTMyYWQ0YzAxNGY3YmFlNzI4NTVlZjBkN2I2OGEiLCJ1c2VyX2lkIjoxfQ.pGl4XYbdLRzSszURFW7dxstLasHEvBcaTHMwVE6-Drw","access":"eyJ0eXAiOiJKV1QiLCJhbGciOiJIUzI1NiJ9.eyJ0b2tlbl90eXBlIjoiYWNjZXNzIiwiZXhwIjoxNTY5NzQ2MTA0LCJqdGkiOiIzY2JmMGMxNGU2NjY0ZTI2YTQ1ODdiZjY3YzQ5ZTVkOCIsInVzZXJfaWQiOjF9.8C9yO4rGQUVEEaMJNx7k8bEcpF4LmdoUuiUy0G5eXZc"},"code":20000,"message":"success"}
2019-09-29 15:35:04,657 INFO response is : {"data":{"refresh":"eyJ0eXAiOiJKV1QiLCJhbGciOiJIUzI1NiJ9.eyJ0b2tlbl90eXBlIjoicmVmcmVzaCIsImV4cCI6MTU2OTgyODkwNCwianRpIjoiMTBkYTMyYWQ0YzAxNGY3YmFlNzI4NTVlZjBkN2I2OGEiLCJ1c2VyX2lkIjoxfQ.pGl4XYbdLRzSszURFW7dxstLasHEvBcaTHMwVE6-Drw","access":"eyJ0eXAiOiJKV1QiLCJhbGciOiJIUzI1NiJ9.eyJ0b2tlbl90eXBlIjoiYWNjZXNzIiwiZXhwIjoxNTY5NzQ2MTA0LCJqdGkiOiIzY2JmMGMxNGU2NjY0ZTI2YTQ1ODdiZjY3YzQ5ZTVkOCIsInVzZXJfaWQiOjF9.8C9yO4rGQUVEEaMJNx7k8bEcpF4LmdoUuiUy0G5eXZc"},"code":20000,"message":"success"}
2019-09-29 15:35:04,657 INFO response is : {"data":{"refresh":"eyJ0eXAiOiJKV1QiLCJhbGciOiJIUzI1NiJ9.eyJ0b2tlbl90eXBlIjoicmVmcmVzaCIsImV4cCI6MTU2OTgyODkwNCwianRpIjoiMTBkYTMyYWQ0YzAxNGY3YmFlNzI4NTVlZjBkN2I2OGEiLCJ1c2VyX2lkIjoxfQ.pGl4XYbdLRzSszURFW7dxstLasHEvBcaTHMwVE6-Drw","access":"eyJ0eXAiOiJKV1QiLCJhbGciOiJIUzI1NiJ9.eyJ0b2tlbl90eXBlIjoiYWNjZXNzIiwiZXhwIjoxNTY5NzQ2MTA0LCJqdGkiOiIzY2JmMGMxNGU2NjY0ZTI2YTQ1ODdiZjY3YzQ5ZTVkOCIsInVzZXJfaWQiOjF9.8C9yO4rGQUVEEaMJNx7k8bEcpF4LmdoUuiUy0G5eXZc"},"code":20000,"message":"success"}
2019-09-29 15:35:04,657 INFO response is : {"data":{"refresh":"eyJ0eXAiOiJKV1QiLCJhbGciOiJIUzI1NiJ9.eyJ0b2tlbl90eXBlIjoicmVmcmVzaCIsImV4cCI6MTU2OTgyODkwNCwianRpIjoiMTBkYTMyYWQ0YzAxNGY3YmFlNzI4NTVlZjBkN2I2OGEiLCJ1c2VyX2lkIjoxfQ.pGl4XYbdLRzSszURFW7dxstLasHEvBcaTHMwVE6-Drw","access":"eyJ0eXAiOiJKV1QiLCJhbGciOiJIUzI1NiJ9.eyJ0b2tlbl90eXBlIjoiYWNjZXNzIiwiZXhwIjoxNTY5NzQ2MTA0LCJqdGkiOiIzY2JmMGMxNGU2NjY0ZTI2YTQ1ODdiZjY3YzQ5ZTVkOCIsInVzZXJfaWQiOjF9.8C9yO4rGQUVEEaMJNx7k8bEcpF4LmdoUuiUy0G5eXZc"},"code":20000,"message":"success"}
2019-09-29 15:35:04,657 INFO response is : {"data":{"refresh":"eyJ0eXAiOiJKV1QiLCJhbGciOiJIUzI1NiJ9.eyJ0b2tlbl90eXBlIjoicmVmcmVzaCIsImV4cCI6MTU2OTgyODkwNCwianRpIjoiMTBkYTMyYWQ0YzAxNGY3YmFlNzI4NTVlZjBkN2I2OGEiLCJ1c2VyX2lkIjoxfQ.pGl4XYbdLRzSszURFW7dxstLasHEvBcaTHMwVE6-Drw","access":"eyJ0eXAiOiJKV1QiLCJhbGciOiJIUzI1NiJ9.eyJ0b2tlbl90eXBlIjoiYWNjZXNzIiwiZXhwIjoxNTY5NzQ2MTA0LCJqdGkiOiIzY2JmMGMxNGU2NjY0ZTI2YTQ1ODdiZjY3YzQ5ZTVkOCIsInVzZXJfaWQiOjF9.8C9yO4rGQUVEEaMJNx7k8bEcpF4LmdoUuiUy0G5eXZc"},"code":20000,"message":"success"}
2019-09-29 15:35:04,657 INFO response is : {"data":{"refresh":"eyJ0eXAiOiJKV1QiLCJhbGciOiJIUzI1NiJ9.eyJ0b2tlbl90eXBlIjoicmVmcmVzaCIsImV4cCI6MTU2OTgyODkwNCwianRpIjoiMTBkYTMyYWQ0YzAxNGY3YmFlNzI4NTVlZjBkN2I2OGEiLCJ1c2VyX2lkIjoxfQ.pGl4XYbdLRzSszURFW7dxstLasHEvBcaTHMwVE6-Drw","access":"eyJ0eXAiOiJKV1QiLCJhbGciOiJIUzI1NiJ9.eyJ0b2tlbl90eXBlIjoiYWNjZXNzIiwiZXhwIjoxNTY5NzQ2MTA0LCJqdGkiOiIzY2JmMGMxNGU2NjY0ZTI2YTQ1ODdiZjY3YzQ5ZTVkOCIsInVzZXJfaWQiOjF9.8C9yO4rGQUVEEaMJNx7k8bEcpF4LmdoUuiUy0G5eXZc"},"code":20000,"message":"success"}
2019-09-29 15:35:04,657 INFO response is : {"data":{"refresh":"eyJ0eXAiOiJKV1QiLCJhbGciOiJIUzI1NiJ9.eyJ0b2tlbl90eXBlIjoicmVmcmVzaCIsImV4cCI6MTU2OTgyODkwNCwianRpIjoiMTBkYTMyYWQ0YzAxNGY3YmFlNzI4NTVlZjBkN2I2OGEiLCJ1c2VyX2lkIjoxfQ.pGl4XYbdLRzSszURFW7dxstLasHEvBcaTHMwVE6-Drw","access":"eyJ0eXAiOiJKV1QiLCJhbGciOiJIUzI1NiJ9.eyJ0b2tlbl90eXBlIjoiYWNjZXNzIiwiZXhwIjoxNTY5NzQ2MTA0LCJqdGkiOiIzY2JmMGMxNGU2NjY0ZTI2YTQ1ODdiZjY3YzQ5ZTVkOCIsInVzZXJfaWQiOjF9.8C9yO4rGQUVEEaMJNx7k8bEcpF4LmdoUuiUy0G5eXZc"},"code":20000,"message":"success"}
2019-09-29 15:35:04,657 INFO response is : {"data":{"refresh":"eyJ0eXAiOiJKV1QiLCJhbGciOiJIUzI1NiJ9.eyJ0b2tlbl90eXBlIjoicmVmcmVzaCIsImV4cCI6MTU2OTgyODkwNCwianRpIjoiMTBkYTMyYWQ0YzAxNGY3YmFlNzI4NTVlZjBkN2I2OGEiLCJ1c2VyX2lkIjoxfQ.pGl4XYbdLRzSszURFW7dxstLasHEvBcaTHMwVE6-Drw","access":"eyJ0eXAiOiJKV1QiLCJhbGciOiJIUzI1NiJ9.eyJ0b2tlbl90eXBlIjoiYWNjZXNzIiwiZXhwIjoxNTY5NzQ2MTA0LCJqdGkiOiIzY2JmMGMxNGU2NjY0ZTI2YTQ1ODdiZjY3YzQ5ZTVkOCIsInVzZXJfaWQiOjF9.8C9yO4rGQUVEEaMJNx7k8bEcpF4LmdoUuiUy0G5eXZc"},"code":20000,"message":"success"}
2019-09-29 15:35:04,657 INFO response is : {"data":{"refresh":"eyJ0eXAiOiJKV1QiLCJhbGciOiJIUzI1NiJ9.eyJ0b2tlbl90eXBlIjoicmVmcmVzaCIsImV4cCI6MTU2OTgyODkwNCwianRpIjoiMTBkYTMyYWQ0YzAxNGY3YmFlNzI4NTVlZjBkN2I2OGEiLCJ1c2VyX2lkIjoxfQ.pGl4XYbdLRzSszURFW7dxstLasHEvBcaTHMwVE6-Drw","access":"eyJ0eXAiOiJKV1QiLCJhbGciOiJIUzI1NiJ9.eyJ0b2tlbl90eXBlIjoiYWNjZXNzIiwiZXhwIjoxNTY5NzQ2MTA0LCJqdGkiOiIzY2JmMGMxNGU2NjY0ZTI2YTQ1ODdiZjY3YzQ5ZTVkOCIsInVzZXJfaWQiOjF9.8C9yO4rGQUVEEaMJNx7k8bEcpF4LmdoUuiUy0G5eXZc"},"code":20000,"message":"success"}
2019-09-29 15:35:04,657 INFO response is : {"data":{"refresh":"eyJ0eXAiOiJKV1QiLCJhbGciOiJIUzI1NiJ9.eyJ0b2tlbl90eXBlIjoicmVmcmVzaCIsImV4cCI6MTU2OTgyODkwNCwianRpIjoiMTBkYTMyYWQ0YzAxNGY3YmFlNzI4NTVlZjBkN2I2OGEiLCJ1c2VyX2lkIjoxfQ.pGl4XYbdLRzSszURFW7dxstLasHEvBcaTHMwVE6-Drw","access":"eyJ0eXAiOiJKV1QiLCJhbGciOiJIUzI1NiJ9.eyJ0b2tlbl90eXBlIjoiYWNjZXNzIiwiZXhwIjoxNTY5NzQ2MTA0LCJqdGkiOiIzY2JmMGMxNGU2NjY0ZTI2YTQ1ODdiZjY3YzQ5ZTVkOCIsInVzZXJfaWQiOjF9.8C9yO4rGQUVEEaMJNx7k8bEcpF4LmdoUuiUy0G5eXZc"},"code":20000,"message":"success"}
2019-09-29 15:35:04,657 INFO response is : {"data":{"refresh":"eyJ0eXAiOiJKV1QiLCJhbGciOiJIUzI1NiJ9.eyJ0b2tlbl90eXBlIjoicmVmcmVzaCIsImV4cCI6MTU2OTgyODkwNCwianRpIjoiMTBkYTMyYWQ0YzAxNGY3YmFlNzI4NTVlZjBkN2I2OGEiLCJ1c2VyX2lkIjoxfQ.pGl4XYbdLRzSszURFW7dxstLasHEvBcaTHMwVE6-Drw","access":"eyJ0eXAiOiJKV1QiLCJhbGciOiJIUzI1NiJ9.eyJ0b2tlbl90eXBlIjoiYWNjZXNzIiwiZXhwIjoxNTY5NzQ2MTA0LCJqdGkiOiIzY2JmMGMxNGU2NjY0ZTI2YTQ1ODdiZjY3YzQ5ZTVkOCIsInVzZXJfaWQiOjF9.8C9yO4rGQUVEEaMJNx7k8bEcpF4LmdoUuiUy0G5eXZc"},"code":20000,"message":"success"}
2019-09-29 15:35:04,658 INFO <Response [200]>
2019-09-29 15:35:04,658 INFO <Response [200]>
2019-09-29 15:35:04,658 INFO <Response [200]>
2019-09-29 15:35:04,658 INFO <Response [200]>
2019-09-29 15:35:04,658 INFO <Response [200]>
2019-09-29 15:35:04,658 INFO <Response [200]>
2019-09-29 15:35:04,658 INFO <Response [200]>
2019-09-29 15:35:04,658 INFO <Response [200]>
2019-09-29 15:35:04,658 INFO <Response [200]>
2019-09-29 15:35:04,658 INFO <Response [200]>
2019-09-29 15:35:04,658 INFO <Response [200]>
2019-09-29 15:35:04,658 INFO <Response [200]>
2019-09-29 15:35:04,658 INFO <Response [200]>
2019-09-29 15:35:04,658 INFO <Response [200]>
2019-09-29 15:35:04,658 INFO <Response [200]>
2019-09-29 15:35:04,658 INFO <Response [200]>
2019-09-29 15:39:37,226 INFO 开始执行测试,报告输出模式text
2019-09-29 15:39:38,167 INFO in login！
2019-09-29 15:39:38,167 INFO in login！
2019-09-29 15:39:38,942 INFO response is : <Response [200]>
2019-09-29 15:39:38,942 INFO response is : <Response [200]>
2019-09-29 15:39:38,942 INFO response is : <Response [200]>
2019-09-29 15:39:38,943 INFO response is : {"data":{"refresh":"eyJ0eXAiOiJKV1QiLCJhbGciOiJIUzI1NiJ9.eyJ0b2tlbl90eXBlIjoicmVmcmVzaCIsImV4cCI6MTU2OTgyOTE3OCwianRpIjoiNDQ1MDZhMzZiZjMyNDg4NmE4Zjg5ZGMyY2FmYjcyOTAiLCJ1c2VyX2lkIjoxfQ.mLclgbB6gE-3En8aRBPzLAf3yBPOnjfXLELt2HURkc8","access":"eyJ0eXAiOiJKV1QiLCJhbGciOiJIUzI1NiJ9.eyJ0b2tlbl90eXBlIjoiYWNjZXNzIiwiZXhwIjoxNTY5NzQ2Mzc4LCJqdGkiOiI4YzgzM2IxOTk2Mjk0MDdlOWIxMDEwOGQ2MDhiMmM5ZCIsInVzZXJfaWQiOjF9.Lu0QiZ_5EB0yQB53hBKmXgLXOa-nXFYResoeBLwjU80"},"code":20000,"message":"success"}
2019-09-29 15:39:38,943 INFO response is : {"data":{"refresh":"eyJ0eXAiOiJKV1QiLCJhbGciOiJIUzI1NiJ9.eyJ0b2tlbl90eXBlIjoicmVmcmVzaCIsImV4cCI6MTU2OTgyOTE3OCwianRpIjoiNDQ1MDZhMzZiZjMyNDg4NmE4Zjg5ZGMyY2FmYjcyOTAiLCJ1c2VyX2lkIjoxfQ.mLclgbB6gE-3En8aRBPzLAf3yBPOnjfXLELt2HURkc8","access":"eyJ0eXAiOiJKV1QiLCJhbGciOiJIUzI1NiJ9.eyJ0b2tlbl90eXBlIjoiYWNjZXNzIiwiZXhwIjoxNTY5NzQ2Mzc4LCJqdGkiOiI4YzgzM2IxOTk2Mjk0MDdlOWIxMDEwOGQ2MDhiMmM5ZCIsInVzZXJfaWQiOjF9.Lu0QiZ_5EB0yQB53hBKmXgLXOa-nXFYResoeBLwjU80"},"code":20000,"message":"success"}
2019-09-29 15:39:38,943 INFO response is : {"data":{"refresh":"eyJ0eXAiOiJKV1QiLCJhbGciOiJIUzI1NiJ9.eyJ0b2tlbl90eXBlIjoicmVmcmVzaCIsImV4cCI6MTU2OTgyOTE3OCwianRpIjoiNDQ1MDZhMzZiZjMyNDg4NmE4Zjg5ZGMyY2FmYjcyOTAiLCJ1c2VyX2lkIjoxfQ.mLclgbB6gE-3En8aRBPzLAf3yBPOnjfXLELt2HURkc8","access":"eyJ0eXAiOiJKV1QiLCJhbGciOiJIUzI1NiJ9.eyJ0b2tlbl90eXBlIjoiYWNjZXNzIiwiZXhwIjoxNTY5NzQ2Mzc4LCJqdGkiOiI4YzgzM2IxOTk2Mjk0MDdlOWIxMDEwOGQ2MDhiMmM5ZCIsInVzZXJfaWQiOjF9.Lu0QiZ_5EB0yQB53hBKmXgLXOa-nXFYResoeBLwjU80"},"code":20000,"message":"success"}
2019-09-29 15:39:38,943 INFO response is : {"data":{"refresh":"eyJ0eXAiOiJKV1QiLCJhbGciOiJIUzI1NiJ9.eyJ0b2tlbl90eXBlIjoicmVmcmVzaCIsImV4cCI6MTU2OTgyOTE3OCwianRpIjoiNDQ1MDZhMzZiZjMyNDg4NmE4Zjg5ZGMyY2FmYjcyOTAiLCJ1c2VyX2lkIjoxfQ.mLclgbB6gE-3En8aRBPzLAf3yBPOnjfXLELt2HURkc8","access":"eyJ0eXAiOiJKV1QiLCJhbGciOiJIUzI1NiJ9.eyJ0b2tlbl90eXBlIjoiYWNjZXNzIiwiZXhwIjoxNTY5NzQ2Mzc4LCJqdGkiOiI4YzgzM2IxOTk2Mjk0MDdlOWIxMDEwOGQ2MDhiMmM5ZCIsInVzZXJfaWQiOjF9.Lu0QiZ_5EB0yQB53hBKmXgLXOa-nXFYResoeBLwjU80"},"code":20000,"message":"success"}
2019-09-29 15:39:38,943 INFO <Response [200]>
2019-09-29 15:39:38,943 INFO <Response [200]>
2019-09-29 15:39:38,943 INFO <Response [200]>
2019-09-29 15:39:38,943 INFO <Response [200]>
2019-09-29 15:39:38,943 INFO <Response [200]>
2019-09-29 15:39:38,945 INFO in getUserinfo heasers is :{'Content-Type': 'application/json', 'Authorization': 'eyJ0eXAiOiJKV1QiLCJhbGciOiJIUzI1NiJ9.eyJ0b2tlbl90eXBlIjoiYWNjZXNzIiwiZXhwIjoxNTY5NzQ2Mzc4LCJqdGkiOiI4YzgzM2IxOTk2Mjk0MDdlOWIxMDEwOGQ2MDhiMmM5ZCIsInVzZXJfaWQiOjF9.Lu0QiZ_5EB0yQB53hBKmXgLXOa-nXFYResoeBLwjU80'}
2019-09-29 15:39:38,945 INFO in getUserinfo heasers is :{'Content-Type': 'application/json', 'Authorization': 'eyJ0eXAiOiJKV1QiLCJhbGciOiJIUzI1NiJ9.eyJ0b2tlbl90eXBlIjoiYWNjZXNzIiwiZXhwIjoxNTY5NzQ2Mzc4LCJqdGkiOiI4YzgzM2IxOTk2Mjk0MDdlOWIxMDEwOGQ2MDhiMmM5ZCIsInVzZXJfaWQiOjF9.Lu0QiZ_5EB0yQB53hBKmXgLXOa-nXFYResoeBLwjU80'}
2019-09-29 15:39:38,945 INFO in getUserinfo heasers is :{'Content-Type': 'application/json', 'Authorization': 'eyJ0eXAiOiJKV1QiLCJhbGciOiJIUzI1NiJ9.eyJ0b2tlbl90eXBlIjoiYWNjZXNzIiwiZXhwIjoxNTY5NzQ2Mzc4LCJqdGkiOiI4YzgzM2IxOTk2Mjk0MDdlOWIxMDEwOGQ2MDhiMmM5ZCIsInVzZXJfaWQiOjF9.Lu0QiZ_5EB0yQB53hBKmXgLXOa-nXFYResoeBLwjU80'}
2019-09-29 15:39:38,945 INFO in getUserinfo heasers is :{'Content-Type': 'application/json', 'Authorization': 'eyJ0eXAiOiJKV1QiLCJhbGciOiJIUzI1NiJ9.eyJ0b2tlbl90eXBlIjoiYWNjZXNzIiwiZXhwIjoxNTY5NzQ2Mzc4LCJqdGkiOiI4YzgzM2IxOTk2Mjk0MDdlOWIxMDEwOGQ2MDhiMmM5ZCIsInVzZXJfaWQiOjF9.Lu0QiZ_5EB0yQB53hBKmXgLXOa-nXFYResoeBLwjU80'}
2019-09-29 15:39:38,945 INFO in getUserinfo heasers is :{'Content-Type': 'application/json', 'Authorization': 'eyJ0eXAiOiJKV1QiLCJhbGciOiJIUzI1NiJ9.eyJ0b2tlbl90eXBlIjoiYWNjZXNzIiwiZXhwIjoxNTY5NzQ2Mzc4LCJqdGkiOiI4YzgzM2IxOTk2Mjk0MDdlOWIxMDEwOGQ2MDhiMmM5ZCIsInVzZXJfaWQiOjF9.Lu0QiZ_5EB0yQB53hBKmXgLXOa-nXFYResoeBLwjU80'}
2019-09-29 15:39:38,945 INFO in getUserinfo heasers is :{'Content-Type': 'application/json', 'Authorization': 'eyJ0eXAiOiJKV1QiLCJhbGciOiJIUzI1NiJ9.eyJ0b2tlbl90eXBlIjoiYWNjZXNzIiwiZXhwIjoxNTY5NzQ2Mzc4LCJqdGkiOiI4YzgzM2IxOTk2Mjk0MDdlOWIxMDEwOGQ2MDhiMmM5ZCIsInVzZXJfaWQiOjF9.Lu0QiZ_5EB0yQB53hBKmXgLXOa-nXFYResoeBLwjU80'}
2019-09-29 15:39:39,353 INFO response is : <Response [404]>
2019-09-29 15:39:39,353 INFO response is : <Response [404]>
2019-09-29 15:39:39,353 INFO response is : <Response [404]>
2019-09-29 15:39:39,353 INFO response is : <Response [404]>
2019-09-29 15:39:39,353 INFO response is : <Response [404]>
2019-09-29 15:39:39,353 INFO response is : <Response [404]>
2019-09-29 15:39:39,353 INFO response is : <Response [404]>
2019-09-29 15:39:39,356 INFO <Response [404]>
2019-09-29 15:39:39,356 INFO <Response [404]>
2019-09-29 15:39:39,356 INFO <Response [404]>
2019-09-29 15:39:39,356 INFO <Response [404]>
2019-09-29 15:39:39,356 INFO <Response [404]>
2019-09-29 15:39:39,356 INFO <Response [404]>
2019-09-29 15:39:39,356 INFO <Response [404]>
2019-09-29 15:39:39,356 INFO <Response [404]>
2019-09-29 15:39:39,359 INFO in login！
2019-09-29 15:39:39,359 INFO in login！
2019-09-29 15:39:39,359 INFO in login！
2019-09-29 15:39:39,359 INFO in login！
2019-09-29 15:39:39,359 INFO in login！
2019-09-29 15:39:39,359 INFO in login！
2019-09-29 15:39:39,359 INFO in login！
2019-09-29 15:39:39,359 INFO in login！
2019-09-29 15:39:39,359 INFO in login！
2019-09-29 15:39:40,088 INFO response is : <Response [200]>
2019-09-29 15:39:40,088 INFO response is : <Response [200]>
2019-09-29 15:39:40,088 INFO response is : <Response [200]>
2019-09-29 15:39:40,088 INFO response is : <Response [200]>
2019-09-29 15:39:40,088 INFO response is : <Response [200]>
2019-09-29 15:39:40,088 INFO response is : <Response [200]>
2019-09-29 15:39:40,088 INFO response is : <Response [200]>
2019-09-29 15:39:40,088 INFO response is : <Response [200]>
2019-09-29 15:39:40,088 INFO response is : <Response [200]>
2019-09-29 15:39:40,088 INFO response is : <Response [200]>
2019-09-29 15:39:40,091 INFO response is : {"data":{"refresh":"eyJ0eXAiOiJKV1QiLCJhbGciOiJIUzI1NiJ9.eyJ0b2tlbl90eXBlIjoicmVmcmVzaCIsImV4cCI6MTU2OTgyOTE3OSwianRpIjoiMjY0NjM0YzRjODE0NDIzMGJmYWQ0Zjk3ZGU3ZDI0ZGMiLCJ1c2VyX2lkIjoxfQ.GVnwlEo3BgNlg5s11k6pWDp7I2tFrgjeDjAgjZAFUso","access":"eyJ0eXAiOiJKV1QiLCJhbGciOiJIUzI1NiJ9.eyJ0b2tlbl90eXBlIjoiYWNjZXNzIiwiZXhwIjoxNTY5NzQ2Mzc5LCJqdGkiOiI0NmYxNTc0OTJmNGI0ODkwOTJlMWE0YTI4NjUxMTUzZiIsInVzZXJfaWQiOjF9.uHfEn8_CWCBAZmh22fWjzzEsMGCqj8JCzAFKyg21bQY"},"code":20000,"message":"success"}
2019-09-29 15:39:40,091 INFO response is : {"data":{"refresh":"eyJ0eXAiOiJKV1QiLCJhbGciOiJIUzI1NiJ9.eyJ0b2tlbl90eXBlIjoicmVmcmVzaCIsImV4cCI6MTU2OTgyOTE3OSwianRpIjoiMjY0NjM0YzRjODE0NDIzMGJmYWQ0Zjk3ZGU3ZDI0ZGMiLCJ1c2VyX2lkIjoxfQ.GVnwlEo3BgNlg5s11k6pWDp7I2tFrgjeDjAgjZAFUso","access":"eyJ0eXAiOiJKV1QiLCJhbGciOiJIUzI1NiJ9.eyJ0b2tlbl90eXBlIjoiYWNjZXNzIiwiZXhwIjoxNTY5NzQ2Mzc5LCJqdGkiOiI0NmYxNTc0OTJmNGI0ODkwOTJlMWE0YTI4NjUxMTUzZiIsInVzZXJfaWQiOjF9.uHfEn8_CWCBAZmh22fWjzzEsMGCqj8JCzAFKyg21bQY"},"code":20000,"message":"success"}
2019-09-29 15:39:40,091 INFO response is : {"data":{"refresh":"eyJ0eXAiOiJKV1QiLCJhbGciOiJIUzI1NiJ9.eyJ0b2tlbl90eXBlIjoicmVmcmVzaCIsImV4cCI6MTU2OTgyOTE3OSwianRpIjoiMjY0NjM0YzRjODE0NDIzMGJmYWQ0Zjk3ZGU3ZDI0ZGMiLCJ1c2VyX2lkIjoxfQ.GVnwlEo3BgNlg5s11k6pWDp7I2tFrgjeDjAgjZAFUso","access":"eyJ0eXAiOiJKV1QiLCJhbGciOiJIUzI1NiJ9.eyJ0b2tlbl90eXBlIjoiYWNjZXNzIiwiZXhwIjoxNTY5NzQ2Mzc5LCJqdGkiOiI0NmYxNTc0OTJmNGI0ODkwOTJlMWE0YTI4NjUxMTUzZiIsInVzZXJfaWQiOjF9.uHfEn8_CWCBAZmh22fWjzzEsMGCqj8JCzAFKyg21bQY"},"code":20000,"message":"success"}
2019-09-29 15:39:40,091 INFO response is : {"data":{"refresh":"eyJ0eXAiOiJKV1QiLCJhbGciOiJIUzI1NiJ9.eyJ0b2tlbl90eXBlIjoicmVmcmVzaCIsImV4cCI6MTU2OTgyOTE3OSwianRpIjoiMjY0NjM0YzRjODE0NDIzMGJmYWQ0Zjk3ZGU3ZDI0ZGMiLCJ1c2VyX2lkIjoxfQ.GVnwlEo3BgNlg5s11k6pWDp7I2tFrgjeDjAgjZAFUso","access":"eyJ0eXAiOiJKV1QiLCJhbGciOiJIUzI1NiJ9.eyJ0b2tlbl90eXBlIjoiYWNjZXNzIiwiZXhwIjoxNTY5NzQ2Mzc5LCJqdGkiOiI0NmYxNTc0OTJmNGI0ODkwOTJlMWE0YTI4NjUxMTUzZiIsInVzZXJfaWQiOjF9.uHfEn8_CWCBAZmh22fWjzzEsMGCqj8JCzAFKyg21bQY"},"code":20000,"message":"success"}
2019-09-29 15:39:40,091 INFO response is : {"data":{"refresh":"eyJ0eXAiOiJKV1QiLCJhbGciOiJIUzI1NiJ9.eyJ0b2tlbl90eXBlIjoicmVmcmVzaCIsImV4cCI6MTU2OTgyOTE3OSwianRpIjoiMjY0NjM0YzRjODE0NDIzMGJmYWQ0Zjk3ZGU3ZDI0ZGMiLCJ1c2VyX2lkIjoxfQ.GVnwlEo3BgNlg5s11k6pWDp7I2tFrgjeDjAgjZAFUso","access":"eyJ0eXAiOiJKV1QiLCJhbGciOiJIUzI1NiJ9.eyJ0b2tlbl90eXBlIjoiYWNjZXNzIiwiZXhwIjoxNTY5NzQ2Mzc5LCJqdGkiOiI0NmYxNTc0OTJmNGI0ODkwOTJlMWE0YTI4NjUxMTUzZiIsInVzZXJfaWQiOjF9.uHfEn8_CWCBAZmh22fWjzzEsMGCqj8JCzAFKyg21bQY"},"code":20000,"message":"success"}
2019-09-29 15:39:40,091 INFO response is : {"data":{"refresh":"eyJ0eXAiOiJKV1QiLCJhbGciOiJIUzI1NiJ9.eyJ0b2tlbl90eXBlIjoicmVmcmVzaCIsImV4cCI6MTU2OTgyOTE3OSwianRpIjoiMjY0NjM0YzRjODE0NDIzMGJmYWQ0Zjk3ZGU3ZDI0ZGMiLCJ1c2VyX2lkIjoxfQ.GVnwlEo3BgNlg5s11k6pWDp7I2tFrgjeDjAgjZAFUso","access":"eyJ0eXAiOiJKV1QiLCJhbGciOiJIUzI1NiJ9.eyJ0b2tlbl90eXBlIjoiYWNjZXNzIiwiZXhwIjoxNTY5NzQ2Mzc5LCJqdGkiOiI0NmYxNTc0OTJmNGI0ODkwOTJlMWE0YTI4NjUxMTUzZiIsInVzZXJfaWQiOjF9.uHfEn8_CWCBAZmh22fWjzzEsMGCqj8JCzAFKyg21bQY"},"code":20000,"message":"success"}
2019-09-29 15:39:40,091 INFO response is : {"data":{"refresh":"eyJ0eXAiOiJKV1QiLCJhbGciOiJIUzI1NiJ9.eyJ0b2tlbl90eXBlIjoicmVmcmVzaCIsImV4cCI6MTU2OTgyOTE3OSwianRpIjoiMjY0NjM0YzRjODE0NDIzMGJmYWQ0Zjk3ZGU3ZDI0ZGMiLCJ1c2VyX2lkIjoxfQ.GVnwlEo3BgNlg5s11k6pWDp7I2tFrgjeDjAgjZAFUso","access":"eyJ0eXAiOiJKV1QiLCJhbGciOiJIUzI1NiJ9.eyJ0b2tlbl90eXBlIjoiYWNjZXNzIiwiZXhwIjoxNTY5NzQ2Mzc5LCJqdGkiOiI0NmYxNTc0OTJmNGI0ODkwOTJlMWE0YTI4NjUxMTUzZiIsInVzZXJfaWQiOjF9.uHfEn8_CWCBAZmh22fWjzzEsMGCqj8JCzAFKyg21bQY"},"code":20000,"message":"success"}
2019-09-29 15:39:40,091 INFO response is : {"data":{"refresh":"eyJ0eXAiOiJKV1QiLCJhbGciOiJIUzI1NiJ9.eyJ0b2tlbl90eXBlIjoicmVmcmVzaCIsImV4cCI6MTU2OTgyOTE3OSwianRpIjoiMjY0NjM0YzRjODE0NDIzMGJmYWQ0Zjk3ZGU3ZDI0ZGMiLCJ1c2VyX2lkIjoxfQ.GVnwlEo3BgNlg5s11k6pWDp7I2tFrgjeDjAgjZAFUso","access":"eyJ0eXAiOiJKV1QiLCJhbGciOiJIUzI1NiJ9.eyJ0b2tlbl90eXBlIjoiYWNjZXNzIiwiZXhwIjoxNTY5NzQ2Mzc5LCJqdGkiOiI0NmYxNTc0OTJmNGI0ODkwOTJlMWE0YTI4NjUxMTUzZiIsInVzZXJfaWQiOjF9.uHfEn8_CWCBAZmh22fWjzzEsMGCqj8JCzAFKyg21bQY"},"code":20000,"message":"success"}
2019-09-29 15:39:40,091 INFO response is : {"data":{"refresh":"eyJ0eXAiOiJKV1QiLCJhbGciOiJIUzI1NiJ9.eyJ0b2tlbl90eXBlIjoicmVmcmVzaCIsImV4cCI6MTU2OTgyOTE3OSwianRpIjoiMjY0NjM0YzRjODE0NDIzMGJmYWQ0Zjk3ZGU3ZDI0ZGMiLCJ1c2VyX2lkIjoxfQ.GVnwlEo3BgNlg5s11k6pWDp7I2tFrgjeDjAgjZAFUso","access":"eyJ0eXAiOiJKV1QiLCJhbGciOiJIUzI1NiJ9.eyJ0b2tlbl90eXBlIjoiYWNjZXNzIiwiZXhwIjoxNTY5NzQ2Mzc5LCJqdGkiOiI0NmYxNTc0OTJmNGI0ODkwOTJlMWE0YTI4NjUxMTUzZiIsInVzZXJfaWQiOjF9.uHfEn8_CWCBAZmh22fWjzzEsMGCqj8JCzAFKyg21bQY"},"code":20000,"message":"success"}
2019-09-29 15:39:40,091 INFO response is : {"data":{"refresh":"eyJ0eXAiOiJKV1QiLCJhbGciOiJIUzI1NiJ9.eyJ0b2tlbl90eXBlIjoicmVmcmVzaCIsImV4cCI6MTU2OTgyOTE3OSwianRpIjoiMjY0NjM0YzRjODE0NDIzMGJmYWQ0Zjk3ZGU3ZDI0ZGMiLCJ1c2VyX2lkIjoxfQ.GVnwlEo3BgNlg5s11k6pWDp7I2tFrgjeDjAgjZAFUso","access":"eyJ0eXAiOiJKV1QiLCJhbGciOiJIUzI1NiJ9.eyJ0b2tlbl90eXBlIjoiYWNjZXNzIiwiZXhwIjoxNTY5NzQ2Mzc5LCJqdGkiOiI0NmYxNTc0OTJmNGI0ODkwOTJlMWE0YTI4NjUxMTUzZiIsInVzZXJfaWQiOjF9.uHfEn8_CWCBAZmh22fWjzzEsMGCqj8JCzAFKyg21bQY"},"code":20000,"message":"success"}
2019-09-29 15:39:40,091 INFO response is : {"data":{"refresh":"eyJ0eXAiOiJKV1QiLCJhbGciOiJIUzI1NiJ9.eyJ0b2tlbl90eXBlIjoicmVmcmVzaCIsImV4cCI6MTU2OTgyOTE3OSwianRpIjoiMjY0NjM0YzRjODE0NDIzMGJmYWQ0Zjk3ZGU3ZDI0ZGMiLCJ1c2VyX2lkIjoxfQ.GVnwlEo3BgNlg5s11k6pWDp7I2tFrgjeDjAgjZAFUso","access":"eyJ0eXAiOiJKV1QiLCJhbGciOiJIUzI1NiJ9.eyJ0b2tlbl90eXBlIjoiYWNjZXNzIiwiZXhwIjoxNTY5NzQ2Mzc5LCJqdGkiOiI0NmYxNTc0OTJmNGI0ODkwOTJlMWE0YTI4NjUxMTUzZiIsInVzZXJfaWQiOjF9.uHfEn8_CWCBAZmh22fWjzzEsMGCqj8JCzAFKyg21bQY"},"code":20000,"message":"success"}
2019-09-29 15:39:40,092 INFO <Response [200]>
2019-09-29 15:39:40,092 INFO <Response [200]>
2019-09-29 15:39:40,092 INFO <Response [200]>
2019-09-29 15:39:40,092 INFO <Response [200]>
2019-09-29 15:39:40,092 INFO <Response [200]>
2019-09-29 15:39:40,092 INFO <Response [200]>
2019-09-29 15:39:40,092 INFO <Response [200]>
2019-09-29 15:39:40,092 INFO <Response [200]>
2019-09-29 15:39:40,092 INFO <Response [200]>
2019-09-29 15:39:40,092 INFO <Response [200]>
2019-09-29 15:39:40,092 INFO <Response [200]>
2019-09-29 15:39:40,092 INFO <Response [200]>
2019-09-29 15:39:40,094 INFO in login！
2019-09-29 15:39:40,094 INFO in login！
2019-09-29 15:39:40,094 INFO in login！
2019-09-29 15:39:40,094 INFO in login！
2019-09-29 15:39:40,094 INFO in login！
2019-09-29 15:39:40,094 INFO in login！
2019-09-29 15:39:40,094 INFO in login！
2019-09-29 15:39:40,094 INFO in login！
2019-09-29 15:39:40,094 INFO in login！
2019-09-29 15:39:40,094 INFO in login！
2019-09-29 15:39:40,094 INFO in login！
2019-09-29 15:39:40,094 INFO in login！
2019-09-29 15:39:40,094 INFO in login！
2019-09-29 15:39:40,673 INFO response is : <Response [200]>
2019-09-29 15:39:40,673 INFO response is : <Response [200]>
2019-09-29 15:39:40,673 INFO response is : <Response [200]>
2019-09-29 15:39:40,673 INFO response is : <Response [200]>
2019-09-29 15:39:40,673 INFO response is : <Response [200]>
2019-09-29 15:39:40,673 INFO response is : <Response [200]>
2019-09-29 15:39:40,673 INFO response is : <Response [200]>
2019-09-29 15:39:40,673 INFO response is : <Response [200]>
2019-09-29 15:39:40,673 INFO response is : <Response [200]>
2019-09-29 15:39:40,673 INFO response is : <Response [200]>
2019-09-29 15:39:40,673 INFO response is : <Response [200]>
2019-09-29 15:39:40,673 INFO response is : <Response [200]>
2019-09-29 15:39:40,673 INFO response is : <Response [200]>
2019-09-29 15:39:40,673 INFO response is : <Response [200]>
2019-09-29 15:39:40,675 INFO response is : {"data":{"refresh":"eyJ0eXAiOiJKV1QiLCJhbGciOiJIUzI1NiJ9.eyJ0b2tlbl90eXBlIjoicmVmcmVzaCIsImV4cCI6MTU2OTgyOTE4MCwianRpIjoiYmVhZTM5ZDA2NzFkNDQ5NzgyOTBiMGNhMDQ2YTE2ZjUiLCJ1c2VyX2lkIjoxfQ.29z1g7KgbKFUrETcRf1yZBvahgs8askvrFn1_5Oivl0","access":"eyJ0eXAiOiJKV1QiLCJhbGciOiJIUzI1NiJ9.eyJ0b2tlbl90eXBlIjoiYWNjZXNzIiwiZXhwIjoxNTY5NzQ2MzgwLCJqdGkiOiI5ZWNkZDA4OGE2NzI0NTlhYjU0ZjY5YzRkNDgxNWJjYSIsInVzZXJfaWQiOjF9.-89S17FtJ4NOKT890T3j7uw2nEOzmiDqKBEk1xXGjlM"},"code":20000,"message":"success"}
2019-09-29 15:39:40,675 INFO response is : {"data":{"refresh":"eyJ0eXAiOiJKV1QiLCJhbGciOiJIUzI1NiJ9.eyJ0b2tlbl90eXBlIjoicmVmcmVzaCIsImV4cCI6MTU2OTgyOTE4MCwianRpIjoiYmVhZTM5ZDA2NzFkNDQ5NzgyOTBiMGNhMDQ2YTE2ZjUiLCJ1c2VyX2lkIjoxfQ.29z1g7KgbKFUrETcRf1yZBvahgs8askvrFn1_5Oivl0","access":"eyJ0eXAiOiJKV1QiLCJhbGciOiJIUzI1NiJ9.eyJ0b2tlbl90eXBlIjoiYWNjZXNzIiwiZXhwIjoxNTY5NzQ2MzgwLCJqdGkiOiI5ZWNkZDA4OGE2NzI0NTlhYjU0ZjY5YzRkNDgxNWJjYSIsInVzZXJfaWQiOjF9.-89S17FtJ4NOKT890T3j7uw2nEOzmiDqKBEk1xXGjlM"},"code":20000,"message":"success"}
2019-09-29 15:39:40,675 INFO response is : {"data":{"refresh":"eyJ0eXAiOiJKV1QiLCJhbGciOiJIUzI1NiJ9.eyJ0b2tlbl90eXBlIjoicmVmcmVzaCIsImV4cCI6MTU2OTgyOTE4MCwianRpIjoiYmVhZTM5ZDA2NzFkNDQ5NzgyOTBiMGNhMDQ2YTE2ZjUiLCJ1c2VyX2lkIjoxfQ.29z1g7KgbKFUrETcRf1yZBvahgs8askvrFn1_5Oivl0","access":"eyJ0eXAiOiJKV1QiLCJhbGciOiJIUzI1NiJ9.eyJ0b2tlbl90eXBlIjoiYWNjZXNzIiwiZXhwIjoxNTY5NzQ2MzgwLCJqdGkiOiI5ZWNkZDA4OGE2NzI0NTlhYjU0ZjY5YzRkNDgxNWJjYSIsInVzZXJfaWQiOjF9.-89S17FtJ4NOKT890T3j7uw2nEOzmiDqKBEk1xXGjlM"},"code":20000,"message":"success"}
2019-09-29 15:39:40,675 INFO response is : {"data":{"refresh":"eyJ0eXAiOiJKV1QiLCJhbGciOiJIUzI1NiJ9.eyJ0b2tlbl90eXBlIjoicmVmcmVzaCIsImV4cCI6MTU2OTgyOTE4MCwianRpIjoiYmVhZTM5ZDA2NzFkNDQ5NzgyOTBiMGNhMDQ2YTE2ZjUiLCJ1c2VyX2lkIjoxfQ.29z1g7KgbKFUrETcRf1yZBvahgs8askvrFn1_5Oivl0","access":"eyJ0eXAiOiJKV1QiLCJhbGciOiJIUzI1NiJ9.eyJ0b2tlbl90eXBlIjoiYWNjZXNzIiwiZXhwIjoxNTY5NzQ2MzgwLCJqdGkiOiI5ZWNkZDA4OGE2NzI0NTlhYjU0ZjY5YzRkNDgxNWJjYSIsInVzZXJfaWQiOjF9.-89S17FtJ4NOKT890T3j7uw2nEOzmiDqKBEk1xXGjlM"},"code":20000,"message":"success"}
2019-09-29 15:39:40,675 INFO response is : {"data":{"refresh":"eyJ0eXAiOiJKV1QiLCJhbGciOiJIUzI1NiJ9.eyJ0b2tlbl90eXBlIjoicmVmcmVzaCIsImV4cCI6MTU2OTgyOTE4MCwianRpIjoiYmVhZTM5ZDA2NzFkNDQ5NzgyOTBiMGNhMDQ2YTE2ZjUiLCJ1c2VyX2lkIjoxfQ.29z1g7KgbKFUrETcRf1yZBvahgs8askvrFn1_5Oivl0","access":"eyJ0eXAiOiJKV1QiLCJhbGciOiJIUzI1NiJ9.eyJ0b2tlbl90eXBlIjoiYWNjZXNzIiwiZXhwIjoxNTY5NzQ2MzgwLCJqdGkiOiI5ZWNkZDA4OGE2NzI0NTlhYjU0ZjY5YzRkNDgxNWJjYSIsInVzZXJfaWQiOjF9.-89S17FtJ4NOKT890T3j7uw2nEOzmiDqKBEk1xXGjlM"},"code":20000,"message":"success"}
2019-09-29 15:39:40,675 INFO response is : {"data":{"refresh":"eyJ0eXAiOiJKV1QiLCJhbGciOiJIUzI1NiJ9.eyJ0b2tlbl90eXBlIjoicmVmcmVzaCIsImV4cCI6MTU2OTgyOTE4MCwianRpIjoiYmVhZTM5ZDA2NzFkNDQ5NzgyOTBiMGNhMDQ2YTE2ZjUiLCJ1c2VyX2lkIjoxfQ.29z1g7KgbKFUrETcRf1yZBvahgs8askvrFn1_5Oivl0","access":"eyJ0eXAiOiJKV1QiLCJhbGciOiJIUzI1NiJ9.eyJ0b2tlbl90eXBlIjoiYWNjZXNzIiwiZXhwIjoxNTY5NzQ2MzgwLCJqdGkiOiI5ZWNkZDA4OGE2NzI0NTlhYjU0ZjY5YzRkNDgxNWJjYSIsInVzZXJfaWQiOjF9.-89S17FtJ4NOKT890T3j7uw2nEOzmiDqKBEk1xXGjlM"},"code":20000,"message":"success"}
2019-09-29 15:39:40,675 INFO response is : {"data":{"refresh":"eyJ0eXAiOiJKV1QiLCJhbGciOiJIUzI1NiJ9.eyJ0b2tlbl90eXBlIjoicmVmcmVzaCIsImV4cCI6MTU2OTgyOTE4MCwianRpIjoiYmVhZTM5ZDA2NzFkNDQ5NzgyOTBiMGNhMDQ2YTE2ZjUiLCJ1c2VyX2lkIjoxfQ.29z1g7KgbKFUrETcRf1yZBvahgs8askvrFn1_5Oivl0","access":"eyJ0eXAiOiJKV1QiLCJhbGciOiJIUzI1NiJ9.eyJ0b2tlbl90eXBlIjoiYWNjZXNzIiwiZXhwIjoxNTY5NzQ2MzgwLCJqdGkiOiI5ZWNkZDA4OGE2NzI0NTlhYjU0ZjY5YzRkNDgxNWJjYSIsInVzZXJfaWQiOjF9.-89S17FtJ4NOKT890T3j7uw2nEOzmiDqKBEk1xXGjlM"},"code":20000,"message":"success"}
2019-09-29 15:39:40,675 INFO response is : {"data":{"refresh":"eyJ0eXAiOiJKV1QiLCJhbGciOiJIUzI1NiJ9.eyJ0b2tlbl90eXBlIjoicmVmcmVzaCIsImV4cCI6MTU2OTgyOTE4MCwianRpIjoiYmVhZTM5ZDA2NzFkNDQ5NzgyOTBiMGNhMDQ2YTE2ZjUiLCJ1c2VyX2lkIjoxfQ.29z1g7KgbKFUrETcRf1yZBvahgs8askvrFn1_5Oivl0","access":"eyJ0eXAiOiJKV1QiLCJhbGciOiJIUzI1NiJ9.eyJ0b2tlbl90eXBlIjoiYWNjZXNzIiwiZXhwIjoxNTY5NzQ2MzgwLCJqdGkiOiI5ZWNkZDA4OGE2NzI0NTlhYjU0ZjY5YzRkNDgxNWJjYSIsInVzZXJfaWQiOjF9.-89S17FtJ4NOKT890T3j7uw2nEOzmiDqKBEk1xXGjlM"},"code":20000,"message":"success"}
2019-09-29 15:39:40,675 INFO response is : {"data":{"refresh":"eyJ0eXAiOiJKV1QiLCJhbGciOiJIUzI1NiJ9.eyJ0b2tlbl90eXBlIjoicmVmcmVzaCIsImV4cCI6MTU2OTgyOTE4MCwianRpIjoiYmVhZTM5ZDA2NzFkNDQ5NzgyOTBiMGNhMDQ2YTE2ZjUiLCJ1c2VyX2lkIjoxfQ.29z1g7KgbKFUrETcRf1yZBvahgs8askvrFn1_5Oivl0","access":"eyJ0eXAiOiJKV1QiLCJhbGciOiJIUzI1NiJ9.eyJ0b2tlbl90eXBlIjoiYWNjZXNzIiwiZXhwIjoxNTY5NzQ2MzgwLCJqdGkiOiI5ZWNkZDA4OGE2NzI0NTlhYjU0ZjY5YzRkNDgxNWJjYSIsInVzZXJfaWQiOjF9.-89S17FtJ4NOKT890T3j7uw2nEOzmiDqKBEk1xXGjlM"},"code":20000,"message":"success"}
2019-09-29 15:39:40,675 INFO response is : {"data":{"refresh":"eyJ0eXAiOiJKV1QiLCJhbGciOiJIUzI1NiJ9.eyJ0b2tlbl90eXBlIjoicmVmcmVzaCIsImV4cCI6MTU2OTgyOTE4MCwianRpIjoiYmVhZTM5ZDA2NzFkNDQ5NzgyOTBiMGNhMDQ2YTE2ZjUiLCJ1c2VyX2lkIjoxfQ.29z1g7KgbKFUrETcRf1yZBvahgs8askvrFn1_5Oivl0","access":"eyJ0eXAiOiJKV1QiLCJhbGciOiJIUzI1NiJ9.eyJ0b2tlbl90eXBlIjoiYWNjZXNzIiwiZXhwIjoxNTY5NzQ2MzgwLCJqdGkiOiI5ZWNkZDA4OGE2NzI0NTlhYjU0ZjY5YzRkNDgxNWJjYSIsInVzZXJfaWQiOjF9.-89S17FtJ4NOKT890T3j7uw2nEOzmiDqKBEk1xXGjlM"},"code":20000,"message":"success"}
2019-09-29 15:39:40,675 INFO response is : {"data":{"refresh":"eyJ0eXAiOiJKV1QiLCJhbGciOiJIUzI1NiJ9.eyJ0b2tlbl90eXBlIjoicmVmcmVzaCIsImV4cCI6MTU2OTgyOTE4MCwianRpIjoiYmVhZTM5ZDA2NzFkNDQ5NzgyOTBiMGNhMDQ2YTE2ZjUiLCJ1c2VyX2lkIjoxfQ.29z1g7KgbKFUrETcRf1yZBvahgs8askvrFn1_5Oivl0","access":"eyJ0eXAiOiJKV1QiLCJhbGciOiJIUzI1NiJ9.eyJ0b2tlbl90eXBlIjoiYWNjZXNzIiwiZXhwIjoxNTY5NzQ2MzgwLCJqdGkiOiI5ZWNkZDA4OGE2NzI0NTlhYjU0ZjY5YzRkNDgxNWJjYSIsInVzZXJfaWQiOjF9.-89S17FtJ4NOKT890T3j7uw2nEOzmiDqKBEk1xXGjlM"},"code":20000,"message":"success"}
2019-09-29 15:39:40,675 INFO response is : {"data":{"refresh":"eyJ0eXAiOiJKV1QiLCJhbGciOiJIUzI1NiJ9.eyJ0b2tlbl90eXBlIjoicmVmcmVzaCIsImV4cCI6MTU2OTgyOTE4MCwianRpIjoiYmVhZTM5ZDA2NzFkNDQ5NzgyOTBiMGNhMDQ2YTE2ZjUiLCJ1c2VyX2lkIjoxfQ.29z1g7KgbKFUrETcRf1yZBvahgs8askvrFn1_5Oivl0","access":"eyJ0eXAiOiJKV1QiLCJhbGciOiJIUzI1NiJ9.eyJ0b2tlbl90eXBlIjoiYWNjZXNzIiwiZXhwIjoxNTY5NzQ2MzgwLCJqdGkiOiI5ZWNkZDA4OGE2NzI0NTlhYjU0ZjY5YzRkNDgxNWJjYSIsInVzZXJfaWQiOjF9.-89S17FtJ4NOKT890T3j7uw2nEOzmiDqKBEk1xXGjlM"},"code":20000,"message":"success"}
2019-09-29 15:39:40,675 INFO response is : {"data":{"refresh":"eyJ0eXAiOiJKV1QiLCJhbGciOiJIUzI1NiJ9.eyJ0b2tlbl90eXBlIjoicmVmcmVzaCIsImV4cCI6MTU2OTgyOTE4MCwianRpIjoiYmVhZTM5ZDA2NzFkNDQ5NzgyOTBiMGNhMDQ2YTE2ZjUiLCJ1c2VyX2lkIjoxfQ.29z1g7KgbKFUrETcRf1yZBvahgs8askvrFn1_5Oivl0","access":"eyJ0eXAiOiJKV1QiLCJhbGciOiJIUzI1NiJ9.eyJ0b2tlbl90eXBlIjoiYWNjZXNzIiwiZXhwIjoxNTY5NzQ2MzgwLCJqdGkiOiI5ZWNkZDA4OGE2NzI0NTlhYjU0ZjY5YzRkNDgxNWJjYSIsInVzZXJfaWQiOjF9.-89S17FtJ4NOKT890T3j7uw2nEOzmiDqKBEk1xXGjlM"},"code":20000,"message":"success"}
2019-09-29 15:39:40,675 INFO response is : {"data":{"refresh":"eyJ0eXAiOiJKV1QiLCJhbGciOiJIUzI1NiJ9.eyJ0b2tlbl90eXBlIjoicmVmcmVzaCIsImV4cCI6MTU2OTgyOTE4MCwianRpIjoiYmVhZTM5ZDA2NzFkNDQ5NzgyOTBiMGNhMDQ2YTE2ZjUiLCJ1c2VyX2lkIjoxfQ.29z1g7KgbKFUrETcRf1yZBvahgs8askvrFn1_5Oivl0","access":"eyJ0eXAiOiJKV1QiLCJhbGciOiJIUzI1NiJ9.eyJ0b2tlbl90eXBlIjoiYWNjZXNzIiwiZXhwIjoxNTY5NzQ2MzgwLCJqdGkiOiI5ZWNkZDA4OGE2NzI0NTlhYjU0ZjY5YzRkNDgxNWJjYSIsInVzZXJfaWQiOjF9.-89S17FtJ4NOKT890T3j7uw2nEOzmiDqKBEk1xXGjlM"},"code":20000,"message":"success"}
2019-09-29 15:39:40,675 INFO response is : {"data":{"refresh":"eyJ0eXAiOiJKV1QiLCJhbGciOiJIUzI1NiJ9.eyJ0b2tlbl90eXBlIjoicmVmcmVzaCIsImV4cCI6MTU2OTgyOTE4MCwianRpIjoiYmVhZTM5ZDA2NzFkNDQ5NzgyOTBiMGNhMDQ2YTE2ZjUiLCJ1c2VyX2lkIjoxfQ.29z1g7KgbKFUrETcRf1yZBvahgs8askvrFn1_5Oivl0","access":"eyJ0eXAiOiJKV1QiLCJhbGciOiJIUzI1NiJ9.eyJ0b2tlbl90eXBlIjoiYWNjZXNzIiwiZXhwIjoxNTY5NzQ2MzgwLCJqdGkiOiI5ZWNkZDA4OGE2NzI0NTlhYjU0ZjY5YzRkNDgxNWJjYSIsInVzZXJfaWQiOjF9.-89S17FtJ4NOKT890T3j7uw2nEOzmiDqKBEk1xXGjlM"},"code":20000,"message":"success"}
2019-09-29 15:39:40,681 INFO <Response [200]>
2019-09-29 15:39:40,681 INFO <Response [200]>
2019-09-29 15:39:40,681 INFO <Response [200]>
2019-09-29 15:39:40,681 INFO <Response [200]>
2019-09-29 15:39:40,681 INFO <Response [200]>
2019-09-29 15:39:40,681 INFO <Response [200]>
2019-09-29 15:39:40,681 INFO <Response [200]>
2019-09-29 15:39:40,681 INFO <Response [200]>
2019-09-29 15:39:40,681 INFO <Response [200]>
2019-09-29 15:39:40,681 INFO <Response [200]>
2019-09-29 15:39:40,681 INFO <Response [200]>
2019-09-29 15:39:40,681 INFO <Response [200]>
2019-09-29 15:39:40,681 INFO <Response [200]>
2019-09-29 15:39:40,681 INFO <Response [200]>
2019-09-29 15:39:40,681 INFO <Response [200]>
2019-09-29 15:39:40,681 INFO <Response [200]>
2019-09-29 15:40:01,666 INFO 开始执行测试,报告输出模式text
2019-09-29 15:40:02,277 INFO in login！
2019-09-29 15:40:02,277 INFO in login！
2019-09-29 15:40:02,939 INFO response is : <Response [200]>
2019-09-29 15:40:02,939 INFO response is : <Response [200]>
2019-09-29 15:40:02,939 INFO response is : <Response [200]>
2019-09-29 15:40:02,942 INFO response is : {"data":{"refresh":"eyJ0eXAiOiJKV1QiLCJhbGciOiJIUzI1NiJ9.eyJ0b2tlbl90eXBlIjoicmVmcmVzaCIsImV4cCI6MTU2OTgyOTIwMiwianRpIjoiMDAyODJjMmQ0MjQ1NDQzOGEwYjlkNmNmOTljMDI4MTciLCJ1c2VyX2lkIjoxfQ.YE137barNXfg9QQZH5efyjVKr5fMazLpZtnSLWssY58","access":"eyJ0eXAiOiJKV1QiLCJhbGciOiJIUzI1NiJ9.eyJ0b2tlbl90eXBlIjoiYWNjZXNzIiwiZXhwIjoxNTY5NzQ2NDAyLCJqdGkiOiIxMjM5YTM5M2RiN2U0MGVlYmEyYTgyNjVhZGI3YmNhMyIsInVzZXJfaWQiOjF9.8wZsTg_l65iAqm3JkCxjvNc3Zhhv00M5NrgyZUt1SA4"},"code":20000,"message":"success"}
2019-09-29 15:40:02,942 INFO response is : {"data":{"refresh":"eyJ0eXAiOiJKV1QiLCJhbGciOiJIUzI1NiJ9.eyJ0b2tlbl90eXBlIjoicmVmcmVzaCIsImV4cCI6MTU2OTgyOTIwMiwianRpIjoiMDAyODJjMmQ0MjQ1NDQzOGEwYjlkNmNmOTljMDI4MTciLCJ1c2VyX2lkIjoxfQ.YE137barNXfg9QQZH5efyjVKr5fMazLpZtnSLWssY58","access":"eyJ0eXAiOiJKV1QiLCJhbGciOiJIUzI1NiJ9.eyJ0b2tlbl90eXBlIjoiYWNjZXNzIiwiZXhwIjoxNTY5NzQ2NDAyLCJqdGkiOiIxMjM5YTM5M2RiN2U0MGVlYmEyYTgyNjVhZGI3YmNhMyIsInVzZXJfaWQiOjF9.8wZsTg_l65iAqm3JkCxjvNc3Zhhv00M5NrgyZUt1SA4"},"code":20000,"message":"success"}
2019-09-29 15:40:02,942 INFO response is : {"data":{"refresh":"eyJ0eXAiOiJKV1QiLCJhbGciOiJIUzI1NiJ9.eyJ0b2tlbl90eXBlIjoicmVmcmVzaCIsImV4cCI6MTU2OTgyOTIwMiwianRpIjoiMDAyODJjMmQ0MjQ1NDQzOGEwYjlkNmNmOTljMDI4MTciLCJ1c2VyX2lkIjoxfQ.YE137barNXfg9QQZH5efyjVKr5fMazLpZtnSLWssY58","access":"eyJ0eXAiOiJKV1QiLCJhbGciOiJIUzI1NiJ9.eyJ0b2tlbl90eXBlIjoiYWNjZXNzIiwiZXhwIjoxNTY5NzQ2NDAyLCJqdGkiOiIxMjM5YTM5M2RiN2U0MGVlYmEyYTgyNjVhZGI3YmNhMyIsInVzZXJfaWQiOjF9.8wZsTg_l65iAqm3JkCxjvNc3Zhhv00M5NrgyZUt1SA4"},"code":20000,"message":"success"}
2019-09-29 15:40:02,942 INFO response is : {"data":{"refresh":"eyJ0eXAiOiJKV1QiLCJhbGciOiJIUzI1NiJ9.eyJ0b2tlbl90eXBlIjoicmVmcmVzaCIsImV4cCI6MTU2OTgyOTIwMiwianRpIjoiMDAyODJjMmQ0MjQ1NDQzOGEwYjlkNmNmOTljMDI4MTciLCJ1c2VyX2lkIjoxfQ.YE137barNXfg9QQZH5efyjVKr5fMazLpZtnSLWssY58","access":"eyJ0eXAiOiJKV1QiLCJhbGciOiJIUzI1NiJ9.eyJ0b2tlbl90eXBlIjoiYWNjZXNzIiwiZXhwIjoxNTY5NzQ2NDAyLCJqdGkiOiIxMjM5YTM5M2RiN2U0MGVlYmEyYTgyNjVhZGI3YmNhMyIsInVzZXJfaWQiOjF9.8wZsTg_l65iAqm3JkCxjvNc3Zhhv00M5NrgyZUt1SA4"},"code":20000,"message":"success"}
2019-09-29 15:40:02,945 INFO <Response [200]>
2019-09-29 15:40:02,945 INFO <Response [200]>
2019-09-29 15:40:02,945 INFO <Response [200]>
2019-09-29 15:40:02,945 INFO <Response [200]>
2019-09-29 15:40:02,945 INFO <Response [200]>
2019-09-29 15:40:02,948 INFO in getUserinfo heasers is :{'Content-Type': 'application/json', 'Authorization': 'eyJ0eXAiOiJKV1QiLCJhbGciOiJIUzI1NiJ9.eyJ0b2tlbl90eXBlIjoiYWNjZXNzIiwiZXhwIjoxNTY5NzQ2NDAyLCJqdGkiOiIxMjM5YTM5M2RiN2U0MGVlYmEyYTgyNjVhZGI3YmNhMyIsInVzZXJfaWQiOjF9.8wZsTg_l65iAqm3JkCxjvNc3Zhhv00M5NrgyZUt1SA4'}
2019-09-29 15:40:02,948 INFO in getUserinfo heasers is :{'Content-Type': 'application/json', 'Authorization': 'eyJ0eXAiOiJKV1QiLCJhbGciOiJIUzI1NiJ9.eyJ0b2tlbl90eXBlIjoiYWNjZXNzIiwiZXhwIjoxNTY5NzQ2NDAyLCJqdGkiOiIxMjM5YTM5M2RiN2U0MGVlYmEyYTgyNjVhZGI3YmNhMyIsInVzZXJfaWQiOjF9.8wZsTg_l65iAqm3JkCxjvNc3Zhhv00M5NrgyZUt1SA4'}
2019-09-29 15:40:02,948 INFO in getUserinfo heasers is :{'Content-Type': 'application/json', 'Authorization': 'eyJ0eXAiOiJKV1QiLCJhbGciOiJIUzI1NiJ9.eyJ0b2tlbl90eXBlIjoiYWNjZXNzIiwiZXhwIjoxNTY5NzQ2NDAyLCJqdGkiOiIxMjM5YTM5M2RiN2U0MGVlYmEyYTgyNjVhZGI3YmNhMyIsInVzZXJfaWQiOjF9.8wZsTg_l65iAqm3JkCxjvNc3Zhhv00M5NrgyZUt1SA4'}
2019-09-29 15:40:02,948 INFO in getUserinfo heasers is :{'Content-Type': 'application/json', 'Authorization': 'eyJ0eXAiOiJKV1QiLCJhbGciOiJIUzI1NiJ9.eyJ0b2tlbl90eXBlIjoiYWNjZXNzIiwiZXhwIjoxNTY5NzQ2NDAyLCJqdGkiOiIxMjM5YTM5M2RiN2U0MGVlYmEyYTgyNjVhZGI3YmNhMyIsInVzZXJfaWQiOjF9.8wZsTg_l65iAqm3JkCxjvNc3Zhhv00M5NrgyZUt1SA4'}
2019-09-29 15:40:02,948 INFO in getUserinfo heasers is :{'Content-Type': 'application/json', 'Authorization': 'eyJ0eXAiOiJKV1QiLCJhbGciOiJIUzI1NiJ9.eyJ0b2tlbl90eXBlIjoiYWNjZXNzIiwiZXhwIjoxNTY5NzQ2NDAyLCJqdGkiOiIxMjM5YTM5M2RiN2U0MGVlYmEyYTgyNjVhZGI3YmNhMyIsInVzZXJfaWQiOjF9.8wZsTg_l65iAqm3JkCxjvNc3Zhhv00M5NrgyZUt1SA4'}
2019-09-29 15:40:02,948 INFO in getUserinfo heasers is :{'Content-Type': 'application/json', 'Authorization': 'eyJ0eXAiOiJKV1QiLCJhbGciOiJIUzI1NiJ9.eyJ0b2tlbl90eXBlIjoiYWNjZXNzIiwiZXhwIjoxNTY5NzQ2NDAyLCJqdGkiOiIxMjM5YTM5M2RiN2U0MGVlYmEyYTgyNjVhZGI3YmNhMyIsInVzZXJfaWQiOjF9.8wZsTg_l65iAqm3JkCxjvNc3Zhhv00M5NrgyZUt1SA4'}
2019-09-29 15:40:03,313 INFO response is : <Response [404]>
2019-09-29 15:40:03,313 INFO response is : <Response [404]>
2019-09-29 15:40:03,313 INFO response is : <Response [404]>
2019-09-29 15:40:03,313 INFO response is : <Response [404]>
2019-09-29 15:40:03,313 INFO response is : <Response [404]>
2019-09-29 15:40:03,313 INFO response is : <Response [404]>
2019-09-29 15:40:03,313 INFO response is : <Response [404]>
2019-09-29 15:40:03,314 INFO <Response [404]>
2019-09-29 15:40:03,314 INFO <Response [404]>
2019-09-29 15:40:03,314 INFO <Response [404]>
2019-09-29 15:40:03,314 INFO <Response [404]>
2019-09-29 15:40:03,314 INFO <Response [404]>
2019-09-29 15:40:03,314 INFO <Response [404]>
2019-09-29 15:40:03,314 INFO <Response [404]>
2019-09-29 15:40:03,314 INFO <Response [404]>
2019-09-29 15:40:03,316 INFO in login！
2019-09-29 15:40:03,316 INFO in login！
2019-09-29 15:40:03,316 INFO in login！
2019-09-29 15:40:03,316 INFO in login！
2019-09-29 15:40:03,316 INFO in login！
2019-09-29 15:40:03,316 INFO in login！
2019-09-29 15:40:03,316 INFO in login！
2019-09-29 15:40:03,316 INFO in login！
2019-09-29 15:40:03,316 INFO in login！
2019-09-29 15:40:04,089 INFO response is : <Response [200]>
2019-09-29 15:40:04,089 INFO response is : <Response [200]>
2019-09-29 15:40:04,089 INFO response is : <Response [200]>
2019-09-29 15:40:04,089 INFO response is : <Response [200]>
2019-09-29 15:40:04,089 INFO response is : <Response [200]>
2019-09-29 15:40:04,089 INFO response is : <Response [200]>
2019-09-29 15:40:04,089 INFO response is : <Response [200]>
2019-09-29 15:40:04,089 INFO response is : <Response [200]>
2019-09-29 15:40:04,089 INFO response is : <Response [200]>
2019-09-29 15:40:04,089 INFO response is : <Response [200]>
2019-09-29 15:40:04,091 INFO response is : {"data":{"refresh":"eyJ0eXAiOiJKV1QiLCJhbGciOiJIUzI1NiJ9.eyJ0b2tlbl90eXBlIjoicmVmcmVzaCIsImV4cCI6MTU2OTgyOTIwMywianRpIjoiOTE3ZTlkOGJhZWNhNGYyMzg4ZWY0ODNhNWNjNTA4OWUiLCJ1c2VyX2lkIjoxfQ.cR7Mti2lSmOX0ie4Qea2eTVFu-i752Z4uFdC_2oLVVE","access":"eyJ0eXAiOiJKV1QiLCJhbGciOiJIUzI1NiJ9.eyJ0b2tlbl90eXBlIjoiYWNjZXNzIiwiZXhwIjoxNTY5NzQ2NDAzLCJqdGkiOiI2OTgxM2FjZmEzZDA0NzZhYTQ4ZWE0N2UzNzA5MWFkNyIsInVzZXJfaWQiOjF9.HF6V6BUnG7TAybGX0NEZFUfikl3S7uYHVoe1dSPbIV8"},"code":20000,"message":"success"}
2019-09-29 15:40:04,091 INFO response is : {"data":{"refresh":"eyJ0eXAiOiJKV1QiLCJhbGciOiJIUzI1NiJ9.eyJ0b2tlbl90eXBlIjoicmVmcmVzaCIsImV4cCI6MTU2OTgyOTIwMywianRpIjoiOTE3ZTlkOGJhZWNhNGYyMzg4ZWY0ODNhNWNjNTA4OWUiLCJ1c2VyX2lkIjoxfQ.cR7Mti2lSmOX0ie4Qea2eTVFu-i752Z4uFdC_2oLVVE","access":"eyJ0eXAiOiJKV1QiLCJhbGciOiJIUzI1NiJ9.eyJ0b2tlbl90eXBlIjoiYWNjZXNzIiwiZXhwIjoxNTY5NzQ2NDAzLCJqdGkiOiI2OTgxM2FjZmEzZDA0NzZhYTQ4ZWE0N2UzNzA5MWFkNyIsInVzZXJfaWQiOjF9.HF6V6BUnG7TAybGX0NEZFUfikl3S7uYHVoe1dSPbIV8"},"code":20000,"message":"success"}
2019-09-29 15:40:04,091 INFO response is : {"data":{"refresh":"eyJ0eXAiOiJKV1QiLCJhbGciOiJIUzI1NiJ9.eyJ0b2tlbl90eXBlIjoicmVmcmVzaCIsImV4cCI6MTU2OTgyOTIwMywianRpIjoiOTE3ZTlkOGJhZWNhNGYyMzg4ZWY0ODNhNWNjNTA4OWUiLCJ1c2VyX2lkIjoxfQ.cR7Mti2lSmOX0ie4Qea2eTVFu-i752Z4uFdC_2oLVVE","access":"eyJ0eXAiOiJKV1QiLCJhbGciOiJIUzI1NiJ9.eyJ0b2tlbl90eXBlIjoiYWNjZXNzIiwiZXhwIjoxNTY5NzQ2NDAzLCJqdGkiOiI2OTgxM2FjZmEzZDA0NzZhYTQ4ZWE0N2UzNzA5MWFkNyIsInVzZXJfaWQiOjF9.HF6V6BUnG7TAybGX0NEZFUfikl3S7uYHVoe1dSPbIV8"},"code":20000,"message":"success"}
2019-09-29 15:40:04,091 INFO response is : {"data":{"refresh":"eyJ0eXAiOiJKV1QiLCJhbGciOiJIUzI1NiJ9.eyJ0b2tlbl90eXBlIjoicmVmcmVzaCIsImV4cCI6MTU2OTgyOTIwMywianRpIjoiOTE3ZTlkOGJhZWNhNGYyMzg4ZWY0ODNhNWNjNTA4OWUiLCJ1c2VyX2lkIjoxfQ.cR7Mti2lSmOX0ie4Qea2eTVFu-i752Z4uFdC_2oLVVE","access":"eyJ0eXAiOiJKV1QiLCJhbGciOiJIUzI1NiJ9.eyJ0b2tlbl90eXBlIjoiYWNjZXNzIiwiZXhwIjoxNTY5NzQ2NDAzLCJqdGkiOiI2OTgxM2FjZmEzZDA0NzZhYTQ4ZWE0N2UzNzA5MWFkNyIsInVzZXJfaWQiOjF9.HF6V6BUnG7TAybGX0NEZFUfikl3S7uYHVoe1dSPbIV8"},"code":20000,"message":"success"}
2019-09-29 15:40:04,091 INFO response is : {"data":{"refresh":"eyJ0eXAiOiJKV1QiLCJhbGciOiJIUzI1NiJ9.eyJ0b2tlbl90eXBlIjoicmVmcmVzaCIsImV4cCI6MTU2OTgyOTIwMywianRpIjoiOTE3ZTlkOGJhZWNhNGYyMzg4ZWY0ODNhNWNjNTA4OWUiLCJ1c2VyX2lkIjoxfQ.cR7Mti2lSmOX0ie4Qea2eTVFu-i752Z4uFdC_2oLVVE","access":"eyJ0eXAiOiJKV1QiLCJhbGciOiJIUzI1NiJ9.eyJ0b2tlbl90eXBlIjoiYWNjZXNzIiwiZXhwIjoxNTY5NzQ2NDAzLCJqdGkiOiI2OTgxM2FjZmEzZDA0NzZhYTQ4ZWE0N2UzNzA5MWFkNyIsInVzZXJfaWQiOjF9.HF6V6BUnG7TAybGX0NEZFUfikl3S7uYHVoe1dSPbIV8"},"code":20000,"message":"success"}
2019-09-29 15:40:04,091 INFO response is : {"data":{"refresh":"eyJ0eXAiOiJKV1QiLCJhbGciOiJIUzI1NiJ9.eyJ0b2tlbl90eXBlIjoicmVmcmVzaCIsImV4cCI6MTU2OTgyOTIwMywianRpIjoiOTE3ZTlkOGJhZWNhNGYyMzg4ZWY0ODNhNWNjNTA4OWUiLCJ1c2VyX2lkIjoxfQ.cR7Mti2lSmOX0ie4Qea2eTVFu-i752Z4uFdC_2oLVVE","access":"eyJ0eXAiOiJKV1QiLCJhbGciOiJIUzI1NiJ9.eyJ0b2tlbl90eXBlIjoiYWNjZXNzIiwiZXhwIjoxNTY5NzQ2NDAzLCJqdGkiOiI2OTgxM2FjZmEzZDA0NzZhYTQ4ZWE0N2UzNzA5MWFkNyIsInVzZXJfaWQiOjF9.HF6V6BUnG7TAybGX0NEZFUfikl3S7uYHVoe1dSPbIV8"},"code":20000,"message":"success"}
2019-09-29 15:40:04,091 INFO response is : {"data":{"refresh":"eyJ0eXAiOiJKV1QiLCJhbGciOiJIUzI1NiJ9.eyJ0b2tlbl90eXBlIjoicmVmcmVzaCIsImV4cCI6MTU2OTgyOTIwMywianRpIjoiOTE3ZTlkOGJhZWNhNGYyMzg4ZWY0ODNhNWNjNTA4OWUiLCJ1c2VyX2lkIjoxfQ.cR7Mti2lSmOX0ie4Qea2eTVFu-i752Z4uFdC_2oLVVE","access":"eyJ0eXAiOiJKV1QiLCJhbGciOiJIUzI1NiJ9.eyJ0b2tlbl90eXBlIjoiYWNjZXNzIiwiZXhwIjoxNTY5NzQ2NDAzLCJqdGkiOiI2OTgxM2FjZmEzZDA0NzZhYTQ4ZWE0N2UzNzA5MWFkNyIsInVzZXJfaWQiOjF9.HF6V6BUnG7TAybGX0NEZFUfikl3S7uYHVoe1dSPbIV8"},"code":20000,"message":"success"}
2019-09-29 15:40:04,091 INFO response is : {"data":{"refresh":"eyJ0eXAiOiJKV1QiLCJhbGciOiJIUzI1NiJ9.eyJ0b2tlbl90eXBlIjoicmVmcmVzaCIsImV4cCI6MTU2OTgyOTIwMywianRpIjoiOTE3ZTlkOGJhZWNhNGYyMzg4ZWY0ODNhNWNjNTA4OWUiLCJ1c2VyX2lkIjoxfQ.cR7Mti2lSmOX0ie4Qea2eTVFu-i752Z4uFdC_2oLVVE","access":"eyJ0eXAiOiJKV1QiLCJhbGciOiJIUzI1NiJ9.eyJ0b2tlbl90eXBlIjoiYWNjZXNzIiwiZXhwIjoxNTY5NzQ2NDAzLCJqdGkiOiI2OTgxM2FjZmEzZDA0NzZhYTQ4ZWE0N2UzNzA5MWFkNyIsInVzZXJfaWQiOjF9.HF6V6BUnG7TAybGX0NEZFUfikl3S7uYHVoe1dSPbIV8"},"code":20000,"message":"success"}
2019-09-29 15:40:04,091 INFO response is : {"data":{"refresh":"eyJ0eXAiOiJKV1QiLCJhbGciOiJIUzI1NiJ9.eyJ0b2tlbl90eXBlIjoicmVmcmVzaCIsImV4cCI6MTU2OTgyOTIwMywianRpIjoiOTE3ZTlkOGJhZWNhNGYyMzg4ZWY0ODNhNWNjNTA4OWUiLCJ1c2VyX2lkIjoxfQ.cR7Mti2lSmOX0ie4Qea2eTVFu-i752Z4uFdC_2oLVVE","access":"eyJ0eXAiOiJKV1QiLCJhbGciOiJIUzI1NiJ9.eyJ0b2tlbl90eXBlIjoiYWNjZXNzIiwiZXhwIjoxNTY5NzQ2NDAzLCJqdGkiOiI2OTgxM2FjZmEzZDA0NzZhYTQ4ZWE0N2UzNzA5MWFkNyIsInVzZXJfaWQiOjF9.HF6V6BUnG7TAybGX0NEZFUfikl3S7uYHVoe1dSPbIV8"},"code":20000,"message":"success"}
2019-09-29 15:40:04,091 INFO response is : {"data":{"refresh":"eyJ0eXAiOiJKV1QiLCJhbGciOiJIUzI1NiJ9.eyJ0b2tlbl90eXBlIjoicmVmcmVzaCIsImV4cCI6MTU2OTgyOTIwMywianRpIjoiOTE3ZTlkOGJhZWNhNGYyMzg4ZWY0ODNhNWNjNTA4OWUiLCJ1c2VyX2lkIjoxfQ.cR7Mti2lSmOX0ie4Qea2eTVFu-i752Z4uFdC_2oLVVE","access":"eyJ0eXAiOiJKV1QiLCJhbGciOiJIUzI1NiJ9.eyJ0b2tlbl90eXBlIjoiYWNjZXNzIiwiZXhwIjoxNTY5NzQ2NDAzLCJqdGkiOiI2OTgxM2FjZmEzZDA0NzZhYTQ4ZWE0N2UzNzA5MWFkNyIsInVzZXJfaWQiOjF9.HF6V6BUnG7TAybGX0NEZFUfikl3S7uYHVoe1dSPbIV8"},"code":20000,"message":"success"}
2019-09-29 15:40:04,091 INFO response is : {"data":{"refresh":"eyJ0eXAiOiJKV1QiLCJhbGciOiJIUzI1NiJ9.eyJ0b2tlbl90eXBlIjoicmVmcmVzaCIsImV4cCI6MTU2OTgyOTIwMywianRpIjoiOTE3ZTlkOGJhZWNhNGYyMzg4ZWY0ODNhNWNjNTA4OWUiLCJ1c2VyX2lkIjoxfQ.cR7Mti2lSmOX0ie4Qea2eTVFu-i752Z4uFdC_2oLVVE","access":"eyJ0eXAiOiJKV1QiLCJhbGciOiJIUzI1NiJ9.eyJ0b2tlbl90eXBlIjoiYWNjZXNzIiwiZXhwIjoxNTY5NzQ2NDAzLCJqdGkiOiI2OTgxM2FjZmEzZDA0NzZhYTQ4ZWE0N2UzNzA5MWFkNyIsInVzZXJfaWQiOjF9.HF6V6BUnG7TAybGX0NEZFUfikl3S7uYHVoe1dSPbIV8"},"code":20000,"message":"success"}
2019-09-29 15:40:04,092 INFO <Response [200]>
2019-09-29 15:40:04,092 INFO <Response [200]>
2019-09-29 15:40:04,092 INFO <Response [200]>
2019-09-29 15:40:04,092 INFO <Response [200]>
2019-09-29 15:40:04,092 INFO <Response [200]>
2019-09-29 15:40:04,092 INFO <Response [200]>
2019-09-29 15:40:04,092 INFO <Response [200]>
2019-09-29 15:40:04,092 INFO <Response [200]>
2019-09-29 15:40:04,092 INFO <Response [200]>
2019-09-29 15:40:04,092 INFO <Response [200]>
2019-09-29 15:40:04,092 INFO <Response [200]>
2019-09-29 15:40:04,092 INFO <Response [200]>
2019-09-29 15:40:04,094 INFO in login！
2019-09-29 15:40:04,094 INFO in login！
2019-09-29 15:40:04,094 INFO in login！
2019-09-29 15:40:04,094 INFO in login！
2019-09-29 15:40:04,094 INFO in login！
2019-09-29 15:40:04,094 INFO in login！
2019-09-29 15:40:04,094 INFO in login！
2019-09-29 15:40:04,094 INFO in login！
2019-09-29 15:40:04,094 INFO in login！
2019-09-29 15:40:04,094 INFO in login！
2019-09-29 15:40:04,094 INFO in login！
2019-09-29 15:40:04,094 INFO in login！
2019-09-29 15:40:04,094 INFO in login！
2019-09-29 15:40:04,888 INFO response is : <Response [200]>
2019-09-29 15:40:04,888 INFO response is : <Response [200]>
2019-09-29 15:40:04,888 INFO response is : <Response [200]>
2019-09-29 15:40:04,888 INFO response is : <Response [200]>
2019-09-29 15:40:04,888 INFO response is : <Response [200]>
2019-09-29 15:40:04,888 INFO response is : <Response [200]>
2019-09-29 15:40:04,888 INFO response is : <Response [200]>
2019-09-29 15:40:04,888 INFO response is : <Response [200]>
2019-09-29 15:40:04,888 INFO response is : <Response [200]>
2019-09-29 15:40:04,888 INFO response is : <Response [200]>
2019-09-29 15:40:04,888 INFO response is : <Response [200]>
2019-09-29 15:40:04,888 INFO response is : <Response [200]>
2019-09-29 15:40:04,888 INFO response is : <Response [200]>
2019-09-29 15:40:04,888 INFO response is : <Response [200]>
2019-09-29 15:40:04,891 INFO response is : {"data":{"refresh":"eyJ0eXAiOiJKV1QiLCJhbGciOiJIUzI1NiJ9.eyJ0b2tlbl90eXBlIjoicmVmcmVzaCIsImV4cCI6MTU2OTgyOTIwNCwianRpIjoiY2QyNjI4MGY3NTA0NDU1OWJjMTA5OWUzMDMwNWMyOTMiLCJ1c2VyX2lkIjoxfQ.UdugMCrO04BOhswPsIuValZXQTwgK-owAk75skzTjSA","access":"eyJ0eXAiOiJKV1QiLCJhbGciOiJIUzI1NiJ9.eyJ0b2tlbl90eXBlIjoiYWNjZXNzIiwiZXhwIjoxNTY5NzQ2NDA0LCJqdGkiOiIxN2RmMjU5OTQ0NzY0NzJhYTQ2MmRjOGFkZTY4NzJmZCIsInVzZXJfaWQiOjF9.2LaA8w59O1708lc8eCdcA984wv5A6IlKShVXXN4NZik"},"code":20000,"message":"success"}
2019-09-29 15:40:04,891 INFO response is : {"data":{"refresh":"eyJ0eXAiOiJKV1QiLCJhbGciOiJIUzI1NiJ9.eyJ0b2tlbl90eXBlIjoicmVmcmVzaCIsImV4cCI6MTU2OTgyOTIwNCwianRpIjoiY2QyNjI4MGY3NTA0NDU1OWJjMTA5OWUzMDMwNWMyOTMiLCJ1c2VyX2lkIjoxfQ.UdugMCrO04BOhswPsIuValZXQTwgK-owAk75skzTjSA","access":"eyJ0eXAiOiJKV1QiLCJhbGciOiJIUzI1NiJ9.eyJ0b2tlbl90eXBlIjoiYWNjZXNzIiwiZXhwIjoxNTY5NzQ2NDA0LCJqdGkiOiIxN2RmMjU5OTQ0NzY0NzJhYTQ2MmRjOGFkZTY4NzJmZCIsInVzZXJfaWQiOjF9.2LaA8w59O1708lc8eCdcA984wv5A6IlKShVXXN4NZik"},"code":20000,"message":"success"}
2019-09-29 15:40:04,891 INFO response is : {"data":{"refresh":"eyJ0eXAiOiJKV1QiLCJhbGciOiJIUzI1NiJ9.eyJ0b2tlbl90eXBlIjoicmVmcmVzaCIsImV4cCI6MTU2OTgyOTIwNCwianRpIjoiY2QyNjI4MGY3NTA0NDU1OWJjMTA5OWUzMDMwNWMyOTMiLCJ1c2VyX2lkIjoxfQ.UdugMCrO04BOhswPsIuValZXQTwgK-owAk75skzTjSA","access":"eyJ0eXAiOiJKV1QiLCJhbGciOiJIUzI1NiJ9.eyJ0b2tlbl90eXBlIjoiYWNjZXNzIiwiZXhwIjoxNTY5NzQ2NDA0LCJqdGkiOiIxN2RmMjU5OTQ0NzY0NzJhYTQ2MmRjOGFkZTY4NzJmZCIsInVzZXJfaWQiOjF9.2LaA8w59O1708lc8eCdcA984wv5A6IlKShVXXN4NZik"},"code":20000,"message":"success"}
2019-09-29 15:40:04,891 INFO response is : {"data":{"refresh":"eyJ0eXAiOiJKV1QiLCJhbGciOiJIUzI1NiJ9.eyJ0b2tlbl90eXBlIjoicmVmcmVzaCIsImV4cCI6MTU2OTgyOTIwNCwianRpIjoiY2QyNjI4MGY3NTA0NDU1OWJjMTA5OWUzMDMwNWMyOTMiLCJ1c2VyX2lkIjoxfQ.UdugMCrO04BOhswPsIuValZXQTwgK-owAk75skzTjSA","access":"eyJ0eXAiOiJKV1QiLCJhbGciOiJIUzI1NiJ9.eyJ0b2tlbl90eXBlIjoiYWNjZXNzIiwiZXhwIjoxNTY5NzQ2NDA0LCJqdGkiOiIxN2RmMjU5OTQ0NzY0NzJhYTQ2MmRjOGFkZTY4NzJmZCIsInVzZXJfaWQiOjF9.2LaA8w59O1708lc8eCdcA984wv5A6IlKShVXXN4NZik"},"code":20000,"message":"success"}
2019-09-29 15:40:04,891 INFO response is : {"data":{"refresh":"eyJ0eXAiOiJKV1QiLCJhbGciOiJIUzI1NiJ9.eyJ0b2tlbl90eXBlIjoicmVmcmVzaCIsImV4cCI6MTU2OTgyOTIwNCwianRpIjoiY2QyNjI4MGY3NTA0NDU1OWJjMTA5OWUzMDMwNWMyOTMiLCJ1c2VyX2lkIjoxfQ.UdugMCrO04BOhswPsIuValZXQTwgK-owAk75skzTjSA","access":"eyJ0eXAiOiJKV1QiLCJhbGciOiJIUzI1NiJ9.eyJ0b2tlbl90eXBlIjoiYWNjZXNzIiwiZXhwIjoxNTY5NzQ2NDA0LCJqdGkiOiIxN2RmMjU5OTQ0NzY0NzJhYTQ2MmRjOGFkZTY4NzJmZCIsInVzZXJfaWQiOjF9.2LaA8w59O1708lc8eCdcA984wv5A6IlKShVXXN4NZik"},"code":20000,"message":"success"}
2019-09-29 15:40:04,891 INFO response is : {"data":{"refresh":"eyJ0eXAiOiJKV1QiLCJhbGciOiJIUzI1NiJ9.eyJ0b2tlbl90eXBlIjoicmVmcmVzaCIsImV4cCI6MTU2OTgyOTIwNCwianRpIjoiY2QyNjI4MGY3NTA0NDU1OWJjMTA5OWUzMDMwNWMyOTMiLCJ1c2VyX2lkIjoxfQ.UdugMCrO04BOhswPsIuValZXQTwgK-owAk75skzTjSA","access":"eyJ0eXAiOiJKV1QiLCJhbGciOiJIUzI1NiJ9.eyJ0b2tlbl90eXBlIjoiYWNjZXNzIiwiZXhwIjoxNTY5NzQ2NDA0LCJqdGkiOiIxN2RmMjU5OTQ0NzY0NzJhYTQ2MmRjOGFkZTY4NzJmZCIsInVzZXJfaWQiOjF9.2LaA8w59O1708lc8eCdcA984wv5A6IlKShVXXN4NZik"},"code":20000,"message":"success"}
2019-09-29 15:40:04,891 INFO response is : {"data":{"refresh":"eyJ0eXAiOiJKV1QiLCJhbGciOiJIUzI1NiJ9.eyJ0b2tlbl90eXBlIjoicmVmcmVzaCIsImV4cCI6MTU2OTgyOTIwNCwianRpIjoiY2QyNjI4MGY3NTA0NDU1OWJjMTA5OWUzMDMwNWMyOTMiLCJ1c2VyX2lkIjoxfQ.UdugMCrO04BOhswPsIuValZXQTwgK-owAk75skzTjSA","access":"eyJ0eXAiOiJKV1QiLCJhbGciOiJIUzI1NiJ9.eyJ0b2tlbl90eXBlIjoiYWNjZXNzIiwiZXhwIjoxNTY5NzQ2NDA0LCJqdGkiOiIxN2RmMjU5OTQ0NzY0NzJhYTQ2MmRjOGFkZTY4NzJmZCIsInVzZXJfaWQiOjF9.2LaA8w59O1708lc8eCdcA984wv5A6IlKShVXXN4NZik"},"code":20000,"message":"success"}
2019-09-29 15:40:04,891 INFO response is : {"data":{"refresh":"eyJ0eXAiOiJKV1QiLCJhbGciOiJIUzI1NiJ9.eyJ0b2tlbl90eXBlIjoicmVmcmVzaCIsImV4cCI6MTU2OTgyOTIwNCwianRpIjoiY2QyNjI4MGY3NTA0NDU1OWJjMTA5OWUzMDMwNWMyOTMiLCJ1c2VyX2lkIjoxfQ.UdugMCrO04BOhswPsIuValZXQTwgK-owAk75skzTjSA","access":"eyJ0eXAiOiJKV1QiLCJhbGciOiJIUzI1NiJ9.eyJ0b2tlbl90eXBlIjoiYWNjZXNzIiwiZXhwIjoxNTY5NzQ2NDA0LCJqdGkiOiIxN2RmMjU5OTQ0NzY0NzJhYTQ2MmRjOGFkZTY4NzJmZCIsInVzZXJfaWQiOjF9.2LaA8w59O1708lc8eCdcA984wv5A6IlKShVXXN4NZik"},"code":20000,"message":"success"}
2019-09-29 15:40:04,891 INFO response is : {"data":{"refresh":"eyJ0eXAiOiJKV1QiLCJhbGciOiJIUzI1NiJ9.eyJ0b2tlbl90eXBlIjoicmVmcmVzaCIsImV4cCI6MTU2OTgyOTIwNCwianRpIjoiY2QyNjI4MGY3NTA0NDU1OWJjMTA5OWUzMDMwNWMyOTMiLCJ1c2VyX2lkIjoxfQ.UdugMCrO04BOhswPsIuValZXQTwgK-owAk75skzTjSA","access":"eyJ0eXAiOiJKV1QiLCJhbGciOiJIUzI1NiJ9.eyJ0b2tlbl90eXBlIjoiYWNjZXNzIiwiZXhwIjoxNTY5NzQ2NDA0LCJqdGkiOiIxN2RmMjU5OTQ0NzY0NzJhYTQ2MmRjOGFkZTY4NzJmZCIsInVzZXJfaWQiOjF9.2LaA8w59O1708lc8eCdcA984wv5A6IlKShVXXN4NZik"},"code":20000,"message":"success"}
2019-09-29 15:40:04,891 INFO response is : {"data":{"refresh":"eyJ0eXAiOiJKV1QiLCJhbGciOiJIUzI1NiJ9.eyJ0b2tlbl90eXBlIjoicmVmcmVzaCIsImV4cCI6MTU2OTgyOTIwNCwianRpIjoiY2QyNjI4MGY3NTA0NDU1OWJjMTA5OWUzMDMwNWMyOTMiLCJ1c2VyX2lkIjoxfQ.UdugMCrO04BOhswPsIuValZXQTwgK-owAk75skzTjSA","access":"eyJ0eXAiOiJKV1QiLCJhbGciOiJIUzI1NiJ9.eyJ0b2tlbl90eXBlIjoiYWNjZXNzIiwiZXhwIjoxNTY5NzQ2NDA0LCJqdGkiOiIxN2RmMjU5OTQ0NzY0NzJhYTQ2MmRjOGFkZTY4NzJmZCIsInVzZXJfaWQiOjF9.2LaA8w59O1708lc8eCdcA984wv5A6IlKShVXXN4NZik"},"code":20000,"message":"success"}
2019-09-29 15:40:04,891 INFO response is : {"data":{"refresh":"eyJ0eXAiOiJKV1QiLCJhbGciOiJIUzI1NiJ9.eyJ0b2tlbl90eXBlIjoicmVmcmVzaCIsImV4cCI6MTU2OTgyOTIwNCwianRpIjoiY2QyNjI4MGY3NTA0NDU1OWJjMTA5OWUzMDMwNWMyOTMiLCJ1c2VyX2lkIjoxfQ.UdugMCrO04BOhswPsIuValZXQTwgK-owAk75skzTjSA","access":"eyJ0eXAiOiJKV1QiLCJhbGciOiJIUzI1NiJ9.eyJ0b2tlbl90eXBlIjoiYWNjZXNzIiwiZXhwIjoxNTY5NzQ2NDA0LCJqdGkiOiIxN2RmMjU5OTQ0NzY0NzJhYTQ2MmRjOGFkZTY4NzJmZCIsInVzZXJfaWQiOjF9.2LaA8w59O1708lc8eCdcA984wv5A6IlKShVXXN4NZik"},"code":20000,"message":"success"}
2019-09-29 15:40:04,891 INFO response is : {"data":{"refresh":"eyJ0eXAiOiJKV1QiLCJhbGciOiJIUzI1NiJ9.eyJ0b2tlbl90eXBlIjoicmVmcmVzaCIsImV4cCI6MTU2OTgyOTIwNCwianRpIjoiY2QyNjI4MGY3NTA0NDU1OWJjMTA5OWUzMDMwNWMyOTMiLCJ1c2VyX2lkIjoxfQ.UdugMCrO04BOhswPsIuValZXQTwgK-owAk75skzTjSA","access":"eyJ0eXAiOiJKV1QiLCJhbGciOiJIUzI1NiJ9.eyJ0b2tlbl90eXBlIjoiYWNjZXNzIiwiZXhwIjoxNTY5NzQ2NDA0LCJqdGkiOiIxN2RmMjU5OTQ0NzY0NzJhYTQ2MmRjOGFkZTY4NzJmZCIsInVzZXJfaWQiOjF9.2LaA8w59O1708lc8eCdcA984wv5A6IlKShVXXN4NZik"},"code":20000,"message":"success"}
2019-09-29 15:40:04,891 INFO response is : {"data":{"refresh":"eyJ0eXAiOiJKV1QiLCJhbGciOiJIUzI1NiJ9.eyJ0b2tlbl90eXBlIjoicmVmcmVzaCIsImV4cCI6MTU2OTgyOTIwNCwianRpIjoiY2QyNjI4MGY3NTA0NDU1OWJjMTA5OWUzMDMwNWMyOTMiLCJ1c2VyX2lkIjoxfQ.UdugMCrO04BOhswPsIuValZXQTwgK-owAk75skzTjSA","access":"eyJ0eXAiOiJKV1QiLCJhbGciOiJIUzI1NiJ9.eyJ0b2tlbl90eXBlIjoiYWNjZXNzIiwiZXhwIjoxNTY5NzQ2NDA0LCJqdGkiOiIxN2RmMjU5OTQ0NzY0NzJhYTQ2MmRjOGFkZTY4NzJmZCIsInVzZXJfaWQiOjF9.2LaA8w59O1708lc8eCdcA984wv5A6IlKShVXXN4NZik"},"code":20000,"message":"success"}
2019-09-29 15:40:04,891 INFO response is : {"data":{"refresh":"eyJ0eXAiOiJKV1QiLCJhbGciOiJIUzI1NiJ9.eyJ0b2tlbl90eXBlIjoicmVmcmVzaCIsImV4cCI6MTU2OTgyOTIwNCwianRpIjoiY2QyNjI4MGY3NTA0NDU1OWJjMTA5OWUzMDMwNWMyOTMiLCJ1c2VyX2lkIjoxfQ.UdugMCrO04BOhswPsIuValZXQTwgK-owAk75skzTjSA","access":"eyJ0eXAiOiJKV1QiLCJhbGciOiJIUzI1NiJ9.eyJ0b2tlbl90eXBlIjoiYWNjZXNzIiwiZXhwIjoxNTY5NzQ2NDA0LCJqdGkiOiIxN2RmMjU5OTQ0NzY0NzJhYTQ2MmRjOGFkZTY4NzJmZCIsInVzZXJfaWQiOjF9.2LaA8w59O1708lc8eCdcA984wv5A6IlKShVXXN4NZik"},"code":20000,"message":"success"}
2019-09-29 15:40:04,891 INFO response is : {"data":{"refresh":"eyJ0eXAiOiJKV1QiLCJhbGciOiJIUzI1NiJ9.eyJ0b2tlbl90eXBlIjoicmVmcmVzaCIsImV4cCI6MTU2OTgyOTIwNCwianRpIjoiY2QyNjI4MGY3NTA0NDU1OWJjMTA5OWUzMDMwNWMyOTMiLCJ1c2VyX2lkIjoxfQ.UdugMCrO04BOhswPsIuValZXQTwgK-owAk75skzTjSA","access":"eyJ0eXAiOiJKV1QiLCJhbGciOiJIUzI1NiJ9.eyJ0b2tlbl90eXBlIjoiYWNjZXNzIiwiZXhwIjoxNTY5NzQ2NDA0LCJqdGkiOiIxN2RmMjU5OTQ0NzY0NzJhYTQ2MmRjOGFkZTY4NzJmZCIsInVzZXJfaWQiOjF9.2LaA8w59O1708lc8eCdcA984wv5A6IlKShVXXN4NZik"},"code":20000,"message":"success"}
2019-09-29 15:40:04,893 INFO <Response [200]>
2019-09-29 15:40:04,893 INFO <Response [200]>
2019-09-29 15:40:04,893 INFO <Response [200]>
2019-09-29 15:40:04,893 INFO <Response [200]>
2019-09-29 15:40:04,893 INFO <Response [200]>
2019-09-29 15:40:04,893 INFO <Response [200]>
2019-09-29 15:40:04,893 INFO <Response [200]>
2019-09-29 15:40:04,893 INFO <Response [200]>
2019-09-29 15:40:04,893 INFO <Response [200]>
2019-09-29 15:40:04,893 INFO <Response [200]>
2019-09-29 15:40:04,893 INFO <Response [200]>
2019-09-29 15:40:04,893 INFO <Response [200]>
2019-09-29 15:40:04,893 INFO <Response [200]>
2019-09-29 15:40:04,893 INFO <Response [200]>
2019-09-29 15:40:04,893 INFO <Response [200]>
2019-09-29 15:40:04,893 INFO <Response [200]>
2019-09-29 15:49:57,722 INFO 开始执行测试,报告输出模式text
2019-09-29 15:49:59,106 INFO in login！
2019-09-29 15:49:59,106 INFO in login！
2019-09-29 15:50:00,206 INFO response is : <Response [200]>
2019-09-29 15:50:00,206 INFO response is : <Response [200]>
2019-09-29 15:50:00,206 INFO response is : <Response [200]>
2019-09-29 15:50:00,207 INFO response is : {"data":{"refresh":"eyJ0eXAiOiJKV1QiLCJhbGciOiJIUzI1NiJ9.eyJ0b2tlbl90eXBlIjoicmVmcmVzaCIsImV4cCI6MTU2OTgyOTgwMCwianRpIjoiYzMwYjZmZDg2MGFmNGM2MmE3MzkzNTM5NDNmZTgzNzAiLCJ1c2VyX2lkIjoxfQ.ck9RfDaqvif6ax3oTqINr1HwTRC4TaOXjMdwveEo58Y","access":"eyJ0eXAiOiJKV1QiLCJhbGciOiJIUzI1NiJ9.eyJ0b2tlbl90eXBlIjoiYWNjZXNzIiwiZXhwIjoxNTY5NzQ3MDAwLCJqdGkiOiI5ODg2N2ViMTZiN2Y0ZmIwOGYwZGUyZTQ1NmQxZTUzNiIsInVzZXJfaWQiOjF9.v-nFBWU1gt8ls0ezDU5kjMyPUM7OK0FJ31ufmEC4K9c"},"code":20000,"message":"success"}
2019-09-29 15:50:00,207 INFO response is : {"data":{"refresh":"eyJ0eXAiOiJKV1QiLCJhbGciOiJIUzI1NiJ9.eyJ0b2tlbl90eXBlIjoicmVmcmVzaCIsImV4cCI6MTU2OTgyOTgwMCwianRpIjoiYzMwYjZmZDg2MGFmNGM2MmE3MzkzNTM5NDNmZTgzNzAiLCJ1c2VyX2lkIjoxfQ.ck9RfDaqvif6ax3oTqINr1HwTRC4TaOXjMdwveEo58Y","access":"eyJ0eXAiOiJKV1QiLCJhbGciOiJIUzI1NiJ9.eyJ0b2tlbl90eXBlIjoiYWNjZXNzIiwiZXhwIjoxNTY5NzQ3MDAwLCJqdGkiOiI5ODg2N2ViMTZiN2Y0ZmIwOGYwZGUyZTQ1NmQxZTUzNiIsInVzZXJfaWQiOjF9.v-nFBWU1gt8ls0ezDU5kjMyPUM7OK0FJ31ufmEC4K9c"},"code":20000,"message":"success"}
2019-09-29 15:50:00,207 INFO response is : {"data":{"refresh":"eyJ0eXAiOiJKV1QiLCJhbGciOiJIUzI1NiJ9.eyJ0b2tlbl90eXBlIjoicmVmcmVzaCIsImV4cCI6MTU2OTgyOTgwMCwianRpIjoiYzMwYjZmZDg2MGFmNGM2MmE3MzkzNTM5NDNmZTgzNzAiLCJ1c2VyX2lkIjoxfQ.ck9RfDaqvif6ax3oTqINr1HwTRC4TaOXjMdwveEo58Y","access":"eyJ0eXAiOiJKV1QiLCJhbGciOiJIUzI1NiJ9.eyJ0b2tlbl90eXBlIjoiYWNjZXNzIiwiZXhwIjoxNTY5NzQ3MDAwLCJqdGkiOiI5ODg2N2ViMTZiN2Y0ZmIwOGYwZGUyZTQ1NmQxZTUzNiIsInVzZXJfaWQiOjF9.v-nFBWU1gt8ls0ezDU5kjMyPUM7OK0FJ31ufmEC4K9c"},"code":20000,"message":"success"}
2019-09-29 15:50:00,207 INFO response is : {"data":{"refresh":"eyJ0eXAiOiJKV1QiLCJhbGciOiJIUzI1NiJ9.eyJ0b2tlbl90eXBlIjoicmVmcmVzaCIsImV4cCI6MTU2OTgyOTgwMCwianRpIjoiYzMwYjZmZDg2MGFmNGM2MmE3MzkzNTM5NDNmZTgzNzAiLCJ1c2VyX2lkIjoxfQ.ck9RfDaqvif6ax3oTqINr1HwTRC4TaOXjMdwveEo58Y","access":"eyJ0eXAiOiJKV1QiLCJhbGciOiJIUzI1NiJ9.eyJ0b2tlbl90eXBlIjoiYWNjZXNzIiwiZXhwIjoxNTY5NzQ3MDAwLCJqdGkiOiI5ODg2N2ViMTZiN2Y0ZmIwOGYwZGUyZTQ1NmQxZTUzNiIsInVzZXJfaWQiOjF9.v-nFBWU1gt8ls0ezDU5kjMyPUM7OK0FJ31ufmEC4K9c"},"code":20000,"message":"success"}
2019-09-29 15:50:00,208 INFO <Response [200]>
2019-09-29 15:50:00,208 INFO <Response [200]>
2019-09-29 15:50:00,208 INFO <Response [200]>
2019-09-29 15:50:00,208 INFO <Response [200]>
2019-09-29 15:50:00,208 INFO <Response [200]>
2019-09-29 15:50:00,210 INFO in getUserinfo heasers is :{'Content-Type': 'application/json', 'Authorization': 'BearereyJ0eXAiOiJKV1QiLCJhbGciOiJIUzI1NiJ9.eyJ0b2tlbl90eXBlIjoiYWNjZXNzIiwiZXhwIjoxNTY5NzQ3MDAwLCJqdGkiOiI5ODg2N2ViMTZiN2Y0ZmIwOGYwZGUyZTQ1NmQxZTUzNiIsInVzZXJfaWQiOjF9.v-nFBWU1gt8ls0ezDU5kjMyPUM7OK0FJ31ufmEC4K9c'}
2019-09-29 15:50:00,210 INFO in getUserinfo heasers is :{'Content-Type': 'application/json', 'Authorization': 'BearereyJ0eXAiOiJKV1QiLCJhbGciOiJIUzI1NiJ9.eyJ0b2tlbl90eXBlIjoiYWNjZXNzIiwiZXhwIjoxNTY5NzQ3MDAwLCJqdGkiOiI5ODg2N2ViMTZiN2Y0ZmIwOGYwZGUyZTQ1NmQxZTUzNiIsInVzZXJfaWQiOjF9.v-nFBWU1gt8ls0ezDU5kjMyPUM7OK0FJ31ufmEC4K9c'}
2019-09-29 15:50:00,210 INFO in getUserinfo heasers is :{'Content-Type': 'application/json', 'Authorization': 'BearereyJ0eXAiOiJKV1QiLCJhbGciOiJIUzI1NiJ9.eyJ0b2tlbl90eXBlIjoiYWNjZXNzIiwiZXhwIjoxNTY5NzQ3MDAwLCJqdGkiOiI5ODg2N2ViMTZiN2Y0ZmIwOGYwZGUyZTQ1NmQxZTUzNiIsInVzZXJfaWQiOjF9.v-nFBWU1gt8ls0ezDU5kjMyPUM7OK0FJ31ufmEC4K9c'}
2019-09-29 15:50:00,210 INFO in getUserinfo heasers is :{'Content-Type': 'application/json', 'Authorization': 'BearereyJ0eXAiOiJKV1QiLCJhbGciOiJIUzI1NiJ9.eyJ0b2tlbl90eXBlIjoiYWNjZXNzIiwiZXhwIjoxNTY5NzQ3MDAwLCJqdGkiOiI5ODg2N2ViMTZiN2Y0ZmIwOGYwZGUyZTQ1NmQxZTUzNiIsInVzZXJfaWQiOjF9.v-nFBWU1gt8ls0ezDU5kjMyPUM7OK0FJ31ufmEC4K9c'}
2019-09-29 15:50:00,210 INFO in getUserinfo heasers is :{'Content-Type': 'application/json', 'Authorization': 'BearereyJ0eXAiOiJKV1QiLCJhbGciOiJIUzI1NiJ9.eyJ0b2tlbl90eXBlIjoiYWNjZXNzIiwiZXhwIjoxNTY5NzQ3MDAwLCJqdGkiOiI5ODg2N2ViMTZiN2Y0ZmIwOGYwZGUyZTQ1NmQxZTUzNiIsInVzZXJfaWQiOjF9.v-nFBWU1gt8ls0ezDU5kjMyPUM7OK0FJ31ufmEC4K9c'}
2019-09-29 15:50:00,210 INFO in getUserinfo heasers is :{'Content-Type': 'application/json', 'Authorization': 'BearereyJ0eXAiOiJKV1QiLCJhbGciOiJIUzI1NiJ9.eyJ0b2tlbl90eXBlIjoiYWNjZXNzIiwiZXhwIjoxNTY5NzQ3MDAwLCJqdGkiOiI5ODg2N2ViMTZiN2Y0ZmIwOGYwZGUyZTQ1NmQxZTUzNiIsInVzZXJfaWQiOjF9.v-nFBWU1gt8ls0ezDU5kjMyPUM7OK0FJ31ufmEC4K9c'}
2019-09-29 15:50:00,631 INFO response is : <Response [404]>
2019-09-29 15:50:00,631 INFO response is : <Response [404]>
2019-09-29 15:50:00,631 INFO response is : <Response [404]>
2019-09-29 15:50:00,631 INFO response is : <Response [404]>
2019-09-29 15:50:00,631 INFO response is : <Response [404]>
2019-09-29 15:50:00,631 INFO response is : <Response [404]>
2019-09-29 15:50:00,631 INFO response is : <Response [404]>
2019-09-29 15:50:00,633 INFO <Response [404]>
2019-09-29 15:50:00,633 INFO <Response [404]>
2019-09-29 15:50:00,633 INFO <Response [404]>
2019-09-29 15:50:00,633 INFO <Response [404]>
2019-09-29 15:50:00,633 INFO <Response [404]>
2019-09-29 15:50:00,633 INFO <Response [404]>
2019-09-29 15:50:00,633 INFO <Response [404]>
2019-09-29 15:50:00,633 INFO <Response [404]>
2019-09-29 15:50:00,637 INFO in login！
2019-09-29 15:50:00,637 INFO in login！
2019-09-29 15:50:00,637 INFO in login！
2019-09-29 15:50:00,637 INFO in login！
2019-09-29 15:50:00,637 INFO in login！
2019-09-29 15:50:00,637 INFO in login！
2019-09-29 15:50:00,637 INFO in login！
2019-09-29 15:50:00,637 INFO in login！
2019-09-29 15:50:00,637 INFO in login！
2019-09-29 15:50:01,399 INFO response is : <Response [200]>
2019-09-29 15:50:01,399 INFO response is : <Response [200]>
2019-09-29 15:50:01,399 INFO response is : <Response [200]>
2019-09-29 15:50:01,399 INFO response is : <Response [200]>
2019-09-29 15:50:01,399 INFO response is : <Response [200]>
2019-09-29 15:50:01,399 INFO response is : <Response [200]>
2019-09-29 15:50:01,399 INFO response is : <Response [200]>
2019-09-29 15:50:01,399 INFO response is : <Response [200]>
2019-09-29 15:50:01,399 INFO response is : <Response [200]>
2019-09-29 15:50:01,399 INFO response is : <Response [200]>
2019-09-29 15:50:01,400 INFO response is : {"data":{"refresh":"eyJ0eXAiOiJKV1QiLCJhbGciOiJIUzI1NiJ9.eyJ0b2tlbl90eXBlIjoicmVmcmVzaCIsImV4cCI6MTU2OTgyOTgwMSwianRpIjoiNWJiMGQ1YzhmMjU4NGRiMzkzMDQ1YjU4ZWQ5YTdkYmIiLCJ1c2VyX2lkIjoxfQ.QF7Kr8c1F2d5DPOkbnRdmQX2NF6_AKqmRkZ42nArxGk","access":"eyJ0eXAiOiJKV1QiLCJhbGciOiJIUzI1NiJ9.eyJ0b2tlbl90eXBlIjoiYWNjZXNzIiwiZXhwIjoxNTY5NzQ3MDAxLCJqdGkiOiIxOWE0ZGI0ZTg2MzU0NWI0YjU4NjllMTkzNzViNTRkYSIsInVzZXJfaWQiOjF9.zcutweA00nOQb_2aiSQnaExqjflwD6OmROc9vYdZF8E"},"code":20000,"message":"success"}
2019-09-29 15:50:01,400 INFO response is : {"data":{"refresh":"eyJ0eXAiOiJKV1QiLCJhbGciOiJIUzI1NiJ9.eyJ0b2tlbl90eXBlIjoicmVmcmVzaCIsImV4cCI6MTU2OTgyOTgwMSwianRpIjoiNWJiMGQ1YzhmMjU4NGRiMzkzMDQ1YjU4ZWQ5YTdkYmIiLCJ1c2VyX2lkIjoxfQ.QF7Kr8c1F2d5DPOkbnRdmQX2NF6_AKqmRkZ42nArxGk","access":"eyJ0eXAiOiJKV1QiLCJhbGciOiJIUzI1NiJ9.eyJ0b2tlbl90eXBlIjoiYWNjZXNzIiwiZXhwIjoxNTY5NzQ3MDAxLCJqdGkiOiIxOWE0ZGI0ZTg2MzU0NWI0YjU4NjllMTkzNzViNTRkYSIsInVzZXJfaWQiOjF9.zcutweA00nOQb_2aiSQnaExqjflwD6OmROc9vYdZF8E"},"code":20000,"message":"success"}
2019-09-29 15:50:01,400 INFO response is : {"data":{"refresh":"eyJ0eXAiOiJKV1QiLCJhbGciOiJIUzI1NiJ9.eyJ0b2tlbl90eXBlIjoicmVmcmVzaCIsImV4cCI6MTU2OTgyOTgwMSwianRpIjoiNWJiMGQ1YzhmMjU4NGRiMzkzMDQ1YjU4ZWQ5YTdkYmIiLCJ1c2VyX2lkIjoxfQ.QF7Kr8c1F2d5DPOkbnRdmQX2NF6_AKqmRkZ42nArxGk","access":"eyJ0eXAiOiJKV1QiLCJhbGciOiJIUzI1NiJ9.eyJ0b2tlbl90eXBlIjoiYWNjZXNzIiwiZXhwIjoxNTY5NzQ3MDAxLCJqdGkiOiIxOWE0ZGI0ZTg2MzU0NWI0YjU4NjllMTkzNzViNTRkYSIsInVzZXJfaWQiOjF9.zcutweA00nOQb_2aiSQnaExqjflwD6OmROc9vYdZF8E"},"code":20000,"message":"success"}
2019-09-29 15:50:01,400 INFO response is : {"data":{"refresh":"eyJ0eXAiOiJKV1QiLCJhbGciOiJIUzI1NiJ9.eyJ0b2tlbl90eXBlIjoicmVmcmVzaCIsImV4cCI6MTU2OTgyOTgwMSwianRpIjoiNWJiMGQ1YzhmMjU4NGRiMzkzMDQ1YjU4ZWQ5YTdkYmIiLCJ1c2VyX2lkIjoxfQ.QF7Kr8c1F2d5DPOkbnRdmQX2NF6_AKqmRkZ42nArxGk","access":"eyJ0eXAiOiJKV1QiLCJhbGciOiJIUzI1NiJ9.eyJ0b2tlbl90eXBlIjoiYWNjZXNzIiwiZXhwIjoxNTY5NzQ3MDAxLCJqdGkiOiIxOWE0ZGI0ZTg2MzU0NWI0YjU4NjllMTkzNzViNTRkYSIsInVzZXJfaWQiOjF9.zcutweA00nOQb_2aiSQnaExqjflwD6OmROc9vYdZF8E"},"code":20000,"message":"success"}
2019-09-29 15:50:01,400 INFO response is : {"data":{"refresh":"eyJ0eXAiOiJKV1QiLCJhbGciOiJIUzI1NiJ9.eyJ0b2tlbl90eXBlIjoicmVmcmVzaCIsImV4cCI6MTU2OTgyOTgwMSwianRpIjoiNWJiMGQ1YzhmMjU4NGRiMzkzMDQ1YjU4ZWQ5YTdkYmIiLCJ1c2VyX2lkIjoxfQ.QF7Kr8c1F2d5DPOkbnRdmQX2NF6_AKqmRkZ42nArxGk","access":"eyJ0eXAiOiJKV1QiLCJhbGciOiJIUzI1NiJ9.eyJ0b2tlbl90eXBlIjoiYWNjZXNzIiwiZXhwIjoxNTY5NzQ3MDAxLCJqdGkiOiIxOWE0ZGI0ZTg2MzU0NWI0YjU4NjllMTkzNzViNTRkYSIsInVzZXJfaWQiOjF9.zcutweA00nOQb_2aiSQnaExqjflwD6OmROc9vYdZF8E"},"code":20000,"message":"success"}
2019-09-29 15:50:01,400 INFO response is : {"data":{"refresh":"eyJ0eXAiOiJKV1QiLCJhbGciOiJIUzI1NiJ9.eyJ0b2tlbl90eXBlIjoicmVmcmVzaCIsImV4cCI6MTU2OTgyOTgwMSwianRpIjoiNWJiMGQ1YzhmMjU4NGRiMzkzMDQ1YjU4ZWQ5YTdkYmIiLCJ1c2VyX2lkIjoxfQ.QF7Kr8c1F2d5DPOkbnRdmQX2NF6_AKqmRkZ42nArxGk","access":"eyJ0eXAiOiJKV1QiLCJhbGciOiJIUzI1NiJ9.eyJ0b2tlbl90eXBlIjoiYWNjZXNzIiwiZXhwIjoxNTY5NzQ3MDAxLCJqdGkiOiIxOWE0ZGI0ZTg2MzU0NWI0YjU4NjllMTkzNzViNTRkYSIsInVzZXJfaWQiOjF9.zcutweA00nOQb_2aiSQnaExqjflwD6OmROc9vYdZF8E"},"code":20000,"message":"success"}
2019-09-29 15:50:01,400 INFO response is : {"data":{"refresh":"eyJ0eXAiOiJKV1QiLCJhbGciOiJIUzI1NiJ9.eyJ0b2tlbl90eXBlIjoicmVmcmVzaCIsImV4cCI6MTU2OTgyOTgwMSwianRpIjoiNWJiMGQ1YzhmMjU4NGRiMzkzMDQ1YjU4ZWQ5YTdkYmIiLCJ1c2VyX2lkIjoxfQ.QF7Kr8c1F2d5DPOkbnRdmQX2NF6_AKqmRkZ42nArxGk","access":"eyJ0eXAiOiJKV1QiLCJhbGciOiJIUzI1NiJ9.eyJ0b2tlbl90eXBlIjoiYWNjZXNzIiwiZXhwIjoxNTY5NzQ3MDAxLCJqdGkiOiIxOWE0ZGI0ZTg2MzU0NWI0YjU4NjllMTkzNzViNTRkYSIsInVzZXJfaWQiOjF9.zcutweA00nOQb_2aiSQnaExqjflwD6OmROc9vYdZF8E"},"code":20000,"message":"success"}
2019-09-29 15:50:01,400 INFO response is : {"data":{"refresh":"eyJ0eXAiOiJKV1QiLCJhbGciOiJIUzI1NiJ9.eyJ0b2tlbl90eXBlIjoicmVmcmVzaCIsImV4cCI6MTU2OTgyOTgwMSwianRpIjoiNWJiMGQ1YzhmMjU4NGRiMzkzMDQ1YjU4ZWQ5YTdkYmIiLCJ1c2VyX2lkIjoxfQ.QF7Kr8c1F2d5DPOkbnRdmQX2NF6_AKqmRkZ42nArxGk","access":"eyJ0eXAiOiJKV1QiLCJhbGciOiJIUzI1NiJ9.eyJ0b2tlbl90eXBlIjoiYWNjZXNzIiwiZXhwIjoxNTY5NzQ3MDAxLCJqdGkiOiIxOWE0ZGI0ZTg2MzU0NWI0YjU4NjllMTkzNzViNTRkYSIsInVzZXJfaWQiOjF9.zcutweA00nOQb_2aiSQnaExqjflwD6OmROc9vYdZF8E"},"code":20000,"message":"success"}
2019-09-29 15:50:01,400 INFO response is : {"data":{"refresh":"eyJ0eXAiOiJKV1QiLCJhbGciOiJIUzI1NiJ9.eyJ0b2tlbl90eXBlIjoicmVmcmVzaCIsImV4cCI6MTU2OTgyOTgwMSwianRpIjoiNWJiMGQ1YzhmMjU4NGRiMzkzMDQ1YjU4ZWQ5YTdkYmIiLCJ1c2VyX2lkIjoxfQ.QF7Kr8c1F2d5DPOkbnRdmQX2NF6_AKqmRkZ42nArxGk","access":"eyJ0eXAiOiJKV1QiLCJhbGciOiJIUzI1NiJ9.eyJ0b2tlbl90eXBlIjoiYWNjZXNzIiwiZXhwIjoxNTY5NzQ3MDAxLCJqdGkiOiIxOWE0ZGI0ZTg2MzU0NWI0YjU4NjllMTkzNzViNTRkYSIsInVzZXJfaWQiOjF9.zcutweA00nOQb_2aiSQnaExqjflwD6OmROc9vYdZF8E"},"code":20000,"message":"success"}
2019-09-29 15:50:01,400 INFO response is : {"data":{"refresh":"eyJ0eXAiOiJKV1QiLCJhbGciOiJIUzI1NiJ9.eyJ0b2tlbl90eXBlIjoicmVmcmVzaCIsImV4cCI6MTU2OTgyOTgwMSwianRpIjoiNWJiMGQ1YzhmMjU4NGRiMzkzMDQ1YjU4ZWQ5YTdkYmIiLCJ1c2VyX2lkIjoxfQ.QF7Kr8c1F2d5DPOkbnRdmQX2NF6_AKqmRkZ42nArxGk","access":"eyJ0eXAiOiJKV1QiLCJhbGciOiJIUzI1NiJ9.eyJ0b2tlbl90eXBlIjoiYWNjZXNzIiwiZXhwIjoxNTY5NzQ3MDAxLCJqdGkiOiIxOWE0ZGI0ZTg2MzU0NWI0YjU4NjllMTkzNzViNTRkYSIsInVzZXJfaWQiOjF9.zcutweA00nOQb_2aiSQnaExqjflwD6OmROc9vYdZF8E"},"code":20000,"message":"success"}
2019-09-29 15:50:01,400 INFO response is : {"data":{"refresh":"eyJ0eXAiOiJKV1QiLCJhbGciOiJIUzI1NiJ9.eyJ0b2tlbl90eXBlIjoicmVmcmVzaCIsImV4cCI6MTU2OTgyOTgwMSwianRpIjoiNWJiMGQ1YzhmMjU4NGRiMzkzMDQ1YjU4ZWQ5YTdkYmIiLCJ1c2VyX2lkIjoxfQ.QF7Kr8c1F2d5DPOkbnRdmQX2NF6_AKqmRkZ42nArxGk","access":"eyJ0eXAiOiJKV1QiLCJhbGciOiJIUzI1NiJ9.eyJ0b2tlbl90eXBlIjoiYWNjZXNzIiwiZXhwIjoxNTY5NzQ3MDAxLCJqdGkiOiIxOWE0ZGI0ZTg2MzU0NWI0YjU4NjllMTkzNzViNTRkYSIsInVzZXJfaWQiOjF9.zcutweA00nOQb_2aiSQnaExqjflwD6OmROc9vYdZF8E"},"code":20000,"message":"success"}
2019-09-29 15:50:01,402 INFO <Response [200]>
2019-09-29 15:50:01,402 INFO <Response [200]>
2019-09-29 15:50:01,402 INFO <Response [200]>
2019-09-29 15:50:01,402 INFO <Response [200]>
2019-09-29 15:50:01,402 INFO <Response [200]>
2019-09-29 15:50:01,402 INFO <Response [200]>
2019-09-29 15:50:01,402 INFO <Response [200]>
2019-09-29 15:50:01,402 INFO <Response [200]>
2019-09-29 15:50:01,402 INFO <Response [200]>
2019-09-29 15:50:01,402 INFO <Response [200]>
2019-09-29 15:50:01,402 INFO <Response [200]>
2019-09-29 15:50:01,402 INFO <Response [200]>
2019-09-29 15:50:01,404 INFO in login！
2019-09-29 15:50:01,404 INFO in login！
2019-09-29 15:50:01,404 INFO in login！
2019-09-29 15:50:01,404 INFO in login！
2019-09-29 15:50:01,404 INFO in login！
2019-09-29 15:50:01,404 INFO in login！
2019-09-29 15:50:01,404 INFO in login！
2019-09-29 15:50:01,404 INFO in login！
2019-09-29 15:50:01,404 INFO in login！
2019-09-29 15:50:01,404 INFO in login！
2019-09-29 15:50:01,404 INFO in login！
2019-09-29 15:50:01,404 INFO in login！
2019-09-29 15:50:01,404 INFO in login！
2019-09-29 15:50:01,981 INFO response is : <Response [200]>
2019-09-29 15:50:01,981 INFO response is : <Response [200]>
2019-09-29 15:50:01,981 INFO response is : <Response [200]>
2019-09-29 15:50:01,981 INFO response is : <Response [200]>
2019-09-29 15:50:01,981 INFO response is : <Response [200]>
2019-09-29 15:50:01,981 INFO response is : <Response [200]>
2019-09-29 15:50:01,981 INFO response is : <Response [200]>
2019-09-29 15:50:01,981 INFO response is : <Response [200]>
2019-09-29 15:50:01,981 INFO response is : <Response [200]>
2019-09-29 15:50:01,981 INFO response is : <Response [200]>
2019-09-29 15:50:01,981 INFO response is : <Response [200]>
2019-09-29 15:50:01,981 INFO response is : <Response [200]>
2019-09-29 15:50:01,981 INFO response is : <Response [200]>
2019-09-29 15:50:01,981 INFO response is : <Response [200]>
2019-09-29 15:50:01,985 INFO response is : {"data":{"refresh":"eyJ0eXAiOiJKV1QiLCJhbGciOiJIUzI1NiJ9.eyJ0b2tlbl90eXBlIjoicmVmcmVzaCIsImV4cCI6MTU2OTgyOTgwMSwianRpIjoiZTUyNzA1YWVhYmY4NGE2ZTlkYzllOGFhNmU1ZGRlMDAiLCJ1c2VyX2lkIjoxfQ.6reHUKMbkZ98kdL0HfibpQJpXwYNNzrC0b_70gGFAlg","access":"eyJ0eXAiOiJKV1QiLCJhbGciOiJIUzI1NiJ9.eyJ0b2tlbl90eXBlIjoiYWNjZXNzIiwiZXhwIjoxNTY5NzQ3MDAxLCJqdGkiOiJjZWZjYjUwNDM4OTg0ODA2OGFjMmY5MTNlN2Y2MzI4ZCIsInVzZXJfaWQiOjF9.64idLnfWRJr0wBDATsNW1vMjx1S497O8olSXarZs8WY"},"code":20000,"message":"success"}
2019-09-29 15:50:01,985 INFO response is : {"data":{"refresh":"eyJ0eXAiOiJKV1QiLCJhbGciOiJIUzI1NiJ9.eyJ0b2tlbl90eXBlIjoicmVmcmVzaCIsImV4cCI6MTU2OTgyOTgwMSwianRpIjoiZTUyNzA1YWVhYmY4NGE2ZTlkYzllOGFhNmU1ZGRlMDAiLCJ1c2VyX2lkIjoxfQ.6reHUKMbkZ98kdL0HfibpQJpXwYNNzrC0b_70gGFAlg","access":"eyJ0eXAiOiJKV1QiLCJhbGciOiJIUzI1NiJ9.eyJ0b2tlbl90eXBlIjoiYWNjZXNzIiwiZXhwIjoxNTY5NzQ3MDAxLCJqdGkiOiJjZWZjYjUwNDM4OTg0ODA2OGFjMmY5MTNlN2Y2MzI4ZCIsInVzZXJfaWQiOjF9.64idLnfWRJr0wBDATsNW1vMjx1S497O8olSXarZs8WY"},"code":20000,"message":"success"}
2019-09-29 15:50:01,985 INFO response is : {"data":{"refresh":"eyJ0eXAiOiJKV1QiLCJhbGciOiJIUzI1NiJ9.eyJ0b2tlbl90eXBlIjoicmVmcmVzaCIsImV4cCI6MTU2OTgyOTgwMSwianRpIjoiZTUyNzA1YWVhYmY4NGE2ZTlkYzllOGFhNmU1ZGRlMDAiLCJ1c2VyX2lkIjoxfQ.6reHUKMbkZ98kdL0HfibpQJpXwYNNzrC0b_70gGFAlg","access":"eyJ0eXAiOiJKV1QiLCJhbGciOiJIUzI1NiJ9.eyJ0b2tlbl90eXBlIjoiYWNjZXNzIiwiZXhwIjoxNTY5NzQ3MDAxLCJqdGkiOiJjZWZjYjUwNDM4OTg0ODA2OGFjMmY5MTNlN2Y2MzI4ZCIsInVzZXJfaWQiOjF9.64idLnfWRJr0wBDATsNW1vMjx1S497O8olSXarZs8WY"},"code":20000,"message":"success"}
2019-09-29 15:50:01,985 INFO response is : {"data":{"refresh":"eyJ0eXAiOiJKV1QiLCJhbGciOiJIUzI1NiJ9.eyJ0b2tlbl90eXBlIjoicmVmcmVzaCIsImV4cCI6MTU2OTgyOTgwMSwianRpIjoiZTUyNzA1YWVhYmY4NGE2ZTlkYzllOGFhNmU1ZGRlMDAiLCJ1c2VyX2lkIjoxfQ.6reHUKMbkZ98kdL0HfibpQJpXwYNNzrC0b_70gGFAlg","access":"eyJ0eXAiOiJKV1QiLCJhbGciOiJIUzI1NiJ9.eyJ0b2tlbl90eXBlIjoiYWNjZXNzIiwiZXhwIjoxNTY5NzQ3MDAxLCJqdGkiOiJjZWZjYjUwNDM4OTg0ODA2OGFjMmY5MTNlN2Y2MzI4ZCIsInVzZXJfaWQiOjF9.64idLnfWRJr0wBDATsNW1vMjx1S497O8olSXarZs8WY"},"code":20000,"message":"success"}
2019-09-29 15:50:01,985 INFO response is : {"data":{"refresh":"eyJ0eXAiOiJKV1QiLCJhbGciOiJIUzI1NiJ9.eyJ0b2tlbl90eXBlIjoicmVmcmVzaCIsImV4cCI6MTU2OTgyOTgwMSwianRpIjoiZTUyNzA1YWVhYmY4NGE2ZTlkYzllOGFhNmU1ZGRlMDAiLCJ1c2VyX2lkIjoxfQ.6reHUKMbkZ98kdL0HfibpQJpXwYNNzrC0b_70gGFAlg","access":"eyJ0eXAiOiJKV1QiLCJhbGciOiJIUzI1NiJ9.eyJ0b2tlbl90eXBlIjoiYWNjZXNzIiwiZXhwIjoxNTY5NzQ3MDAxLCJqdGkiOiJjZWZjYjUwNDM4OTg0ODA2OGFjMmY5MTNlN2Y2MzI4ZCIsInVzZXJfaWQiOjF9.64idLnfWRJr0wBDATsNW1vMjx1S497O8olSXarZs8WY"},"code":20000,"message":"success"}
2019-09-29 15:50:01,985 INFO response is : {"data":{"refresh":"eyJ0eXAiOiJKV1QiLCJhbGciOiJIUzI1NiJ9.eyJ0b2tlbl90eXBlIjoicmVmcmVzaCIsImV4cCI6MTU2OTgyOTgwMSwianRpIjoiZTUyNzA1YWVhYmY4NGE2ZTlkYzllOGFhNmU1ZGRlMDAiLCJ1c2VyX2lkIjoxfQ.6reHUKMbkZ98kdL0HfibpQJpXwYNNzrC0b_70gGFAlg","access":"eyJ0eXAiOiJKV1QiLCJhbGciOiJIUzI1NiJ9.eyJ0b2tlbl90eXBlIjoiYWNjZXNzIiwiZXhwIjoxNTY5NzQ3MDAxLCJqdGkiOiJjZWZjYjUwNDM4OTg0ODA2OGFjMmY5MTNlN2Y2MzI4ZCIsInVzZXJfaWQiOjF9.64idLnfWRJr0wBDATsNW1vMjx1S497O8olSXarZs8WY"},"code":20000,"message":"success"}
2019-09-29 15:50:01,985 INFO response is : {"data":{"refresh":"eyJ0eXAiOiJKV1QiLCJhbGciOiJIUzI1NiJ9.eyJ0b2tlbl90eXBlIjoicmVmcmVzaCIsImV4cCI6MTU2OTgyOTgwMSwianRpIjoiZTUyNzA1YWVhYmY4NGE2ZTlkYzllOGFhNmU1ZGRlMDAiLCJ1c2VyX2lkIjoxfQ.6reHUKMbkZ98kdL0HfibpQJpXwYNNzrC0b_70gGFAlg","access":"eyJ0eXAiOiJKV1QiLCJhbGciOiJIUzI1NiJ9.eyJ0b2tlbl90eXBlIjoiYWNjZXNzIiwiZXhwIjoxNTY5NzQ3MDAxLCJqdGkiOiJjZWZjYjUwNDM4OTg0ODA2OGFjMmY5MTNlN2Y2MzI4ZCIsInVzZXJfaWQiOjF9.64idLnfWRJr0wBDATsNW1vMjx1S497O8olSXarZs8WY"},"code":20000,"message":"success"}
2019-09-29 15:50:01,985 INFO response is : {"data":{"refresh":"eyJ0eXAiOiJKV1QiLCJhbGciOiJIUzI1NiJ9.eyJ0b2tlbl90eXBlIjoicmVmcmVzaCIsImV4cCI6MTU2OTgyOTgwMSwianRpIjoiZTUyNzA1YWVhYmY4NGE2ZTlkYzllOGFhNmU1ZGRlMDAiLCJ1c2VyX2lkIjoxfQ.6reHUKMbkZ98kdL0HfibpQJpXwYNNzrC0b_70gGFAlg","access":"eyJ0eXAiOiJKV1QiLCJhbGciOiJIUzI1NiJ9.eyJ0b2tlbl90eXBlIjoiYWNjZXNzIiwiZXhwIjoxNTY5NzQ3MDAxLCJqdGkiOiJjZWZjYjUwNDM4OTg0ODA2OGFjMmY5MTNlN2Y2MzI4ZCIsInVzZXJfaWQiOjF9.64idLnfWRJr0wBDATsNW1vMjx1S497O8olSXarZs8WY"},"code":20000,"message":"success"}
2019-09-29 15:50:01,985 INFO response is : {"data":{"refresh":"eyJ0eXAiOiJKV1QiLCJhbGciOiJIUzI1NiJ9.eyJ0b2tlbl90eXBlIjoicmVmcmVzaCIsImV4cCI6MTU2OTgyOTgwMSwianRpIjoiZTUyNzA1YWVhYmY4NGE2ZTlkYzllOGFhNmU1ZGRlMDAiLCJ1c2VyX2lkIjoxfQ.6reHUKMbkZ98kdL0HfibpQJpXwYNNzrC0b_70gGFAlg","access":"eyJ0eXAiOiJKV1QiLCJhbGciOiJIUzI1NiJ9.eyJ0b2tlbl90eXBlIjoiYWNjZXNzIiwiZXhwIjoxNTY5NzQ3MDAxLCJqdGkiOiJjZWZjYjUwNDM4OTg0ODA2OGFjMmY5MTNlN2Y2MzI4ZCIsInVzZXJfaWQiOjF9.64idLnfWRJr0wBDATsNW1vMjx1S497O8olSXarZs8WY"},"code":20000,"message":"success"}
2019-09-29 15:50:01,985 INFO response is : {"data":{"refresh":"eyJ0eXAiOiJKV1QiLCJhbGciOiJIUzI1NiJ9.eyJ0b2tlbl90eXBlIjoicmVmcmVzaCIsImV4cCI6MTU2OTgyOTgwMSwianRpIjoiZTUyNzA1YWVhYmY4NGE2ZTlkYzllOGFhNmU1ZGRlMDAiLCJ1c2VyX2lkIjoxfQ.6reHUKMbkZ98kdL0HfibpQJpXwYNNzrC0b_70gGFAlg","access":"eyJ0eXAiOiJKV1QiLCJhbGciOiJIUzI1NiJ9.eyJ0b2tlbl90eXBlIjoiYWNjZXNzIiwiZXhwIjoxNTY5NzQ3MDAxLCJqdGkiOiJjZWZjYjUwNDM4OTg0ODA2OGFjMmY5MTNlN2Y2MzI4ZCIsInVzZXJfaWQiOjF9.64idLnfWRJr0wBDATsNW1vMjx1S497O8olSXarZs8WY"},"code":20000,"message":"success"}
2019-09-29 15:50:01,985 INFO response is : {"data":{"refresh":"eyJ0eXAiOiJKV1QiLCJhbGciOiJIUzI1NiJ9.eyJ0b2tlbl90eXBlIjoicmVmcmVzaCIsImV4cCI6MTU2OTgyOTgwMSwianRpIjoiZTUyNzA1YWVhYmY4NGE2ZTlkYzllOGFhNmU1ZGRlMDAiLCJ1c2VyX2lkIjoxfQ.6reHUKMbkZ98kdL0HfibpQJpXwYNNzrC0b_70gGFAlg","access":"eyJ0eXAiOiJKV1QiLCJhbGciOiJIUzI1NiJ9.eyJ0b2tlbl90eXBlIjoiYWNjZXNzIiwiZXhwIjoxNTY5NzQ3MDAxLCJqdGkiOiJjZWZjYjUwNDM4OTg0ODA2OGFjMmY5MTNlN2Y2MzI4ZCIsInVzZXJfaWQiOjF9.64idLnfWRJr0wBDATsNW1vMjx1S497O8olSXarZs8WY"},"code":20000,"message":"success"}
2019-09-29 15:50:01,985 INFO response is : {"data":{"refresh":"eyJ0eXAiOiJKV1QiLCJhbGciOiJIUzI1NiJ9.eyJ0b2tlbl90eXBlIjoicmVmcmVzaCIsImV4cCI6MTU2OTgyOTgwMSwianRpIjoiZTUyNzA1YWVhYmY4NGE2ZTlkYzllOGFhNmU1ZGRlMDAiLCJ1c2VyX2lkIjoxfQ.6reHUKMbkZ98kdL0HfibpQJpXwYNNzrC0b_70gGFAlg","access":"eyJ0eXAiOiJKV1QiLCJhbGciOiJIUzI1NiJ9.eyJ0b2tlbl90eXBlIjoiYWNjZXNzIiwiZXhwIjoxNTY5NzQ3MDAxLCJqdGkiOiJjZWZjYjUwNDM4OTg0ODA2OGFjMmY5MTNlN2Y2MzI4ZCIsInVzZXJfaWQiOjF9.64idLnfWRJr0wBDATsNW1vMjx1S497O8olSXarZs8WY"},"code":20000,"message":"success"}
2019-09-29 15:50:01,985 INFO response is : {"data":{"refresh":"eyJ0eXAiOiJKV1QiLCJhbGciOiJIUzI1NiJ9.eyJ0b2tlbl90eXBlIjoicmVmcmVzaCIsImV4cCI6MTU2OTgyOTgwMSwianRpIjoiZTUyNzA1YWVhYmY4NGE2ZTlkYzllOGFhNmU1ZGRlMDAiLCJ1c2VyX2lkIjoxfQ.6reHUKMbkZ98kdL0HfibpQJpXwYNNzrC0b_70gGFAlg","access":"eyJ0eXAiOiJKV1QiLCJhbGciOiJIUzI1NiJ9.eyJ0b2tlbl90eXBlIjoiYWNjZXNzIiwiZXhwIjoxNTY5NzQ3MDAxLCJqdGkiOiJjZWZjYjUwNDM4OTg0ODA2OGFjMmY5MTNlN2Y2MzI4ZCIsInVzZXJfaWQiOjF9.64idLnfWRJr0wBDATsNW1vMjx1S497O8olSXarZs8WY"},"code":20000,"message":"success"}
2019-09-29 15:50:01,985 INFO response is : {"data":{"refresh":"eyJ0eXAiOiJKV1QiLCJhbGciOiJIUzI1NiJ9.eyJ0b2tlbl90eXBlIjoicmVmcmVzaCIsImV4cCI6MTU2OTgyOTgwMSwianRpIjoiZTUyNzA1YWVhYmY4NGE2ZTlkYzllOGFhNmU1ZGRlMDAiLCJ1c2VyX2lkIjoxfQ.6reHUKMbkZ98kdL0HfibpQJpXwYNNzrC0b_70gGFAlg","access":"eyJ0eXAiOiJKV1QiLCJhbGciOiJIUzI1NiJ9.eyJ0b2tlbl90eXBlIjoiYWNjZXNzIiwiZXhwIjoxNTY5NzQ3MDAxLCJqdGkiOiJjZWZjYjUwNDM4OTg0ODA2OGFjMmY5MTNlN2Y2MzI4ZCIsInVzZXJfaWQiOjF9.64idLnfWRJr0wBDATsNW1vMjx1S497O8olSXarZs8WY"},"code":20000,"message":"success"}
2019-09-29 15:50:01,985 INFO response is : {"data":{"refresh":"eyJ0eXAiOiJKV1QiLCJhbGciOiJIUzI1NiJ9.eyJ0b2tlbl90eXBlIjoicmVmcmVzaCIsImV4cCI6MTU2OTgyOTgwMSwianRpIjoiZTUyNzA1YWVhYmY4NGE2ZTlkYzllOGFhNmU1ZGRlMDAiLCJ1c2VyX2lkIjoxfQ.6reHUKMbkZ98kdL0HfibpQJpXwYNNzrC0b_70gGFAlg","access":"eyJ0eXAiOiJKV1QiLCJhbGciOiJIUzI1NiJ9.eyJ0b2tlbl90eXBlIjoiYWNjZXNzIiwiZXhwIjoxNTY5NzQ3MDAxLCJqdGkiOiJjZWZjYjUwNDM4OTg0ODA2OGFjMmY5MTNlN2Y2MzI4ZCIsInVzZXJfaWQiOjF9.64idLnfWRJr0wBDATsNW1vMjx1S497O8olSXarZs8WY"},"code":20000,"message":"success"}
2019-09-29 15:50:01,987 INFO <Response [200]>
2019-09-29 15:50:01,987 INFO <Response [200]>
2019-09-29 15:50:01,987 INFO <Response [200]>
2019-09-29 15:50:01,987 INFO <Response [200]>
2019-09-29 15:50:01,987 INFO <Response [200]>
2019-09-29 15:50:01,987 INFO <Response [200]>
2019-09-29 15:50:01,987 INFO <Response [200]>
2019-09-29 15:50:01,987 INFO <Response [200]>
2019-09-29 15:50:01,987 INFO <Response [200]>
2019-09-29 15:50:01,987 INFO <Response [200]>
2019-09-29 15:50:01,987 INFO <Response [200]>
2019-09-29 15:50:01,987 INFO <Response [200]>
2019-09-29 15:50:01,987 INFO <Response [200]>
2019-09-29 15:50:01,987 INFO <Response [200]>
2019-09-29 15:50:01,987 INFO <Response [200]>
2019-09-29 15:50:01,987 INFO <Response [200]>
2019-09-29 16:02:06,668 INFO 开始执行测试,报告输出模式text
2019-09-29 16:02:07,763 INFO in login！
2019-09-29 16:02:07,763 INFO in login！
2019-09-29 16:02:08,713 INFO response is : <Response [200]>
2019-09-29 16:02:08,713 INFO response is : <Response [200]>
2019-09-29 16:02:08,713 INFO response is : <Response [200]>
2019-09-29 16:02:08,715 INFO response is : {"data":{"refresh":"eyJ0eXAiOiJKV1QiLCJhbGciOiJIUzI1NiJ9.eyJ0b2tlbl90eXBlIjoicmVmcmVzaCIsImV4cCI6MTU2OTgzMDUyOCwianRpIjoiMWNmMTc4OTk0NDEwNDVjMDhiOWM3ZjdkM2ZjNjFiMmQiLCJ1c2VyX2lkIjoxfQ.ysh6Q6MnPEY64FIiA6xsOEXQLGSi9UEwbDweq3NKQLw","access":"eyJ0eXAiOiJKV1QiLCJhbGciOiJIUzI1NiJ9.eyJ0b2tlbl90eXBlIjoiYWNjZXNzIiwiZXhwIjoxNTY5NzQ3NzI4LCJqdGkiOiJmZTMxYzc5ZTFiZGE0MDVlYjU5NmUyNmMzYWRhMTJjYyIsInVzZXJfaWQiOjF9.H8VSwfGuKIH0E-gU1PaLo5AR4Stf6ynzAnVMOQctlKk"},"code":20000,"message":"success"}
2019-09-29 16:02:08,715 INFO response is : {"data":{"refresh":"eyJ0eXAiOiJKV1QiLCJhbGciOiJIUzI1NiJ9.eyJ0b2tlbl90eXBlIjoicmVmcmVzaCIsImV4cCI6MTU2OTgzMDUyOCwianRpIjoiMWNmMTc4OTk0NDEwNDVjMDhiOWM3ZjdkM2ZjNjFiMmQiLCJ1c2VyX2lkIjoxfQ.ysh6Q6MnPEY64FIiA6xsOEXQLGSi9UEwbDweq3NKQLw","access":"eyJ0eXAiOiJKV1QiLCJhbGciOiJIUzI1NiJ9.eyJ0b2tlbl90eXBlIjoiYWNjZXNzIiwiZXhwIjoxNTY5NzQ3NzI4LCJqdGkiOiJmZTMxYzc5ZTFiZGE0MDVlYjU5NmUyNmMzYWRhMTJjYyIsInVzZXJfaWQiOjF9.H8VSwfGuKIH0E-gU1PaLo5AR4Stf6ynzAnVMOQctlKk"},"code":20000,"message":"success"}
2019-09-29 16:02:08,715 INFO response is : {"data":{"refresh":"eyJ0eXAiOiJKV1QiLCJhbGciOiJIUzI1NiJ9.eyJ0b2tlbl90eXBlIjoicmVmcmVzaCIsImV4cCI6MTU2OTgzMDUyOCwianRpIjoiMWNmMTc4OTk0NDEwNDVjMDhiOWM3ZjdkM2ZjNjFiMmQiLCJ1c2VyX2lkIjoxfQ.ysh6Q6MnPEY64FIiA6xsOEXQLGSi9UEwbDweq3NKQLw","access":"eyJ0eXAiOiJKV1QiLCJhbGciOiJIUzI1NiJ9.eyJ0b2tlbl90eXBlIjoiYWNjZXNzIiwiZXhwIjoxNTY5NzQ3NzI4LCJqdGkiOiJmZTMxYzc5ZTFiZGE0MDVlYjU5NmUyNmMzYWRhMTJjYyIsInVzZXJfaWQiOjF9.H8VSwfGuKIH0E-gU1PaLo5AR4Stf6ynzAnVMOQctlKk"},"code":20000,"message":"success"}
2019-09-29 16:02:08,715 INFO response is : {"data":{"refresh":"eyJ0eXAiOiJKV1QiLCJhbGciOiJIUzI1NiJ9.eyJ0b2tlbl90eXBlIjoicmVmcmVzaCIsImV4cCI6MTU2OTgzMDUyOCwianRpIjoiMWNmMTc4OTk0NDEwNDVjMDhiOWM3ZjdkM2ZjNjFiMmQiLCJ1c2VyX2lkIjoxfQ.ysh6Q6MnPEY64FIiA6xsOEXQLGSi9UEwbDweq3NKQLw","access":"eyJ0eXAiOiJKV1QiLCJhbGciOiJIUzI1NiJ9.eyJ0b2tlbl90eXBlIjoiYWNjZXNzIiwiZXhwIjoxNTY5NzQ3NzI4LCJqdGkiOiJmZTMxYzc5ZTFiZGE0MDVlYjU5NmUyNmMzYWRhMTJjYyIsInVzZXJfaWQiOjF9.H8VSwfGuKIH0E-gU1PaLo5AR4Stf6ynzAnVMOQctlKk"},"code":20000,"message":"success"}
2019-09-29 16:02:08,716 INFO <Response [200]>
2019-09-29 16:02:08,716 INFO <Response [200]>
2019-09-29 16:02:08,716 INFO <Response [200]>
2019-09-29 16:02:08,716 INFO <Response [200]>
2019-09-29 16:02:08,716 INFO <Response [200]>
2019-09-29 16:02:08,717 INFO in getUserinfo heasers is :{'Content-Type': 'application/json', 'Authorization': 'Basic eyJ0eXAiOiJKV1QiLCJhbGciOiJIUzI1NiJ9.eyJ0b2tlbl90eXBlIjoiYWNjZXNzIiwiZXhwIjoxNTY5NzQ3NzI4LCJqdGkiOiJmZTMxYzc5ZTFiZGE0MDVlYjU5NmUyNmMzYWRhMTJjYyIsInVzZXJfaWQiOjF9.H8VSwfGuKIH0E-gU1PaLo5AR4Stf6ynzAnVMOQctlKk'}
2019-09-29 16:02:08,717 INFO in getUserinfo heasers is :{'Content-Type': 'application/json', 'Authorization': 'Basic eyJ0eXAiOiJKV1QiLCJhbGciOiJIUzI1NiJ9.eyJ0b2tlbl90eXBlIjoiYWNjZXNzIiwiZXhwIjoxNTY5NzQ3NzI4LCJqdGkiOiJmZTMxYzc5ZTFiZGE0MDVlYjU5NmUyNmMzYWRhMTJjYyIsInVzZXJfaWQiOjF9.H8VSwfGuKIH0E-gU1PaLo5AR4Stf6ynzAnVMOQctlKk'}
2019-09-29 16:02:08,717 INFO in getUserinfo heasers is :{'Content-Type': 'application/json', 'Authorization': 'Basic eyJ0eXAiOiJKV1QiLCJhbGciOiJIUzI1NiJ9.eyJ0b2tlbl90eXBlIjoiYWNjZXNzIiwiZXhwIjoxNTY5NzQ3NzI4LCJqdGkiOiJmZTMxYzc5ZTFiZGE0MDVlYjU5NmUyNmMzYWRhMTJjYyIsInVzZXJfaWQiOjF9.H8VSwfGuKIH0E-gU1PaLo5AR4Stf6ynzAnVMOQctlKk'}
2019-09-29 16:02:08,717 INFO in getUserinfo heasers is :{'Content-Type': 'application/json', 'Authorization': 'Basic eyJ0eXAiOiJKV1QiLCJhbGciOiJIUzI1NiJ9.eyJ0b2tlbl90eXBlIjoiYWNjZXNzIiwiZXhwIjoxNTY5NzQ3NzI4LCJqdGkiOiJmZTMxYzc5ZTFiZGE0MDVlYjU5NmUyNmMzYWRhMTJjYyIsInVzZXJfaWQiOjF9.H8VSwfGuKIH0E-gU1PaLo5AR4Stf6ynzAnVMOQctlKk'}
2019-09-29 16:02:08,717 INFO in getUserinfo heasers is :{'Content-Type': 'application/json', 'Authorization': 'Basic eyJ0eXAiOiJKV1QiLCJhbGciOiJIUzI1NiJ9.eyJ0b2tlbl90eXBlIjoiYWNjZXNzIiwiZXhwIjoxNTY5NzQ3NzI4LCJqdGkiOiJmZTMxYzc5ZTFiZGE0MDVlYjU5NmUyNmMzYWRhMTJjYyIsInVzZXJfaWQiOjF9.H8VSwfGuKIH0E-gU1PaLo5AR4Stf6ynzAnVMOQctlKk'}
2019-09-29 16:02:08,717 INFO in getUserinfo heasers is :{'Content-Type': 'application/json', 'Authorization': 'Basic eyJ0eXAiOiJKV1QiLCJhbGciOiJIUzI1NiJ9.eyJ0b2tlbl90eXBlIjoiYWNjZXNzIiwiZXhwIjoxNTY5NzQ3NzI4LCJqdGkiOiJmZTMxYzc5ZTFiZGE0MDVlYjU5NmUyNmMzYWRhMTJjYyIsInVzZXJfaWQiOjF9.H8VSwfGuKIH0E-gU1PaLo5AR4Stf6ynzAnVMOQctlKk'}
2019-09-29 16:02:09,091 INFO response is : <Response [404]>
2019-09-29 16:02:09,091 INFO response is : <Response [404]>
2019-09-29 16:02:09,091 INFO response is : <Response [404]>
2019-09-29 16:02:09,091 INFO response is : <Response [404]>
2019-09-29 16:02:09,091 INFO response is : <Response [404]>
2019-09-29 16:02:09,091 INFO response is : <Response [404]>
2019-09-29 16:02:09,091 INFO response is : <Response [404]>
2019-09-29 16:02:09,092 INFO <Response [404]>
2019-09-29 16:02:09,092 INFO <Response [404]>
2019-09-29 16:02:09,092 INFO <Response [404]>
2019-09-29 16:02:09,092 INFO <Response [404]>
2019-09-29 16:02:09,092 INFO <Response [404]>
2019-09-29 16:02:09,092 INFO <Response [404]>
2019-09-29 16:02:09,092 INFO <Response [404]>
2019-09-29 16:02:09,092 INFO <Response [404]>
2019-09-29 16:02:09,096 INFO in login！
2019-09-29 16:02:09,096 INFO in login！
2019-09-29 16:02:09,096 INFO in login！
2019-09-29 16:02:09,096 INFO in login！
2019-09-29 16:02:09,096 INFO in login！
2019-09-29 16:02:09,096 INFO in login！
2019-09-29 16:02:09,096 INFO in login！
2019-09-29 16:02:09,096 INFO in login！
2019-09-29 16:02:09,096 INFO in login！
2019-09-29 16:02:09,606 INFO response is : <Response [200]>
2019-09-29 16:02:09,606 INFO response is : <Response [200]>
2019-09-29 16:02:09,606 INFO response is : <Response [200]>
2019-09-29 16:02:09,606 INFO response is : <Response [200]>
2019-09-29 16:02:09,606 INFO response is : <Response [200]>
2019-09-29 16:02:09,606 INFO response is : <Response [200]>
2019-09-29 16:02:09,606 INFO response is : <Response [200]>
2019-09-29 16:02:09,606 INFO response is : <Response [200]>
2019-09-29 16:02:09,606 INFO response is : <Response [200]>
2019-09-29 16:02:09,606 INFO response is : <Response [200]>
2019-09-29 16:02:09,607 INFO response is : {"data":{"refresh":"eyJ0eXAiOiJKV1QiLCJhbGciOiJIUzI1NiJ9.eyJ0b2tlbl90eXBlIjoicmVmcmVzaCIsImV4cCI6MTU2OTgzMDUyOSwianRpIjoiNDQwMjRkM2Y1ZWFiNGY0ZWFkZmQwMDc1NGU0YTQ4NzAiLCJ1c2VyX2lkIjoxfQ.liySb6lSoujREGDg8s3Uo0i1-IW--xMA3yQPKLXeJY8","access":"eyJ0eXAiOiJKV1QiLCJhbGciOiJIUzI1NiJ9.eyJ0b2tlbl90eXBlIjoiYWNjZXNzIiwiZXhwIjoxNTY5NzQ3NzI5LCJqdGkiOiIzYjNlYjdhNjhlYTE0OTA4YTI5OWY3ZGE4NWQ2YzQyYiIsInVzZXJfaWQiOjF9.F_K9TzoYVf2U4JiKanaMOA9v9AR20OxSl61JcW9p41M"},"code":20000,"message":"success"}
2019-09-29 16:02:09,607 INFO response is : {"data":{"refresh":"eyJ0eXAiOiJKV1QiLCJhbGciOiJIUzI1NiJ9.eyJ0b2tlbl90eXBlIjoicmVmcmVzaCIsImV4cCI6MTU2OTgzMDUyOSwianRpIjoiNDQwMjRkM2Y1ZWFiNGY0ZWFkZmQwMDc1NGU0YTQ4NzAiLCJ1c2VyX2lkIjoxfQ.liySb6lSoujREGDg8s3Uo0i1-IW--xMA3yQPKLXeJY8","access":"eyJ0eXAiOiJKV1QiLCJhbGciOiJIUzI1NiJ9.eyJ0b2tlbl90eXBlIjoiYWNjZXNzIiwiZXhwIjoxNTY5NzQ3NzI5LCJqdGkiOiIzYjNlYjdhNjhlYTE0OTA4YTI5OWY3ZGE4NWQ2YzQyYiIsInVzZXJfaWQiOjF9.F_K9TzoYVf2U4JiKanaMOA9v9AR20OxSl61JcW9p41M"},"code":20000,"message":"success"}
2019-09-29 16:02:09,607 INFO response is : {"data":{"refresh":"eyJ0eXAiOiJKV1QiLCJhbGciOiJIUzI1NiJ9.eyJ0b2tlbl90eXBlIjoicmVmcmVzaCIsImV4cCI6MTU2OTgzMDUyOSwianRpIjoiNDQwMjRkM2Y1ZWFiNGY0ZWFkZmQwMDc1NGU0YTQ4NzAiLCJ1c2VyX2lkIjoxfQ.liySb6lSoujREGDg8s3Uo0i1-IW--xMA3yQPKLXeJY8","access":"eyJ0eXAiOiJKV1QiLCJhbGciOiJIUzI1NiJ9.eyJ0b2tlbl90eXBlIjoiYWNjZXNzIiwiZXhwIjoxNTY5NzQ3NzI5LCJqdGkiOiIzYjNlYjdhNjhlYTE0OTA4YTI5OWY3ZGE4NWQ2YzQyYiIsInVzZXJfaWQiOjF9.F_K9TzoYVf2U4JiKanaMOA9v9AR20OxSl61JcW9p41M"},"code":20000,"message":"success"}
2019-09-29 16:02:09,607 INFO response is : {"data":{"refresh":"eyJ0eXAiOiJKV1QiLCJhbGciOiJIUzI1NiJ9.eyJ0b2tlbl90eXBlIjoicmVmcmVzaCIsImV4cCI6MTU2OTgzMDUyOSwianRpIjoiNDQwMjRkM2Y1ZWFiNGY0ZWFkZmQwMDc1NGU0YTQ4NzAiLCJ1c2VyX2lkIjoxfQ.liySb6lSoujREGDg8s3Uo0i1-IW--xMA3yQPKLXeJY8","access":"eyJ0eXAiOiJKV1QiLCJhbGciOiJIUzI1NiJ9.eyJ0b2tlbl90eXBlIjoiYWNjZXNzIiwiZXhwIjoxNTY5NzQ3NzI5LCJqdGkiOiIzYjNlYjdhNjhlYTE0OTA4YTI5OWY3ZGE4NWQ2YzQyYiIsInVzZXJfaWQiOjF9.F_K9TzoYVf2U4JiKanaMOA9v9AR20OxSl61JcW9p41M"},"code":20000,"message":"success"}
2019-09-29 16:02:09,607 INFO response is : {"data":{"refresh":"eyJ0eXAiOiJKV1QiLCJhbGciOiJIUzI1NiJ9.eyJ0b2tlbl90eXBlIjoicmVmcmVzaCIsImV4cCI6MTU2OTgzMDUyOSwianRpIjoiNDQwMjRkM2Y1ZWFiNGY0ZWFkZmQwMDc1NGU0YTQ4NzAiLCJ1c2VyX2lkIjoxfQ.liySb6lSoujREGDg8s3Uo0i1-IW--xMA3yQPKLXeJY8","access":"eyJ0eXAiOiJKV1QiLCJhbGciOiJIUzI1NiJ9.eyJ0b2tlbl90eXBlIjoiYWNjZXNzIiwiZXhwIjoxNTY5NzQ3NzI5LCJqdGkiOiIzYjNlYjdhNjhlYTE0OTA4YTI5OWY3ZGE4NWQ2YzQyYiIsInVzZXJfaWQiOjF9.F_K9TzoYVf2U4JiKanaMOA9v9AR20OxSl61JcW9p41M"},"code":20000,"message":"success"}
2019-09-29 16:02:09,607 INFO response is : {"data":{"refresh":"eyJ0eXAiOiJKV1QiLCJhbGciOiJIUzI1NiJ9.eyJ0b2tlbl90eXBlIjoicmVmcmVzaCIsImV4cCI6MTU2OTgzMDUyOSwianRpIjoiNDQwMjRkM2Y1ZWFiNGY0ZWFkZmQwMDc1NGU0YTQ4NzAiLCJ1c2VyX2lkIjoxfQ.liySb6lSoujREGDg8s3Uo0i1-IW--xMA3yQPKLXeJY8","access":"eyJ0eXAiOiJKV1QiLCJhbGciOiJIUzI1NiJ9.eyJ0b2tlbl90eXBlIjoiYWNjZXNzIiwiZXhwIjoxNTY5NzQ3NzI5LCJqdGkiOiIzYjNlYjdhNjhlYTE0OTA4YTI5OWY3ZGE4NWQ2YzQyYiIsInVzZXJfaWQiOjF9.F_K9TzoYVf2U4JiKanaMOA9v9AR20OxSl61JcW9p41M"},"code":20000,"message":"success"}
2019-09-29 16:02:09,607 INFO response is : {"data":{"refresh":"eyJ0eXAiOiJKV1QiLCJhbGciOiJIUzI1NiJ9.eyJ0b2tlbl90eXBlIjoicmVmcmVzaCIsImV4cCI6MTU2OTgzMDUyOSwianRpIjoiNDQwMjRkM2Y1ZWFiNGY0ZWFkZmQwMDc1NGU0YTQ4NzAiLCJ1c2VyX2lkIjoxfQ.liySb6lSoujREGDg8s3Uo0i1-IW--xMA3yQPKLXeJY8","access":"eyJ0eXAiOiJKV1QiLCJhbGciOiJIUzI1NiJ9.eyJ0b2tlbl90eXBlIjoiYWNjZXNzIiwiZXhwIjoxNTY5NzQ3NzI5LCJqdGkiOiIzYjNlYjdhNjhlYTE0OTA4YTI5OWY3ZGE4NWQ2YzQyYiIsInVzZXJfaWQiOjF9.F_K9TzoYVf2U4JiKanaMOA9v9AR20OxSl61JcW9p41M"},"code":20000,"message":"success"}
2019-09-29 16:02:09,607 INFO response is : {"data":{"refresh":"eyJ0eXAiOiJKV1QiLCJhbGciOiJIUzI1NiJ9.eyJ0b2tlbl90eXBlIjoicmVmcmVzaCIsImV4cCI6MTU2OTgzMDUyOSwianRpIjoiNDQwMjRkM2Y1ZWFiNGY0ZWFkZmQwMDc1NGU0YTQ4NzAiLCJ1c2VyX2lkIjoxfQ.liySb6lSoujREGDg8s3Uo0i1-IW--xMA3yQPKLXeJY8","access":"eyJ0eXAiOiJKV1QiLCJhbGciOiJIUzI1NiJ9.eyJ0b2tlbl90eXBlIjoiYWNjZXNzIiwiZXhwIjoxNTY5NzQ3NzI5LCJqdGkiOiIzYjNlYjdhNjhlYTE0OTA4YTI5OWY3ZGE4NWQ2YzQyYiIsInVzZXJfaWQiOjF9.F_K9TzoYVf2U4JiKanaMOA9v9AR20OxSl61JcW9p41M"},"code":20000,"message":"success"}
2019-09-29 16:02:09,607 INFO response is : {"data":{"refresh":"eyJ0eXAiOiJKV1QiLCJhbGciOiJIUzI1NiJ9.eyJ0b2tlbl90eXBlIjoicmVmcmVzaCIsImV4cCI6MTU2OTgzMDUyOSwianRpIjoiNDQwMjRkM2Y1ZWFiNGY0ZWFkZmQwMDc1NGU0YTQ4NzAiLCJ1c2VyX2lkIjoxfQ.liySb6lSoujREGDg8s3Uo0i1-IW--xMA3yQPKLXeJY8","access":"eyJ0eXAiOiJKV1QiLCJhbGciOiJIUzI1NiJ9.eyJ0b2tlbl90eXBlIjoiYWNjZXNzIiwiZXhwIjoxNTY5NzQ3NzI5LCJqdGkiOiIzYjNlYjdhNjhlYTE0OTA4YTI5OWY3ZGE4NWQ2YzQyYiIsInVzZXJfaWQiOjF9.F_K9TzoYVf2U4JiKanaMOA9v9AR20OxSl61JcW9p41M"},"code":20000,"message":"success"}
2019-09-29 16:02:09,607 INFO response is : {"data":{"refresh":"eyJ0eXAiOiJKV1QiLCJhbGciOiJIUzI1NiJ9.eyJ0b2tlbl90eXBlIjoicmVmcmVzaCIsImV4cCI6MTU2OTgzMDUyOSwianRpIjoiNDQwMjRkM2Y1ZWFiNGY0ZWFkZmQwMDc1NGU0YTQ4NzAiLCJ1c2VyX2lkIjoxfQ.liySb6lSoujREGDg8s3Uo0i1-IW--xMA3yQPKLXeJY8","access":"eyJ0eXAiOiJKV1QiLCJhbGciOiJIUzI1NiJ9.eyJ0b2tlbl90eXBlIjoiYWNjZXNzIiwiZXhwIjoxNTY5NzQ3NzI5LCJqdGkiOiIzYjNlYjdhNjhlYTE0OTA4YTI5OWY3ZGE4NWQ2YzQyYiIsInVzZXJfaWQiOjF9.F_K9TzoYVf2U4JiKanaMOA9v9AR20OxSl61JcW9p41M"},"code":20000,"message":"success"}
2019-09-29 16:02:09,607 INFO response is : {"data":{"refresh":"eyJ0eXAiOiJKV1QiLCJhbGciOiJIUzI1NiJ9.eyJ0b2tlbl90eXBlIjoicmVmcmVzaCIsImV4cCI6MTU2OTgzMDUyOSwianRpIjoiNDQwMjRkM2Y1ZWFiNGY0ZWFkZmQwMDc1NGU0YTQ4NzAiLCJ1c2VyX2lkIjoxfQ.liySb6lSoujREGDg8s3Uo0i1-IW--xMA3yQPKLXeJY8","access":"eyJ0eXAiOiJKV1QiLCJhbGciOiJIUzI1NiJ9.eyJ0b2tlbl90eXBlIjoiYWNjZXNzIiwiZXhwIjoxNTY5NzQ3NzI5LCJqdGkiOiIzYjNlYjdhNjhlYTE0OTA4YTI5OWY3ZGE4NWQ2YzQyYiIsInVzZXJfaWQiOjF9.F_K9TzoYVf2U4JiKanaMOA9v9AR20OxSl61JcW9p41M"},"code":20000,"message":"success"}
2019-09-29 16:02:09,608 INFO <Response [200]>
2019-09-29 16:02:09,608 INFO <Response [200]>
2019-09-29 16:02:09,608 INFO <Response [200]>
2019-09-29 16:02:09,608 INFO <Response [200]>
2019-09-29 16:02:09,608 INFO <Response [200]>
2019-09-29 16:02:09,608 INFO <Response [200]>
2019-09-29 16:02:09,608 INFO <Response [200]>
2019-09-29 16:02:09,608 INFO <Response [200]>
2019-09-29 16:02:09,608 INFO <Response [200]>
2019-09-29 16:02:09,608 INFO <Response [200]>
2019-09-29 16:02:09,608 INFO <Response [200]>
2019-09-29 16:02:09,608 INFO <Response [200]>
2019-09-29 16:02:09,609 INFO in login！
2019-09-29 16:02:09,609 INFO in login！
2019-09-29 16:02:09,609 INFO in login！
2019-09-29 16:02:09,609 INFO in login！
2019-09-29 16:02:09,609 INFO in login！
2019-09-29 16:02:09,609 INFO in login！
2019-09-29 16:02:09,609 INFO in login！
2019-09-29 16:02:09,609 INFO in login！
2019-09-29 16:02:09,609 INFO in login！
2019-09-29 16:02:09,609 INFO in login！
2019-09-29 16:02:09,609 INFO in login！
2019-09-29 16:02:09,609 INFO in login！
2019-09-29 16:02:09,609 INFO in login！
2019-09-29 16:02:10,159 INFO response is : <Response [200]>
2019-09-29 16:02:10,159 INFO response is : <Response [200]>
2019-09-29 16:02:10,159 INFO response is : <Response [200]>
2019-09-29 16:02:10,159 INFO response is : <Response [200]>
2019-09-29 16:02:10,159 INFO response is : <Response [200]>
2019-09-29 16:02:10,159 INFO response is : <Response [200]>
2019-09-29 16:02:10,159 INFO response is : <Response [200]>
2019-09-29 16:02:10,159 INFO response is : <Response [200]>
2019-09-29 16:02:10,159 INFO response is : <Response [200]>
2019-09-29 16:02:10,159 INFO response is : <Response [200]>
2019-09-29 16:02:10,159 INFO response is : <Response [200]>
2019-09-29 16:02:10,159 INFO response is : <Response [200]>
2019-09-29 16:02:10,159 INFO response is : <Response [200]>
2019-09-29 16:02:10,159 INFO response is : <Response [200]>
2019-09-29 16:02:10,161 INFO response is : {"data":{"refresh":"eyJ0eXAiOiJKV1QiLCJhbGciOiJIUzI1NiJ9.eyJ0b2tlbl90eXBlIjoicmVmcmVzaCIsImV4cCI6MTU2OTgzMDUzMCwianRpIjoiMWUyZjhjZmQ0NTllNDhhNmJhMmFiNDM3M2M3M2ViMzMiLCJ1c2VyX2lkIjoxfQ.T47txsnoMtXJ9IRjWZmZqbpWXAH2zGnLqW-vovzTbpc","access":"eyJ0eXAiOiJKV1QiLCJhbGciOiJIUzI1NiJ9.eyJ0b2tlbl90eXBlIjoiYWNjZXNzIiwiZXhwIjoxNTY5NzQ3NzMwLCJqdGkiOiI2MDIzMDVlMDQ0ODI0ZDFmOTlmMjQ3NzBlMmU0YTc1ZSIsInVzZXJfaWQiOjF9.VHDDqL8H0f8JV-TbUnKFePAI0hoSTROnxPxwce6iO5c"},"code":20000,"message":"success"}
2019-09-29 16:02:10,161 INFO response is : {"data":{"refresh":"eyJ0eXAiOiJKV1QiLCJhbGciOiJIUzI1NiJ9.eyJ0b2tlbl90eXBlIjoicmVmcmVzaCIsImV4cCI6MTU2OTgzMDUzMCwianRpIjoiMWUyZjhjZmQ0NTllNDhhNmJhMmFiNDM3M2M3M2ViMzMiLCJ1c2VyX2lkIjoxfQ.T47txsnoMtXJ9IRjWZmZqbpWXAH2zGnLqW-vovzTbpc","access":"eyJ0eXAiOiJKV1QiLCJhbGciOiJIUzI1NiJ9.eyJ0b2tlbl90eXBlIjoiYWNjZXNzIiwiZXhwIjoxNTY5NzQ3NzMwLCJqdGkiOiI2MDIzMDVlMDQ0ODI0ZDFmOTlmMjQ3NzBlMmU0YTc1ZSIsInVzZXJfaWQiOjF9.VHDDqL8H0f8JV-TbUnKFePAI0hoSTROnxPxwce6iO5c"},"code":20000,"message":"success"}
2019-09-29 16:02:10,161 INFO response is : {"data":{"refresh":"eyJ0eXAiOiJKV1QiLCJhbGciOiJIUzI1NiJ9.eyJ0b2tlbl90eXBlIjoicmVmcmVzaCIsImV4cCI6MTU2OTgzMDUzMCwianRpIjoiMWUyZjhjZmQ0NTllNDhhNmJhMmFiNDM3M2M3M2ViMzMiLCJ1c2VyX2lkIjoxfQ.T47txsnoMtXJ9IRjWZmZqbpWXAH2zGnLqW-vovzTbpc","access":"eyJ0eXAiOiJKV1QiLCJhbGciOiJIUzI1NiJ9.eyJ0b2tlbl90eXBlIjoiYWNjZXNzIiwiZXhwIjoxNTY5NzQ3NzMwLCJqdGkiOiI2MDIzMDVlMDQ0ODI0ZDFmOTlmMjQ3NzBlMmU0YTc1ZSIsInVzZXJfaWQiOjF9.VHDDqL8H0f8JV-TbUnKFePAI0hoSTROnxPxwce6iO5c"},"code":20000,"message":"success"}
2019-09-29 16:02:10,161 INFO response is : {"data":{"refresh":"eyJ0eXAiOiJKV1QiLCJhbGciOiJIUzI1NiJ9.eyJ0b2tlbl90eXBlIjoicmVmcmVzaCIsImV4cCI6MTU2OTgzMDUzMCwianRpIjoiMWUyZjhjZmQ0NTllNDhhNmJhMmFiNDM3M2M3M2ViMzMiLCJ1c2VyX2lkIjoxfQ.T47txsnoMtXJ9IRjWZmZqbpWXAH2zGnLqW-vovzTbpc","access":"eyJ0eXAiOiJKV1QiLCJhbGciOiJIUzI1NiJ9.eyJ0b2tlbl90eXBlIjoiYWNjZXNzIiwiZXhwIjoxNTY5NzQ3NzMwLCJqdGkiOiI2MDIzMDVlMDQ0ODI0ZDFmOTlmMjQ3NzBlMmU0YTc1ZSIsInVzZXJfaWQiOjF9.VHDDqL8H0f8JV-TbUnKFePAI0hoSTROnxPxwce6iO5c"},"code":20000,"message":"success"}
2019-09-29 16:02:10,161 INFO response is : {"data":{"refresh":"eyJ0eXAiOiJKV1QiLCJhbGciOiJIUzI1NiJ9.eyJ0b2tlbl90eXBlIjoicmVmcmVzaCIsImV4cCI6MTU2OTgzMDUzMCwianRpIjoiMWUyZjhjZmQ0NTllNDhhNmJhMmFiNDM3M2M3M2ViMzMiLCJ1c2VyX2lkIjoxfQ.T47txsnoMtXJ9IRjWZmZqbpWXAH2zGnLqW-vovzTbpc","access":"eyJ0eXAiOiJKV1QiLCJhbGciOiJIUzI1NiJ9.eyJ0b2tlbl90eXBlIjoiYWNjZXNzIiwiZXhwIjoxNTY5NzQ3NzMwLCJqdGkiOiI2MDIzMDVlMDQ0ODI0ZDFmOTlmMjQ3NzBlMmU0YTc1ZSIsInVzZXJfaWQiOjF9.VHDDqL8H0f8JV-TbUnKFePAI0hoSTROnxPxwce6iO5c"},"code":20000,"message":"success"}
2019-09-29 16:02:10,161 INFO response is : {"data":{"refresh":"eyJ0eXAiOiJKV1QiLCJhbGciOiJIUzI1NiJ9.eyJ0b2tlbl90eXBlIjoicmVmcmVzaCIsImV4cCI6MTU2OTgzMDUzMCwianRpIjoiMWUyZjhjZmQ0NTllNDhhNmJhMmFiNDM3M2M3M2ViMzMiLCJ1c2VyX2lkIjoxfQ.T47txsnoMtXJ9IRjWZmZqbpWXAH2zGnLqW-vovzTbpc","access":"eyJ0eXAiOiJKV1QiLCJhbGciOiJIUzI1NiJ9.eyJ0b2tlbl90eXBlIjoiYWNjZXNzIiwiZXhwIjoxNTY5NzQ3NzMwLCJqdGkiOiI2MDIzMDVlMDQ0ODI0ZDFmOTlmMjQ3NzBlMmU0YTc1ZSIsInVzZXJfaWQiOjF9.VHDDqL8H0f8JV-TbUnKFePAI0hoSTROnxPxwce6iO5c"},"code":20000,"message":"success"}
2019-09-29 16:02:10,161 INFO response is : {"data":{"refresh":"eyJ0eXAiOiJKV1QiLCJhbGciOiJIUzI1NiJ9.eyJ0b2tlbl90eXBlIjoicmVmcmVzaCIsImV4cCI6MTU2OTgzMDUzMCwianRpIjoiMWUyZjhjZmQ0NTllNDhhNmJhMmFiNDM3M2M3M2ViMzMiLCJ1c2VyX2lkIjoxfQ.T47txsnoMtXJ9IRjWZmZqbpWXAH2zGnLqW-vovzTbpc","access":"eyJ0eXAiOiJKV1QiLCJhbGciOiJIUzI1NiJ9.eyJ0b2tlbl90eXBlIjoiYWNjZXNzIiwiZXhwIjoxNTY5NzQ3NzMwLCJqdGkiOiI2MDIzMDVlMDQ0ODI0ZDFmOTlmMjQ3NzBlMmU0YTc1ZSIsInVzZXJfaWQiOjF9.VHDDqL8H0f8JV-TbUnKFePAI0hoSTROnxPxwce6iO5c"},"code":20000,"message":"success"}
2019-09-29 16:02:10,161 INFO response is : {"data":{"refresh":"eyJ0eXAiOiJKV1QiLCJhbGciOiJIUzI1NiJ9.eyJ0b2tlbl90eXBlIjoicmVmcmVzaCIsImV4cCI6MTU2OTgzMDUzMCwianRpIjoiMWUyZjhjZmQ0NTllNDhhNmJhMmFiNDM3M2M3M2ViMzMiLCJ1c2VyX2lkIjoxfQ.T47txsnoMtXJ9IRjWZmZqbpWXAH2zGnLqW-vovzTbpc","access":"eyJ0eXAiOiJKV1QiLCJhbGciOiJIUzI1NiJ9.eyJ0b2tlbl90eXBlIjoiYWNjZXNzIiwiZXhwIjoxNTY5NzQ3NzMwLCJqdGkiOiI2MDIzMDVlMDQ0ODI0ZDFmOTlmMjQ3NzBlMmU0YTc1ZSIsInVzZXJfaWQiOjF9.VHDDqL8H0f8JV-TbUnKFePAI0hoSTROnxPxwce6iO5c"},"code":20000,"message":"success"}
2019-09-29 16:02:10,161 INFO response is : {"data":{"refresh":"eyJ0eXAiOiJKV1QiLCJhbGciOiJIUzI1NiJ9.eyJ0b2tlbl90eXBlIjoicmVmcmVzaCIsImV4cCI6MTU2OTgzMDUzMCwianRpIjoiMWUyZjhjZmQ0NTllNDhhNmJhMmFiNDM3M2M3M2ViMzMiLCJ1c2VyX2lkIjoxfQ.T47txsnoMtXJ9IRjWZmZqbpWXAH2zGnLqW-vovzTbpc","access":"eyJ0eXAiOiJKV1QiLCJhbGciOiJIUzI1NiJ9.eyJ0b2tlbl90eXBlIjoiYWNjZXNzIiwiZXhwIjoxNTY5NzQ3NzMwLCJqdGkiOiI2MDIzMDVlMDQ0ODI0ZDFmOTlmMjQ3NzBlMmU0YTc1ZSIsInVzZXJfaWQiOjF9.VHDDqL8H0f8JV-TbUnKFePAI0hoSTROnxPxwce6iO5c"},"code":20000,"message":"success"}
2019-09-29 16:02:10,161 INFO response is : {"data":{"refresh":"eyJ0eXAiOiJKV1QiLCJhbGciOiJIUzI1NiJ9.eyJ0b2tlbl90eXBlIjoicmVmcmVzaCIsImV4cCI6MTU2OTgzMDUzMCwianRpIjoiMWUyZjhjZmQ0NTllNDhhNmJhMmFiNDM3M2M3M2ViMzMiLCJ1c2VyX2lkIjoxfQ.T47txsnoMtXJ9IRjWZmZqbpWXAH2zGnLqW-vovzTbpc","access":"eyJ0eXAiOiJKV1QiLCJhbGciOiJIUzI1NiJ9.eyJ0b2tlbl90eXBlIjoiYWNjZXNzIiwiZXhwIjoxNTY5NzQ3NzMwLCJqdGkiOiI2MDIzMDVlMDQ0ODI0ZDFmOTlmMjQ3NzBlMmU0YTc1ZSIsInVzZXJfaWQiOjF9.VHDDqL8H0f8JV-TbUnKFePAI0hoSTROnxPxwce6iO5c"},"code":20000,"message":"success"}
2019-09-29 16:02:10,161 INFO response is : {"data":{"refresh":"eyJ0eXAiOiJKV1QiLCJhbGciOiJIUzI1NiJ9.eyJ0b2tlbl90eXBlIjoicmVmcmVzaCIsImV4cCI6MTU2OTgzMDUzMCwianRpIjoiMWUyZjhjZmQ0NTllNDhhNmJhMmFiNDM3M2M3M2ViMzMiLCJ1c2VyX2lkIjoxfQ.T47txsnoMtXJ9IRjWZmZqbpWXAH2zGnLqW-vovzTbpc","access":"eyJ0eXAiOiJKV1QiLCJhbGciOiJIUzI1NiJ9.eyJ0b2tlbl90eXBlIjoiYWNjZXNzIiwiZXhwIjoxNTY5NzQ3NzMwLCJqdGkiOiI2MDIzMDVlMDQ0ODI0ZDFmOTlmMjQ3NzBlMmU0YTc1ZSIsInVzZXJfaWQiOjF9.VHDDqL8H0f8JV-TbUnKFePAI0hoSTROnxPxwce6iO5c"},"code":20000,"message":"success"}
2019-09-29 16:02:10,161 INFO response is : {"data":{"refresh":"eyJ0eXAiOiJKV1QiLCJhbGciOiJIUzI1NiJ9.eyJ0b2tlbl90eXBlIjoicmVmcmVzaCIsImV4cCI6MTU2OTgzMDUzMCwianRpIjoiMWUyZjhjZmQ0NTllNDhhNmJhMmFiNDM3M2M3M2ViMzMiLCJ1c2VyX2lkIjoxfQ.T47txsnoMtXJ9IRjWZmZqbpWXAH2zGnLqW-vovzTbpc","access":"eyJ0eXAiOiJKV1QiLCJhbGciOiJIUzI1NiJ9.eyJ0b2tlbl90eXBlIjoiYWNjZXNzIiwiZXhwIjoxNTY5NzQ3NzMwLCJqdGkiOiI2MDIzMDVlMDQ0ODI0ZDFmOTlmMjQ3NzBlMmU0YTc1ZSIsInVzZXJfaWQiOjF9.VHDDqL8H0f8JV-TbUnKFePAI0hoSTROnxPxwce6iO5c"},"code":20000,"message":"success"}
2019-09-29 16:02:10,161 INFO response is : {"data":{"refresh":"eyJ0eXAiOiJKV1QiLCJhbGciOiJIUzI1NiJ9.eyJ0b2tlbl90eXBlIjoicmVmcmVzaCIsImV4cCI6MTU2OTgzMDUzMCwianRpIjoiMWUyZjhjZmQ0NTllNDhhNmJhMmFiNDM3M2M3M2ViMzMiLCJ1c2VyX2lkIjoxfQ.T47txsnoMtXJ9IRjWZmZqbpWXAH2zGnLqW-vovzTbpc","access":"eyJ0eXAiOiJKV1QiLCJhbGciOiJIUzI1NiJ9.eyJ0b2tlbl90eXBlIjoiYWNjZXNzIiwiZXhwIjoxNTY5NzQ3NzMwLCJqdGkiOiI2MDIzMDVlMDQ0ODI0ZDFmOTlmMjQ3NzBlMmU0YTc1ZSIsInVzZXJfaWQiOjF9.VHDDqL8H0f8JV-TbUnKFePAI0hoSTROnxPxwce6iO5c"},"code":20000,"message":"success"}
2019-09-29 16:02:10,161 INFO response is : {"data":{"refresh":"eyJ0eXAiOiJKV1QiLCJhbGciOiJIUzI1NiJ9.eyJ0b2tlbl90eXBlIjoicmVmcmVzaCIsImV4cCI6MTU2OTgzMDUzMCwianRpIjoiMWUyZjhjZmQ0NTllNDhhNmJhMmFiNDM3M2M3M2ViMzMiLCJ1c2VyX2lkIjoxfQ.T47txsnoMtXJ9IRjWZmZqbpWXAH2zGnLqW-vovzTbpc","access":"eyJ0eXAiOiJKV1QiLCJhbGciOiJIUzI1NiJ9.eyJ0b2tlbl90eXBlIjoiYWNjZXNzIiwiZXhwIjoxNTY5NzQ3NzMwLCJqdGkiOiI2MDIzMDVlMDQ0ODI0ZDFmOTlmMjQ3NzBlMmU0YTc1ZSIsInVzZXJfaWQiOjF9.VHDDqL8H0f8JV-TbUnKFePAI0hoSTROnxPxwce6iO5c"},"code":20000,"message":"success"}
2019-09-29 16:02:10,161 INFO response is : {"data":{"refresh":"eyJ0eXAiOiJKV1QiLCJhbGciOiJIUzI1NiJ9.eyJ0b2tlbl90eXBlIjoicmVmcmVzaCIsImV4cCI6MTU2OTgzMDUzMCwianRpIjoiMWUyZjhjZmQ0NTllNDhhNmJhMmFiNDM3M2M3M2ViMzMiLCJ1c2VyX2lkIjoxfQ.T47txsnoMtXJ9IRjWZmZqbpWXAH2zGnLqW-vovzTbpc","access":"eyJ0eXAiOiJKV1QiLCJhbGciOiJIUzI1NiJ9.eyJ0b2tlbl90eXBlIjoiYWNjZXNzIiwiZXhwIjoxNTY5NzQ3NzMwLCJqdGkiOiI2MDIzMDVlMDQ0ODI0ZDFmOTlmMjQ3NzBlMmU0YTc1ZSIsInVzZXJfaWQiOjF9.VHDDqL8H0f8JV-TbUnKFePAI0hoSTROnxPxwce6iO5c"},"code":20000,"message":"success"}
2019-09-29 16:02:10,162 INFO <Response [200]>
2019-09-29 16:02:10,162 INFO <Response [200]>
2019-09-29 16:02:10,162 INFO <Response [200]>
2019-09-29 16:02:10,162 INFO <Response [200]>
2019-09-29 16:02:10,162 INFO <Response [200]>
2019-09-29 16:02:10,162 INFO <Response [200]>
2019-09-29 16:02:10,162 INFO <Response [200]>
2019-09-29 16:02:10,162 INFO <Response [200]>
2019-09-29 16:02:10,162 INFO <Response [200]>
2019-09-29 16:02:10,162 INFO <Response [200]>
2019-09-29 16:02:10,162 INFO <Response [200]>
2019-09-29 16:02:10,162 INFO <Response [200]>
2019-09-29 16:02:10,162 INFO <Response [200]>
2019-09-29 16:02:10,162 INFO <Response [200]>
2019-09-29 16:02:10,162 INFO <Response [200]>
2019-09-29 16:02:10,162 INFO <Response [200]>
2019-09-29 16:04:00,596 INFO 开始执行测试,报告输出模式text
2019-09-29 16:04:01,580 INFO in login！
2019-09-29 16:04:01,580 INFO in login！
2019-09-29 16:04:02,328 INFO response is : <Response [200]>
2019-09-29 16:04:02,328 INFO response is : <Response [200]>
2019-09-29 16:04:02,328 INFO response is : <Response [200]>
2019-09-29 16:04:02,329 INFO response is : {"data":{"refresh":"eyJ0eXAiOiJKV1QiLCJhbGciOiJIUzI1NiJ9.eyJ0b2tlbl90eXBlIjoicmVmcmVzaCIsImV4cCI6MTU2OTgzMDY0MiwianRpIjoiMzk0NTE1MTk1ZGJjNDE4MzhmNGE5MjY3ZGRmNGU5MGEiLCJ1c2VyX2lkIjoxfQ.MWeNvuvLOliMDHB0xi409uBBPPmDwjjAwPtrxKM0KUs","access":"eyJ0eXAiOiJKV1QiLCJhbGciOiJIUzI1NiJ9.eyJ0b2tlbl90eXBlIjoiYWNjZXNzIiwiZXhwIjoxNTY5NzQ3ODQyLCJqdGkiOiI5MjcwYjAxYzc3NDE0OWYxOGVlODQzOWIwOWVjYjRmOCIsInVzZXJfaWQiOjF9.WOao4_3bexU-50_HdY7bLd4QrZkTjB8F8TlxPlYRPdo"},"code":20000,"message":"success"}
2019-09-29 16:04:02,329 INFO response is : {"data":{"refresh":"eyJ0eXAiOiJKV1QiLCJhbGciOiJIUzI1NiJ9.eyJ0b2tlbl90eXBlIjoicmVmcmVzaCIsImV4cCI6MTU2OTgzMDY0MiwianRpIjoiMzk0NTE1MTk1ZGJjNDE4MzhmNGE5MjY3ZGRmNGU5MGEiLCJ1c2VyX2lkIjoxfQ.MWeNvuvLOliMDHB0xi409uBBPPmDwjjAwPtrxKM0KUs","access":"eyJ0eXAiOiJKV1QiLCJhbGciOiJIUzI1NiJ9.eyJ0b2tlbl90eXBlIjoiYWNjZXNzIiwiZXhwIjoxNTY5NzQ3ODQyLCJqdGkiOiI5MjcwYjAxYzc3NDE0OWYxOGVlODQzOWIwOWVjYjRmOCIsInVzZXJfaWQiOjF9.WOao4_3bexU-50_HdY7bLd4QrZkTjB8F8TlxPlYRPdo"},"code":20000,"message":"success"}
2019-09-29 16:04:02,329 INFO response is : {"data":{"refresh":"eyJ0eXAiOiJKV1QiLCJhbGciOiJIUzI1NiJ9.eyJ0b2tlbl90eXBlIjoicmVmcmVzaCIsImV4cCI6MTU2OTgzMDY0MiwianRpIjoiMzk0NTE1MTk1ZGJjNDE4MzhmNGE5MjY3ZGRmNGU5MGEiLCJ1c2VyX2lkIjoxfQ.MWeNvuvLOliMDHB0xi409uBBPPmDwjjAwPtrxKM0KUs","access":"eyJ0eXAiOiJKV1QiLCJhbGciOiJIUzI1NiJ9.eyJ0b2tlbl90eXBlIjoiYWNjZXNzIiwiZXhwIjoxNTY5NzQ3ODQyLCJqdGkiOiI5MjcwYjAxYzc3NDE0OWYxOGVlODQzOWIwOWVjYjRmOCIsInVzZXJfaWQiOjF9.WOao4_3bexU-50_HdY7bLd4QrZkTjB8F8TlxPlYRPdo"},"code":20000,"message":"success"}
2019-09-29 16:04:02,329 INFO response is : {"data":{"refresh":"eyJ0eXAiOiJKV1QiLCJhbGciOiJIUzI1NiJ9.eyJ0b2tlbl90eXBlIjoicmVmcmVzaCIsImV4cCI6MTU2OTgzMDY0MiwianRpIjoiMzk0NTE1MTk1ZGJjNDE4MzhmNGE5MjY3ZGRmNGU5MGEiLCJ1c2VyX2lkIjoxfQ.MWeNvuvLOliMDHB0xi409uBBPPmDwjjAwPtrxKM0KUs","access":"eyJ0eXAiOiJKV1QiLCJhbGciOiJIUzI1NiJ9.eyJ0b2tlbl90eXBlIjoiYWNjZXNzIiwiZXhwIjoxNTY5NzQ3ODQyLCJqdGkiOiI5MjcwYjAxYzc3NDE0OWYxOGVlODQzOWIwOWVjYjRmOCIsInVzZXJfaWQiOjF9.WOao4_3bexU-50_HdY7bLd4QrZkTjB8F8TlxPlYRPdo"},"code":20000,"message":"success"}
2019-09-29 16:04:02,330 INFO <Response [200]>
2019-09-29 16:04:02,330 INFO <Response [200]>
2019-09-29 16:04:02,330 INFO <Response [200]>
2019-09-29 16:04:02,330 INFO <Response [200]>
2019-09-29 16:04:02,330 INFO <Response [200]>
2019-09-29 16:04:02,331 INFO in getUserinfo heasers is :{'Content-Type': 'application/json', 'Authorization': 'Basic eyJ0eXAiOiJKV1QiLCJhbGciOiJIUzI1NiJ9.eyJ0b2tlbl90eXBlIjoiYWNjZXNzIiwiZXhwIjoxNTY5NzQ3ODQyLCJqdGkiOiI5MjcwYjAxYzc3NDE0OWYxOGVlODQzOWIwOWVjYjRmOCIsInVzZXJfaWQiOjF9.WOao4_3bexU-50_HdY7bLd4QrZkTjB8F8TlxPlYRPdo'}
2019-09-29 16:04:02,331 INFO in getUserinfo heasers is :{'Content-Type': 'application/json', 'Authorization': 'Basic eyJ0eXAiOiJKV1QiLCJhbGciOiJIUzI1NiJ9.eyJ0b2tlbl90eXBlIjoiYWNjZXNzIiwiZXhwIjoxNTY5NzQ3ODQyLCJqdGkiOiI5MjcwYjAxYzc3NDE0OWYxOGVlODQzOWIwOWVjYjRmOCIsInVzZXJfaWQiOjF9.WOao4_3bexU-50_HdY7bLd4QrZkTjB8F8TlxPlYRPdo'}
2019-09-29 16:04:02,331 INFO in getUserinfo heasers is :{'Content-Type': 'application/json', 'Authorization': 'Basic eyJ0eXAiOiJKV1QiLCJhbGciOiJIUzI1NiJ9.eyJ0b2tlbl90eXBlIjoiYWNjZXNzIiwiZXhwIjoxNTY5NzQ3ODQyLCJqdGkiOiI5MjcwYjAxYzc3NDE0OWYxOGVlODQzOWIwOWVjYjRmOCIsInVzZXJfaWQiOjF9.WOao4_3bexU-50_HdY7bLd4QrZkTjB8F8TlxPlYRPdo'}
2019-09-29 16:04:02,331 INFO in getUserinfo heasers is :{'Content-Type': 'application/json', 'Authorization': 'Basic eyJ0eXAiOiJKV1QiLCJhbGciOiJIUzI1NiJ9.eyJ0b2tlbl90eXBlIjoiYWNjZXNzIiwiZXhwIjoxNTY5NzQ3ODQyLCJqdGkiOiI5MjcwYjAxYzc3NDE0OWYxOGVlODQzOWIwOWVjYjRmOCIsInVzZXJfaWQiOjF9.WOao4_3bexU-50_HdY7bLd4QrZkTjB8F8TlxPlYRPdo'}
2019-09-29 16:04:02,331 INFO in getUserinfo heasers is :{'Content-Type': 'application/json', 'Authorization': 'Basic eyJ0eXAiOiJKV1QiLCJhbGciOiJIUzI1NiJ9.eyJ0b2tlbl90eXBlIjoiYWNjZXNzIiwiZXhwIjoxNTY5NzQ3ODQyLCJqdGkiOiI5MjcwYjAxYzc3NDE0OWYxOGVlODQzOWIwOWVjYjRmOCIsInVzZXJfaWQiOjF9.WOao4_3bexU-50_HdY7bLd4QrZkTjB8F8TlxPlYRPdo'}
2019-09-29 16:04:02,331 INFO in getUserinfo heasers is :{'Content-Type': 'application/json', 'Authorization': 'Basic eyJ0eXAiOiJKV1QiLCJhbGciOiJIUzI1NiJ9.eyJ0b2tlbl90eXBlIjoiYWNjZXNzIiwiZXhwIjoxNTY5NzQ3ODQyLCJqdGkiOiI5MjcwYjAxYzc3NDE0OWYxOGVlODQzOWIwOWVjYjRmOCIsInVzZXJfaWQiOjF9.WOao4_3bexU-50_HdY7bLd4QrZkTjB8F8TlxPlYRPdo'}
2019-09-29 16:04:02,697 INFO response is : <Response [404]>
2019-09-29 16:04:02,697 INFO response is : <Response [404]>
2019-09-29 16:04:02,697 INFO response is : <Response [404]>
2019-09-29 16:04:02,697 INFO response is : <Response [404]>
2019-09-29 16:04:02,697 INFO response is : <Response [404]>
2019-09-29 16:04:02,697 INFO response is : <Response [404]>
2019-09-29 16:04:02,697 INFO response is : <Response [404]>
2019-09-29 16:04:02,697 INFO <Response [404]>
2019-09-29 16:04:02,697 INFO <Response [404]>
2019-09-29 16:04:02,697 INFO <Response [404]>
2019-09-29 16:04:02,697 INFO <Response [404]>
2019-09-29 16:04:02,697 INFO <Response [404]>
2019-09-29 16:04:02,697 INFO <Response [404]>
2019-09-29 16:04:02,697 INFO <Response [404]>
2019-09-29 16:04:02,697 INFO <Response [404]>
2019-09-29 16:04:02,700 INFO in login！
2019-09-29 16:04:02,700 INFO in login！
2019-09-29 16:04:02,700 INFO in login！
2019-09-29 16:04:02,700 INFO in login！
2019-09-29 16:04:02,700 INFO in login！
2019-09-29 16:04:02,700 INFO in login！
2019-09-29 16:04:02,700 INFO in login！
2019-09-29 16:04:02,700 INFO in login！
2019-09-29 16:04:02,700 INFO in login！
2019-09-29 16:04:03,254 INFO response is : <Response [200]>
2019-09-29 16:04:03,254 INFO response is : <Response [200]>
2019-09-29 16:04:03,254 INFO response is : <Response [200]>
2019-09-29 16:04:03,254 INFO response is : <Response [200]>
2019-09-29 16:04:03,254 INFO response is : <Response [200]>
2019-09-29 16:04:03,254 INFO response is : <Response [200]>
2019-09-29 16:04:03,254 INFO response is : <Response [200]>
2019-09-29 16:04:03,254 INFO response is : <Response [200]>
2019-09-29 16:04:03,254 INFO response is : <Response [200]>
2019-09-29 16:04:03,254 INFO response is : <Response [200]>
2019-09-29 16:04:03,256 INFO response is : {"data":{"refresh":"eyJ0eXAiOiJKV1QiLCJhbGciOiJIUzI1NiJ9.eyJ0b2tlbl90eXBlIjoicmVmcmVzaCIsImV4cCI6MTU2OTgzMDY0MywianRpIjoiNTk2NDZlMGY1NzgwNGVkM2E3MjlmNzgyN2UxZWM5NzAiLCJ1c2VyX2lkIjoxfQ.Ra548RVP4N8k93w0xuv45r9X1CnFcC57JftNF4E1odU","access":"eyJ0eXAiOiJKV1QiLCJhbGciOiJIUzI1NiJ9.eyJ0b2tlbl90eXBlIjoiYWNjZXNzIiwiZXhwIjoxNTY5NzQ3ODQzLCJqdGkiOiJmNjM4M2QxNjg5YzY0MWE2OGQ4ZTQ1NjU1YzY2NzlhZiIsInVzZXJfaWQiOjF9.J-iylO8JnmTuaPvj7Xj5PkN_oosz_x6iaRu8sXLpY-M"},"code":20000,"message":"success"}
2019-09-29 16:04:03,256 INFO response is : {"data":{"refresh":"eyJ0eXAiOiJKV1QiLCJhbGciOiJIUzI1NiJ9.eyJ0b2tlbl90eXBlIjoicmVmcmVzaCIsImV4cCI6MTU2OTgzMDY0MywianRpIjoiNTk2NDZlMGY1NzgwNGVkM2E3MjlmNzgyN2UxZWM5NzAiLCJ1c2VyX2lkIjoxfQ.Ra548RVP4N8k93w0xuv45r9X1CnFcC57JftNF4E1odU","access":"eyJ0eXAiOiJKV1QiLCJhbGciOiJIUzI1NiJ9.eyJ0b2tlbl90eXBlIjoiYWNjZXNzIiwiZXhwIjoxNTY5NzQ3ODQzLCJqdGkiOiJmNjM4M2QxNjg5YzY0MWE2OGQ4ZTQ1NjU1YzY2NzlhZiIsInVzZXJfaWQiOjF9.J-iylO8JnmTuaPvj7Xj5PkN_oosz_x6iaRu8sXLpY-M"},"code":20000,"message":"success"}
2019-09-29 16:04:03,256 INFO response is : {"data":{"refresh":"eyJ0eXAiOiJKV1QiLCJhbGciOiJIUzI1NiJ9.eyJ0b2tlbl90eXBlIjoicmVmcmVzaCIsImV4cCI6MTU2OTgzMDY0MywianRpIjoiNTk2NDZlMGY1NzgwNGVkM2E3MjlmNzgyN2UxZWM5NzAiLCJ1c2VyX2lkIjoxfQ.Ra548RVP4N8k93w0xuv45r9X1CnFcC57JftNF4E1odU","access":"eyJ0eXAiOiJKV1QiLCJhbGciOiJIUzI1NiJ9.eyJ0b2tlbl90eXBlIjoiYWNjZXNzIiwiZXhwIjoxNTY5NzQ3ODQzLCJqdGkiOiJmNjM4M2QxNjg5YzY0MWE2OGQ4ZTQ1NjU1YzY2NzlhZiIsInVzZXJfaWQiOjF9.J-iylO8JnmTuaPvj7Xj5PkN_oosz_x6iaRu8sXLpY-M"},"code":20000,"message":"success"}
2019-09-29 16:04:03,256 INFO response is : {"data":{"refresh":"eyJ0eXAiOiJKV1QiLCJhbGciOiJIUzI1NiJ9.eyJ0b2tlbl90eXBlIjoicmVmcmVzaCIsImV4cCI6MTU2OTgzMDY0MywianRpIjoiNTk2NDZlMGY1NzgwNGVkM2E3MjlmNzgyN2UxZWM5NzAiLCJ1c2VyX2lkIjoxfQ.Ra548RVP4N8k93w0xuv45r9X1CnFcC57JftNF4E1odU","access":"eyJ0eXAiOiJKV1QiLCJhbGciOiJIUzI1NiJ9.eyJ0b2tlbl90eXBlIjoiYWNjZXNzIiwiZXhwIjoxNTY5NzQ3ODQzLCJqdGkiOiJmNjM4M2QxNjg5YzY0MWE2OGQ4ZTQ1NjU1YzY2NzlhZiIsInVzZXJfaWQiOjF9.J-iylO8JnmTuaPvj7Xj5PkN_oosz_x6iaRu8sXLpY-M"},"code":20000,"message":"success"}
2019-09-29 16:04:03,256 INFO response is : {"data":{"refresh":"eyJ0eXAiOiJKV1QiLCJhbGciOiJIUzI1NiJ9.eyJ0b2tlbl90eXBlIjoicmVmcmVzaCIsImV4cCI6MTU2OTgzMDY0MywianRpIjoiNTk2NDZlMGY1NzgwNGVkM2E3MjlmNzgyN2UxZWM5NzAiLCJ1c2VyX2lkIjoxfQ.Ra548RVP4N8k93w0xuv45r9X1CnFcC57JftNF4E1odU","access":"eyJ0eXAiOiJKV1QiLCJhbGciOiJIUzI1NiJ9.eyJ0b2tlbl90eXBlIjoiYWNjZXNzIiwiZXhwIjoxNTY5NzQ3ODQzLCJqdGkiOiJmNjM4M2QxNjg5YzY0MWE2OGQ4ZTQ1NjU1YzY2NzlhZiIsInVzZXJfaWQiOjF9.J-iylO8JnmTuaPvj7Xj5PkN_oosz_x6iaRu8sXLpY-M"},"code":20000,"message":"success"}
2019-09-29 16:04:03,256 INFO response is : {"data":{"refresh":"eyJ0eXAiOiJKV1QiLCJhbGciOiJIUzI1NiJ9.eyJ0b2tlbl90eXBlIjoicmVmcmVzaCIsImV4cCI6MTU2OTgzMDY0MywianRpIjoiNTk2NDZlMGY1NzgwNGVkM2E3MjlmNzgyN2UxZWM5NzAiLCJ1c2VyX2lkIjoxfQ.Ra548RVP4N8k93w0xuv45r9X1CnFcC57JftNF4E1odU","access":"eyJ0eXAiOiJKV1QiLCJhbGciOiJIUzI1NiJ9.eyJ0b2tlbl90eXBlIjoiYWNjZXNzIiwiZXhwIjoxNTY5NzQ3ODQzLCJqdGkiOiJmNjM4M2QxNjg5YzY0MWE2OGQ4ZTQ1NjU1YzY2NzlhZiIsInVzZXJfaWQiOjF9.J-iylO8JnmTuaPvj7Xj5PkN_oosz_x6iaRu8sXLpY-M"},"code":20000,"message":"success"}
2019-09-29 16:04:03,256 INFO response is : {"data":{"refresh":"eyJ0eXAiOiJKV1QiLCJhbGciOiJIUzI1NiJ9.eyJ0b2tlbl90eXBlIjoicmVmcmVzaCIsImV4cCI6MTU2OTgzMDY0MywianRpIjoiNTk2NDZlMGY1NzgwNGVkM2E3MjlmNzgyN2UxZWM5NzAiLCJ1c2VyX2lkIjoxfQ.Ra548RVP4N8k93w0xuv45r9X1CnFcC57JftNF4E1odU","access":"eyJ0eXAiOiJKV1QiLCJhbGciOiJIUzI1NiJ9.eyJ0b2tlbl90eXBlIjoiYWNjZXNzIiwiZXhwIjoxNTY5NzQ3ODQzLCJqdGkiOiJmNjM4M2QxNjg5YzY0MWE2OGQ4ZTQ1NjU1YzY2NzlhZiIsInVzZXJfaWQiOjF9.J-iylO8JnmTuaPvj7Xj5PkN_oosz_x6iaRu8sXLpY-M"},"code":20000,"message":"success"}
2019-09-29 16:04:03,256 INFO response is : {"data":{"refresh":"eyJ0eXAiOiJKV1QiLCJhbGciOiJIUzI1NiJ9.eyJ0b2tlbl90eXBlIjoicmVmcmVzaCIsImV4cCI6MTU2OTgzMDY0MywianRpIjoiNTk2NDZlMGY1NzgwNGVkM2E3MjlmNzgyN2UxZWM5NzAiLCJ1c2VyX2lkIjoxfQ.Ra548RVP4N8k93w0xuv45r9X1CnFcC57JftNF4E1odU","access":"eyJ0eXAiOiJKV1QiLCJhbGciOiJIUzI1NiJ9.eyJ0b2tlbl90eXBlIjoiYWNjZXNzIiwiZXhwIjoxNTY5NzQ3ODQzLCJqdGkiOiJmNjM4M2QxNjg5YzY0MWE2OGQ4ZTQ1NjU1YzY2NzlhZiIsInVzZXJfaWQiOjF9.J-iylO8JnmTuaPvj7Xj5PkN_oosz_x6iaRu8sXLpY-M"},"code":20000,"message":"success"}
2019-09-29 16:04:03,256 INFO response is : {"data":{"refresh":"eyJ0eXAiOiJKV1QiLCJhbGciOiJIUzI1NiJ9.eyJ0b2tlbl90eXBlIjoicmVmcmVzaCIsImV4cCI6MTU2OTgzMDY0MywianRpIjoiNTk2NDZlMGY1NzgwNGVkM2E3MjlmNzgyN2UxZWM5NzAiLCJ1c2VyX2lkIjoxfQ.Ra548RVP4N8k93w0xuv45r9X1CnFcC57JftNF4E1odU","access":"eyJ0eXAiOiJKV1QiLCJhbGciOiJIUzI1NiJ9.eyJ0b2tlbl90eXBlIjoiYWNjZXNzIiwiZXhwIjoxNTY5NzQ3ODQzLCJqdGkiOiJmNjM4M2QxNjg5YzY0MWE2OGQ4ZTQ1NjU1YzY2NzlhZiIsInVzZXJfaWQiOjF9.J-iylO8JnmTuaPvj7Xj5PkN_oosz_x6iaRu8sXLpY-M"},"code":20000,"message":"success"}
2019-09-29 16:04:03,256 INFO response is : {"data":{"refresh":"eyJ0eXAiOiJKV1QiLCJhbGciOiJIUzI1NiJ9.eyJ0b2tlbl90eXBlIjoicmVmcmVzaCIsImV4cCI6MTU2OTgzMDY0MywianRpIjoiNTk2NDZlMGY1NzgwNGVkM2E3MjlmNzgyN2UxZWM5NzAiLCJ1c2VyX2lkIjoxfQ.Ra548RVP4N8k93w0xuv45r9X1CnFcC57JftNF4E1odU","access":"eyJ0eXAiOiJKV1QiLCJhbGciOiJIUzI1NiJ9.eyJ0b2tlbl90eXBlIjoiYWNjZXNzIiwiZXhwIjoxNTY5NzQ3ODQzLCJqdGkiOiJmNjM4M2QxNjg5YzY0MWE2OGQ4ZTQ1NjU1YzY2NzlhZiIsInVzZXJfaWQiOjF9.J-iylO8JnmTuaPvj7Xj5PkN_oosz_x6iaRu8sXLpY-M"},"code":20000,"message":"success"}
2019-09-29 16:04:03,256 INFO response is : {"data":{"refresh":"eyJ0eXAiOiJKV1QiLCJhbGciOiJIUzI1NiJ9.eyJ0b2tlbl90eXBlIjoicmVmcmVzaCIsImV4cCI6MTU2OTgzMDY0MywianRpIjoiNTk2NDZlMGY1NzgwNGVkM2E3MjlmNzgyN2UxZWM5NzAiLCJ1c2VyX2lkIjoxfQ.Ra548RVP4N8k93w0xuv45r9X1CnFcC57JftNF4E1odU","access":"eyJ0eXAiOiJKV1QiLCJhbGciOiJIUzI1NiJ9.eyJ0b2tlbl90eXBlIjoiYWNjZXNzIiwiZXhwIjoxNTY5NzQ3ODQzLCJqdGkiOiJmNjM4M2QxNjg5YzY0MWE2OGQ4ZTQ1NjU1YzY2NzlhZiIsInVzZXJfaWQiOjF9.J-iylO8JnmTuaPvj7Xj5PkN_oosz_x6iaRu8sXLpY-M"},"code":20000,"message":"success"}
2019-09-29 16:04:03,258 INFO <Response [200]>
2019-09-29 16:04:03,258 INFO <Response [200]>
2019-09-29 16:04:03,258 INFO <Response [200]>
2019-09-29 16:04:03,258 INFO <Response [200]>
2019-09-29 16:04:03,258 INFO <Response [200]>
2019-09-29 16:04:03,258 INFO <Response [200]>
2019-09-29 16:04:03,258 INFO <Response [200]>
2019-09-29 16:04:03,258 INFO <Response [200]>
2019-09-29 16:04:03,258 INFO <Response [200]>
2019-09-29 16:04:03,258 INFO <Response [200]>
2019-09-29 16:04:03,258 INFO <Response [200]>
2019-09-29 16:04:03,258 INFO <Response [200]>
2019-09-29 16:04:03,260 INFO in login！
2019-09-29 16:04:03,260 INFO in login！
2019-09-29 16:04:03,260 INFO in login！
2019-09-29 16:04:03,260 INFO in login！
2019-09-29 16:04:03,260 INFO in login！
2019-09-29 16:04:03,260 INFO in login！
2019-09-29 16:04:03,260 INFO in login！
2019-09-29 16:04:03,260 INFO in login！
2019-09-29 16:04:03,260 INFO in login！
2019-09-29 16:04:03,260 INFO in login！
2019-09-29 16:04:03,260 INFO in login！
2019-09-29 16:04:03,260 INFO in login！
2019-09-29 16:04:03,260 INFO in login！
2019-09-29 16:04:03,848 INFO response is : <Response [200]>
2019-09-29 16:04:03,848 INFO response is : <Response [200]>
2019-09-29 16:04:03,848 INFO response is : <Response [200]>
2019-09-29 16:04:03,848 INFO response is : <Response [200]>
2019-09-29 16:04:03,848 INFO response is : <Response [200]>
2019-09-29 16:04:03,848 INFO response is : <Response [200]>
2019-09-29 16:04:03,848 INFO response is : <Response [200]>
2019-09-29 16:04:03,848 INFO response is : <Response [200]>
2019-09-29 16:04:03,848 INFO response is : <Response [200]>
2019-09-29 16:04:03,848 INFO response is : <Response [200]>
2019-09-29 16:04:03,848 INFO response is : <Response [200]>
2019-09-29 16:04:03,848 INFO response is : <Response [200]>
2019-09-29 16:04:03,848 INFO response is : <Response [200]>
2019-09-29 16:04:03,848 INFO response is : <Response [200]>
2019-09-29 16:04:03,850 INFO response is : {"data":{"refresh":"eyJ0eXAiOiJKV1QiLCJhbGciOiJIUzI1NiJ9.eyJ0b2tlbl90eXBlIjoicmVmcmVzaCIsImV4cCI6MTU2OTgzMDY0MywianRpIjoiZGZlMWZhNmI3YzkyNDlkYmFiNjk5OGMwZWIxOTBiMDYiLCJ1c2VyX2lkIjoxfQ.6VJudj0T_k6Lz7E8B2-3O9W18hyNkTYd4ZG-BHpwodg","access":"eyJ0eXAiOiJKV1QiLCJhbGciOiJIUzI1NiJ9.eyJ0b2tlbl90eXBlIjoiYWNjZXNzIiwiZXhwIjoxNTY5NzQ3ODQzLCJqdGkiOiI0ZTkxYWY4ODVmMzk0YTRiOWI1OTQ3ZjEwM2E3YWRhYiIsInVzZXJfaWQiOjF9.2ymiZIvQmJFidXh7IzBSugHz_6RM72p0OodBGJOVu6s"},"code":20000,"message":"success"}
2019-09-29 16:04:03,850 INFO response is : {"data":{"refresh":"eyJ0eXAiOiJKV1QiLCJhbGciOiJIUzI1NiJ9.eyJ0b2tlbl90eXBlIjoicmVmcmVzaCIsImV4cCI6MTU2OTgzMDY0MywianRpIjoiZGZlMWZhNmI3YzkyNDlkYmFiNjk5OGMwZWIxOTBiMDYiLCJ1c2VyX2lkIjoxfQ.6VJudj0T_k6Lz7E8B2-3O9W18hyNkTYd4ZG-BHpwodg","access":"eyJ0eXAiOiJKV1QiLCJhbGciOiJIUzI1NiJ9.eyJ0b2tlbl90eXBlIjoiYWNjZXNzIiwiZXhwIjoxNTY5NzQ3ODQzLCJqdGkiOiI0ZTkxYWY4ODVmMzk0YTRiOWI1OTQ3ZjEwM2E3YWRhYiIsInVzZXJfaWQiOjF9.2ymiZIvQmJFidXh7IzBSugHz_6RM72p0OodBGJOVu6s"},"code":20000,"message":"success"}
2019-09-29 16:04:03,850 INFO response is : {"data":{"refresh":"eyJ0eXAiOiJKV1QiLCJhbGciOiJIUzI1NiJ9.eyJ0b2tlbl90eXBlIjoicmVmcmVzaCIsImV4cCI6MTU2OTgzMDY0MywianRpIjoiZGZlMWZhNmI3YzkyNDlkYmFiNjk5OGMwZWIxOTBiMDYiLCJ1c2VyX2lkIjoxfQ.6VJudj0T_k6Lz7E8B2-3O9W18hyNkTYd4ZG-BHpwodg","access":"eyJ0eXAiOiJKV1QiLCJhbGciOiJIUzI1NiJ9.eyJ0b2tlbl90eXBlIjoiYWNjZXNzIiwiZXhwIjoxNTY5NzQ3ODQzLCJqdGkiOiI0ZTkxYWY4ODVmMzk0YTRiOWI1OTQ3ZjEwM2E3YWRhYiIsInVzZXJfaWQiOjF9.2ymiZIvQmJFidXh7IzBSugHz_6RM72p0OodBGJOVu6s"},"code":20000,"message":"success"}
2019-09-29 16:04:03,850 INFO response is : {"data":{"refresh":"eyJ0eXAiOiJKV1QiLCJhbGciOiJIUzI1NiJ9.eyJ0b2tlbl90eXBlIjoicmVmcmVzaCIsImV4cCI6MTU2OTgzMDY0MywianRpIjoiZGZlMWZhNmI3YzkyNDlkYmFiNjk5OGMwZWIxOTBiMDYiLCJ1c2VyX2lkIjoxfQ.6VJudj0T_k6Lz7E8B2-3O9W18hyNkTYd4ZG-BHpwodg","access":"eyJ0eXAiOiJKV1QiLCJhbGciOiJIUzI1NiJ9.eyJ0b2tlbl90eXBlIjoiYWNjZXNzIiwiZXhwIjoxNTY5NzQ3ODQzLCJqdGkiOiI0ZTkxYWY4ODVmMzk0YTRiOWI1OTQ3ZjEwM2E3YWRhYiIsInVzZXJfaWQiOjF9.2ymiZIvQmJFidXh7IzBSugHz_6RM72p0OodBGJOVu6s"},"code":20000,"message":"success"}
2019-09-29 16:04:03,850 INFO response is : {"data":{"refresh":"eyJ0eXAiOiJKV1QiLCJhbGciOiJIUzI1NiJ9.eyJ0b2tlbl90eXBlIjoicmVmcmVzaCIsImV4cCI6MTU2OTgzMDY0MywianRpIjoiZGZlMWZhNmI3YzkyNDlkYmFiNjk5OGMwZWIxOTBiMDYiLCJ1c2VyX2lkIjoxfQ.6VJudj0T_k6Lz7E8B2-3O9W18hyNkTYd4ZG-BHpwodg","access":"eyJ0eXAiOiJKV1QiLCJhbGciOiJIUzI1NiJ9.eyJ0b2tlbl90eXBlIjoiYWNjZXNzIiwiZXhwIjoxNTY5NzQ3ODQzLCJqdGkiOiI0ZTkxYWY4ODVmMzk0YTRiOWI1OTQ3ZjEwM2E3YWRhYiIsInVzZXJfaWQiOjF9.2ymiZIvQmJFidXh7IzBSugHz_6RM72p0OodBGJOVu6s"},"code":20000,"message":"success"}
2019-09-29 16:04:03,850 INFO response is : {"data":{"refresh":"eyJ0eXAiOiJKV1QiLCJhbGciOiJIUzI1NiJ9.eyJ0b2tlbl90eXBlIjoicmVmcmVzaCIsImV4cCI6MTU2OTgzMDY0MywianRpIjoiZGZlMWZhNmI3YzkyNDlkYmFiNjk5OGMwZWIxOTBiMDYiLCJ1c2VyX2lkIjoxfQ.6VJudj0T_k6Lz7E8B2-3O9W18hyNkTYd4ZG-BHpwodg","access":"eyJ0eXAiOiJKV1QiLCJhbGciOiJIUzI1NiJ9.eyJ0b2tlbl90eXBlIjoiYWNjZXNzIiwiZXhwIjoxNTY5NzQ3ODQzLCJqdGkiOiI0ZTkxYWY4ODVmMzk0YTRiOWI1OTQ3ZjEwM2E3YWRhYiIsInVzZXJfaWQiOjF9.2ymiZIvQmJFidXh7IzBSugHz_6RM72p0OodBGJOVu6s"},"code":20000,"message":"success"}
2019-09-29 16:04:03,850 INFO response is : {"data":{"refresh":"eyJ0eXAiOiJKV1QiLCJhbGciOiJIUzI1NiJ9.eyJ0b2tlbl90eXBlIjoicmVmcmVzaCIsImV4cCI6MTU2OTgzMDY0MywianRpIjoiZGZlMWZhNmI3YzkyNDlkYmFiNjk5OGMwZWIxOTBiMDYiLCJ1c2VyX2lkIjoxfQ.6VJudj0T_k6Lz7E8B2-3O9W18hyNkTYd4ZG-BHpwodg","access":"eyJ0eXAiOiJKV1QiLCJhbGciOiJIUzI1NiJ9.eyJ0b2tlbl90eXBlIjoiYWNjZXNzIiwiZXhwIjoxNTY5NzQ3ODQzLCJqdGkiOiI0ZTkxYWY4ODVmMzk0YTRiOWI1OTQ3ZjEwM2E3YWRhYiIsInVzZXJfaWQiOjF9.2ymiZIvQmJFidXh7IzBSugHz_6RM72p0OodBGJOVu6s"},"code":20000,"message":"success"}
2019-09-29 16:04:03,850 INFO response is : {"data":{"refresh":"eyJ0eXAiOiJKV1QiLCJhbGciOiJIUzI1NiJ9.eyJ0b2tlbl90eXBlIjoicmVmcmVzaCIsImV4cCI6MTU2OTgzMDY0MywianRpIjoiZGZlMWZhNmI3YzkyNDlkYmFiNjk5OGMwZWIxOTBiMDYiLCJ1c2VyX2lkIjoxfQ.6VJudj0T_k6Lz7E8B2-3O9W18hyNkTYd4ZG-BHpwodg","access":"eyJ0eXAiOiJKV1QiLCJhbGciOiJIUzI1NiJ9.eyJ0b2tlbl90eXBlIjoiYWNjZXNzIiwiZXhwIjoxNTY5NzQ3ODQzLCJqdGkiOiI0ZTkxYWY4ODVmMzk0YTRiOWI1OTQ3ZjEwM2E3YWRhYiIsInVzZXJfaWQiOjF9.2ymiZIvQmJFidXh7IzBSugHz_6RM72p0OodBGJOVu6s"},"code":20000,"message":"success"}
2019-09-29 16:04:03,850 INFO response is : {"data":{"refresh":"eyJ0eXAiOiJKV1QiLCJhbGciOiJIUzI1NiJ9.eyJ0b2tlbl90eXBlIjoicmVmcmVzaCIsImV4cCI6MTU2OTgzMDY0MywianRpIjoiZGZlMWZhNmI3YzkyNDlkYmFiNjk5OGMwZWIxOTBiMDYiLCJ1c2VyX2lkIjoxfQ.6VJudj0T_k6Lz7E8B2-3O9W18hyNkTYd4ZG-BHpwodg","access":"eyJ0eXAiOiJKV1QiLCJhbGciOiJIUzI1NiJ9.eyJ0b2tlbl90eXBlIjoiYWNjZXNzIiwiZXhwIjoxNTY5NzQ3ODQzLCJqdGkiOiI0ZTkxYWY4ODVmMzk0YTRiOWI1OTQ3ZjEwM2E3YWRhYiIsInVzZXJfaWQiOjF9.2ymiZIvQmJFidXh7IzBSugHz_6RM72p0OodBGJOVu6s"},"code":20000,"message":"success"}
2019-09-29 16:04:03,850 INFO response is : {"data":{"refresh":"eyJ0eXAiOiJKV1QiLCJhbGciOiJIUzI1NiJ9.eyJ0b2tlbl90eXBlIjoicmVmcmVzaCIsImV4cCI6MTU2OTgzMDY0MywianRpIjoiZGZlMWZhNmI3YzkyNDlkYmFiNjk5OGMwZWIxOTBiMDYiLCJ1c2VyX2lkIjoxfQ.6VJudj0T_k6Lz7E8B2-3O9W18hyNkTYd4ZG-BHpwodg","access":"eyJ0eXAiOiJKV1QiLCJhbGciOiJIUzI1NiJ9.eyJ0b2tlbl90eXBlIjoiYWNjZXNzIiwiZXhwIjoxNTY5NzQ3ODQzLCJqdGkiOiI0ZTkxYWY4ODVmMzk0YTRiOWI1OTQ3ZjEwM2E3YWRhYiIsInVzZXJfaWQiOjF9.2ymiZIvQmJFidXh7IzBSugHz_6RM72p0OodBGJOVu6s"},"code":20000,"message":"success"}
2019-09-29 16:04:03,850 INFO response is : {"data":{"refresh":"eyJ0eXAiOiJKV1QiLCJhbGciOiJIUzI1NiJ9.eyJ0b2tlbl90eXBlIjoicmVmcmVzaCIsImV4cCI6MTU2OTgzMDY0MywianRpIjoiZGZlMWZhNmI3YzkyNDlkYmFiNjk5OGMwZWIxOTBiMDYiLCJ1c2VyX2lkIjoxfQ.6VJudj0T_k6Lz7E8B2-3O9W18hyNkTYd4ZG-BHpwodg","access":"eyJ0eXAiOiJKV1QiLCJhbGciOiJIUzI1NiJ9.eyJ0b2tlbl90eXBlIjoiYWNjZXNzIiwiZXhwIjoxNTY5NzQ3ODQzLCJqdGkiOiI0ZTkxYWY4ODVmMzk0YTRiOWI1OTQ3ZjEwM2E3YWRhYiIsInVzZXJfaWQiOjF9.2ymiZIvQmJFidXh7IzBSugHz_6RM72p0OodBGJOVu6s"},"code":20000,"message":"success"}
2019-09-29 16:04:03,850 INFO response is : {"data":{"refresh":"eyJ0eXAiOiJKV1QiLCJhbGciOiJIUzI1NiJ9.eyJ0b2tlbl90eXBlIjoicmVmcmVzaCIsImV4cCI6MTU2OTgzMDY0MywianRpIjoiZGZlMWZhNmI3YzkyNDlkYmFiNjk5OGMwZWIxOTBiMDYiLCJ1c2VyX2lkIjoxfQ.6VJudj0T_k6Lz7E8B2-3O9W18hyNkTYd4ZG-BHpwodg","access":"eyJ0eXAiOiJKV1QiLCJhbGciOiJIUzI1NiJ9.eyJ0b2tlbl90eXBlIjoiYWNjZXNzIiwiZXhwIjoxNTY5NzQ3ODQzLCJqdGkiOiI0ZTkxYWY4ODVmMzk0YTRiOWI1OTQ3ZjEwM2E3YWRhYiIsInVzZXJfaWQiOjF9.2ymiZIvQmJFidXh7IzBSugHz_6RM72p0OodBGJOVu6s"},"code":20000,"message":"success"}
2019-09-29 16:04:03,850 INFO response is : {"data":{"refresh":"eyJ0eXAiOiJKV1QiLCJhbGciOiJIUzI1NiJ9.eyJ0b2tlbl90eXBlIjoicmVmcmVzaCIsImV4cCI6MTU2OTgzMDY0MywianRpIjoiZGZlMWZhNmI3YzkyNDlkYmFiNjk5OGMwZWIxOTBiMDYiLCJ1c2VyX2lkIjoxfQ.6VJudj0T_k6Lz7E8B2-3O9W18hyNkTYd4ZG-BHpwodg","access":"eyJ0eXAiOiJKV1QiLCJhbGciOiJIUzI1NiJ9.eyJ0b2tlbl90eXBlIjoiYWNjZXNzIiwiZXhwIjoxNTY5NzQ3ODQzLCJqdGkiOiI0ZTkxYWY4ODVmMzk0YTRiOWI1OTQ3ZjEwM2E3YWRhYiIsInVzZXJfaWQiOjF9.2ymiZIvQmJFidXh7IzBSugHz_6RM72p0OodBGJOVu6s"},"code":20000,"message":"success"}
2019-09-29 16:04:03,850 INFO response is : {"data":{"refresh":"eyJ0eXAiOiJKV1QiLCJhbGciOiJIUzI1NiJ9.eyJ0b2tlbl90eXBlIjoicmVmcmVzaCIsImV4cCI6MTU2OTgzMDY0MywianRpIjoiZGZlMWZhNmI3YzkyNDlkYmFiNjk5OGMwZWIxOTBiMDYiLCJ1c2VyX2lkIjoxfQ.6VJudj0T_k6Lz7E8B2-3O9W18hyNkTYd4ZG-BHpwodg","access":"eyJ0eXAiOiJKV1QiLCJhbGciOiJIUzI1NiJ9.eyJ0b2tlbl90eXBlIjoiYWNjZXNzIiwiZXhwIjoxNTY5NzQ3ODQzLCJqdGkiOiI0ZTkxYWY4ODVmMzk0YTRiOWI1OTQ3ZjEwM2E3YWRhYiIsInVzZXJfaWQiOjF9.2ymiZIvQmJFidXh7IzBSugHz_6RM72p0OodBGJOVu6s"},"code":20000,"message":"success"}
2019-09-29 16:04:03,850 INFO response is : {"data":{"refresh":"eyJ0eXAiOiJKV1QiLCJhbGciOiJIUzI1NiJ9.eyJ0b2tlbl90eXBlIjoicmVmcmVzaCIsImV4cCI6MTU2OTgzMDY0MywianRpIjoiZGZlMWZhNmI3YzkyNDlkYmFiNjk5OGMwZWIxOTBiMDYiLCJ1c2VyX2lkIjoxfQ.6VJudj0T_k6Lz7E8B2-3O9W18hyNkTYd4ZG-BHpwodg","access":"eyJ0eXAiOiJKV1QiLCJhbGciOiJIUzI1NiJ9.eyJ0b2tlbl90eXBlIjoiYWNjZXNzIiwiZXhwIjoxNTY5NzQ3ODQzLCJqdGkiOiI0ZTkxYWY4ODVmMzk0YTRiOWI1OTQ3ZjEwM2E3YWRhYiIsInVzZXJfaWQiOjF9.2ymiZIvQmJFidXh7IzBSugHz_6RM72p0OodBGJOVu6s"},"code":20000,"message":"success"}
2019-09-29 16:04:03,851 INFO <Response [200]>
2019-09-29 16:04:03,851 INFO <Response [200]>
2019-09-29 16:04:03,851 INFO <Response [200]>
2019-09-29 16:04:03,851 INFO <Response [200]>
2019-09-29 16:04:03,851 INFO <Response [200]>
2019-09-29 16:04:03,851 INFO <Response [200]>
2019-09-29 16:04:03,851 INFO <Response [200]>
2019-09-29 16:04:03,851 INFO <Response [200]>
2019-09-29 16:04:03,851 INFO <Response [200]>
2019-09-29 16:04:03,851 INFO <Response [200]>
2019-09-29 16:04:03,851 INFO <Response [200]>
2019-09-29 16:04:03,851 INFO <Response [200]>
2019-09-29 16:04:03,851 INFO <Response [200]>
2019-09-29 16:04:03,851 INFO <Response [200]>
2019-09-29 16:04:03,851 INFO <Response [200]>
2019-09-29 16:04:03,851 INFO <Response [200]>
2019-09-29 16:05:03,097 INFO 开始执行测试,报告输出模式text
2019-09-29 16:05:04,115 INFO in login！
2019-09-29 16:05:04,115 INFO in login！
2019-09-29 16:05:04,721 INFO response is : <Response [200]>
2019-09-29 16:05:04,721 INFO response is : <Response [200]>
2019-09-29 16:05:04,721 INFO response is : <Response [200]>
2019-09-29 16:05:04,722 INFO response is : {"data":{"refresh":"eyJ0eXAiOiJKV1QiLCJhbGciOiJIUzI1NiJ9.eyJ0b2tlbl90eXBlIjoicmVmcmVzaCIsImV4cCI6MTU2OTgzMDcwNCwianRpIjoiNDVjNTBhZDg1NmExNDQ3ZDkzY2VjZTA1MTQ0ZGQxZDkiLCJ1c2VyX2lkIjoxfQ.LAIwuUxET3EA6xkUesQXeNMQvFLKj5y5ywtAMdurq-Y","access":"eyJ0eXAiOiJKV1QiLCJhbGciOiJIUzI1NiJ9.eyJ0b2tlbl90eXBlIjoiYWNjZXNzIiwiZXhwIjoxNTY5NzQ3OTA0LCJqdGkiOiIyODRmY2NjZjQ4ZmI0MzRlOWRkNzQ1OGYxYzcyYzY4ZCIsInVzZXJfaWQiOjF9.K_r-Y_hL8sF0U72qZMYh5gU_yZLvhA_6CYPTiMyZ2-c"},"code":20000,"message":"success"}
2019-09-29 16:05:04,722 INFO response is : {"data":{"refresh":"eyJ0eXAiOiJKV1QiLCJhbGciOiJIUzI1NiJ9.eyJ0b2tlbl90eXBlIjoicmVmcmVzaCIsImV4cCI6MTU2OTgzMDcwNCwianRpIjoiNDVjNTBhZDg1NmExNDQ3ZDkzY2VjZTA1MTQ0ZGQxZDkiLCJ1c2VyX2lkIjoxfQ.LAIwuUxET3EA6xkUesQXeNMQvFLKj5y5ywtAMdurq-Y","access":"eyJ0eXAiOiJKV1QiLCJhbGciOiJIUzI1NiJ9.eyJ0b2tlbl90eXBlIjoiYWNjZXNzIiwiZXhwIjoxNTY5NzQ3OTA0LCJqdGkiOiIyODRmY2NjZjQ4ZmI0MzRlOWRkNzQ1OGYxYzcyYzY4ZCIsInVzZXJfaWQiOjF9.K_r-Y_hL8sF0U72qZMYh5gU_yZLvhA_6CYPTiMyZ2-c"},"code":20000,"message":"success"}
2019-09-29 16:05:04,722 INFO response is : {"data":{"refresh":"eyJ0eXAiOiJKV1QiLCJhbGciOiJIUzI1NiJ9.eyJ0b2tlbl90eXBlIjoicmVmcmVzaCIsImV4cCI6MTU2OTgzMDcwNCwianRpIjoiNDVjNTBhZDg1NmExNDQ3ZDkzY2VjZTA1MTQ0ZGQxZDkiLCJ1c2VyX2lkIjoxfQ.LAIwuUxET3EA6xkUesQXeNMQvFLKj5y5ywtAMdurq-Y","access":"eyJ0eXAiOiJKV1QiLCJhbGciOiJIUzI1NiJ9.eyJ0b2tlbl90eXBlIjoiYWNjZXNzIiwiZXhwIjoxNTY5NzQ3OTA0LCJqdGkiOiIyODRmY2NjZjQ4ZmI0MzRlOWRkNzQ1OGYxYzcyYzY4ZCIsInVzZXJfaWQiOjF9.K_r-Y_hL8sF0U72qZMYh5gU_yZLvhA_6CYPTiMyZ2-c"},"code":20000,"message":"success"}
2019-09-29 16:05:04,722 INFO response is : {"data":{"refresh":"eyJ0eXAiOiJKV1QiLCJhbGciOiJIUzI1NiJ9.eyJ0b2tlbl90eXBlIjoicmVmcmVzaCIsImV4cCI6MTU2OTgzMDcwNCwianRpIjoiNDVjNTBhZDg1NmExNDQ3ZDkzY2VjZTA1MTQ0ZGQxZDkiLCJ1c2VyX2lkIjoxfQ.LAIwuUxET3EA6xkUesQXeNMQvFLKj5y5ywtAMdurq-Y","access":"eyJ0eXAiOiJKV1QiLCJhbGciOiJIUzI1NiJ9.eyJ0b2tlbl90eXBlIjoiYWNjZXNzIiwiZXhwIjoxNTY5NzQ3OTA0LCJqdGkiOiIyODRmY2NjZjQ4ZmI0MzRlOWRkNzQ1OGYxYzcyYzY4ZCIsInVzZXJfaWQiOjF9.K_r-Y_hL8sF0U72qZMYh5gU_yZLvhA_6CYPTiMyZ2-c"},"code":20000,"message":"success"}
2019-09-29 16:05:04,723 INFO <Response [200]>
2019-09-29 16:05:04,723 INFO <Response [200]>
2019-09-29 16:05:04,723 INFO <Response [200]>
2019-09-29 16:05:04,723 INFO <Response [200]>
2019-09-29 16:05:04,723 INFO <Response [200]>
2019-09-29 16:05:04,724 INFO in getUserinfo heasers is :{'Authorization': 'Basic eyJ0eXAiOiJKV1QiLCJhbGciOiJIUzI1NiJ9.eyJ0b2tlbl90eXBlIjoiYWNjZXNzIiwiZXhwIjoxNTY5NzQ3OTA0LCJqdGkiOiIyODRmY2NjZjQ4ZmI0MzRlOWRkNzQ1OGYxYzcyYzY4ZCIsInVzZXJfaWQiOjF9.K_r-Y_hL8sF0U72qZMYh5gU_yZLvhA_6CYPTiMyZ2-c'}
2019-09-29 16:05:04,724 INFO in getUserinfo heasers is :{'Authorization': 'Basic eyJ0eXAiOiJKV1QiLCJhbGciOiJIUzI1NiJ9.eyJ0b2tlbl90eXBlIjoiYWNjZXNzIiwiZXhwIjoxNTY5NzQ3OTA0LCJqdGkiOiIyODRmY2NjZjQ4ZmI0MzRlOWRkNzQ1OGYxYzcyYzY4ZCIsInVzZXJfaWQiOjF9.K_r-Y_hL8sF0U72qZMYh5gU_yZLvhA_6CYPTiMyZ2-c'}
2019-09-29 16:05:04,724 INFO in getUserinfo heasers is :{'Authorization': 'Basic eyJ0eXAiOiJKV1QiLCJhbGciOiJIUzI1NiJ9.eyJ0b2tlbl90eXBlIjoiYWNjZXNzIiwiZXhwIjoxNTY5NzQ3OTA0LCJqdGkiOiIyODRmY2NjZjQ4ZmI0MzRlOWRkNzQ1OGYxYzcyYzY4ZCIsInVzZXJfaWQiOjF9.K_r-Y_hL8sF0U72qZMYh5gU_yZLvhA_6CYPTiMyZ2-c'}
2019-09-29 16:05:04,724 INFO in getUserinfo heasers is :{'Authorization': 'Basic eyJ0eXAiOiJKV1QiLCJhbGciOiJIUzI1NiJ9.eyJ0b2tlbl90eXBlIjoiYWNjZXNzIiwiZXhwIjoxNTY5NzQ3OTA0LCJqdGkiOiIyODRmY2NjZjQ4ZmI0MzRlOWRkNzQ1OGYxYzcyYzY4ZCIsInVzZXJfaWQiOjF9.K_r-Y_hL8sF0U72qZMYh5gU_yZLvhA_6CYPTiMyZ2-c'}
2019-09-29 16:05:04,724 INFO in getUserinfo heasers is :{'Authorization': 'Basic eyJ0eXAiOiJKV1QiLCJhbGciOiJIUzI1NiJ9.eyJ0b2tlbl90eXBlIjoiYWNjZXNzIiwiZXhwIjoxNTY5NzQ3OTA0LCJqdGkiOiIyODRmY2NjZjQ4ZmI0MzRlOWRkNzQ1OGYxYzcyYzY4ZCIsInVzZXJfaWQiOjF9.K_r-Y_hL8sF0U72qZMYh5gU_yZLvhA_6CYPTiMyZ2-c'}
2019-09-29 16:05:04,724 INFO in getUserinfo heasers is :{'Authorization': 'Basic eyJ0eXAiOiJKV1QiLCJhbGciOiJIUzI1NiJ9.eyJ0b2tlbl90eXBlIjoiYWNjZXNzIiwiZXhwIjoxNTY5NzQ3OTA0LCJqdGkiOiIyODRmY2NjZjQ4ZmI0MzRlOWRkNzQ1OGYxYzcyYzY4ZCIsInVzZXJfaWQiOjF9.K_r-Y_hL8sF0U72qZMYh5gU_yZLvhA_6CYPTiMyZ2-c'}
2019-09-29 16:05:05,134 INFO response is : <Response [404]>
2019-09-29 16:05:05,134 INFO response is : <Response [404]>
2019-09-29 16:05:05,134 INFO response is : <Response [404]>
2019-09-29 16:05:05,134 INFO response is : <Response [404]>
2019-09-29 16:05:05,134 INFO response is : <Response [404]>
2019-09-29 16:05:05,134 INFO response is : <Response [404]>
2019-09-29 16:05:05,134 INFO response is : <Response [404]>
2019-09-29 16:05:05,135 INFO <Response [404]>
2019-09-29 16:05:05,135 INFO <Response [404]>
2019-09-29 16:05:05,135 INFO <Response [404]>
2019-09-29 16:05:05,135 INFO <Response [404]>
2019-09-29 16:05:05,135 INFO <Response [404]>
2019-09-29 16:05:05,135 INFO <Response [404]>
2019-09-29 16:05:05,135 INFO <Response [404]>
2019-09-29 16:05:05,135 INFO <Response [404]>
2019-09-29 16:05:05,138 INFO in login！
2019-09-29 16:05:05,138 INFO in login！
2019-09-29 16:05:05,138 INFO in login！
2019-09-29 16:05:05,138 INFO in login！
2019-09-29 16:05:05,138 INFO in login！
2019-09-29 16:05:05,138 INFO in login！
2019-09-29 16:05:05,138 INFO in login！
2019-09-29 16:05:05,138 INFO in login！
2019-09-29 16:05:05,138 INFO in login！
2019-09-29 16:05:05,705 INFO response is : <Response [200]>
2019-09-29 16:05:05,705 INFO response is : <Response [200]>
2019-09-29 16:05:05,705 INFO response is : <Response [200]>
2019-09-29 16:05:05,705 INFO response is : <Response [200]>
2019-09-29 16:05:05,705 INFO response is : <Response [200]>
2019-09-29 16:05:05,705 INFO response is : <Response [200]>
2019-09-29 16:05:05,705 INFO response is : <Response [200]>
2019-09-29 16:05:05,705 INFO response is : <Response [200]>
2019-09-29 16:05:05,705 INFO response is : <Response [200]>
2019-09-29 16:05:05,705 INFO response is : <Response [200]>
2019-09-29 16:05:05,706 INFO response is : {"data":{"refresh":"eyJ0eXAiOiJKV1QiLCJhbGciOiJIUzI1NiJ9.eyJ0b2tlbl90eXBlIjoicmVmcmVzaCIsImV4cCI6MTU2OTgzMDcwNSwianRpIjoiZmNmZDNmYzAzNGM1NDYxNjkwMmEzYjc3MzdlNDQ0YzUiLCJ1c2VyX2lkIjoxfQ.5GpW6EzngldXerbKJKk5EXMhYZnAlFGG-HGSoKEdmr4","access":"eyJ0eXAiOiJKV1QiLCJhbGciOiJIUzI1NiJ9.eyJ0b2tlbl90eXBlIjoiYWNjZXNzIiwiZXhwIjoxNTY5NzQ3OTA1LCJqdGkiOiI1YzJjODQ4ODA1Mzc0NGExOWVmMzQyNTRhNjhjZWFmNCIsInVzZXJfaWQiOjF9.cJK_j6BJQBK4qlbWKS55qPUgzzm9n9R69G5hdpGirds"},"code":20000,"message":"success"}
2019-09-29 16:05:05,706 INFO response is : {"data":{"refresh":"eyJ0eXAiOiJKV1QiLCJhbGciOiJIUzI1NiJ9.eyJ0b2tlbl90eXBlIjoicmVmcmVzaCIsImV4cCI6MTU2OTgzMDcwNSwianRpIjoiZmNmZDNmYzAzNGM1NDYxNjkwMmEzYjc3MzdlNDQ0YzUiLCJ1c2VyX2lkIjoxfQ.5GpW6EzngldXerbKJKk5EXMhYZnAlFGG-HGSoKEdmr4","access":"eyJ0eXAiOiJKV1QiLCJhbGciOiJIUzI1NiJ9.eyJ0b2tlbl90eXBlIjoiYWNjZXNzIiwiZXhwIjoxNTY5NzQ3OTA1LCJqdGkiOiI1YzJjODQ4ODA1Mzc0NGExOWVmMzQyNTRhNjhjZWFmNCIsInVzZXJfaWQiOjF9.cJK_j6BJQBK4qlbWKS55qPUgzzm9n9R69G5hdpGirds"},"code":20000,"message":"success"}
2019-09-29 16:05:05,706 INFO response is : {"data":{"refresh":"eyJ0eXAiOiJKV1QiLCJhbGciOiJIUzI1NiJ9.eyJ0b2tlbl90eXBlIjoicmVmcmVzaCIsImV4cCI6MTU2OTgzMDcwNSwianRpIjoiZmNmZDNmYzAzNGM1NDYxNjkwMmEzYjc3MzdlNDQ0YzUiLCJ1c2VyX2lkIjoxfQ.5GpW6EzngldXerbKJKk5EXMhYZnAlFGG-HGSoKEdmr4","access":"eyJ0eXAiOiJKV1QiLCJhbGciOiJIUzI1NiJ9.eyJ0b2tlbl90eXBlIjoiYWNjZXNzIiwiZXhwIjoxNTY5NzQ3OTA1LCJqdGkiOiI1YzJjODQ4ODA1Mzc0NGExOWVmMzQyNTRhNjhjZWFmNCIsInVzZXJfaWQiOjF9.cJK_j6BJQBK4qlbWKS55qPUgzzm9n9R69G5hdpGirds"},"code":20000,"message":"success"}
2019-09-29 16:05:05,706 INFO response is : {"data":{"refresh":"eyJ0eXAiOiJKV1QiLCJhbGciOiJIUzI1NiJ9.eyJ0b2tlbl90eXBlIjoicmVmcmVzaCIsImV4cCI6MTU2OTgzMDcwNSwianRpIjoiZmNmZDNmYzAzNGM1NDYxNjkwMmEzYjc3MzdlNDQ0YzUiLCJ1c2VyX2lkIjoxfQ.5GpW6EzngldXerbKJKk5EXMhYZnAlFGG-HGSoKEdmr4","access":"eyJ0eXAiOiJKV1QiLCJhbGciOiJIUzI1NiJ9.eyJ0b2tlbl90eXBlIjoiYWNjZXNzIiwiZXhwIjoxNTY5NzQ3OTA1LCJqdGkiOiI1YzJjODQ4ODA1Mzc0NGExOWVmMzQyNTRhNjhjZWFmNCIsInVzZXJfaWQiOjF9.cJK_j6BJQBK4qlbWKS55qPUgzzm9n9R69G5hdpGirds"},"code":20000,"message":"success"}
2019-09-29 16:05:05,706 INFO response is : {"data":{"refresh":"eyJ0eXAiOiJKV1QiLCJhbGciOiJIUzI1NiJ9.eyJ0b2tlbl90eXBlIjoicmVmcmVzaCIsImV4cCI6MTU2OTgzMDcwNSwianRpIjoiZmNmZDNmYzAzNGM1NDYxNjkwMmEzYjc3MzdlNDQ0YzUiLCJ1c2VyX2lkIjoxfQ.5GpW6EzngldXerbKJKk5EXMhYZnAlFGG-HGSoKEdmr4","access":"eyJ0eXAiOiJKV1QiLCJhbGciOiJIUzI1NiJ9.eyJ0b2tlbl90eXBlIjoiYWNjZXNzIiwiZXhwIjoxNTY5NzQ3OTA1LCJqdGkiOiI1YzJjODQ4ODA1Mzc0NGExOWVmMzQyNTRhNjhjZWFmNCIsInVzZXJfaWQiOjF9.cJK_j6BJQBK4qlbWKS55qPUgzzm9n9R69G5hdpGirds"},"code":20000,"message":"success"}
2019-09-29 16:05:05,706 INFO response is : {"data":{"refresh":"eyJ0eXAiOiJKV1QiLCJhbGciOiJIUzI1NiJ9.eyJ0b2tlbl90eXBlIjoicmVmcmVzaCIsImV4cCI6MTU2OTgzMDcwNSwianRpIjoiZmNmZDNmYzAzNGM1NDYxNjkwMmEzYjc3MzdlNDQ0YzUiLCJ1c2VyX2lkIjoxfQ.5GpW6EzngldXerbKJKk5EXMhYZnAlFGG-HGSoKEdmr4","access":"eyJ0eXAiOiJKV1QiLCJhbGciOiJIUzI1NiJ9.eyJ0b2tlbl90eXBlIjoiYWNjZXNzIiwiZXhwIjoxNTY5NzQ3OTA1LCJqdGkiOiI1YzJjODQ4ODA1Mzc0NGExOWVmMzQyNTRhNjhjZWFmNCIsInVzZXJfaWQiOjF9.cJK_j6BJQBK4qlbWKS55qPUgzzm9n9R69G5hdpGirds"},"code":20000,"message":"success"}
2019-09-29 16:05:05,706 INFO response is : {"data":{"refresh":"eyJ0eXAiOiJKV1QiLCJhbGciOiJIUzI1NiJ9.eyJ0b2tlbl90eXBlIjoicmVmcmVzaCIsImV4cCI6MTU2OTgzMDcwNSwianRpIjoiZmNmZDNmYzAzNGM1NDYxNjkwMmEzYjc3MzdlNDQ0YzUiLCJ1c2VyX2lkIjoxfQ.5GpW6EzngldXerbKJKk5EXMhYZnAlFGG-HGSoKEdmr4","access":"eyJ0eXAiOiJKV1QiLCJhbGciOiJIUzI1NiJ9.eyJ0b2tlbl90eXBlIjoiYWNjZXNzIiwiZXhwIjoxNTY5NzQ3OTA1LCJqdGkiOiI1YzJjODQ4ODA1Mzc0NGExOWVmMzQyNTRhNjhjZWFmNCIsInVzZXJfaWQiOjF9.cJK_j6BJQBK4qlbWKS55qPUgzzm9n9R69G5hdpGirds"},"code":20000,"message":"success"}
2019-09-29 16:05:05,706 INFO response is : {"data":{"refresh":"eyJ0eXAiOiJKV1QiLCJhbGciOiJIUzI1NiJ9.eyJ0b2tlbl90eXBlIjoicmVmcmVzaCIsImV4cCI6MTU2OTgzMDcwNSwianRpIjoiZmNmZDNmYzAzNGM1NDYxNjkwMmEzYjc3MzdlNDQ0YzUiLCJ1c2VyX2lkIjoxfQ.5GpW6EzngldXerbKJKk5EXMhYZnAlFGG-HGSoKEdmr4","access":"eyJ0eXAiOiJKV1QiLCJhbGciOiJIUzI1NiJ9.eyJ0b2tlbl90eXBlIjoiYWNjZXNzIiwiZXhwIjoxNTY5NzQ3OTA1LCJqdGkiOiI1YzJjODQ4ODA1Mzc0NGExOWVmMzQyNTRhNjhjZWFmNCIsInVzZXJfaWQiOjF9.cJK_j6BJQBK4qlbWKS55qPUgzzm9n9R69G5hdpGirds"},"code":20000,"message":"success"}
2019-09-29 16:05:05,706 INFO response is : {"data":{"refresh":"eyJ0eXAiOiJKV1QiLCJhbGciOiJIUzI1NiJ9.eyJ0b2tlbl90eXBlIjoicmVmcmVzaCIsImV4cCI6MTU2OTgzMDcwNSwianRpIjoiZmNmZDNmYzAzNGM1NDYxNjkwMmEzYjc3MzdlNDQ0YzUiLCJ1c2VyX2lkIjoxfQ.5GpW6EzngldXerbKJKk5EXMhYZnAlFGG-HGSoKEdmr4","access":"eyJ0eXAiOiJKV1QiLCJhbGciOiJIUzI1NiJ9.eyJ0b2tlbl90eXBlIjoiYWNjZXNzIiwiZXhwIjoxNTY5NzQ3OTA1LCJqdGkiOiI1YzJjODQ4ODA1Mzc0NGExOWVmMzQyNTRhNjhjZWFmNCIsInVzZXJfaWQiOjF9.cJK_j6BJQBK4qlbWKS55qPUgzzm9n9R69G5hdpGirds"},"code":20000,"message":"success"}
2019-09-29 16:05:05,706 INFO response is : {"data":{"refresh":"eyJ0eXAiOiJKV1QiLCJhbGciOiJIUzI1NiJ9.eyJ0b2tlbl90eXBlIjoicmVmcmVzaCIsImV4cCI6MTU2OTgzMDcwNSwianRpIjoiZmNmZDNmYzAzNGM1NDYxNjkwMmEzYjc3MzdlNDQ0YzUiLCJ1c2VyX2lkIjoxfQ.5GpW6EzngldXerbKJKk5EXMhYZnAlFGG-HGSoKEdmr4","access":"eyJ0eXAiOiJKV1QiLCJhbGciOiJIUzI1NiJ9.eyJ0b2tlbl90eXBlIjoiYWNjZXNzIiwiZXhwIjoxNTY5NzQ3OTA1LCJqdGkiOiI1YzJjODQ4ODA1Mzc0NGExOWVmMzQyNTRhNjhjZWFmNCIsInVzZXJfaWQiOjF9.cJK_j6BJQBK4qlbWKS55qPUgzzm9n9R69G5hdpGirds"},"code":20000,"message":"success"}
2019-09-29 16:05:05,706 INFO response is : {"data":{"refresh":"eyJ0eXAiOiJKV1QiLCJhbGciOiJIUzI1NiJ9.eyJ0b2tlbl90eXBlIjoicmVmcmVzaCIsImV4cCI6MTU2OTgzMDcwNSwianRpIjoiZmNmZDNmYzAzNGM1NDYxNjkwMmEzYjc3MzdlNDQ0YzUiLCJ1c2VyX2lkIjoxfQ.5GpW6EzngldXerbKJKk5EXMhYZnAlFGG-HGSoKEdmr4","access":"eyJ0eXAiOiJKV1QiLCJhbGciOiJIUzI1NiJ9.eyJ0b2tlbl90eXBlIjoiYWNjZXNzIiwiZXhwIjoxNTY5NzQ3OTA1LCJqdGkiOiI1YzJjODQ4ODA1Mzc0NGExOWVmMzQyNTRhNjhjZWFmNCIsInVzZXJfaWQiOjF9.cJK_j6BJQBK4qlbWKS55qPUgzzm9n9R69G5hdpGirds"},"code":20000,"message":"success"}
2019-09-29 16:05:05,707 INFO <Response [200]>
2019-09-29 16:05:05,707 INFO <Response [200]>
2019-09-29 16:05:05,707 INFO <Response [200]>
2019-09-29 16:05:05,707 INFO <Response [200]>
2019-09-29 16:05:05,707 INFO <Response [200]>
2019-09-29 16:05:05,707 INFO <Response [200]>
2019-09-29 16:05:05,707 INFO <Response [200]>
2019-09-29 16:05:05,707 INFO <Response [200]>
2019-09-29 16:05:05,707 INFO <Response [200]>
2019-09-29 16:05:05,707 INFO <Response [200]>
2019-09-29 16:05:05,707 INFO <Response [200]>
2019-09-29 16:05:05,707 INFO <Response [200]>
2019-09-29 16:05:05,709 INFO in login！
2019-09-29 16:05:05,709 INFO in login！
2019-09-29 16:05:05,709 INFO in login！
2019-09-29 16:05:05,709 INFO in login！
2019-09-29 16:05:05,709 INFO in login！
2019-09-29 16:05:05,709 INFO in login！
2019-09-29 16:05:05,709 INFO in login！
2019-09-29 16:05:05,709 INFO in login！
2019-09-29 16:05:05,709 INFO in login！
2019-09-29 16:05:05,709 INFO in login！
2019-09-29 16:05:05,709 INFO in login！
2019-09-29 16:05:05,709 INFO in login！
2019-09-29 16:05:05,709 INFO in login！
2019-09-29 16:05:06,324 INFO response is : <Response [200]>
2019-09-29 16:05:06,324 INFO response is : <Response [200]>
2019-09-29 16:05:06,324 INFO response is : <Response [200]>
2019-09-29 16:05:06,324 INFO response is : <Response [200]>
2019-09-29 16:05:06,324 INFO response is : <Response [200]>
2019-09-29 16:05:06,324 INFO response is : <Response [200]>
2019-09-29 16:05:06,324 INFO response is : <Response [200]>
2019-09-29 16:05:06,324 INFO response is : <Response [200]>
2019-09-29 16:05:06,324 INFO response is : <Response [200]>
2019-09-29 16:05:06,324 INFO response is : <Response [200]>
2019-09-29 16:05:06,324 INFO response is : <Response [200]>
2019-09-29 16:05:06,324 INFO response is : <Response [200]>
2019-09-29 16:05:06,324 INFO response is : <Response [200]>
2019-09-29 16:05:06,324 INFO response is : <Response [200]>
2019-09-29 16:05:06,326 INFO response is : {"data":{"refresh":"eyJ0eXAiOiJKV1QiLCJhbGciOiJIUzI1NiJ9.eyJ0b2tlbl90eXBlIjoicmVmcmVzaCIsImV4cCI6MTU2OTgzMDcwNiwianRpIjoiYzcwZGI5ZTFjYzkwNDA1MzgzNjk5YzJjNDlmZmJmZTciLCJ1c2VyX2lkIjoxfQ.hntj9obJNtlQ26nSSRkWL9la6OgqjwFj0DA0JVNptAQ","access":"eyJ0eXAiOiJKV1QiLCJhbGciOiJIUzI1NiJ9.eyJ0b2tlbl90eXBlIjoiYWNjZXNzIiwiZXhwIjoxNTY5NzQ3OTA2LCJqdGkiOiI0N2NmNjY3NzA3Zjk0ZDg0OTAyNWE1ZDExOTgzMDNmMCIsInVzZXJfaWQiOjF9.cV3giHNGcQ2g2b8xampGu3CpimzcYojksxs6lCFubXY"},"code":20000,"message":"success"}
2019-09-29 16:05:06,326 INFO response is : {"data":{"refresh":"eyJ0eXAiOiJKV1QiLCJhbGciOiJIUzI1NiJ9.eyJ0b2tlbl90eXBlIjoicmVmcmVzaCIsImV4cCI6MTU2OTgzMDcwNiwianRpIjoiYzcwZGI5ZTFjYzkwNDA1MzgzNjk5YzJjNDlmZmJmZTciLCJ1c2VyX2lkIjoxfQ.hntj9obJNtlQ26nSSRkWL9la6OgqjwFj0DA0JVNptAQ","access":"eyJ0eXAiOiJKV1QiLCJhbGciOiJIUzI1NiJ9.eyJ0b2tlbl90eXBlIjoiYWNjZXNzIiwiZXhwIjoxNTY5NzQ3OTA2LCJqdGkiOiI0N2NmNjY3NzA3Zjk0ZDg0OTAyNWE1ZDExOTgzMDNmMCIsInVzZXJfaWQiOjF9.cV3giHNGcQ2g2b8xampGu3CpimzcYojksxs6lCFubXY"},"code":20000,"message":"success"}
2019-09-29 16:05:06,326 INFO response is : {"data":{"refresh":"eyJ0eXAiOiJKV1QiLCJhbGciOiJIUzI1NiJ9.eyJ0b2tlbl90eXBlIjoicmVmcmVzaCIsImV4cCI6MTU2OTgzMDcwNiwianRpIjoiYzcwZGI5ZTFjYzkwNDA1MzgzNjk5YzJjNDlmZmJmZTciLCJ1c2VyX2lkIjoxfQ.hntj9obJNtlQ26nSSRkWL9la6OgqjwFj0DA0JVNptAQ","access":"eyJ0eXAiOiJKV1QiLCJhbGciOiJIUzI1NiJ9.eyJ0b2tlbl90eXBlIjoiYWNjZXNzIiwiZXhwIjoxNTY5NzQ3OTA2LCJqdGkiOiI0N2NmNjY3NzA3Zjk0ZDg0OTAyNWE1ZDExOTgzMDNmMCIsInVzZXJfaWQiOjF9.cV3giHNGcQ2g2b8xampGu3CpimzcYojksxs6lCFubXY"},"code":20000,"message":"success"}
2019-09-29 16:05:06,326 INFO response is : {"data":{"refresh":"eyJ0eXAiOiJKV1QiLCJhbGciOiJIUzI1NiJ9.eyJ0b2tlbl90eXBlIjoicmVmcmVzaCIsImV4cCI6MTU2OTgzMDcwNiwianRpIjoiYzcwZGI5ZTFjYzkwNDA1MzgzNjk5YzJjNDlmZmJmZTciLCJ1c2VyX2lkIjoxfQ.hntj9obJNtlQ26nSSRkWL9la6OgqjwFj0DA0JVNptAQ","access":"eyJ0eXAiOiJKV1QiLCJhbGciOiJIUzI1NiJ9.eyJ0b2tlbl90eXBlIjoiYWNjZXNzIiwiZXhwIjoxNTY5NzQ3OTA2LCJqdGkiOiI0N2NmNjY3NzA3Zjk0ZDg0OTAyNWE1ZDExOTgzMDNmMCIsInVzZXJfaWQiOjF9.cV3giHNGcQ2g2b8xampGu3CpimzcYojksxs6lCFubXY"},"code":20000,"message":"success"}
2019-09-29 16:05:06,326 INFO response is : {"data":{"refresh":"eyJ0eXAiOiJKV1QiLCJhbGciOiJIUzI1NiJ9.eyJ0b2tlbl90eXBlIjoicmVmcmVzaCIsImV4cCI6MTU2OTgzMDcwNiwianRpIjoiYzcwZGI5ZTFjYzkwNDA1MzgzNjk5YzJjNDlmZmJmZTciLCJ1c2VyX2lkIjoxfQ.hntj9obJNtlQ26nSSRkWL9la6OgqjwFj0DA0JVNptAQ","access":"eyJ0eXAiOiJKV1QiLCJhbGciOiJIUzI1NiJ9.eyJ0b2tlbl90eXBlIjoiYWNjZXNzIiwiZXhwIjoxNTY5NzQ3OTA2LCJqdGkiOiI0N2NmNjY3NzA3Zjk0ZDg0OTAyNWE1ZDExOTgzMDNmMCIsInVzZXJfaWQiOjF9.cV3giHNGcQ2g2b8xampGu3CpimzcYojksxs6lCFubXY"},"code":20000,"message":"success"}
2019-09-29 16:05:06,326 INFO response is : {"data":{"refresh":"eyJ0eXAiOiJKV1QiLCJhbGciOiJIUzI1NiJ9.eyJ0b2tlbl90eXBlIjoicmVmcmVzaCIsImV4cCI6MTU2OTgzMDcwNiwianRpIjoiYzcwZGI5ZTFjYzkwNDA1MzgzNjk5YzJjNDlmZmJmZTciLCJ1c2VyX2lkIjoxfQ.hntj9obJNtlQ26nSSRkWL9la6OgqjwFj0DA0JVNptAQ","access":"eyJ0eXAiOiJKV1QiLCJhbGciOiJIUzI1NiJ9.eyJ0b2tlbl90eXBlIjoiYWNjZXNzIiwiZXhwIjoxNTY5NzQ3OTA2LCJqdGkiOiI0N2NmNjY3NzA3Zjk0ZDg0OTAyNWE1ZDExOTgzMDNmMCIsInVzZXJfaWQiOjF9.cV3giHNGcQ2g2b8xampGu3CpimzcYojksxs6lCFubXY"},"code":20000,"message":"success"}
2019-09-29 16:05:06,326 INFO response is : {"data":{"refresh":"eyJ0eXAiOiJKV1QiLCJhbGciOiJIUzI1NiJ9.eyJ0b2tlbl90eXBlIjoicmVmcmVzaCIsImV4cCI6MTU2OTgzMDcwNiwianRpIjoiYzcwZGI5ZTFjYzkwNDA1MzgzNjk5YzJjNDlmZmJmZTciLCJ1c2VyX2lkIjoxfQ.hntj9obJNtlQ26nSSRkWL9la6OgqjwFj0DA0JVNptAQ","access":"eyJ0eXAiOiJKV1QiLCJhbGciOiJIUzI1NiJ9.eyJ0b2tlbl90eXBlIjoiYWNjZXNzIiwiZXhwIjoxNTY5NzQ3OTA2LCJqdGkiOiI0N2NmNjY3NzA3Zjk0ZDg0OTAyNWE1ZDExOTgzMDNmMCIsInVzZXJfaWQiOjF9.cV3giHNGcQ2g2b8xampGu3CpimzcYojksxs6lCFubXY"},"code":20000,"message":"success"}
2019-09-29 16:05:06,326 INFO response is : {"data":{"refresh":"eyJ0eXAiOiJKV1QiLCJhbGciOiJIUzI1NiJ9.eyJ0b2tlbl90eXBlIjoicmVmcmVzaCIsImV4cCI6MTU2OTgzMDcwNiwianRpIjoiYzcwZGI5ZTFjYzkwNDA1MzgzNjk5YzJjNDlmZmJmZTciLCJ1c2VyX2lkIjoxfQ.hntj9obJNtlQ26nSSRkWL9la6OgqjwFj0DA0JVNptAQ","access":"eyJ0eXAiOiJKV1QiLCJhbGciOiJIUzI1NiJ9.eyJ0b2tlbl90eXBlIjoiYWNjZXNzIiwiZXhwIjoxNTY5NzQ3OTA2LCJqdGkiOiI0N2NmNjY3NzA3Zjk0ZDg0OTAyNWE1ZDExOTgzMDNmMCIsInVzZXJfaWQiOjF9.cV3giHNGcQ2g2b8xampGu3CpimzcYojksxs6lCFubXY"},"code":20000,"message":"success"}
2019-09-29 16:05:06,326 INFO response is : {"data":{"refresh":"eyJ0eXAiOiJKV1QiLCJhbGciOiJIUzI1NiJ9.eyJ0b2tlbl90eXBlIjoicmVmcmVzaCIsImV4cCI6MTU2OTgzMDcwNiwianRpIjoiYzcwZGI5ZTFjYzkwNDA1MzgzNjk5YzJjNDlmZmJmZTciLCJ1c2VyX2lkIjoxfQ.hntj9obJNtlQ26nSSRkWL9la6OgqjwFj0DA0JVNptAQ","access":"eyJ0eXAiOiJKV1QiLCJhbGciOiJIUzI1NiJ9.eyJ0b2tlbl90eXBlIjoiYWNjZXNzIiwiZXhwIjoxNTY5NzQ3OTA2LCJqdGkiOiI0N2NmNjY3NzA3Zjk0ZDg0OTAyNWE1ZDExOTgzMDNmMCIsInVzZXJfaWQiOjF9.cV3giHNGcQ2g2b8xampGu3CpimzcYojksxs6lCFubXY"},"code":20000,"message":"success"}
2019-09-29 16:05:06,326 INFO response is : {"data":{"refresh":"eyJ0eXAiOiJKV1QiLCJhbGciOiJIUzI1NiJ9.eyJ0b2tlbl90eXBlIjoicmVmcmVzaCIsImV4cCI6MTU2OTgzMDcwNiwianRpIjoiYzcwZGI5ZTFjYzkwNDA1MzgzNjk5YzJjNDlmZmJmZTciLCJ1c2VyX2lkIjoxfQ.hntj9obJNtlQ26nSSRkWL9la6OgqjwFj0DA0JVNptAQ","access":"eyJ0eXAiOiJKV1QiLCJhbGciOiJIUzI1NiJ9.eyJ0b2tlbl90eXBlIjoiYWNjZXNzIiwiZXhwIjoxNTY5NzQ3OTA2LCJqdGkiOiI0N2NmNjY3NzA3Zjk0ZDg0OTAyNWE1ZDExOTgzMDNmMCIsInVzZXJfaWQiOjF9.cV3giHNGcQ2g2b8xampGu3CpimzcYojksxs6lCFubXY"},"code":20000,"message":"success"}
2019-09-29 16:05:06,326 INFO response is : {"data":{"refresh":"eyJ0eXAiOiJKV1QiLCJhbGciOiJIUzI1NiJ9.eyJ0b2tlbl90eXBlIjoicmVmcmVzaCIsImV4cCI6MTU2OTgzMDcwNiwianRpIjoiYzcwZGI5ZTFjYzkwNDA1MzgzNjk5YzJjNDlmZmJmZTciLCJ1c2VyX2lkIjoxfQ.hntj9obJNtlQ26nSSRkWL9la6OgqjwFj0DA0JVNptAQ","access":"eyJ0eXAiOiJKV1QiLCJhbGciOiJIUzI1NiJ9.eyJ0b2tlbl90eXBlIjoiYWNjZXNzIiwiZXhwIjoxNTY5NzQ3OTA2LCJqdGkiOiI0N2NmNjY3NzA3Zjk0ZDg0OTAyNWE1ZDExOTgzMDNmMCIsInVzZXJfaWQiOjF9.cV3giHNGcQ2g2b8xampGu3CpimzcYojksxs6lCFubXY"},"code":20000,"message":"success"}
2019-09-29 16:05:06,326 INFO response is : {"data":{"refresh":"eyJ0eXAiOiJKV1QiLCJhbGciOiJIUzI1NiJ9.eyJ0b2tlbl90eXBlIjoicmVmcmVzaCIsImV4cCI6MTU2OTgzMDcwNiwianRpIjoiYzcwZGI5ZTFjYzkwNDA1MzgzNjk5YzJjNDlmZmJmZTciLCJ1c2VyX2lkIjoxfQ.hntj9obJNtlQ26nSSRkWL9la6OgqjwFj0DA0JVNptAQ","access":"eyJ0eXAiOiJKV1QiLCJhbGciOiJIUzI1NiJ9.eyJ0b2tlbl90eXBlIjoiYWNjZXNzIiwiZXhwIjoxNTY5NzQ3OTA2LCJqdGkiOiI0N2NmNjY3NzA3Zjk0ZDg0OTAyNWE1ZDExOTgzMDNmMCIsInVzZXJfaWQiOjF9.cV3giHNGcQ2g2b8xampGu3CpimzcYojksxs6lCFubXY"},"code":20000,"message":"success"}
2019-09-29 16:05:06,326 INFO response is : {"data":{"refresh":"eyJ0eXAiOiJKV1QiLCJhbGciOiJIUzI1NiJ9.eyJ0b2tlbl90eXBlIjoicmVmcmVzaCIsImV4cCI6MTU2OTgzMDcwNiwianRpIjoiYzcwZGI5ZTFjYzkwNDA1MzgzNjk5YzJjNDlmZmJmZTciLCJ1c2VyX2lkIjoxfQ.hntj9obJNtlQ26nSSRkWL9la6OgqjwFj0DA0JVNptAQ","access":"eyJ0eXAiOiJKV1QiLCJhbGciOiJIUzI1NiJ9.eyJ0b2tlbl90eXBlIjoiYWNjZXNzIiwiZXhwIjoxNTY5NzQ3OTA2LCJqdGkiOiI0N2NmNjY3NzA3Zjk0ZDg0OTAyNWE1ZDExOTgzMDNmMCIsInVzZXJfaWQiOjF9.cV3giHNGcQ2g2b8xampGu3CpimzcYojksxs6lCFubXY"},"code":20000,"message":"success"}
2019-09-29 16:05:06,326 INFO response is : {"data":{"refresh":"eyJ0eXAiOiJKV1QiLCJhbGciOiJIUzI1NiJ9.eyJ0b2tlbl90eXBlIjoicmVmcmVzaCIsImV4cCI6MTU2OTgzMDcwNiwianRpIjoiYzcwZGI5ZTFjYzkwNDA1MzgzNjk5YzJjNDlmZmJmZTciLCJ1c2VyX2lkIjoxfQ.hntj9obJNtlQ26nSSRkWL9la6OgqjwFj0DA0JVNptAQ","access":"eyJ0eXAiOiJKV1QiLCJhbGciOiJIUzI1NiJ9.eyJ0b2tlbl90eXBlIjoiYWNjZXNzIiwiZXhwIjoxNTY5NzQ3OTA2LCJqdGkiOiI0N2NmNjY3NzA3Zjk0ZDg0OTAyNWE1ZDExOTgzMDNmMCIsInVzZXJfaWQiOjF9.cV3giHNGcQ2g2b8xampGu3CpimzcYojksxs6lCFubXY"},"code":20000,"message":"success"}
2019-09-29 16:05:06,326 INFO response is : {"data":{"refresh":"eyJ0eXAiOiJKV1QiLCJhbGciOiJIUzI1NiJ9.eyJ0b2tlbl90eXBlIjoicmVmcmVzaCIsImV4cCI6MTU2OTgzMDcwNiwianRpIjoiYzcwZGI5ZTFjYzkwNDA1MzgzNjk5YzJjNDlmZmJmZTciLCJ1c2VyX2lkIjoxfQ.hntj9obJNtlQ26nSSRkWL9la6OgqjwFj0DA0JVNptAQ","access":"eyJ0eXAiOiJKV1QiLCJhbGciOiJIUzI1NiJ9.eyJ0b2tlbl90eXBlIjoiYWNjZXNzIiwiZXhwIjoxNTY5NzQ3OTA2LCJqdGkiOiI0N2NmNjY3NzA3Zjk0ZDg0OTAyNWE1ZDExOTgzMDNmMCIsInVzZXJfaWQiOjF9.cV3giHNGcQ2g2b8xampGu3CpimzcYojksxs6lCFubXY"},"code":20000,"message":"success"}
2019-09-29 16:05:06,328 INFO <Response [200]>
2019-09-29 16:05:06,328 INFO <Response [200]>
2019-09-29 16:05:06,328 INFO <Response [200]>
2019-09-29 16:05:06,328 INFO <Response [200]>
2019-09-29 16:05:06,328 INFO <Response [200]>
2019-09-29 16:05:06,328 INFO <Response [200]>
2019-09-29 16:05:06,328 INFO <Response [200]>
2019-09-29 16:05:06,328 INFO <Response [200]>
2019-09-29 16:05:06,328 INFO <Response [200]>
2019-09-29 16:05:06,328 INFO <Response [200]>
2019-09-29 16:05:06,328 INFO <Response [200]>
2019-09-29 16:05:06,328 INFO <Response [200]>
2019-09-29 16:05:06,328 INFO <Response [200]>
2019-09-29 16:05:06,328 INFO <Response [200]>
2019-09-29 16:05:06,328 INFO <Response [200]>
2019-09-29 16:05:06,328 INFO <Response [200]>
2019-09-29 16:06:01,319 INFO 开始执行测试,报告输出模式text
2019-09-29 16:06:02,324 INFO in login！
2019-09-29 16:06:02,324 INFO in login！
2019-09-29 16:06:02,949 INFO response is : <Response [200]>
2019-09-29 16:06:02,949 INFO response is : <Response [200]>
2019-09-29 16:06:02,949 INFO response is : <Response [200]>
2019-09-29 16:06:02,950 INFO response is : {"data":{"refresh":"eyJ0eXAiOiJKV1QiLCJhbGciOiJIUzI1NiJ9.eyJ0b2tlbl90eXBlIjoicmVmcmVzaCIsImV4cCI6MTU2OTgzMDc2MiwianRpIjoiNWU2YWMzZWRhODBkNDM5OThjMWQ2YTlkMzkzZDQyN2MiLCJ1c2VyX2lkIjoxfQ.1PDBT4gcG6nJdSmBi9bg6EPYT6KDFAeiAT_NoqN47F4","access":"eyJ0eXAiOiJKV1QiLCJhbGciOiJIUzI1NiJ9.eyJ0b2tlbl90eXBlIjoiYWNjZXNzIiwiZXhwIjoxNTY5NzQ3OTYyLCJqdGkiOiI2MjNmMDYzYjcwN2E0ZWQyOGQyM2U1ZTA4MWQ4ODBhMSIsInVzZXJfaWQiOjF9.wcT3goM4Zg3LBr6taZnCU1gfmB58w2CPRjFAluC3juo"},"code":20000,"message":"success"}
2019-09-29 16:06:02,950 INFO response is : {"data":{"refresh":"eyJ0eXAiOiJKV1QiLCJhbGciOiJIUzI1NiJ9.eyJ0b2tlbl90eXBlIjoicmVmcmVzaCIsImV4cCI6MTU2OTgzMDc2MiwianRpIjoiNWU2YWMzZWRhODBkNDM5OThjMWQ2YTlkMzkzZDQyN2MiLCJ1c2VyX2lkIjoxfQ.1PDBT4gcG6nJdSmBi9bg6EPYT6KDFAeiAT_NoqN47F4","access":"eyJ0eXAiOiJKV1QiLCJhbGciOiJIUzI1NiJ9.eyJ0b2tlbl90eXBlIjoiYWNjZXNzIiwiZXhwIjoxNTY5NzQ3OTYyLCJqdGkiOiI2MjNmMDYzYjcwN2E0ZWQyOGQyM2U1ZTA4MWQ4ODBhMSIsInVzZXJfaWQiOjF9.wcT3goM4Zg3LBr6taZnCU1gfmB58w2CPRjFAluC3juo"},"code":20000,"message":"success"}
2019-09-29 16:06:02,950 INFO response is : {"data":{"refresh":"eyJ0eXAiOiJKV1QiLCJhbGciOiJIUzI1NiJ9.eyJ0b2tlbl90eXBlIjoicmVmcmVzaCIsImV4cCI6MTU2OTgzMDc2MiwianRpIjoiNWU2YWMzZWRhODBkNDM5OThjMWQ2YTlkMzkzZDQyN2MiLCJ1c2VyX2lkIjoxfQ.1PDBT4gcG6nJdSmBi9bg6EPYT6KDFAeiAT_NoqN47F4","access":"eyJ0eXAiOiJKV1QiLCJhbGciOiJIUzI1NiJ9.eyJ0b2tlbl90eXBlIjoiYWNjZXNzIiwiZXhwIjoxNTY5NzQ3OTYyLCJqdGkiOiI2MjNmMDYzYjcwN2E0ZWQyOGQyM2U1ZTA4MWQ4ODBhMSIsInVzZXJfaWQiOjF9.wcT3goM4Zg3LBr6taZnCU1gfmB58w2CPRjFAluC3juo"},"code":20000,"message":"success"}
2019-09-29 16:06:02,950 INFO response is : {"data":{"refresh":"eyJ0eXAiOiJKV1QiLCJhbGciOiJIUzI1NiJ9.eyJ0b2tlbl90eXBlIjoicmVmcmVzaCIsImV4cCI6MTU2OTgzMDc2MiwianRpIjoiNWU2YWMzZWRhODBkNDM5OThjMWQ2YTlkMzkzZDQyN2MiLCJ1c2VyX2lkIjoxfQ.1PDBT4gcG6nJdSmBi9bg6EPYT6KDFAeiAT_NoqN47F4","access":"eyJ0eXAiOiJKV1QiLCJhbGciOiJIUzI1NiJ9.eyJ0b2tlbl90eXBlIjoiYWNjZXNzIiwiZXhwIjoxNTY5NzQ3OTYyLCJqdGkiOiI2MjNmMDYzYjcwN2E0ZWQyOGQyM2U1ZTA4MWQ4ODBhMSIsInVzZXJfaWQiOjF9.wcT3goM4Zg3LBr6taZnCU1gfmB58w2CPRjFAluC3juo"},"code":20000,"message":"success"}
2019-09-29 16:06:02,951 INFO <Response [200]>
2019-09-29 16:06:02,951 INFO <Response [200]>
2019-09-29 16:06:02,951 INFO <Response [200]>
2019-09-29 16:06:02,951 INFO <Response [200]>
2019-09-29 16:06:02,951 INFO <Response [200]>
2019-09-29 16:06:02,953 INFO in getUserinfo heasers is :{'Authorization': 'Basic eyJ0eXAiOiJKV1QiLCJhbGciOiJIUzI1NiJ9.eyJ0b2tlbl90eXBlIjoiYWNjZXNzIiwiZXhwIjoxNTY5NzQ3OTYyLCJqdGkiOiI2MjNmMDYzYjcwN2E0ZWQyOGQyM2U1ZTA4MWQ4ODBhMSIsInVzZXJfaWQiOjF9.wcT3goM4Zg3LBr6taZnCU1gfmB58w2CPRjFAluC3juo'}
2019-09-29 16:06:02,953 INFO in getUserinfo heasers is :{'Authorization': 'Basic eyJ0eXAiOiJKV1QiLCJhbGciOiJIUzI1NiJ9.eyJ0b2tlbl90eXBlIjoiYWNjZXNzIiwiZXhwIjoxNTY5NzQ3OTYyLCJqdGkiOiI2MjNmMDYzYjcwN2E0ZWQyOGQyM2U1ZTA4MWQ4ODBhMSIsInVzZXJfaWQiOjF9.wcT3goM4Zg3LBr6taZnCU1gfmB58w2CPRjFAluC3juo'}
2019-09-29 16:06:02,953 INFO in getUserinfo heasers is :{'Authorization': 'Basic eyJ0eXAiOiJKV1QiLCJhbGciOiJIUzI1NiJ9.eyJ0b2tlbl90eXBlIjoiYWNjZXNzIiwiZXhwIjoxNTY5NzQ3OTYyLCJqdGkiOiI2MjNmMDYzYjcwN2E0ZWQyOGQyM2U1ZTA4MWQ4ODBhMSIsInVzZXJfaWQiOjF9.wcT3goM4Zg3LBr6taZnCU1gfmB58w2CPRjFAluC3juo'}
2019-09-29 16:06:02,953 INFO in getUserinfo heasers is :{'Authorization': 'Basic eyJ0eXAiOiJKV1QiLCJhbGciOiJIUzI1NiJ9.eyJ0b2tlbl90eXBlIjoiYWNjZXNzIiwiZXhwIjoxNTY5NzQ3OTYyLCJqdGkiOiI2MjNmMDYzYjcwN2E0ZWQyOGQyM2U1ZTA4MWQ4ODBhMSIsInVzZXJfaWQiOjF9.wcT3goM4Zg3LBr6taZnCU1gfmB58w2CPRjFAluC3juo'}
2019-09-29 16:06:02,953 INFO in getUserinfo heasers is :{'Authorization': 'Basic eyJ0eXAiOiJKV1QiLCJhbGciOiJIUzI1NiJ9.eyJ0b2tlbl90eXBlIjoiYWNjZXNzIiwiZXhwIjoxNTY5NzQ3OTYyLCJqdGkiOiI2MjNmMDYzYjcwN2E0ZWQyOGQyM2U1ZTA4MWQ4ODBhMSIsInVzZXJfaWQiOjF9.wcT3goM4Zg3LBr6taZnCU1gfmB58w2CPRjFAluC3juo'}
2019-09-29 16:06:02,953 INFO in getUserinfo heasers is :{'Authorization': 'Basic eyJ0eXAiOiJKV1QiLCJhbGciOiJIUzI1NiJ9.eyJ0b2tlbl90eXBlIjoiYWNjZXNzIiwiZXhwIjoxNTY5NzQ3OTYyLCJqdGkiOiI2MjNmMDYzYjcwN2E0ZWQyOGQyM2U1ZTA4MWQ4ODBhMSIsInVzZXJfaWQiOjF9.wcT3goM4Zg3LBr6taZnCU1gfmB58w2CPRjFAluC3juo'}
2019-09-29 16:06:03,290 INFO response is : <Response [401]>
2019-09-29 16:06:03,290 INFO response is : <Response [401]>
2019-09-29 16:06:03,290 INFO response is : <Response [401]>
2019-09-29 16:06:03,290 INFO response is : <Response [401]>
2019-09-29 16:06:03,290 INFO response is : <Response [401]>
2019-09-29 16:06:03,290 INFO response is : <Response [401]>
2019-09-29 16:06:03,290 INFO response is : <Response [401]>
2019-09-29 16:06:03,291 INFO <Response [401]>
2019-09-29 16:06:03,291 INFO <Response [401]>
2019-09-29 16:06:03,291 INFO <Response [401]>
2019-09-29 16:06:03,291 INFO <Response [401]>
2019-09-29 16:06:03,291 INFO <Response [401]>
2019-09-29 16:06:03,291 INFO <Response [401]>
2019-09-29 16:06:03,291 INFO <Response [401]>
2019-09-29 16:06:03,291 INFO <Response [401]>
2019-09-29 16:06:03,294 INFO in login！
2019-09-29 16:06:03,294 INFO in login！
2019-09-29 16:06:03,294 INFO in login！
2019-09-29 16:06:03,294 INFO in login！
2019-09-29 16:06:03,294 INFO in login！
2019-09-29 16:06:03,294 INFO in login！
2019-09-29 16:06:03,294 INFO in login！
2019-09-29 16:06:03,294 INFO in login！
2019-09-29 16:06:03,294 INFO in login！
2019-09-29 16:06:03,897 INFO response is : <Response [200]>
2019-09-29 16:06:03,897 INFO response is : <Response [200]>
2019-09-29 16:06:03,897 INFO response is : <Response [200]>
2019-09-29 16:06:03,897 INFO response is : <Response [200]>
2019-09-29 16:06:03,897 INFO response is : <Response [200]>
2019-09-29 16:06:03,897 INFO response is : <Response [200]>
2019-09-29 16:06:03,897 INFO response is : <Response [200]>
2019-09-29 16:06:03,897 INFO response is : <Response [200]>
2019-09-29 16:06:03,897 INFO response is : <Response [200]>
2019-09-29 16:06:03,897 INFO response is : <Response [200]>
2019-09-29 16:06:03,899 INFO response is : {"data":{"refresh":"eyJ0eXAiOiJKV1QiLCJhbGciOiJIUzI1NiJ9.eyJ0b2tlbl90eXBlIjoicmVmcmVzaCIsImV4cCI6MTU2OTgzMDc2MywianRpIjoiMzZlMmEyYTE1YjFlNGI1ZDgyOWJiYzI1ZTJhNGVhOTYiLCJ1c2VyX2lkIjoxfQ.AYzZjbvyKJ5B9luBfdtv-FVC6lBlUGoknmS9DC9gvaM","access":"eyJ0eXAiOiJKV1QiLCJhbGciOiJIUzI1NiJ9.eyJ0b2tlbl90eXBlIjoiYWNjZXNzIiwiZXhwIjoxNTY5NzQ3OTYzLCJqdGkiOiIxNTE5NTFjMWY1NDc0OTM0YmZiM2QxNDdhZjY0YTRkOSIsInVzZXJfaWQiOjF9.cwAHfEnrMfDDcLA3p-i2-PQWCA7PNJHtukV7KTYmM0I"},"code":20000,"message":"success"}
2019-09-29 16:06:03,899 INFO response is : {"data":{"refresh":"eyJ0eXAiOiJKV1QiLCJhbGciOiJIUzI1NiJ9.eyJ0b2tlbl90eXBlIjoicmVmcmVzaCIsImV4cCI6MTU2OTgzMDc2MywianRpIjoiMzZlMmEyYTE1YjFlNGI1ZDgyOWJiYzI1ZTJhNGVhOTYiLCJ1c2VyX2lkIjoxfQ.AYzZjbvyKJ5B9luBfdtv-FVC6lBlUGoknmS9DC9gvaM","access":"eyJ0eXAiOiJKV1QiLCJhbGciOiJIUzI1NiJ9.eyJ0b2tlbl90eXBlIjoiYWNjZXNzIiwiZXhwIjoxNTY5NzQ3OTYzLCJqdGkiOiIxNTE5NTFjMWY1NDc0OTM0YmZiM2QxNDdhZjY0YTRkOSIsInVzZXJfaWQiOjF9.cwAHfEnrMfDDcLA3p-i2-PQWCA7PNJHtukV7KTYmM0I"},"code":20000,"message":"success"}
2019-09-29 16:06:03,899 INFO response is : {"data":{"refresh":"eyJ0eXAiOiJKV1QiLCJhbGciOiJIUzI1NiJ9.eyJ0b2tlbl90eXBlIjoicmVmcmVzaCIsImV4cCI6MTU2OTgzMDc2MywianRpIjoiMzZlMmEyYTE1YjFlNGI1ZDgyOWJiYzI1ZTJhNGVhOTYiLCJ1c2VyX2lkIjoxfQ.AYzZjbvyKJ5B9luBfdtv-FVC6lBlUGoknmS9DC9gvaM","access":"eyJ0eXAiOiJKV1QiLCJhbGciOiJIUzI1NiJ9.eyJ0b2tlbl90eXBlIjoiYWNjZXNzIiwiZXhwIjoxNTY5NzQ3OTYzLCJqdGkiOiIxNTE5NTFjMWY1NDc0OTM0YmZiM2QxNDdhZjY0YTRkOSIsInVzZXJfaWQiOjF9.cwAHfEnrMfDDcLA3p-i2-PQWCA7PNJHtukV7KTYmM0I"},"code":20000,"message":"success"}
2019-09-29 16:06:03,899 INFO response is : {"data":{"refresh":"eyJ0eXAiOiJKV1QiLCJhbGciOiJIUzI1NiJ9.eyJ0b2tlbl90eXBlIjoicmVmcmVzaCIsImV4cCI6MTU2OTgzMDc2MywianRpIjoiMzZlMmEyYTE1YjFlNGI1ZDgyOWJiYzI1ZTJhNGVhOTYiLCJ1c2VyX2lkIjoxfQ.AYzZjbvyKJ5B9luBfdtv-FVC6lBlUGoknmS9DC9gvaM","access":"eyJ0eXAiOiJKV1QiLCJhbGciOiJIUzI1NiJ9.eyJ0b2tlbl90eXBlIjoiYWNjZXNzIiwiZXhwIjoxNTY5NzQ3OTYzLCJqdGkiOiIxNTE5NTFjMWY1NDc0OTM0YmZiM2QxNDdhZjY0YTRkOSIsInVzZXJfaWQiOjF9.cwAHfEnrMfDDcLA3p-i2-PQWCA7PNJHtukV7KTYmM0I"},"code":20000,"message":"success"}
2019-09-29 16:06:03,899 INFO response is : {"data":{"refresh":"eyJ0eXAiOiJKV1QiLCJhbGciOiJIUzI1NiJ9.eyJ0b2tlbl90eXBlIjoicmVmcmVzaCIsImV4cCI6MTU2OTgzMDc2MywianRpIjoiMzZlMmEyYTE1YjFlNGI1ZDgyOWJiYzI1ZTJhNGVhOTYiLCJ1c2VyX2lkIjoxfQ.AYzZjbvyKJ5B9luBfdtv-FVC6lBlUGoknmS9DC9gvaM","access":"eyJ0eXAiOiJKV1QiLCJhbGciOiJIUzI1NiJ9.eyJ0b2tlbl90eXBlIjoiYWNjZXNzIiwiZXhwIjoxNTY5NzQ3OTYzLCJqdGkiOiIxNTE5NTFjMWY1NDc0OTM0YmZiM2QxNDdhZjY0YTRkOSIsInVzZXJfaWQiOjF9.cwAHfEnrMfDDcLA3p-i2-PQWCA7PNJHtukV7KTYmM0I"},"code":20000,"message":"success"}
2019-09-29 16:06:03,899 INFO response is : {"data":{"refresh":"eyJ0eXAiOiJKV1QiLCJhbGciOiJIUzI1NiJ9.eyJ0b2tlbl90eXBlIjoicmVmcmVzaCIsImV4cCI6MTU2OTgzMDc2MywianRpIjoiMzZlMmEyYTE1YjFlNGI1ZDgyOWJiYzI1ZTJhNGVhOTYiLCJ1c2VyX2lkIjoxfQ.AYzZjbvyKJ5B9luBfdtv-FVC6lBlUGoknmS9DC9gvaM","access":"eyJ0eXAiOiJKV1QiLCJhbGciOiJIUzI1NiJ9.eyJ0b2tlbl90eXBlIjoiYWNjZXNzIiwiZXhwIjoxNTY5NzQ3OTYzLCJqdGkiOiIxNTE5NTFjMWY1NDc0OTM0YmZiM2QxNDdhZjY0YTRkOSIsInVzZXJfaWQiOjF9.cwAHfEnrMfDDcLA3p-i2-PQWCA7PNJHtukV7KTYmM0I"},"code":20000,"message":"success"}
2019-09-29 16:06:03,899 INFO response is : {"data":{"refresh":"eyJ0eXAiOiJKV1QiLCJhbGciOiJIUzI1NiJ9.eyJ0b2tlbl90eXBlIjoicmVmcmVzaCIsImV4cCI6MTU2OTgzMDc2MywianRpIjoiMzZlMmEyYTE1YjFlNGI1ZDgyOWJiYzI1ZTJhNGVhOTYiLCJ1c2VyX2lkIjoxfQ.AYzZjbvyKJ5B9luBfdtv-FVC6lBlUGoknmS9DC9gvaM","access":"eyJ0eXAiOiJKV1QiLCJhbGciOiJIUzI1NiJ9.eyJ0b2tlbl90eXBlIjoiYWNjZXNzIiwiZXhwIjoxNTY5NzQ3OTYzLCJqdGkiOiIxNTE5NTFjMWY1NDc0OTM0YmZiM2QxNDdhZjY0YTRkOSIsInVzZXJfaWQiOjF9.cwAHfEnrMfDDcLA3p-i2-PQWCA7PNJHtukV7KTYmM0I"},"code":20000,"message":"success"}
2019-09-29 16:06:03,899 INFO response is : {"data":{"refresh":"eyJ0eXAiOiJKV1QiLCJhbGciOiJIUzI1NiJ9.eyJ0b2tlbl90eXBlIjoicmVmcmVzaCIsImV4cCI6MTU2OTgzMDc2MywianRpIjoiMzZlMmEyYTE1YjFlNGI1ZDgyOWJiYzI1ZTJhNGVhOTYiLCJ1c2VyX2lkIjoxfQ.AYzZjbvyKJ5B9luBfdtv-FVC6lBlUGoknmS9DC9gvaM","access":"eyJ0eXAiOiJKV1QiLCJhbGciOiJIUzI1NiJ9.eyJ0b2tlbl90eXBlIjoiYWNjZXNzIiwiZXhwIjoxNTY5NzQ3OTYzLCJqdGkiOiIxNTE5NTFjMWY1NDc0OTM0YmZiM2QxNDdhZjY0YTRkOSIsInVzZXJfaWQiOjF9.cwAHfEnrMfDDcLA3p-i2-PQWCA7PNJHtukV7KTYmM0I"},"code":20000,"message":"success"}
2019-09-29 16:06:03,899 INFO response is : {"data":{"refresh":"eyJ0eXAiOiJKV1QiLCJhbGciOiJIUzI1NiJ9.eyJ0b2tlbl90eXBlIjoicmVmcmVzaCIsImV4cCI6MTU2OTgzMDc2MywianRpIjoiMzZlMmEyYTE1YjFlNGI1ZDgyOWJiYzI1ZTJhNGVhOTYiLCJ1c2VyX2lkIjoxfQ.AYzZjbvyKJ5B9luBfdtv-FVC6lBlUGoknmS9DC9gvaM","access":"eyJ0eXAiOiJKV1QiLCJhbGciOiJIUzI1NiJ9.eyJ0b2tlbl90eXBlIjoiYWNjZXNzIiwiZXhwIjoxNTY5NzQ3OTYzLCJqdGkiOiIxNTE5NTFjMWY1NDc0OTM0YmZiM2QxNDdhZjY0YTRkOSIsInVzZXJfaWQiOjF9.cwAHfEnrMfDDcLA3p-i2-PQWCA7PNJHtukV7KTYmM0I"},"code":20000,"message":"success"}
2019-09-29 16:06:03,899 INFO response is : {"data":{"refresh":"eyJ0eXAiOiJKV1QiLCJhbGciOiJIUzI1NiJ9.eyJ0b2tlbl90eXBlIjoicmVmcmVzaCIsImV4cCI6MTU2OTgzMDc2MywianRpIjoiMzZlMmEyYTE1YjFlNGI1ZDgyOWJiYzI1ZTJhNGVhOTYiLCJ1c2VyX2lkIjoxfQ.AYzZjbvyKJ5B9luBfdtv-FVC6lBlUGoknmS9DC9gvaM","access":"eyJ0eXAiOiJKV1QiLCJhbGciOiJIUzI1NiJ9.eyJ0b2tlbl90eXBlIjoiYWNjZXNzIiwiZXhwIjoxNTY5NzQ3OTYzLCJqdGkiOiIxNTE5NTFjMWY1NDc0OTM0YmZiM2QxNDdhZjY0YTRkOSIsInVzZXJfaWQiOjF9.cwAHfEnrMfDDcLA3p-i2-PQWCA7PNJHtukV7KTYmM0I"},"code":20000,"message":"success"}
2019-09-29 16:06:03,899 INFO response is : {"data":{"refresh":"eyJ0eXAiOiJKV1QiLCJhbGciOiJIUzI1NiJ9.eyJ0b2tlbl90eXBlIjoicmVmcmVzaCIsImV4cCI6MTU2OTgzMDc2MywianRpIjoiMzZlMmEyYTE1YjFlNGI1ZDgyOWJiYzI1ZTJhNGVhOTYiLCJ1c2VyX2lkIjoxfQ.AYzZjbvyKJ5B9luBfdtv-FVC6lBlUGoknmS9DC9gvaM","access":"eyJ0eXAiOiJKV1QiLCJhbGciOiJIUzI1NiJ9.eyJ0b2tlbl90eXBlIjoiYWNjZXNzIiwiZXhwIjoxNTY5NzQ3OTYzLCJqdGkiOiIxNTE5NTFjMWY1NDc0OTM0YmZiM2QxNDdhZjY0YTRkOSIsInVzZXJfaWQiOjF9.cwAHfEnrMfDDcLA3p-i2-PQWCA7PNJHtukV7KTYmM0I"},"code":20000,"message":"success"}
2019-09-29 16:06:03,900 INFO <Response [200]>
2019-09-29 16:06:03,900 INFO <Response [200]>
2019-09-29 16:06:03,900 INFO <Response [200]>
2019-09-29 16:06:03,900 INFO <Response [200]>
2019-09-29 16:06:03,900 INFO <Response [200]>
2019-09-29 16:06:03,900 INFO <Response [200]>
2019-09-29 16:06:03,900 INFO <Response [200]>
2019-09-29 16:06:03,900 INFO <Response [200]>
2019-09-29 16:06:03,900 INFO <Response [200]>
2019-09-29 16:06:03,900 INFO <Response [200]>
2019-09-29 16:06:03,900 INFO <Response [200]>
2019-09-29 16:06:03,900 INFO <Response [200]>
2019-09-29 16:06:03,901 INFO in login！
2019-09-29 16:06:03,901 INFO in login！
2019-09-29 16:06:03,901 INFO in login！
2019-09-29 16:06:03,901 INFO in login！
2019-09-29 16:06:03,901 INFO in login！
2019-09-29 16:06:03,901 INFO in login！
2019-09-29 16:06:03,901 INFO in login！
2019-09-29 16:06:03,901 INFO in login！
2019-09-29 16:06:03,901 INFO in login！
2019-09-29 16:06:03,901 INFO in login！
2019-09-29 16:06:03,901 INFO in login！
2019-09-29 16:06:03,901 INFO in login！
2019-09-29 16:06:03,901 INFO in login！
2019-09-29 16:06:04,454 INFO response is : <Response [200]>
2019-09-29 16:06:04,454 INFO response is : <Response [200]>
2019-09-29 16:06:04,454 INFO response is : <Response [200]>
2019-09-29 16:06:04,454 INFO response is : <Response [200]>
2019-09-29 16:06:04,454 INFO response is : <Response [200]>
2019-09-29 16:06:04,454 INFO response is : <Response [200]>
2019-09-29 16:06:04,454 INFO response is : <Response [200]>
2019-09-29 16:06:04,454 INFO response is : <Response [200]>
2019-09-29 16:06:04,454 INFO response is : <Response [200]>
2019-09-29 16:06:04,454 INFO response is : <Response [200]>
2019-09-29 16:06:04,454 INFO response is : <Response [200]>
2019-09-29 16:06:04,454 INFO response is : <Response [200]>
2019-09-29 16:06:04,454 INFO response is : <Response [200]>
2019-09-29 16:06:04,454 INFO response is : <Response [200]>
2019-09-29 16:06:04,455 INFO response is : {"data":{"refresh":"eyJ0eXAiOiJKV1QiLCJhbGciOiJIUzI1NiJ9.eyJ0b2tlbl90eXBlIjoicmVmcmVzaCIsImV4cCI6MTU2OTgzMDc2NCwianRpIjoiMTQ0ZDVkYjE5YWUxNGViNjg1ZjQyZTFiMmFmNjIxZjgiLCJ1c2VyX2lkIjoxfQ.koDRLgG9uIZq_CBnsUybeQ2c4sAkrImN2KRXEnV9b6Q","access":"eyJ0eXAiOiJKV1QiLCJhbGciOiJIUzI1NiJ9.eyJ0b2tlbl90eXBlIjoiYWNjZXNzIiwiZXhwIjoxNTY5NzQ3OTY0LCJqdGkiOiI0NTcxMTk3NjZjYTE0NjEyYTgzNTRmN2MwMGRkZDdmZCIsInVzZXJfaWQiOjF9.miFh2VknKOcw0ixclPe6m1kaZHKIFdjvlmXjmNa8B2I"},"code":20000,"message":"success"}
2019-09-29 16:06:04,455 INFO response is : {"data":{"refresh":"eyJ0eXAiOiJKV1QiLCJhbGciOiJIUzI1NiJ9.eyJ0b2tlbl90eXBlIjoicmVmcmVzaCIsImV4cCI6MTU2OTgzMDc2NCwianRpIjoiMTQ0ZDVkYjE5YWUxNGViNjg1ZjQyZTFiMmFmNjIxZjgiLCJ1c2VyX2lkIjoxfQ.koDRLgG9uIZq_CBnsUybeQ2c4sAkrImN2KRXEnV9b6Q","access":"eyJ0eXAiOiJKV1QiLCJhbGciOiJIUzI1NiJ9.eyJ0b2tlbl90eXBlIjoiYWNjZXNzIiwiZXhwIjoxNTY5NzQ3OTY0LCJqdGkiOiI0NTcxMTk3NjZjYTE0NjEyYTgzNTRmN2MwMGRkZDdmZCIsInVzZXJfaWQiOjF9.miFh2VknKOcw0ixclPe6m1kaZHKIFdjvlmXjmNa8B2I"},"code":20000,"message":"success"}
2019-09-29 16:06:04,455 INFO response is : {"data":{"refresh":"eyJ0eXAiOiJKV1QiLCJhbGciOiJIUzI1NiJ9.eyJ0b2tlbl90eXBlIjoicmVmcmVzaCIsImV4cCI6MTU2OTgzMDc2NCwianRpIjoiMTQ0ZDVkYjE5YWUxNGViNjg1ZjQyZTFiMmFmNjIxZjgiLCJ1c2VyX2lkIjoxfQ.koDRLgG9uIZq_CBnsUybeQ2c4sAkrImN2KRXEnV9b6Q","access":"eyJ0eXAiOiJKV1QiLCJhbGciOiJIUzI1NiJ9.eyJ0b2tlbl90eXBlIjoiYWNjZXNzIiwiZXhwIjoxNTY5NzQ3OTY0LCJqdGkiOiI0NTcxMTk3NjZjYTE0NjEyYTgzNTRmN2MwMGRkZDdmZCIsInVzZXJfaWQiOjF9.miFh2VknKOcw0ixclPe6m1kaZHKIFdjvlmXjmNa8B2I"},"code":20000,"message":"success"}
2019-09-29 16:06:04,455 INFO response is : {"data":{"refresh":"eyJ0eXAiOiJKV1QiLCJhbGciOiJIUzI1NiJ9.eyJ0b2tlbl90eXBlIjoicmVmcmVzaCIsImV4cCI6MTU2OTgzMDc2NCwianRpIjoiMTQ0ZDVkYjE5YWUxNGViNjg1ZjQyZTFiMmFmNjIxZjgiLCJ1c2VyX2lkIjoxfQ.koDRLgG9uIZq_CBnsUybeQ2c4sAkrImN2KRXEnV9b6Q","access":"eyJ0eXAiOiJKV1QiLCJhbGciOiJIUzI1NiJ9.eyJ0b2tlbl90eXBlIjoiYWNjZXNzIiwiZXhwIjoxNTY5NzQ3OTY0LCJqdGkiOiI0NTcxMTk3NjZjYTE0NjEyYTgzNTRmN2MwMGRkZDdmZCIsInVzZXJfaWQiOjF9.miFh2VknKOcw0ixclPe6m1kaZHKIFdjvlmXjmNa8B2I"},"code":20000,"message":"success"}
2019-09-29 16:06:04,455 INFO response is : {"data":{"refresh":"eyJ0eXAiOiJKV1QiLCJhbGciOiJIUzI1NiJ9.eyJ0b2tlbl90eXBlIjoicmVmcmVzaCIsImV4cCI6MTU2OTgzMDc2NCwianRpIjoiMTQ0ZDVkYjE5YWUxNGViNjg1ZjQyZTFiMmFmNjIxZjgiLCJ1c2VyX2lkIjoxfQ.koDRLgG9uIZq_CBnsUybeQ2c4sAkrImN2KRXEnV9b6Q","access":"eyJ0eXAiOiJKV1QiLCJhbGciOiJIUzI1NiJ9.eyJ0b2tlbl90eXBlIjoiYWNjZXNzIiwiZXhwIjoxNTY5NzQ3OTY0LCJqdGkiOiI0NTcxMTk3NjZjYTE0NjEyYTgzNTRmN2MwMGRkZDdmZCIsInVzZXJfaWQiOjF9.miFh2VknKOcw0ixclPe6m1kaZHKIFdjvlmXjmNa8B2I"},"code":20000,"message":"success"}
2019-09-29 16:06:04,455 INFO response is : {"data":{"refresh":"eyJ0eXAiOiJKV1QiLCJhbGciOiJIUzI1NiJ9.eyJ0b2tlbl90eXBlIjoicmVmcmVzaCIsImV4cCI6MTU2OTgzMDc2NCwianRpIjoiMTQ0ZDVkYjE5YWUxNGViNjg1ZjQyZTFiMmFmNjIxZjgiLCJ1c2VyX2lkIjoxfQ.koDRLgG9uIZq_CBnsUybeQ2c4sAkrImN2KRXEnV9b6Q","access":"eyJ0eXAiOiJKV1QiLCJhbGciOiJIUzI1NiJ9.eyJ0b2tlbl90eXBlIjoiYWNjZXNzIiwiZXhwIjoxNTY5NzQ3OTY0LCJqdGkiOiI0NTcxMTk3NjZjYTE0NjEyYTgzNTRmN2MwMGRkZDdmZCIsInVzZXJfaWQiOjF9.miFh2VknKOcw0ixclPe6m1kaZHKIFdjvlmXjmNa8B2I"},"code":20000,"message":"success"}
2019-09-29 16:06:04,455 INFO response is : {"data":{"refresh":"eyJ0eXAiOiJKV1QiLCJhbGciOiJIUzI1NiJ9.eyJ0b2tlbl90eXBlIjoicmVmcmVzaCIsImV4cCI6MTU2OTgzMDc2NCwianRpIjoiMTQ0ZDVkYjE5YWUxNGViNjg1ZjQyZTFiMmFmNjIxZjgiLCJ1c2VyX2lkIjoxfQ.koDRLgG9uIZq_CBnsUybeQ2c4sAkrImN2KRXEnV9b6Q","access":"eyJ0eXAiOiJKV1QiLCJhbGciOiJIUzI1NiJ9.eyJ0b2tlbl90eXBlIjoiYWNjZXNzIiwiZXhwIjoxNTY5NzQ3OTY0LCJqdGkiOiI0NTcxMTk3NjZjYTE0NjEyYTgzNTRmN2MwMGRkZDdmZCIsInVzZXJfaWQiOjF9.miFh2VknKOcw0ixclPe6m1kaZHKIFdjvlmXjmNa8B2I"},"code":20000,"message":"success"}
2019-09-29 16:06:04,455 INFO response is : {"data":{"refresh":"eyJ0eXAiOiJKV1QiLCJhbGciOiJIUzI1NiJ9.eyJ0b2tlbl90eXBlIjoicmVmcmVzaCIsImV4cCI6MTU2OTgzMDc2NCwianRpIjoiMTQ0ZDVkYjE5YWUxNGViNjg1ZjQyZTFiMmFmNjIxZjgiLCJ1c2VyX2lkIjoxfQ.koDRLgG9uIZq_CBnsUybeQ2c4sAkrImN2KRXEnV9b6Q","access":"eyJ0eXAiOiJKV1QiLCJhbGciOiJIUzI1NiJ9.eyJ0b2tlbl90eXBlIjoiYWNjZXNzIiwiZXhwIjoxNTY5NzQ3OTY0LCJqdGkiOiI0NTcxMTk3NjZjYTE0NjEyYTgzNTRmN2MwMGRkZDdmZCIsInVzZXJfaWQiOjF9.miFh2VknKOcw0ixclPe6m1kaZHKIFdjvlmXjmNa8B2I"},"code":20000,"message":"success"}
2019-09-29 16:06:04,455 INFO response is : {"data":{"refresh":"eyJ0eXAiOiJKV1QiLCJhbGciOiJIUzI1NiJ9.eyJ0b2tlbl90eXBlIjoicmVmcmVzaCIsImV4cCI6MTU2OTgzMDc2NCwianRpIjoiMTQ0ZDVkYjE5YWUxNGViNjg1ZjQyZTFiMmFmNjIxZjgiLCJ1c2VyX2lkIjoxfQ.koDRLgG9uIZq_CBnsUybeQ2c4sAkrImN2KRXEnV9b6Q","access":"eyJ0eXAiOiJKV1QiLCJhbGciOiJIUzI1NiJ9.eyJ0b2tlbl90eXBlIjoiYWNjZXNzIiwiZXhwIjoxNTY5NzQ3OTY0LCJqdGkiOiI0NTcxMTk3NjZjYTE0NjEyYTgzNTRmN2MwMGRkZDdmZCIsInVzZXJfaWQiOjF9.miFh2VknKOcw0ixclPe6m1kaZHKIFdjvlmXjmNa8B2I"},"code":20000,"message":"success"}
2019-09-29 16:06:04,455 INFO response is : {"data":{"refresh":"eyJ0eXAiOiJKV1QiLCJhbGciOiJIUzI1NiJ9.eyJ0b2tlbl90eXBlIjoicmVmcmVzaCIsImV4cCI6MTU2OTgzMDc2NCwianRpIjoiMTQ0ZDVkYjE5YWUxNGViNjg1ZjQyZTFiMmFmNjIxZjgiLCJ1c2VyX2lkIjoxfQ.koDRLgG9uIZq_CBnsUybeQ2c4sAkrImN2KRXEnV9b6Q","access":"eyJ0eXAiOiJKV1QiLCJhbGciOiJIUzI1NiJ9.eyJ0b2tlbl90eXBlIjoiYWNjZXNzIiwiZXhwIjoxNTY5NzQ3OTY0LCJqdGkiOiI0NTcxMTk3NjZjYTE0NjEyYTgzNTRmN2MwMGRkZDdmZCIsInVzZXJfaWQiOjF9.miFh2VknKOcw0ixclPe6m1kaZHKIFdjvlmXjmNa8B2I"},"code":20000,"message":"success"}
2019-09-29 16:06:04,455 INFO response is : {"data":{"refresh":"eyJ0eXAiOiJKV1QiLCJhbGciOiJIUzI1NiJ9.eyJ0b2tlbl90eXBlIjoicmVmcmVzaCIsImV4cCI6MTU2OTgzMDc2NCwianRpIjoiMTQ0ZDVkYjE5YWUxNGViNjg1ZjQyZTFiMmFmNjIxZjgiLCJ1c2VyX2lkIjoxfQ.koDRLgG9uIZq_CBnsUybeQ2c4sAkrImN2KRXEnV9b6Q","access":"eyJ0eXAiOiJKV1QiLCJhbGciOiJIUzI1NiJ9.eyJ0b2tlbl90eXBlIjoiYWNjZXNzIiwiZXhwIjoxNTY5NzQ3OTY0LCJqdGkiOiI0NTcxMTk3NjZjYTE0NjEyYTgzNTRmN2MwMGRkZDdmZCIsInVzZXJfaWQiOjF9.miFh2VknKOcw0ixclPe6m1kaZHKIFdjvlmXjmNa8B2I"},"code":20000,"message":"success"}
2019-09-29 16:06:04,455 INFO response is : {"data":{"refresh":"eyJ0eXAiOiJKV1QiLCJhbGciOiJIUzI1NiJ9.eyJ0b2tlbl90eXBlIjoicmVmcmVzaCIsImV4cCI6MTU2OTgzMDc2NCwianRpIjoiMTQ0ZDVkYjE5YWUxNGViNjg1ZjQyZTFiMmFmNjIxZjgiLCJ1c2VyX2lkIjoxfQ.koDRLgG9uIZq_CBnsUybeQ2c4sAkrImN2KRXEnV9b6Q","access":"eyJ0eXAiOiJKV1QiLCJhbGciOiJIUzI1NiJ9.eyJ0b2tlbl90eXBlIjoiYWNjZXNzIiwiZXhwIjoxNTY5NzQ3OTY0LCJqdGkiOiI0NTcxMTk3NjZjYTE0NjEyYTgzNTRmN2MwMGRkZDdmZCIsInVzZXJfaWQiOjF9.miFh2VknKOcw0ixclPe6m1kaZHKIFdjvlmXjmNa8B2I"},"code":20000,"message":"success"}
2019-09-29 16:06:04,455 INFO response is : {"data":{"refresh":"eyJ0eXAiOiJKV1QiLCJhbGciOiJIUzI1NiJ9.eyJ0b2tlbl90eXBlIjoicmVmcmVzaCIsImV4cCI6MTU2OTgzMDc2NCwianRpIjoiMTQ0ZDVkYjE5YWUxNGViNjg1ZjQyZTFiMmFmNjIxZjgiLCJ1c2VyX2lkIjoxfQ.koDRLgG9uIZq_CBnsUybeQ2c4sAkrImN2KRXEnV9b6Q","access":"eyJ0eXAiOiJKV1QiLCJhbGciOiJIUzI1NiJ9.eyJ0b2tlbl90eXBlIjoiYWNjZXNzIiwiZXhwIjoxNTY5NzQ3OTY0LCJqdGkiOiI0NTcxMTk3NjZjYTE0NjEyYTgzNTRmN2MwMGRkZDdmZCIsInVzZXJfaWQiOjF9.miFh2VknKOcw0ixclPe6m1kaZHKIFdjvlmXjmNa8B2I"},"code":20000,"message":"success"}
2019-09-29 16:06:04,455 INFO response is : {"data":{"refresh":"eyJ0eXAiOiJKV1QiLCJhbGciOiJIUzI1NiJ9.eyJ0b2tlbl90eXBlIjoicmVmcmVzaCIsImV4cCI6MTU2OTgzMDc2NCwianRpIjoiMTQ0ZDVkYjE5YWUxNGViNjg1ZjQyZTFiMmFmNjIxZjgiLCJ1c2VyX2lkIjoxfQ.koDRLgG9uIZq_CBnsUybeQ2c4sAkrImN2KRXEnV9b6Q","access":"eyJ0eXAiOiJKV1QiLCJhbGciOiJIUzI1NiJ9.eyJ0b2tlbl90eXBlIjoiYWNjZXNzIiwiZXhwIjoxNTY5NzQ3OTY0LCJqdGkiOiI0NTcxMTk3NjZjYTE0NjEyYTgzNTRmN2MwMGRkZDdmZCIsInVzZXJfaWQiOjF9.miFh2VknKOcw0ixclPe6m1kaZHKIFdjvlmXjmNa8B2I"},"code":20000,"message":"success"}
2019-09-29 16:06:04,455 INFO response is : {"data":{"refresh":"eyJ0eXAiOiJKV1QiLCJhbGciOiJIUzI1NiJ9.eyJ0b2tlbl90eXBlIjoicmVmcmVzaCIsImV4cCI6MTU2OTgzMDc2NCwianRpIjoiMTQ0ZDVkYjE5YWUxNGViNjg1ZjQyZTFiMmFmNjIxZjgiLCJ1c2VyX2lkIjoxfQ.koDRLgG9uIZq_CBnsUybeQ2c4sAkrImN2KRXEnV9b6Q","access":"eyJ0eXAiOiJKV1QiLCJhbGciOiJIUzI1NiJ9.eyJ0b2tlbl90eXBlIjoiYWNjZXNzIiwiZXhwIjoxNTY5NzQ3OTY0LCJqdGkiOiI0NTcxMTk3NjZjYTE0NjEyYTgzNTRmN2MwMGRkZDdmZCIsInVzZXJfaWQiOjF9.miFh2VknKOcw0ixclPe6m1kaZHKIFdjvlmXjmNa8B2I"},"code":20000,"message":"success"}
2019-09-29 16:06:04,457 INFO <Response [200]>
2019-09-29 16:06:04,457 INFO <Response [200]>
2019-09-29 16:06:04,457 INFO <Response [200]>
2019-09-29 16:06:04,457 INFO <Response [200]>
2019-09-29 16:06:04,457 INFO <Response [200]>
2019-09-29 16:06:04,457 INFO <Response [200]>
2019-09-29 16:06:04,457 INFO <Response [200]>
2019-09-29 16:06:04,457 INFO <Response [200]>
2019-09-29 16:06:04,457 INFO <Response [200]>
2019-09-29 16:06:04,457 INFO <Response [200]>
2019-09-29 16:06:04,457 INFO <Response [200]>
2019-09-29 16:06:04,457 INFO <Response [200]>
2019-09-29 16:06:04,457 INFO <Response [200]>
2019-09-29 16:06:04,457 INFO <Response [200]>
2019-09-29 16:06:04,457 INFO <Response [200]>
2019-09-29 16:06:04,457 INFO <Response [200]>
2019-09-29 16:06:27,086 INFO 开始执行测试,报告输出模式text
2019-09-29 16:06:28,148 INFO in login！
2019-09-29 16:06:28,148 INFO in login！
2019-09-29 16:06:28,710 INFO response is : <Response [200]>
2019-09-29 16:06:28,710 INFO response is : <Response [200]>
2019-09-29 16:06:28,710 INFO response is : <Response [200]>
2019-09-29 16:06:28,711 INFO response is : {"data":{"refresh":"eyJ0eXAiOiJKV1QiLCJhbGciOiJIUzI1NiJ9.eyJ0b2tlbl90eXBlIjoicmVmcmVzaCIsImV4cCI6MTU2OTgzMDc4OCwianRpIjoiYzlmMDZmNTViZDhjNGY4YmFjZTVkMGM5ODdhMWQ3ODAiLCJ1c2VyX2lkIjoxfQ.hSAm0Y6sk9NrBG4XBKIG16qnnG7A3Oug791SpuLOTf8","access":"eyJ0eXAiOiJKV1QiLCJhbGciOiJIUzI1NiJ9.eyJ0b2tlbl90eXBlIjoiYWNjZXNzIiwiZXhwIjoxNTY5NzQ3OTg4LCJqdGkiOiIzY2I5YjRjZWU4MTk0YmVmOGEwMDVhNjgxNTFjYmNkMSIsInVzZXJfaWQiOjF9.ZmBefoGRvRZXkSOGKK7NwaTST0R7os3oVVHTNW810KE"},"code":20000,"message":"success"}
2019-09-29 16:06:28,711 INFO response is : {"data":{"refresh":"eyJ0eXAiOiJKV1QiLCJhbGciOiJIUzI1NiJ9.eyJ0b2tlbl90eXBlIjoicmVmcmVzaCIsImV4cCI6MTU2OTgzMDc4OCwianRpIjoiYzlmMDZmNTViZDhjNGY4YmFjZTVkMGM5ODdhMWQ3ODAiLCJ1c2VyX2lkIjoxfQ.hSAm0Y6sk9NrBG4XBKIG16qnnG7A3Oug791SpuLOTf8","access":"eyJ0eXAiOiJKV1QiLCJhbGciOiJIUzI1NiJ9.eyJ0b2tlbl90eXBlIjoiYWNjZXNzIiwiZXhwIjoxNTY5NzQ3OTg4LCJqdGkiOiIzY2I5YjRjZWU4MTk0YmVmOGEwMDVhNjgxNTFjYmNkMSIsInVzZXJfaWQiOjF9.ZmBefoGRvRZXkSOGKK7NwaTST0R7os3oVVHTNW810KE"},"code":20000,"message":"success"}
2019-09-29 16:06:28,711 INFO response is : {"data":{"refresh":"eyJ0eXAiOiJKV1QiLCJhbGciOiJIUzI1NiJ9.eyJ0b2tlbl90eXBlIjoicmVmcmVzaCIsImV4cCI6MTU2OTgzMDc4OCwianRpIjoiYzlmMDZmNTViZDhjNGY4YmFjZTVkMGM5ODdhMWQ3ODAiLCJ1c2VyX2lkIjoxfQ.hSAm0Y6sk9NrBG4XBKIG16qnnG7A3Oug791SpuLOTf8","access":"eyJ0eXAiOiJKV1QiLCJhbGciOiJIUzI1NiJ9.eyJ0b2tlbl90eXBlIjoiYWNjZXNzIiwiZXhwIjoxNTY5NzQ3OTg4LCJqdGkiOiIzY2I5YjRjZWU4MTk0YmVmOGEwMDVhNjgxNTFjYmNkMSIsInVzZXJfaWQiOjF9.ZmBefoGRvRZXkSOGKK7NwaTST0R7os3oVVHTNW810KE"},"code":20000,"message":"success"}
2019-09-29 16:06:28,711 INFO response is : {"data":{"refresh":"eyJ0eXAiOiJKV1QiLCJhbGciOiJIUzI1NiJ9.eyJ0b2tlbl90eXBlIjoicmVmcmVzaCIsImV4cCI6MTU2OTgzMDc4OCwianRpIjoiYzlmMDZmNTViZDhjNGY4YmFjZTVkMGM5ODdhMWQ3ODAiLCJ1c2VyX2lkIjoxfQ.hSAm0Y6sk9NrBG4XBKIG16qnnG7A3Oug791SpuLOTf8","access":"eyJ0eXAiOiJKV1QiLCJhbGciOiJIUzI1NiJ9.eyJ0b2tlbl90eXBlIjoiYWNjZXNzIiwiZXhwIjoxNTY5NzQ3OTg4LCJqdGkiOiIzY2I5YjRjZWU4MTk0YmVmOGEwMDVhNjgxNTFjYmNkMSIsInVzZXJfaWQiOjF9.ZmBefoGRvRZXkSOGKK7NwaTST0R7os3oVVHTNW810KE"},"code":20000,"message":"success"}
2019-09-29 16:06:28,712 INFO <Response [200]>
2019-09-29 16:06:28,712 INFO <Response [200]>
2019-09-29 16:06:28,712 INFO <Response [200]>
2019-09-29 16:06:28,712 INFO <Response [200]>
2019-09-29 16:06:28,712 INFO <Response [200]>
2019-09-29 16:06:28,713 INFO in getUserinfo heasers is :{'Content-Type': 'application/json', 'Authorization': 'Basic eyJ0eXAiOiJKV1QiLCJhbGciOiJIUzI1NiJ9.eyJ0b2tlbl90eXBlIjoiYWNjZXNzIiwiZXhwIjoxNTY5NzQ3OTg4LCJqdGkiOiIzY2I5YjRjZWU4MTk0YmVmOGEwMDVhNjgxNTFjYmNkMSIsInVzZXJfaWQiOjF9.ZmBefoGRvRZXkSOGKK7NwaTST0R7os3oVVHTNW810KE'}
2019-09-29 16:06:28,713 INFO in getUserinfo heasers is :{'Content-Type': 'application/json', 'Authorization': 'Basic eyJ0eXAiOiJKV1QiLCJhbGciOiJIUzI1NiJ9.eyJ0b2tlbl90eXBlIjoiYWNjZXNzIiwiZXhwIjoxNTY5NzQ3OTg4LCJqdGkiOiIzY2I5YjRjZWU4MTk0YmVmOGEwMDVhNjgxNTFjYmNkMSIsInVzZXJfaWQiOjF9.ZmBefoGRvRZXkSOGKK7NwaTST0R7os3oVVHTNW810KE'}
2019-09-29 16:06:28,713 INFO in getUserinfo heasers is :{'Content-Type': 'application/json', 'Authorization': 'Basic eyJ0eXAiOiJKV1QiLCJhbGciOiJIUzI1NiJ9.eyJ0b2tlbl90eXBlIjoiYWNjZXNzIiwiZXhwIjoxNTY5NzQ3OTg4LCJqdGkiOiIzY2I5YjRjZWU4MTk0YmVmOGEwMDVhNjgxNTFjYmNkMSIsInVzZXJfaWQiOjF9.ZmBefoGRvRZXkSOGKK7NwaTST0R7os3oVVHTNW810KE'}
2019-09-29 16:06:28,713 INFO in getUserinfo heasers is :{'Content-Type': 'application/json', 'Authorization': 'Basic eyJ0eXAiOiJKV1QiLCJhbGciOiJIUzI1NiJ9.eyJ0b2tlbl90eXBlIjoiYWNjZXNzIiwiZXhwIjoxNTY5NzQ3OTg4LCJqdGkiOiIzY2I5YjRjZWU4MTk0YmVmOGEwMDVhNjgxNTFjYmNkMSIsInVzZXJfaWQiOjF9.ZmBefoGRvRZXkSOGKK7NwaTST0R7os3oVVHTNW810KE'}
2019-09-29 16:06:28,713 INFO in getUserinfo heasers is :{'Content-Type': 'application/json', 'Authorization': 'Basic eyJ0eXAiOiJKV1QiLCJhbGciOiJIUzI1NiJ9.eyJ0b2tlbl90eXBlIjoiYWNjZXNzIiwiZXhwIjoxNTY5NzQ3OTg4LCJqdGkiOiIzY2I5YjRjZWU4MTk0YmVmOGEwMDVhNjgxNTFjYmNkMSIsInVzZXJfaWQiOjF9.ZmBefoGRvRZXkSOGKK7NwaTST0R7os3oVVHTNW810KE'}
2019-09-29 16:06:28,713 INFO in getUserinfo heasers is :{'Content-Type': 'application/json', 'Authorization': 'Basic eyJ0eXAiOiJKV1QiLCJhbGciOiJIUzI1NiJ9.eyJ0b2tlbl90eXBlIjoiYWNjZXNzIiwiZXhwIjoxNTY5NzQ3OTg4LCJqdGkiOiIzY2I5YjRjZWU4MTk0YmVmOGEwMDVhNjgxNTFjYmNkMSIsInVzZXJfaWQiOjF9.ZmBefoGRvRZXkSOGKK7NwaTST0R7os3oVVHTNW810KE'}
2019-09-29 16:06:29,134 INFO response is : <Response [401]>
2019-09-29 16:06:29,134 INFO response is : <Response [401]>
2019-09-29 16:06:29,134 INFO response is : <Response [401]>
2019-09-29 16:06:29,134 INFO response is : <Response [401]>
2019-09-29 16:06:29,134 INFO response is : <Response [401]>
2019-09-29 16:06:29,134 INFO response is : <Response [401]>
2019-09-29 16:06:29,134 INFO response is : <Response [401]>
2019-09-29 16:06:29,135 INFO <Response [401]>
2019-09-29 16:06:29,135 INFO <Response [401]>
2019-09-29 16:06:29,135 INFO <Response [401]>
2019-09-29 16:06:29,135 INFO <Response [401]>
2019-09-29 16:06:29,135 INFO <Response [401]>
2019-09-29 16:06:29,135 INFO <Response [401]>
2019-09-29 16:06:29,135 INFO <Response [401]>
2019-09-29 16:06:29,135 INFO <Response [401]>
2019-09-29 16:06:29,138 INFO in login！
2019-09-29 16:06:29,138 INFO in login！
2019-09-29 16:06:29,138 INFO in login！
2019-09-29 16:06:29,138 INFO in login！
2019-09-29 16:06:29,138 INFO in login！
2019-09-29 16:06:29,138 INFO in login！
2019-09-29 16:06:29,138 INFO in login！
2019-09-29 16:06:29,138 INFO in login！
2019-09-29 16:06:29,138 INFO in login！
2019-09-29 16:06:29,699 INFO response is : <Response [200]>
2019-09-29 16:06:29,699 INFO response is : <Response [200]>
2019-09-29 16:06:29,699 INFO response is : <Response [200]>
2019-09-29 16:06:29,699 INFO response is : <Response [200]>
2019-09-29 16:06:29,699 INFO response is : <Response [200]>
2019-09-29 16:06:29,699 INFO response is : <Response [200]>
2019-09-29 16:06:29,699 INFO response is : <Response [200]>
2019-09-29 16:06:29,699 INFO response is : <Response [200]>
2019-09-29 16:06:29,699 INFO response is : <Response [200]>
2019-09-29 16:06:29,699 INFO response is : <Response [200]>
2019-09-29 16:06:29,700 INFO response is : {"data":{"refresh":"eyJ0eXAiOiJKV1QiLCJhbGciOiJIUzI1NiJ9.eyJ0b2tlbl90eXBlIjoicmVmcmVzaCIsImV4cCI6MTU2OTgzMDc4OSwianRpIjoiZGM4YmUzOGU5ZTlkNDBhMDhiNTRjMzE0MzBlYzExMTgiLCJ1c2VyX2lkIjoxfQ.Jhhr7NzZeKlVSnfYG4LshmeClULxEpR5SFuE8gV2CXg","access":"eyJ0eXAiOiJKV1QiLCJhbGciOiJIUzI1NiJ9.eyJ0b2tlbl90eXBlIjoiYWNjZXNzIiwiZXhwIjoxNTY5NzQ3OTg5LCJqdGkiOiI4OTVhZDQ1NDhlOGY0ZjY1ODFjMzFlMTlkNTE4YzlkNCIsInVzZXJfaWQiOjF9.Z3APqCBUoEMORXSUFE2t2YngpjkJDefzNU5zfjoLFOs"},"code":20000,"message":"success"}
2019-09-29 16:06:29,700 INFO response is : {"data":{"refresh":"eyJ0eXAiOiJKV1QiLCJhbGciOiJIUzI1NiJ9.eyJ0b2tlbl90eXBlIjoicmVmcmVzaCIsImV4cCI6MTU2OTgzMDc4OSwianRpIjoiZGM4YmUzOGU5ZTlkNDBhMDhiNTRjMzE0MzBlYzExMTgiLCJ1c2VyX2lkIjoxfQ.Jhhr7NzZeKlVSnfYG4LshmeClULxEpR5SFuE8gV2CXg","access":"eyJ0eXAiOiJKV1QiLCJhbGciOiJIUzI1NiJ9.eyJ0b2tlbl90eXBlIjoiYWNjZXNzIiwiZXhwIjoxNTY5NzQ3OTg5LCJqdGkiOiI4OTVhZDQ1NDhlOGY0ZjY1ODFjMzFlMTlkNTE4YzlkNCIsInVzZXJfaWQiOjF9.Z3APqCBUoEMORXSUFE2t2YngpjkJDefzNU5zfjoLFOs"},"code":20000,"message":"success"}
2019-09-29 16:06:29,700 INFO response is : {"data":{"refresh":"eyJ0eXAiOiJKV1QiLCJhbGciOiJIUzI1NiJ9.eyJ0b2tlbl90eXBlIjoicmVmcmVzaCIsImV4cCI6MTU2OTgzMDc4OSwianRpIjoiZGM4YmUzOGU5ZTlkNDBhMDhiNTRjMzE0MzBlYzExMTgiLCJ1c2VyX2lkIjoxfQ.Jhhr7NzZeKlVSnfYG4LshmeClULxEpR5SFuE8gV2CXg","access":"eyJ0eXAiOiJKV1QiLCJhbGciOiJIUzI1NiJ9.eyJ0b2tlbl90eXBlIjoiYWNjZXNzIiwiZXhwIjoxNTY5NzQ3OTg5LCJqdGkiOiI4OTVhZDQ1NDhlOGY0ZjY1ODFjMzFlMTlkNTE4YzlkNCIsInVzZXJfaWQiOjF9.Z3APqCBUoEMORXSUFE2t2YngpjkJDefzNU5zfjoLFOs"},"code":20000,"message":"success"}
2019-09-29 16:06:29,700 INFO response is : {"data":{"refresh":"eyJ0eXAiOiJKV1QiLCJhbGciOiJIUzI1NiJ9.eyJ0b2tlbl90eXBlIjoicmVmcmVzaCIsImV4cCI6MTU2OTgzMDc4OSwianRpIjoiZGM4YmUzOGU5ZTlkNDBhMDhiNTRjMzE0MzBlYzExMTgiLCJ1c2VyX2lkIjoxfQ.Jhhr7NzZeKlVSnfYG4LshmeClULxEpR5SFuE8gV2CXg","access":"eyJ0eXAiOiJKV1QiLCJhbGciOiJIUzI1NiJ9.eyJ0b2tlbl90eXBlIjoiYWNjZXNzIiwiZXhwIjoxNTY5NzQ3OTg5LCJqdGkiOiI4OTVhZDQ1NDhlOGY0ZjY1ODFjMzFlMTlkNTE4YzlkNCIsInVzZXJfaWQiOjF9.Z3APqCBUoEMORXSUFE2t2YngpjkJDefzNU5zfjoLFOs"},"code":20000,"message":"success"}
2019-09-29 16:06:29,700 INFO response is : {"data":{"refresh":"eyJ0eXAiOiJKV1QiLCJhbGciOiJIUzI1NiJ9.eyJ0b2tlbl90eXBlIjoicmVmcmVzaCIsImV4cCI6MTU2OTgzMDc4OSwianRpIjoiZGM4YmUzOGU5ZTlkNDBhMDhiNTRjMzE0MzBlYzExMTgiLCJ1c2VyX2lkIjoxfQ.Jhhr7NzZeKlVSnfYG4LshmeClULxEpR5SFuE8gV2CXg","access":"eyJ0eXAiOiJKV1QiLCJhbGciOiJIUzI1NiJ9.eyJ0b2tlbl90eXBlIjoiYWNjZXNzIiwiZXhwIjoxNTY5NzQ3OTg5LCJqdGkiOiI4OTVhZDQ1NDhlOGY0ZjY1ODFjMzFlMTlkNTE4YzlkNCIsInVzZXJfaWQiOjF9.Z3APqCBUoEMORXSUFE2t2YngpjkJDefzNU5zfjoLFOs"},"code":20000,"message":"success"}
2019-09-29 16:06:29,700 INFO response is : {"data":{"refresh":"eyJ0eXAiOiJKV1QiLCJhbGciOiJIUzI1NiJ9.eyJ0b2tlbl90eXBlIjoicmVmcmVzaCIsImV4cCI6MTU2OTgzMDc4OSwianRpIjoiZGM4YmUzOGU5ZTlkNDBhMDhiNTRjMzE0MzBlYzExMTgiLCJ1c2VyX2lkIjoxfQ.Jhhr7NzZeKlVSnfYG4LshmeClULxEpR5SFuE8gV2CXg","access":"eyJ0eXAiOiJKV1QiLCJhbGciOiJIUzI1NiJ9.eyJ0b2tlbl90eXBlIjoiYWNjZXNzIiwiZXhwIjoxNTY5NzQ3OTg5LCJqdGkiOiI4OTVhZDQ1NDhlOGY0ZjY1ODFjMzFlMTlkNTE4YzlkNCIsInVzZXJfaWQiOjF9.Z3APqCBUoEMORXSUFE2t2YngpjkJDefzNU5zfjoLFOs"},"code":20000,"message":"success"}
2019-09-29 16:06:29,700 INFO response is : {"data":{"refresh":"eyJ0eXAiOiJKV1QiLCJhbGciOiJIUzI1NiJ9.eyJ0b2tlbl90eXBlIjoicmVmcmVzaCIsImV4cCI6MTU2OTgzMDc4OSwianRpIjoiZGM4YmUzOGU5ZTlkNDBhMDhiNTRjMzE0MzBlYzExMTgiLCJ1c2VyX2lkIjoxfQ.Jhhr7NzZeKlVSnfYG4LshmeClULxEpR5SFuE8gV2CXg","access":"eyJ0eXAiOiJKV1QiLCJhbGciOiJIUzI1NiJ9.eyJ0b2tlbl90eXBlIjoiYWNjZXNzIiwiZXhwIjoxNTY5NzQ3OTg5LCJqdGkiOiI4OTVhZDQ1NDhlOGY0ZjY1ODFjMzFlMTlkNTE4YzlkNCIsInVzZXJfaWQiOjF9.Z3APqCBUoEMORXSUFE2t2YngpjkJDefzNU5zfjoLFOs"},"code":20000,"message":"success"}
2019-09-29 16:06:29,700 INFO response is : {"data":{"refresh":"eyJ0eXAiOiJKV1QiLCJhbGciOiJIUzI1NiJ9.eyJ0b2tlbl90eXBlIjoicmVmcmVzaCIsImV4cCI6MTU2OTgzMDc4OSwianRpIjoiZGM4YmUzOGU5ZTlkNDBhMDhiNTRjMzE0MzBlYzExMTgiLCJ1c2VyX2lkIjoxfQ.Jhhr7NzZeKlVSnfYG4LshmeClULxEpR5SFuE8gV2CXg","access":"eyJ0eXAiOiJKV1QiLCJhbGciOiJIUzI1NiJ9.eyJ0b2tlbl90eXBlIjoiYWNjZXNzIiwiZXhwIjoxNTY5NzQ3OTg5LCJqdGkiOiI4OTVhZDQ1NDhlOGY0ZjY1ODFjMzFlMTlkNTE4YzlkNCIsInVzZXJfaWQiOjF9.Z3APqCBUoEMORXSUFE2t2YngpjkJDefzNU5zfjoLFOs"},"code":20000,"message":"success"}
2019-09-29 16:06:29,700 INFO response is : {"data":{"refresh":"eyJ0eXAiOiJKV1QiLCJhbGciOiJIUzI1NiJ9.eyJ0b2tlbl90eXBlIjoicmVmcmVzaCIsImV4cCI6MTU2OTgzMDc4OSwianRpIjoiZGM4YmUzOGU5ZTlkNDBhMDhiNTRjMzE0MzBlYzExMTgiLCJ1c2VyX2lkIjoxfQ.Jhhr7NzZeKlVSnfYG4LshmeClULxEpR5SFuE8gV2CXg","access":"eyJ0eXAiOiJKV1QiLCJhbGciOiJIUzI1NiJ9.eyJ0b2tlbl90eXBlIjoiYWNjZXNzIiwiZXhwIjoxNTY5NzQ3OTg5LCJqdGkiOiI4OTVhZDQ1NDhlOGY0ZjY1ODFjMzFlMTlkNTE4YzlkNCIsInVzZXJfaWQiOjF9.Z3APqCBUoEMORXSUFE2t2YngpjkJDefzNU5zfjoLFOs"},"code":20000,"message":"success"}
2019-09-29 16:06:29,700 INFO response is : {"data":{"refresh":"eyJ0eXAiOiJKV1QiLCJhbGciOiJIUzI1NiJ9.eyJ0b2tlbl90eXBlIjoicmVmcmVzaCIsImV4cCI6MTU2OTgzMDc4OSwianRpIjoiZGM4YmUzOGU5ZTlkNDBhMDhiNTRjMzE0MzBlYzExMTgiLCJ1c2VyX2lkIjoxfQ.Jhhr7NzZeKlVSnfYG4LshmeClULxEpR5SFuE8gV2CXg","access":"eyJ0eXAiOiJKV1QiLCJhbGciOiJIUzI1NiJ9.eyJ0b2tlbl90eXBlIjoiYWNjZXNzIiwiZXhwIjoxNTY5NzQ3OTg5LCJqdGkiOiI4OTVhZDQ1NDhlOGY0ZjY1ODFjMzFlMTlkNTE4YzlkNCIsInVzZXJfaWQiOjF9.Z3APqCBUoEMORXSUFE2t2YngpjkJDefzNU5zfjoLFOs"},"code":20000,"message":"success"}
2019-09-29 16:06:29,700 INFO response is : {"data":{"refresh":"eyJ0eXAiOiJKV1QiLCJhbGciOiJIUzI1NiJ9.eyJ0b2tlbl90eXBlIjoicmVmcmVzaCIsImV4cCI6MTU2OTgzMDc4OSwianRpIjoiZGM4YmUzOGU5ZTlkNDBhMDhiNTRjMzE0MzBlYzExMTgiLCJ1c2VyX2lkIjoxfQ.Jhhr7NzZeKlVSnfYG4LshmeClULxEpR5SFuE8gV2CXg","access":"eyJ0eXAiOiJKV1QiLCJhbGciOiJIUzI1NiJ9.eyJ0b2tlbl90eXBlIjoiYWNjZXNzIiwiZXhwIjoxNTY5NzQ3OTg5LCJqdGkiOiI4OTVhZDQ1NDhlOGY0ZjY1ODFjMzFlMTlkNTE4YzlkNCIsInVzZXJfaWQiOjF9.Z3APqCBUoEMORXSUFE2t2YngpjkJDefzNU5zfjoLFOs"},"code":20000,"message":"success"}
2019-09-29 16:06:29,702 INFO <Response [200]>
2019-09-29 16:06:29,702 INFO <Response [200]>
2019-09-29 16:06:29,702 INFO <Response [200]>
2019-09-29 16:06:29,702 INFO <Response [200]>
2019-09-29 16:06:29,702 INFO <Response [200]>
2019-09-29 16:06:29,702 INFO <Response [200]>
2019-09-29 16:06:29,702 INFO <Response [200]>
2019-09-29 16:06:29,702 INFO <Response [200]>
2019-09-29 16:06:29,702 INFO <Response [200]>
2019-09-29 16:06:29,702 INFO <Response [200]>
2019-09-29 16:06:29,702 INFO <Response [200]>
2019-09-29 16:06:29,702 INFO <Response [200]>
2019-09-29 16:06:29,703 INFO in login！
2019-09-29 16:06:29,703 INFO in login！
2019-09-29 16:06:29,703 INFO in login！
2019-09-29 16:06:29,703 INFO in login！
2019-09-29 16:06:29,703 INFO in login！
2019-09-29 16:06:29,703 INFO in login！
2019-09-29 16:06:29,703 INFO in login！
2019-09-29 16:06:29,703 INFO in login！
2019-09-29 16:06:29,703 INFO in login！
2019-09-29 16:06:29,703 INFO in login！
2019-09-29 16:06:29,703 INFO in login！
2019-09-29 16:06:29,703 INFO in login！
2019-09-29 16:06:29,703 INFO in login！
2019-09-29 16:06:30,313 INFO response is : <Response [200]>
2019-09-29 16:06:30,313 INFO response is : <Response [200]>
2019-09-29 16:06:30,313 INFO response is : <Response [200]>
2019-09-29 16:06:30,313 INFO response is : <Response [200]>
2019-09-29 16:06:30,313 INFO response is : <Response [200]>
2019-09-29 16:06:30,313 INFO response is : <Response [200]>
2019-09-29 16:06:30,313 INFO response is : <Response [200]>
2019-09-29 16:06:30,313 INFO response is : <Response [200]>
2019-09-29 16:06:30,313 INFO response is : <Response [200]>
2019-09-29 16:06:30,313 INFO response is : <Response [200]>
2019-09-29 16:06:30,313 INFO response is : <Response [200]>
2019-09-29 16:06:30,313 INFO response is : <Response [200]>
2019-09-29 16:06:30,313 INFO response is : <Response [200]>
2019-09-29 16:06:30,313 INFO response is : <Response [200]>
2019-09-29 16:06:30,315 INFO response is : {"data":{"refresh":"eyJ0eXAiOiJKV1QiLCJhbGciOiJIUzI1NiJ9.eyJ0b2tlbl90eXBlIjoicmVmcmVzaCIsImV4cCI6MTU2OTgzMDc5MCwianRpIjoiM2FjOGQ0ZDMzNGI2NGU2MGE5YTVhNjAyYmI1YmRhM2QiLCJ1c2VyX2lkIjoxfQ.zef98PVxtPhj0fXmHy5ESMkKNE3t0MIgz1tOnSwoWbY","access":"eyJ0eXAiOiJKV1QiLCJhbGciOiJIUzI1NiJ9.eyJ0b2tlbl90eXBlIjoiYWNjZXNzIiwiZXhwIjoxNTY5NzQ3OTkwLCJqdGkiOiI1ZjBlNDBmNmExMzI0ZTBhYWY5YTljZjJjNmYxNTA1NCIsInVzZXJfaWQiOjF9.0_CiQm0cDig2ck8A0M9QGReOtJx-ZzL73riHavxTnGk"},"code":20000,"message":"success"}
2019-09-29 16:06:30,315 INFO response is : {"data":{"refresh":"eyJ0eXAiOiJKV1QiLCJhbGciOiJIUzI1NiJ9.eyJ0b2tlbl90eXBlIjoicmVmcmVzaCIsImV4cCI6MTU2OTgzMDc5MCwianRpIjoiM2FjOGQ0ZDMzNGI2NGU2MGE5YTVhNjAyYmI1YmRhM2QiLCJ1c2VyX2lkIjoxfQ.zef98PVxtPhj0fXmHy5ESMkKNE3t0MIgz1tOnSwoWbY","access":"eyJ0eXAiOiJKV1QiLCJhbGciOiJIUzI1NiJ9.eyJ0b2tlbl90eXBlIjoiYWNjZXNzIiwiZXhwIjoxNTY5NzQ3OTkwLCJqdGkiOiI1ZjBlNDBmNmExMzI0ZTBhYWY5YTljZjJjNmYxNTA1NCIsInVzZXJfaWQiOjF9.0_CiQm0cDig2ck8A0M9QGReOtJx-ZzL73riHavxTnGk"},"code":20000,"message":"success"}
2019-09-29 16:06:30,315 INFO response is : {"data":{"refresh":"eyJ0eXAiOiJKV1QiLCJhbGciOiJIUzI1NiJ9.eyJ0b2tlbl90eXBlIjoicmVmcmVzaCIsImV4cCI6MTU2OTgzMDc5MCwianRpIjoiM2FjOGQ0ZDMzNGI2NGU2MGE5YTVhNjAyYmI1YmRhM2QiLCJ1c2VyX2lkIjoxfQ.zef98PVxtPhj0fXmHy5ESMkKNE3t0MIgz1tOnSwoWbY","access":"eyJ0eXAiOiJKV1QiLCJhbGciOiJIUzI1NiJ9.eyJ0b2tlbl90eXBlIjoiYWNjZXNzIiwiZXhwIjoxNTY5NzQ3OTkwLCJqdGkiOiI1ZjBlNDBmNmExMzI0ZTBhYWY5YTljZjJjNmYxNTA1NCIsInVzZXJfaWQiOjF9.0_CiQm0cDig2ck8A0M9QGReOtJx-ZzL73riHavxTnGk"},"code":20000,"message":"success"}
2019-09-29 16:06:30,315 INFO response is : {"data":{"refresh":"eyJ0eXAiOiJKV1QiLCJhbGciOiJIUzI1NiJ9.eyJ0b2tlbl90eXBlIjoicmVmcmVzaCIsImV4cCI6MTU2OTgzMDc5MCwianRpIjoiM2FjOGQ0ZDMzNGI2NGU2MGE5YTVhNjAyYmI1YmRhM2QiLCJ1c2VyX2lkIjoxfQ.zef98PVxtPhj0fXmHy5ESMkKNE3t0MIgz1tOnSwoWbY","access":"eyJ0eXAiOiJKV1QiLCJhbGciOiJIUzI1NiJ9.eyJ0b2tlbl90eXBlIjoiYWNjZXNzIiwiZXhwIjoxNTY5NzQ3OTkwLCJqdGkiOiI1ZjBlNDBmNmExMzI0ZTBhYWY5YTljZjJjNmYxNTA1NCIsInVzZXJfaWQiOjF9.0_CiQm0cDig2ck8A0M9QGReOtJx-ZzL73riHavxTnGk"},"code":20000,"message":"success"}
2019-09-29 16:06:30,315 INFO response is : {"data":{"refresh":"eyJ0eXAiOiJKV1QiLCJhbGciOiJIUzI1NiJ9.eyJ0b2tlbl90eXBlIjoicmVmcmVzaCIsImV4cCI6MTU2OTgzMDc5MCwianRpIjoiM2FjOGQ0ZDMzNGI2NGU2MGE5YTVhNjAyYmI1YmRhM2QiLCJ1c2VyX2lkIjoxfQ.zef98PVxtPhj0fXmHy5ESMkKNE3t0MIgz1tOnSwoWbY","access":"eyJ0eXAiOiJKV1QiLCJhbGciOiJIUzI1NiJ9.eyJ0b2tlbl90eXBlIjoiYWNjZXNzIiwiZXhwIjoxNTY5NzQ3OTkwLCJqdGkiOiI1ZjBlNDBmNmExMzI0ZTBhYWY5YTljZjJjNmYxNTA1NCIsInVzZXJfaWQiOjF9.0_CiQm0cDig2ck8A0M9QGReOtJx-ZzL73riHavxTnGk"},"code":20000,"message":"success"}
2019-09-29 16:06:30,315 INFO response is : {"data":{"refresh":"eyJ0eXAiOiJKV1QiLCJhbGciOiJIUzI1NiJ9.eyJ0b2tlbl90eXBlIjoicmVmcmVzaCIsImV4cCI6MTU2OTgzMDc5MCwianRpIjoiM2FjOGQ0ZDMzNGI2NGU2MGE5YTVhNjAyYmI1YmRhM2QiLCJ1c2VyX2lkIjoxfQ.zef98PVxtPhj0fXmHy5ESMkKNE3t0MIgz1tOnSwoWbY","access":"eyJ0eXAiOiJKV1QiLCJhbGciOiJIUzI1NiJ9.eyJ0b2tlbl90eXBlIjoiYWNjZXNzIiwiZXhwIjoxNTY5NzQ3OTkwLCJqdGkiOiI1ZjBlNDBmNmExMzI0ZTBhYWY5YTljZjJjNmYxNTA1NCIsInVzZXJfaWQiOjF9.0_CiQm0cDig2ck8A0M9QGReOtJx-ZzL73riHavxTnGk"},"code":20000,"message":"success"}
2019-09-29 16:06:30,315 INFO response is : {"data":{"refresh":"eyJ0eXAiOiJKV1QiLCJhbGciOiJIUzI1NiJ9.eyJ0b2tlbl90eXBlIjoicmVmcmVzaCIsImV4cCI6MTU2OTgzMDc5MCwianRpIjoiM2FjOGQ0ZDMzNGI2NGU2MGE5YTVhNjAyYmI1YmRhM2QiLCJ1c2VyX2lkIjoxfQ.zef98PVxtPhj0fXmHy5ESMkKNE3t0MIgz1tOnSwoWbY","access":"eyJ0eXAiOiJKV1QiLCJhbGciOiJIUzI1NiJ9.eyJ0b2tlbl90eXBlIjoiYWNjZXNzIiwiZXhwIjoxNTY5NzQ3OTkwLCJqdGkiOiI1ZjBlNDBmNmExMzI0ZTBhYWY5YTljZjJjNmYxNTA1NCIsInVzZXJfaWQiOjF9.0_CiQm0cDig2ck8A0M9QGReOtJx-ZzL73riHavxTnGk"},"code":20000,"message":"success"}
2019-09-29 16:06:30,315 INFO response is : {"data":{"refresh":"eyJ0eXAiOiJKV1QiLCJhbGciOiJIUzI1NiJ9.eyJ0b2tlbl90eXBlIjoicmVmcmVzaCIsImV4cCI6MTU2OTgzMDc5MCwianRpIjoiM2FjOGQ0ZDMzNGI2NGU2MGE5YTVhNjAyYmI1YmRhM2QiLCJ1c2VyX2lkIjoxfQ.zef98PVxtPhj0fXmHy5ESMkKNE3t0MIgz1tOnSwoWbY","access":"eyJ0eXAiOiJKV1QiLCJhbGciOiJIUzI1NiJ9.eyJ0b2tlbl90eXBlIjoiYWNjZXNzIiwiZXhwIjoxNTY5NzQ3OTkwLCJqdGkiOiI1ZjBlNDBmNmExMzI0ZTBhYWY5YTljZjJjNmYxNTA1NCIsInVzZXJfaWQiOjF9.0_CiQm0cDig2ck8A0M9QGReOtJx-ZzL73riHavxTnGk"},"code":20000,"message":"success"}
2019-09-29 16:06:30,315 INFO response is : {"data":{"refresh":"eyJ0eXAiOiJKV1QiLCJhbGciOiJIUzI1NiJ9.eyJ0b2tlbl90eXBlIjoicmVmcmVzaCIsImV4cCI6MTU2OTgzMDc5MCwianRpIjoiM2FjOGQ0ZDMzNGI2NGU2MGE5YTVhNjAyYmI1YmRhM2QiLCJ1c2VyX2lkIjoxfQ.zef98PVxtPhj0fXmHy5ESMkKNE3t0MIgz1tOnSwoWbY","access":"eyJ0eXAiOiJKV1QiLCJhbGciOiJIUzI1NiJ9.eyJ0b2tlbl90eXBlIjoiYWNjZXNzIiwiZXhwIjoxNTY5NzQ3OTkwLCJqdGkiOiI1ZjBlNDBmNmExMzI0ZTBhYWY5YTljZjJjNmYxNTA1NCIsInVzZXJfaWQiOjF9.0_CiQm0cDig2ck8A0M9QGReOtJx-ZzL73riHavxTnGk"},"code":20000,"message":"success"}
2019-09-29 16:06:30,315 INFO response is : {"data":{"refresh":"eyJ0eXAiOiJKV1QiLCJhbGciOiJIUzI1NiJ9.eyJ0b2tlbl90eXBlIjoicmVmcmVzaCIsImV4cCI6MTU2OTgzMDc5MCwianRpIjoiM2FjOGQ0ZDMzNGI2NGU2MGE5YTVhNjAyYmI1YmRhM2QiLCJ1c2VyX2lkIjoxfQ.zef98PVxtPhj0fXmHy5ESMkKNE3t0MIgz1tOnSwoWbY","access":"eyJ0eXAiOiJKV1QiLCJhbGciOiJIUzI1NiJ9.eyJ0b2tlbl90eXBlIjoiYWNjZXNzIiwiZXhwIjoxNTY5NzQ3OTkwLCJqdGkiOiI1ZjBlNDBmNmExMzI0ZTBhYWY5YTljZjJjNmYxNTA1NCIsInVzZXJfaWQiOjF9.0_CiQm0cDig2ck8A0M9QGReOtJx-ZzL73riHavxTnGk"},"code":20000,"message":"success"}
2019-09-29 16:06:30,315 INFO response is : {"data":{"refresh":"eyJ0eXAiOiJKV1QiLCJhbGciOiJIUzI1NiJ9.eyJ0b2tlbl90eXBlIjoicmVmcmVzaCIsImV4cCI6MTU2OTgzMDc5MCwianRpIjoiM2FjOGQ0ZDMzNGI2NGU2MGE5YTVhNjAyYmI1YmRhM2QiLCJ1c2VyX2lkIjoxfQ.zef98PVxtPhj0fXmHy5ESMkKNE3t0MIgz1tOnSwoWbY","access":"eyJ0eXAiOiJKV1QiLCJhbGciOiJIUzI1NiJ9.eyJ0b2tlbl90eXBlIjoiYWNjZXNzIiwiZXhwIjoxNTY5NzQ3OTkwLCJqdGkiOiI1ZjBlNDBmNmExMzI0ZTBhYWY5YTljZjJjNmYxNTA1NCIsInVzZXJfaWQiOjF9.0_CiQm0cDig2ck8A0M9QGReOtJx-ZzL73riHavxTnGk"},"code":20000,"message":"success"}
2019-09-29 16:06:30,315 INFO response is : {"data":{"refresh":"eyJ0eXAiOiJKV1QiLCJhbGciOiJIUzI1NiJ9.eyJ0b2tlbl90eXBlIjoicmVmcmVzaCIsImV4cCI6MTU2OTgzMDc5MCwianRpIjoiM2FjOGQ0ZDMzNGI2NGU2MGE5YTVhNjAyYmI1YmRhM2QiLCJ1c2VyX2lkIjoxfQ.zef98PVxtPhj0fXmHy5ESMkKNE3t0MIgz1tOnSwoWbY","access":"eyJ0eXAiOiJKV1QiLCJhbGciOiJIUzI1NiJ9.eyJ0b2tlbl90eXBlIjoiYWNjZXNzIiwiZXhwIjoxNTY5NzQ3OTkwLCJqdGkiOiI1ZjBlNDBmNmExMzI0ZTBhYWY5YTljZjJjNmYxNTA1NCIsInVzZXJfaWQiOjF9.0_CiQm0cDig2ck8A0M9QGReOtJx-ZzL73riHavxTnGk"},"code":20000,"message":"success"}
2019-09-29 16:06:30,315 INFO response is : {"data":{"refresh":"eyJ0eXAiOiJKV1QiLCJhbGciOiJIUzI1NiJ9.eyJ0b2tlbl90eXBlIjoicmVmcmVzaCIsImV4cCI6MTU2OTgzMDc5MCwianRpIjoiM2FjOGQ0ZDMzNGI2NGU2MGE5YTVhNjAyYmI1YmRhM2QiLCJ1c2VyX2lkIjoxfQ.zef98PVxtPhj0fXmHy5ESMkKNE3t0MIgz1tOnSwoWbY","access":"eyJ0eXAiOiJKV1QiLCJhbGciOiJIUzI1NiJ9.eyJ0b2tlbl90eXBlIjoiYWNjZXNzIiwiZXhwIjoxNTY5NzQ3OTkwLCJqdGkiOiI1ZjBlNDBmNmExMzI0ZTBhYWY5YTljZjJjNmYxNTA1NCIsInVzZXJfaWQiOjF9.0_CiQm0cDig2ck8A0M9QGReOtJx-ZzL73riHavxTnGk"},"code":20000,"message":"success"}
2019-09-29 16:06:30,315 INFO response is : {"data":{"refresh":"eyJ0eXAiOiJKV1QiLCJhbGciOiJIUzI1NiJ9.eyJ0b2tlbl90eXBlIjoicmVmcmVzaCIsImV4cCI6MTU2OTgzMDc5MCwianRpIjoiM2FjOGQ0ZDMzNGI2NGU2MGE5YTVhNjAyYmI1YmRhM2QiLCJ1c2VyX2lkIjoxfQ.zef98PVxtPhj0fXmHy5ESMkKNE3t0MIgz1tOnSwoWbY","access":"eyJ0eXAiOiJKV1QiLCJhbGciOiJIUzI1NiJ9.eyJ0b2tlbl90eXBlIjoiYWNjZXNzIiwiZXhwIjoxNTY5NzQ3OTkwLCJqdGkiOiI1ZjBlNDBmNmExMzI0ZTBhYWY5YTljZjJjNmYxNTA1NCIsInVzZXJfaWQiOjF9.0_CiQm0cDig2ck8A0M9QGReOtJx-ZzL73riHavxTnGk"},"code":20000,"message":"success"}
2019-09-29 16:06:30,315 INFO response is : {"data":{"refresh":"eyJ0eXAiOiJKV1QiLCJhbGciOiJIUzI1NiJ9.eyJ0b2tlbl90eXBlIjoicmVmcmVzaCIsImV4cCI6MTU2OTgzMDc5MCwianRpIjoiM2FjOGQ0ZDMzNGI2NGU2MGE5YTVhNjAyYmI1YmRhM2QiLCJ1c2VyX2lkIjoxfQ.zef98PVxtPhj0fXmHy5ESMkKNE3t0MIgz1tOnSwoWbY","access":"eyJ0eXAiOiJKV1QiLCJhbGciOiJIUzI1NiJ9.eyJ0b2tlbl90eXBlIjoiYWNjZXNzIiwiZXhwIjoxNTY5NzQ3OTkwLCJqdGkiOiI1ZjBlNDBmNmExMzI0ZTBhYWY5YTljZjJjNmYxNTA1NCIsInVzZXJfaWQiOjF9.0_CiQm0cDig2ck8A0M9QGReOtJx-ZzL73riHavxTnGk"},"code":20000,"message":"success"}
2019-09-29 16:06:30,316 INFO <Response [200]>
2019-09-29 16:06:30,316 INFO <Response [200]>
2019-09-29 16:06:30,316 INFO <Response [200]>
2019-09-29 16:06:30,316 INFO <Response [200]>
2019-09-29 16:06:30,316 INFO <Response [200]>
2019-09-29 16:06:30,316 INFO <Response [200]>
2019-09-29 16:06:30,316 INFO <Response [200]>
2019-09-29 16:06:30,316 INFO <Response [200]>
2019-09-29 16:06:30,316 INFO <Response [200]>
2019-09-29 16:06:30,316 INFO <Response [200]>
2019-09-29 16:06:30,316 INFO <Response [200]>
2019-09-29 16:06:30,316 INFO <Response [200]>
2019-09-29 16:06:30,316 INFO <Response [200]>
2019-09-29 16:06:30,316 INFO <Response [200]>
2019-09-29 16:06:30,316 INFO <Response [200]>
2019-09-29 16:06:30,316 INFO <Response [200]>
2019-09-29 16:07:19,151 INFO 开始执行测试,报告输出模式text
2019-09-29 16:07:20,200 INFO in login！
2019-09-29 16:07:20,200 INFO in login！
2019-09-29 16:07:20,829 INFO response is : <Response [200]>
2019-09-29 16:07:20,829 INFO response is : <Response [200]>
2019-09-29 16:07:20,829 INFO response is : <Response [200]>
2019-09-29 16:07:20,830 INFO response is : {"data":{"refresh":"eyJ0eXAiOiJKV1QiLCJhbGciOiJIUzI1NiJ9.eyJ0b2tlbl90eXBlIjoicmVmcmVzaCIsImV4cCI6MTU2OTgzMDg0MCwianRpIjoiYmZjMTE5MTM5ZDkyNDQ2Zjg3ZTBiYjkyN2Y4OGIzZDciLCJ1c2VyX2lkIjoxfQ.YkUNnG6r_sf5E7_5a27i0ZVHJOjmvPRSbI0NrHXsNBU","access":"eyJ0eXAiOiJKV1QiLCJhbGciOiJIUzI1NiJ9.eyJ0b2tlbl90eXBlIjoiYWNjZXNzIiwiZXhwIjoxNTY5NzQ4MDQwLCJqdGkiOiJmNzY3MTVjZGRmMmY0ZTU3ODU5NzhjOTAyMmU2ZWFmYyIsInVzZXJfaWQiOjF9.LnVzz6Ydoiy5ycRnB3_403Y2_vDZMaIO1IxvyPDslHs"},"code":20000,"message":"success"}
2019-09-29 16:07:20,830 INFO response is : {"data":{"refresh":"eyJ0eXAiOiJKV1QiLCJhbGciOiJIUzI1NiJ9.eyJ0b2tlbl90eXBlIjoicmVmcmVzaCIsImV4cCI6MTU2OTgzMDg0MCwianRpIjoiYmZjMTE5MTM5ZDkyNDQ2Zjg3ZTBiYjkyN2Y4OGIzZDciLCJ1c2VyX2lkIjoxfQ.YkUNnG6r_sf5E7_5a27i0ZVHJOjmvPRSbI0NrHXsNBU","access":"eyJ0eXAiOiJKV1QiLCJhbGciOiJIUzI1NiJ9.eyJ0b2tlbl90eXBlIjoiYWNjZXNzIiwiZXhwIjoxNTY5NzQ4MDQwLCJqdGkiOiJmNzY3MTVjZGRmMmY0ZTU3ODU5NzhjOTAyMmU2ZWFmYyIsInVzZXJfaWQiOjF9.LnVzz6Ydoiy5ycRnB3_403Y2_vDZMaIO1IxvyPDslHs"},"code":20000,"message":"success"}
2019-09-29 16:07:20,830 INFO response is : {"data":{"refresh":"eyJ0eXAiOiJKV1QiLCJhbGciOiJIUzI1NiJ9.eyJ0b2tlbl90eXBlIjoicmVmcmVzaCIsImV4cCI6MTU2OTgzMDg0MCwianRpIjoiYmZjMTE5MTM5ZDkyNDQ2Zjg3ZTBiYjkyN2Y4OGIzZDciLCJ1c2VyX2lkIjoxfQ.YkUNnG6r_sf5E7_5a27i0ZVHJOjmvPRSbI0NrHXsNBU","access":"eyJ0eXAiOiJKV1QiLCJhbGciOiJIUzI1NiJ9.eyJ0b2tlbl90eXBlIjoiYWNjZXNzIiwiZXhwIjoxNTY5NzQ4MDQwLCJqdGkiOiJmNzY3MTVjZGRmMmY0ZTU3ODU5NzhjOTAyMmU2ZWFmYyIsInVzZXJfaWQiOjF9.LnVzz6Ydoiy5ycRnB3_403Y2_vDZMaIO1IxvyPDslHs"},"code":20000,"message":"success"}
2019-09-29 16:07:20,830 INFO response is : {"data":{"refresh":"eyJ0eXAiOiJKV1QiLCJhbGciOiJIUzI1NiJ9.eyJ0b2tlbl90eXBlIjoicmVmcmVzaCIsImV4cCI6MTU2OTgzMDg0MCwianRpIjoiYmZjMTE5MTM5ZDkyNDQ2Zjg3ZTBiYjkyN2Y4OGIzZDciLCJ1c2VyX2lkIjoxfQ.YkUNnG6r_sf5E7_5a27i0ZVHJOjmvPRSbI0NrHXsNBU","access":"eyJ0eXAiOiJKV1QiLCJhbGciOiJIUzI1NiJ9.eyJ0b2tlbl90eXBlIjoiYWNjZXNzIiwiZXhwIjoxNTY5NzQ4MDQwLCJqdGkiOiJmNzY3MTVjZGRmMmY0ZTU3ODU5NzhjOTAyMmU2ZWFmYyIsInVzZXJfaWQiOjF9.LnVzz6Ydoiy5ycRnB3_403Y2_vDZMaIO1IxvyPDslHs"},"code":20000,"message":"success"}
2019-09-29 16:07:20,831 INFO <Response [200]>
2019-09-29 16:07:20,831 INFO <Response [200]>
2019-09-29 16:07:20,831 INFO <Response [200]>
2019-09-29 16:07:20,831 INFO <Response [200]>
2019-09-29 16:07:20,831 INFO <Response [200]>
2019-09-29 16:07:20,832 INFO in getUserinfo heasers is :{'Content-Type': 'application/json', 'Authorization': 'eyJ0eXAiOiJKV1QiLCJhbGciOiJIUzI1NiJ9.eyJ0b2tlbl90eXBlIjoiYWNjZXNzIiwiZXhwIjoxNTY5NzQ4MDQwLCJqdGkiOiJmNzY3MTVjZGRmMmY0ZTU3ODU5NzhjOTAyMmU2ZWFmYyIsInVzZXJfaWQiOjF9.LnVzz6Ydoiy5ycRnB3_403Y2_vDZMaIO1IxvyPDslHs'}
2019-09-29 16:07:20,832 INFO in getUserinfo heasers is :{'Content-Type': 'application/json', 'Authorization': 'eyJ0eXAiOiJKV1QiLCJhbGciOiJIUzI1NiJ9.eyJ0b2tlbl90eXBlIjoiYWNjZXNzIiwiZXhwIjoxNTY5NzQ4MDQwLCJqdGkiOiJmNzY3MTVjZGRmMmY0ZTU3ODU5NzhjOTAyMmU2ZWFmYyIsInVzZXJfaWQiOjF9.LnVzz6Ydoiy5ycRnB3_403Y2_vDZMaIO1IxvyPDslHs'}
2019-09-29 16:07:20,832 INFO in getUserinfo heasers is :{'Content-Type': 'application/json', 'Authorization': 'eyJ0eXAiOiJKV1QiLCJhbGciOiJIUzI1NiJ9.eyJ0b2tlbl90eXBlIjoiYWNjZXNzIiwiZXhwIjoxNTY5NzQ4MDQwLCJqdGkiOiJmNzY3MTVjZGRmMmY0ZTU3ODU5NzhjOTAyMmU2ZWFmYyIsInVzZXJfaWQiOjF9.LnVzz6Ydoiy5ycRnB3_403Y2_vDZMaIO1IxvyPDslHs'}
2019-09-29 16:07:20,832 INFO in getUserinfo heasers is :{'Content-Type': 'application/json', 'Authorization': 'eyJ0eXAiOiJKV1QiLCJhbGciOiJIUzI1NiJ9.eyJ0b2tlbl90eXBlIjoiYWNjZXNzIiwiZXhwIjoxNTY5NzQ4MDQwLCJqdGkiOiJmNzY3MTVjZGRmMmY0ZTU3ODU5NzhjOTAyMmU2ZWFmYyIsInVzZXJfaWQiOjF9.LnVzz6Ydoiy5ycRnB3_403Y2_vDZMaIO1IxvyPDslHs'}
2019-09-29 16:07:20,832 INFO in getUserinfo heasers is :{'Content-Type': 'application/json', 'Authorization': 'eyJ0eXAiOiJKV1QiLCJhbGciOiJIUzI1NiJ9.eyJ0b2tlbl90eXBlIjoiYWNjZXNzIiwiZXhwIjoxNTY5NzQ4MDQwLCJqdGkiOiJmNzY3MTVjZGRmMmY0ZTU3ODU5NzhjOTAyMmU2ZWFmYyIsInVzZXJfaWQiOjF9.LnVzz6Ydoiy5ycRnB3_403Y2_vDZMaIO1IxvyPDslHs'}
2019-09-29 16:07:20,832 INFO in getUserinfo heasers is :{'Content-Type': 'application/json', 'Authorization': 'eyJ0eXAiOiJKV1QiLCJhbGciOiJIUzI1NiJ9.eyJ0b2tlbl90eXBlIjoiYWNjZXNzIiwiZXhwIjoxNTY5NzQ4MDQwLCJqdGkiOiJmNzY3MTVjZGRmMmY0ZTU3ODU5NzhjOTAyMmU2ZWFmYyIsInVzZXJfaWQiOjF9.LnVzz6Ydoiy5ycRnB3_403Y2_vDZMaIO1IxvyPDslHs'}
2019-09-29 16:07:21,186 INFO response is : <Response [401]>
2019-09-29 16:07:21,186 INFO response is : <Response [401]>
2019-09-29 16:07:21,186 INFO response is : <Response [401]>
2019-09-29 16:07:21,186 INFO response is : <Response [401]>
2019-09-29 16:07:21,186 INFO response is : <Response [401]>
2019-09-29 16:07:21,186 INFO response is : <Response [401]>
2019-09-29 16:07:21,186 INFO response is : <Response [401]>
2019-09-29 16:07:21,187 INFO <Response [401]>
2019-09-29 16:07:21,187 INFO <Response [401]>
2019-09-29 16:07:21,187 INFO <Response [401]>
2019-09-29 16:07:21,187 INFO <Response [401]>
2019-09-29 16:07:21,187 INFO <Response [401]>
2019-09-29 16:07:21,187 INFO <Response [401]>
2019-09-29 16:07:21,187 INFO <Response [401]>
2019-09-29 16:07:21,187 INFO <Response [401]>
2019-09-29 16:07:21,191 INFO in login！
2019-09-29 16:07:21,191 INFO in login！
2019-09-29 16:07:21,191 INFO in login！
2019-09-29 16:07:21,191 INFO in login！
2019-09-29 16:07:21,191 INFO in login！
2019-09-29 16:07:21,191 INFO in login！
2019-09-29 16:07:21,191 INFO in login！
2019-09-29 16:07:21,191 INFO in login！
2019-09-29 16:07:21,191 INFO in login！
2019-09-29 16:07:21,803 INFO response is : <Response [200]>
2019-09-29 16:07:21,803 INFO response is : <Response [200]>
2019-09-29 16:07:21,803 INFO response is : <Response [200]>
2019-09-29 16:07:21,803 INFO response is : <Response [200]>
2019-09-29 16:07:21,803 INFO response is : <Response [200]>
2019-09-29 16:07:21,803 INFO response is : <Response [200]>
2019-09-29 16:07:21,803 INFO response is : <Response [200]>
2019-09-29 16:07:21,803 INFO response is : <Response [200]>
2019-09-29 16:07:21,803 INFO response is : <Response [200]>
2019-09-29 16:07:21,803 INFO response is : <Response [200]>
2019-09-29 16:07:21,805 INFO response is : {"data":{"refresh":"eyJ0eXAiOiJKV1QiLCJhbGciOiJIUzI1NiJ9.eyJ0b2tlbl90eXBlIjoicmVmcmVzaCIsImV4cCI6MTU2OTgzMDg0MSwianRpIjoiMjE3MDRkMTdjYTQxNGVlODgzZmQ4MjU0YWZhMjg5N2UiLCJ1c2VyX2lkIjoxfQ.NJUkLCPngdVlo-4idQS0VSggwwUISXbKX5eTvp5qF_k","access":"eyJ0eXAiOiJKV1QiLCJhbGciOiJIUzI1NiJ9.eyJ0b2tlbl90eXBlIjoiYWNjZXNzIiwiZXhwIjoxNTY5NzQ4MDQxLCJqdGkiOiJjOTk3NmFkYzhlOGM0N2E4OWVhMWI2YjEwYTdiZTkxMSIsInVzZXJfaWQiOjF9.A9WV8npHRFDrbtNOaELGiBXbXQbq3Wm3A7m-D2iOAlI"},"code":20000,"message":"success"}
2019-09-29 16:07:21,805 INFO response is : {"data":{"refresh":"eyJ0eXAiOiJKV1QiLCJhbGciOiJIUzI1NiJ9.eyJ0b2tlbl90eXBlIjoicmVmcmVzaCIsImV4cCI6MTU2OTgzMDg0MSwianRpIjoiMjE3MDRkMTdjYTQxNGVlODgzZmQ4MjU0YWZhMjg5N2UiLCJ1c2VyX2lkIjoxfQ.NJUkLCPngdVlo-4idQS0VSggwwUISXbKX5eTvp5qF_k","access":"eyJ0eXAiOiJKV1QiLCJhbGciOiJIUzI1NiJ9.eyJ0b2tlbl90eXBlIjoiYWNjZXNzIiwiZXhwIjoxNTY5NzQ4MDQxLCJqdGkiOiJjOTk3NmFkYzhlOGM0N2E4OWVhMWI2YjEwYTdiZTkxMSIsInVzZXJfaWQiOjF9.A9WV8npHRFDrbtNOaELGiBXbXQbq3Wm3A7m-D2iOAlI"},"code":20000,"message":"success"}
2019-09-29 16:07:21,805 INFO response is : {"data":{"refresh":"eyJ0eXAiOiJKV1QiLCJhbGciOiJIUzI1NiJ9.eyJ0b2tlbl90eXBlIjoicmVmcmVzaCIsImV4cCI6MTU2OTgzMDg0MSwianRpIjoiMjE3MDRkMTdjYTQxNGVlODgzZmQ4MjU0YWZhMjg5N2UiLCJ1c2VyX2lkIjoxfQ.NJUkLCPngdVlo-4idQS0VSggwwUISXbKX5eTvp5qF_k","access":"eyJ0eXAiOiJKV1QiLCJhbGciOiJIUzI1NiJ9.eyJ0b2tlbl90eXBlIjoiYWNjZXNzIiwiZXhwIjoxNTY5NzQ4MDQxLCJqdGkiOiJjOTk3NmFkYzhlOGM0N2E4OWVhMWI2YjEwYTdiZTkxMSIsInVzZXJfaWQiOjF9.A9WV8npHRFDrbtNOaELGiBXbXQbq3Wm3A7m-D2iOAlI"},"code":20000,"message":"success"}
2019-09-29 16:07:21,805 INFO response is : {"data":{"refresh":"eyJ0eXAiOiJKV1QiLCJhbGciOiJIUzI1NiJ9.eyJ0b2tlbl90eXBlIjoicmVmcmVzaCIsImV4cCI6MTU2OTgzMDg0MSwianRpIjoiMjE3MDRkMTdjYTQxNGVlODgzZmQ4MjU0YWZhMjg5N2UiLCJ1c2VyX2lkIjoxfQ.NJUkLCPngdVlo-4idQS0VSggwwUISXbKX5eTvp5qF_k","access":"eyJ0eXAiOiJKV1QiLCJhbGciOiJIUzI1NiJ9.eyJ0b2tlbl90eXBlIjoiYWNjZXNzIiwiZXhwIjoxNTY5NzQ4MDQxLCJqdGkiOiJjOTk3NmFkYzhlOGM0N2E4OWVhMWI2YjEwYTdiZTkxMSIsInVzZXJfaWQiOjF9.A9WV8npHRFDrbtNOaELGiBXbXQbq3Wm3A7m-D2iOAlI"},"code":20000,"message":"success"}
2019-09-29 16:07:21,805 INFO response is : {"data":{"refresh":"eyJ0eXAiOiJKV1QiLCJhbGciOiJIUzI1NiJ9.eyJ0b2tlbl90eXBlIjoicmVmcmVzaCIsImV4cCI6MTU2OTgzMDg0MSwianRpIjoiMjE3MDRkMTdjYTQxNGVlODgzZmQ4MjU0YWZhMjg5N2UiLCJ1c2VyX2lkIjoxfQ.NJUkLCPngdVlo-4idQS0VSggwwUISXbKX5eTvp5qF_k","access":"eyJ0eXAiOiJKV1QiLCJhbGciOiJIUzI1NiJ9.eyJ0b2tlbl90eXBlIjoiYWNjZXNzIiwiZXhwIjoxNTY5NzQ4MDQxLCJqdGkiOiJjOTk3NmFkYzhlOGM0N2E4OWVhMWI2YjEwYTdiZTkxMSIsInVzZXJfaWQiOjF9.A9WV8npHRFDrbtNOaELGiBXbXQbq3Wm3A7m-D2iOAlI"},"code":20000,"message":"success"}
2019-09-29 16:07:21,805 INFO response is : {"data":{"refresh":"eyJ0eXAiOiJKV1QiLCJhbGciOiJIUzI1NiJ9.eyJ0b2tlbl90eXBlIjoicmVmcmVzaCIsImV4cCI6MTU2OTgzMDg0MSwianRpIjoiMjE3MDRkMTdjYTQxNGVlODgzZmQ4MjU0YWZhMjg5N2UiLCJ1c2VyX2lkIjoxfQ.NJUkLCPngdVlo-4idQS0VSggwwUISXbKX5eTvp5qF_k","access":"eyJ0eXAiOiJKV1QiLCJhbGciOiJIUzI1NiJ9.eyJ0b2tlbl90eXBlIjoiYWNjZXNzIiwiZXhwIjoxNTY5NzQ4MDQxLCJqdGkiOiJjOTk3NmFkYzhlOGM0N2E4OWVhMWI2YjEwYTdiZTkxMSIsInVzZXJfaWQiOjF9.A9WV8npHRFDrbtNOaELGiBXbXQbq3Wm3A7m-D2iOAlI"},"code":20000,"message":"success"}
2019-09-29 16:07:21,805 INFO response is : {"data":{"refresh":"eyJ0eXAiOiJKV1QiLCJhbGciOiJIUzI1NiJ9.eyJ0b2tlbl90eXBlIjoicmVmcmVzaCIsImV4cCI6MTU2OTgzMDg0MSwianRpIjoiMjE3MDRkMTdjYTQxNGVlODgzZmQ4MjU0YWZhMjg5N2UiLCJ1c2VyX2lkIjoxfQ.NJUkLCPngdVlo-4idQS0VSggwwUISXbKX5eTvp5qF_k","access":"eyJ0eXAiOiJKV1QiLCJhbGciOiJIUzI1NiJ9.eyJ0b2tlbl90eXBlIjoiYWNjZXNzIiwiZXhwIjoxNTY5NzQ4MDQxLCJqdGkiOiJjOTk3NmFkYzhlOGM0N2E4OWVhMWI2YjEwYTdiZTkxMSIsInVzZXJfaWQiOjF9.A9WV8npHRFDrbtNOaELGiBXbXQbq3Wm3A7m-D2iOAlI"},"code":20000,"message":"success"}
2019-09-29 16:07:21,805 INFO response is : {"data":{"refresh":"eyJ0eXAiOiJKV1QiLCJhbGciOiJIUzI1NiJ9.eyJ0b2tlbl90eXBlIjoicmVmcmVzaCIsImV4cCI6MTU2OTgzMDg0MSwianRpIjoiMjE3MDRkMTdjYTQxNGVlODgzZmQ4MjU0YWZhMjg5N2UiLCJ1c2VyX2lkIjoxfQ.NJUkLCPngdVlo-4idQS0VSggwwUISXbKX5eTvp5qF_k","access":"eyJ0eXAiOiJKV1QiLCJhbGciOiJIUzI1NiJ9.eyJ0b2tlbl90eXBlIjoiYWNjZXNzIiwiZXhwIjoxNTY5NzQ4MDQxLCJqdGkiOiJjOTk3NmFkYzhlOGM0N2E4OWVhMWI2YjEwYTdiZTkxMSIsInVzZXJfaWQiOjF9.A9WV8npHRFDrbtNOaELGiBXbXQbq3Wm3A7m-D2iOAlI"},"code":20000,"message":"success"}
2019-09-29 16:07:21,805 INFO response is : {"data":{"refresh":"eyJ0eXAiOiJKV1QiLCJhbGciOiJIUzI1NiJ9.eyJ0b2tlbl90eXBlIjoicmVmcmVzaCIsImV4cCI6MTU2OTgzMDg0MSwianRpIjoiMjE3MDRkMTdjYTQxNGVlODgzZmQ4MjU0YWZhMjg5N2UiLCJ1c2VyX2lkIjoxfQ.NJUkLCPngdVlo-4idQS0VSggwwUISXbKX5eTvp5qF_k","access":"eyJ0eXAiOiJKV1QiLCJhbGciOiJIUzI1NiJ9.eyJ0b2tlbl90eXBlIjoiYWNjZXNzIiwiZXhwIjoxNTY5NzQ4MDQxLCJqdGkiOiJjOTk3NmFkYzhlOGM0N2E4OWVhMWI2YjEwYTdiZTkxMSIsInVzZXJfaWQiOjF9.A9WV8npHRFDrbtNOaELGiBXbXQbq3Wm3A7m-D2iOAlI"},"code":20000,"message":"success"}
2019-09-29 16:07:21,805 INFO response is : {"data":{"refresh":"eyJ0eXAiOiJKV1QiLCJhbGciOiJIUzI1NiJ9.eyJ0b2tlbl90eXBlIjoicmVmcmVzaCIsImV4cCI6MTU2OTgzMDg0MSwianRpIjoiMjE3MDRkMTdjYTQxNGVlODgzZmQ4MjU0YWZhMjg5N2UiLCJ1c2VyX2lkIjoxfQ.NJUkLCPngdVlo-4idQS0VSggwwUISXbKX5eTvp5qF_k","access":"eyJ0eXAiOiJKV1QiLCJhbGciOiJIUzI1NiJ9.eyJ0b2tlbl90eXBlIjoiYWNjZXNzIiwiZXhwIjoxNTY5NzQ4MDQxLCJqdGkiOiJjOTk3NmFkYzhlOGM0N2E4OWVhMWI2YjEwYTdiZTkxMSIsInVzZXJfaWQiOjF9.A9WV8npHRFDrbtNOaELGiBXbXQbq3Wm3A7m-D2iOAlI"},"code":20000,"message":"success"}
2019-09-29 16:07:21,805 INFO response is : {"data":{"refresh":"eyJ0eXAiOiJKV1QiLCJhbGciOiJIUzI1NiJ9.eyJ0b2tlbl90eXBlIjoicmVmcmVzaCIsImV4cCI6MTU2OTgzMDg0MSwianRpIjoiMjE3MDRkMTdjYTQxNGVlODgzZmQ4MjU0YWZhMjg5N2UiLCJ1c2VyX2lkIjoxfQ.NJUkLCPngdVlo-4idQS0VSggwwUISXbKX5eTvp5qF_k","access":"eyJ0eXAiOiJKV1QiLCJhbGciOiJIUzI1NiJ9.eyJ0b2tlbl90eXBlIjoiYWNjZXNzIiwiZXhwIjoxNTY5NzQ4MDQxLCJqdGkiOiJjOTk3NmFkYzhlOGM0N2E4OWVhMWI2YjEwYTdiZTkxMSIsInVzZXJfaWQiOjF9.A9WV8npHRFDrbtNOaELGiBXbXQbq3Wm3A7m-D2iOAlI"},"code":20000,"message":"success"}
2019-09-29 16:07:21,807 INFO <Response [200]>
2019-09-29 16:07:21,807 INFO <Response [200]>
2019-09-29 16:07:21,807 INFO <Response [200]>
2019-09-29 16:07:21,807 INFO <Response [200]>
2019-09-29 16:07:21,807 INFO <Response [200]>
2019-09-29 16:07:21,807 INFO <Response [200]>
2019-09-29 16:07:21,807 INFO <Response [200]>
2019-09-29 16:07:21,807 INFO <Response [200]>
2019-09-29 16:07:21,807 INFO <Response [200]>
2019-09-29 16:07:21,807 INFO <Response [200]>
2019-09-29 16:07:21,807 INFO <Response [200]>
2019-09-29 16:07:21,807 INFO <Response [200]>
2019-09-29 16:07:21,809 INFO in login！
2019-09-29 16:07:21,809 INFO in login！
2019-09-29 16:07:21,809 INFO in login！
2019-09-29 16:07:21,809 INFO in login！
2019-09-29 16:07:21,809 INFO in login！
2019-09-29 16:07:21,809 INFO in login！
2019-09-29 16:07:21,809 INFO in login！
2019-09-29 16:07:21,809 INFO in login！
2019-09-29 16:07:21,809 INFO in login！
2019-09-29 16:07:21,809 INFO in login！
2019-09-29 16:07:21,809 INFO in login！
2019-09-29 16:07:21,809 INFO in login！
2019-09-29 16:07:21,809 INFO in login！
2019-09-29 16:07:22,328 INFO response is : <Response [200]>
2019-09-29 16:07:22,328 INFO response is : <Response [200]>
2019-09-29 16:07:22,328 INFO response is : <Response [200]>
2019-09-29 16:07:22,328 INFO response is : <Response [200]>
2019-09-29 16:07:22,328 INFO response is : <Response [200]>
2019-09-29 16:07:22,328 INFO response is : <Response [200]>
2019-09-29 16:07:22,328 INFO response is : <Response [200]>
2019-09-29 16:07:22,328 INFO response is : <Response [200]>
2019-09-29 16:07:22,328 INFO response is : <Response [200]>
2019-09-29 16:07:22,328 INFO response is : <Response [200]>
2019-09-29 16:07:22,328 INFO response is : <Response [200]>
2019-09-29 16:07:22,328 INFO response is : <Response [200]>
2019-09-29 16:07:22,328 INFO response is : <Response [200]>
2019-09-29 16:07:22,328 INFO response is : <Response [200]>
2019-09-29 16:07:22,331 INFO response is : {"data":{"refresh":"eyJ0eXAiOiJKV1QiLCJhbGciOiJIUzI1NiJ9.eyJ0b2tlbl90eXBlIjoicmVmcmVzaCIsImV4cCI6MTU2OTgzMDg0MiwianRpIjoiYjNlYzIyMGNhMGI0NDcyM2I0MWM3ZWZiYjZmOTFhOTMiLCJ1c2VyX2lkIjoxfQ.grrw3R5jZn1C9jP6fe_TWE0DlFdw6BauCq3L2IqhzsE","access":"eyJ0eXAiOiJKV1QiLCJhbGciOiJIUzI1NiJ9.eyJ0b2tlbl90eXBlIjoiYWNjZXNzIiwiZXhwIjoxNTY5NzQ4MDQyLCJqdGkiOiJlOGI0NzNhNDI4MTg0MzAwYWUxYjlhZThmMjIwZmU0YiIsInVzZXJfaWQiOjF9.pekzWph0osC9X99K0N32Gefck40CS53vhDCGuo6tLZc"},"code":20000,"message":"success"}
2019-09-29 16:07:22,331 INFO response is : {"data":{"refresh":"eyJ0eXAiOiJKV1QiLCJhbGciOiJIUzI1NiJ9.eyJ0b2tlbl90eXBlIjoicmVmcmVzaCIsImV4cCI6MTU2OTgzMDg0MiwianRpIjoiYjNlYzIyMGNhMGI0NDcyM2I0MWM3ZWZiYjZmOTFhOTMiLCJ1c2VyX2lkIjoxfQ.grrw3R5jZn1C9jP6fe_TWE0DlFdw6BauCq3L2IqhzsE","access":"eyJ0eXAiOiJKV1QiLCJhbGciOiJIUzI1NiJ9.eyJ0b2tlbl90eXBlIjoiYWNjZXNzIiwiZXhwIjoxNTY5NzQ4MDQyLCJqdGkiOiJlOGI0NzNhNDI4MTg0MzAwYWUxYjlhZThmMjIwZmU0YiIsInVzZXJfaWQiOjF9.pekzWph0osC9X99K0N32Gefck40CS53vhDCGuo6tLZc"},"code":20000,"message":"success"}
2019-09-29 16:07:22,331 INFO response is : {"data":{"refresh":"eyJ0eXAiOiJKV1QiLCJhbGciOiJIUzI1NiJ9.eyJ0b2tlbl90eXBlIjoicmVmcmVzaCIsImV4cCI6MTU2OTgzMDg0MiwianRpIjoiYjNlYzIyMGNhMGI0NDcyM2I0MWM3ZWZiYjZmOTFhOTMiLCJ1c2VyX2lkIjoxfQ.grrw3R5jZn1C9jP6fe_TWE0DlFdw6BauCq3L2IqhzsE","access":"eyJ0eXAiOiJKV1QiLCJhbGciOiJIUzI1NiJ9.eyJ0b2tlbl90eXBlIjoiYWNjZXNzIiwiZXhwIjoxNTY5NzQ4MDQyLCJqdGkiOiJlOGI0NzNhNDI4MTg0MzAwYWUxYjlhZThmMjIwZmU0YiIsInVzZXJfaWQiOjF9.pekzWph0osC9X99K0N32Gefck40CS53vhDCGuo6tLZc"},"code":20000,"message":"success"}
2019-09-29 16:07:22,331 INFO response is : {"data":{"refresh":"eyJ0eXAiOiJKV1QiLCJhbGciOiJIUzI1NiJ9.eyJ0b2tlbl90eXBlIjoicmVmcmVzaCIsImV4cCI6MTU2OTgzMDg0MiwianRpIjoiYjNlYzIyMGNhMGI0NDcyM2I0MWM3ZWZiYjZmOTFhOTMiLCJ1c2VyX2lkIjoxfQ.grrw3R5jZn1C9jP6fe_TWE0DlFdw6BauCq3L2IqhzsE","access":"eyJ0eXAiOiJKV1QiLCJhbGciOiJIUzI1NiJ9.eyJ0b2tlbl90eXBlIjoiYWNjZXNzIiwiZXhwIjoxNTY5NzQ4MDQyLCJqdGkiOiJlOGI0NzNhNDI4MTg0MzAwYWUxYjlhZThmMjIwZmU0YiIsInVzZXJfaWQiOjF9.pekzWph0osC9X99K0N32Gefck40CS53vhDCGuo6tLZc"},"code":20000,"message":"success"}
2019-09-29 16:07:22,331 INFO response is : {"data":{"refresh":"eyJ0eXAiOiJKV1QiLCJhbGciOiJIUzI1NiJ9.eyJ0b2tlbl90eXBlIjoicmVmcmVzaCIsImV4cCI6MTU2OTgzMDg0MiwianRpIjoiYjNlYzIyMGNhMGI0NDcyM2I0MWM3ZWZiYjZmOTFhOTMiLCJ1c2VyX2lkIjoxfQ.grrw3R5jZn1C9jP6fe_TWE0DlFdw6BauCq3L2IqhzsE","access":"eyJ0eXAiOiJKV1QiLCJhbGciOiJIUzI1NiJ9.eyJ0b2tlbl90eXBlIjoiYWNjZXNzIiwiZXhwIjoxNTY5NzQ4MDQyLCJqdGkiOiJlOGI0NzNhNDI4MTg0MzAwYWUxYjlhZThmMjIwZmU0YiIsInVzZXJfaWQiOjF9.pekzWph0osC9X99K0N32Gefck40CS53vhDCGuo6tLZc"},"code":20000,"message":"success"}
2019-09-29 16:07:22,331 INFO response is : {"data":{"refresh":"eyJ0eXAiOiJKV1QiLCJhbGciOiJIUzI1NiJ9.eyJ0b2tlbl90eXBlIjoicmVmcmVzaCIsImV4cCI6MTU2OTgzMDg0MiwianRpIjoiYjNlYzIyMGNhMGI0NDcyM2I0MWM3ZWZiYjZmOTFhOTMiLCJ1c2VyX2lkIjoxfQ.grrw3R5jZn1C9jP6fe_TWE0DlFdw6BauCq3L2IqhzsE","access":"eyJ0eXAiOiJKV1QiLCJhbGciOiJIUzI1NiJ9.eyJ0b2tlbl90eXBlIjoiYWNjZXNzIiwiZXhwIjoxNTY5NzQ4MDQyLCJqdGkiOiJlOGI0NzNhNDI4MTg0MzAwYWUxYjlhZThmMjIwZmU0YiIsInVzZXJfaWQiOjF9.pekzWph0osC9X99K0N32Gefck40CS53vhDCGuo6tLZc"},"code":20000,"message":"success"}
2019-09-29 16:07:22,331 INFO response is : {"data":{"refresh":"eyJ0eXAiOiJKV1QiLCJhbGciOiJIUzI1NiJ9.eyJ0b2tlbl90eXBlIjoicmVmcmVzaCIsImV4cCI6MTU2OTgzMDg0MiwianRpIjoiYjNlYzIyMGNhMGI0NDcyM2I0MWM3ZWZiYjZmOTFhOTMiLCJ1c2VyX2lkIjoxfQ.grrw3R5jZn1C9jP6fe_TWE0DlFdw6BauCq3L2IqhzsE","access":"eyJ0eXAiOiJKV1QiLCJhbGciOiJIUzI1NiJ9.eyJ0b2tlbl90eXBlIjoiYWNjZXNzIiwiZXhwIjoxNTY5NzQ4MDQyLCJqdGkiOiJlOGI0NzNhNDI4MTg0MzAwYWUxYjlhZThmMjIwZmU0YiIsInVzZXJfaWQiOjF9.pekzWph0osC9X99K0N32Gefck40CS53vhDCGuo6tLZc"},"code":20000,"message":"success"}
2019-09-29 16:07:22,331 INFO response is : {"data":{"refresh":"eyJ0eXAiOiJKV1QiLCJhbGciOiJIUzI1NiJ9.eyJ0b2tlbl90eXBlIjoicmVmcmVzaCIsImV4cCI6MTU2OTgzMDg0MiwianRpIjoiYjNlYzIyMGNhMGI0NDcyM2I0MWM3ZWZiYjZmOTFhOTMiLCJ1c2VyX2lkIjoxfQ.grrw3R5jZn1C9jP6fe_TWE0DlFdw6BauCq3L2IqhzsE","access":"eyJ0eXAiOiJKV1QiLCJhbGciOiJIUzI1NiJ9.eyJ0b2tlbl90eXBlIjoiYWNjZXNzIiwiZXhwIjoxNTY5NzQ4MDQyLCJqdGkiOiJlOGI0NzNhNDI4MTg0MzAwYWUxYjlhZThmMjIwZmU0YiIsInVzZXJfaWQiOjF9.pekzWph0osC9X99K0N32Gefck40CS53vhDCGuo6tLZc"},"code":20000,"message":"success"}
2019-09-29 16:07:22,331 INFO response is : {"data":{"refresh":"eyJ0eXAiOiJKV1QiLCJhbGciOiJIUzI1NiJ9.eyJ0b2tlbl90eXBlIjoicmVmcmVzaCIsImV4cCI6MTU2OTgzMDg0MiwianRpIjoiYjNlYzIyMGNhMGI0NDcyM2I0MWM3ZWZiYjZmOTFhOTMiLCJ1c2VyX2lkIjoxfQ.grrw3R5jZn1C9jP6fe_TWE0DlFdw6BauCq3L2IqhzsE","access":"eyJ0eXAiOiJKV1QiLCJhbGciOiJIUzI1NiJ9.eyJ0b2tlbl90eXBlIjoiYWNjZXNzIiwiZXhwIjoxNTY5NzQ4MDQyLCJqdGkiOiJlOGI0NzNhNDI4MTg0MzAwYWUxYjlhZThmMjIwZmU0YiIsInVzZXJfaWQiOjF9.pekzWph0osC9X99K0N32Gefck40CS53vhDCGuo6tLZc"},"code":20000,"message":"success"}
2019-09-29 16:07:22,331 INFO response is : {"data":{"refresh":"eyJ0eXAiOiJKV1QiLCJhbGciOiJIUzI1NiJ9.eyJ0b2tlbl90eXBlIjoicmVmcmVzaCIsImV4cCI6MTU2OTgzMDg0MiwianRpIjoiYjNlYzIyMGNhMGI0NDcyM2I0MWM3ZWZiYjZmOTFhOTMiLCJ1c2VyX2lkIjoxfQ.grrw3R5jZn1C9jP6fe_TWE0DlFdw6BauCq3L2IqhzsE","access":"eyJ0eXAiOiJKV1QiLCJhbGciOiJIUzI1NiJ9.eyJ0b2tlbl90eXBlIjoiYWNjZXNzIiwiZXhwIjoxNTY5NzQ4MDQyLCJqdGkiOiJlOGI0NzNhNDI4MTg0MzAwYWUxYjlhZThmMjIwZmU0YiIsInVzZXJfaWQiOjF9.pekzWph0osC9X99K0N32Gefck40CS53vhDCGuo6tLZc"},"code":20000,"message":"success"}
2019-09-29 16:07:22,331 INFO response is : {"data":{"refresh":"eyJ0eXAiOiJKV1QiLCJhbGciOiJIUzI1NiJ9.eyJ0b2tlbl90eXBlIjoicmVmcmVzaCIsImV4cCI6MTU2OTgzMDg0MiwianRpIjoiYjNlYzIyMGNhMGI0NDcyM2I0MWM3ZWZiYjZmOTFhOTMiLCJ1c2VyX2lkIjoxfQ.grrw3R5jZn1C9jP6fe_TWE0DlFdw6BauCq3L2IqhzsE","access":"eyJ0eXAiOiJKV1QiLCJhbGciOiJIUzI1NiJ9.eyJ0b2tlbl90eXBlIjoiYWNjZXNzIiwiZXhwIjoxNTY5NzQ4MDQyLCJqdGkiOiJlOGI0NzNhNDI4MTg0MzAwYWUxYjlhZThmMjIwZmU0YiIsInVzZXJfaWQiOjF9.pekzWph0osC9X99K0N32Gefck40CS53vhDCGuo6tLZc"},"code":20000,"message":"success"}
2019-09-29 16:07:22,331 INFO response is : {"data":{"refresh":"eyJ0eXAiOiJKV1QiLCJhbGciOiJIUzI1NiJ9.eyJ0b2tlbl90eXBlIjoicmVmcmVzaCIsImV4cCI6MTU2OTgzMDg0MiwianRpIjoiYjNlYzIyMGNhMGI0NDcyM2I0MWM3ZWZiYjZmOTFhOTMiLCJ1c2VyX2lkIjoxfQ.grrw3R5jZn1C9jP6fe_TWE0DlFdw6BauCq3L2IqhzsE","access":"eyJ0eXAiOiJKV1QiLCJhbGciOiJIUzI1NiJ9.eyJ0b2tlbl90eXBlIjoiYWNjZXNzIiwiZXhwIjoxNTY5NzQ4MDQyLCJqdGkiOiJlOGI0NzNhNDI4MTg0MzAwYWUxYjlhZThmMjIwZmU0YiIsInVzZXJfaWQiOjF9.pekzWph0osC9X99K0N32Gefck40CS53vhDCGuo6tLZc"},"code":20000,"message":"success"}
2019-09-29 16:07:22,331 INFO response is : {"data":{"refresh":"eyJ0eXAiOiJKV1QiLCJhbGciOiJIUzI1NiJ9.eyJ0b2tlbl90eXBlIjoicmVmcmVzaCIsImV4cCI6MTU2OTgzMDg0MiwianRpIjoiYjNlYzIyMGNhMGI0NDcyM2I0MWM3ZWZiYjZmOTFhOTMiLCJ1c2VyX2lkIjoxfQ.grrw3R5jZn1C9jP6fe_TWE0DlFdw6BauCq3L2IqhzsE","access":"eyJ0eXAiOiJKV1QiLCJhbGciOiJIUzI1NiJ9.eyJ0b2tlbl90eXBlIjoiYWNjZXNzIiwiZXhwIjoxNTY5NzQ4MDQyLCJqdGkiOiJlOGI0NzNhNDI4MTg0MzAwYWUxYjlhZThmMjIwZmU0YiIsInVzZXJfaWQiOjF9.pekzWph0osC9X99K0N32Gefck40CS53vhDCGuo6tLZc"},"code":20000,"message":"success"}
2019-09-29 16:07:22,331 INFO response is : {"data":{"refresh":"eyJ0eXAiOiJKV1QiLCJhbGciOiJIUzI1NiJ9.eyJ0b2tlbl90eXBlIjoicmVmcmVzaCIsImV4cCI6MTU2OTgzMDg0MiwianRpIjoiYjNlYzIyMGNhMGI0NDcyM2I0MWM3ZWZiYjZmOTFhOTMiLCJ1c2VyX2lkIjoxfQ.grrw3R5jZn1C9jP6fe_TWE0DlFdw6BauCq3L2IqhzsE","access":"eyJ0eXAiOiJKV1QiLCJhbGciOiJIUzI1NiJ9.eyJ0b2tlbl90eXBlIjoiYWNjZXNzIiwiZXhwIjoxNTY5NzQ4MDQyLCJqdGkiOiJlOGI0NzNhNDI4MTg0MzAwYWUxYjlhZThmMjIwZmU0YiIsInVzZXJfaWQiOjF9.pekzWph0osC9X99K0N32Gefck40CS53vhDCGuo6tLZc"},"code":20000,"message":"success"}
2019-09-29 16:07:22,331 INFO response is : {"data":{"refresh":"eyJ0eXAiOiJKV1QiLCJhbGciOiJIUzI1NiJ9.eyJ0b2tlbl90eXBlIjoicmVmcmVzaCIsImV4cCI6MTU2OTgzMDg0MiwianRpIjoiYjNlYzIyMGNhMGI0NDcyM2I0MWM3ZWZiYjZmOTFhOTMiLCJ1c2VyX2lkIjoxfQ.grrw3R5jZn1C9jP6fe_TWE0DlFdw6BauCq3L2IqhzsE","access":"eyJ0eXAiOiJKV1QiLCJhbGciOiJIUzI1NiJ9.eyJ0b2tlbl90eXBlIjoiYWNjZXNzIiwiZXhwIjoxNTY5NzQ4MDQyLCJqdGkiOiJlOGI0NzNhNDI4MTg0MzAwYWUxYjlhZThmMjIwZmU0YiIsInVzZXJfaWQiOjF9.pekzWph0osC9X99K0N32Gefck40CS53vhDCGuo6tLZc"},"code":20000,"message":"success"}
2019-09-29 16:07:22,333 INFO <Response [200]>
2019-09-29 16:07:22,333 INFO <Response [200]>
2019-09-29 16:07:22,333 INFO <Response [200]>
2019-09-29 16:07:22,333 INFO <Response [200]>
2019-09-29 16:07:22,333 INFO <Response [200]>
2019-09-29 16:07:22,333 INFO <Response [200]>
2019-09-29 16:07:22,333 INFO <Response [200]>
2019-09-29 16:07:22,333 INFO <Response [200]>
2019-09-29 16:07:22,333 INFO <Response [200]>
2019-09-29 16:07:22,333 INFO <Response [200]>
2019-09-29 16:07:22,333 INFO <Response [200]>
2019-09-29 16:07:22,333 INFO <Response [200]>
2019-09-29 16:07:22,333 INFO <Response [200]>
2019-09-29 16:07:22,333 INFO <Response [200]>
2019-09-29 16:07:22,333 INFO <Response [200]>
2019-09-29 16:07:22,333 INFO <Response [200]>
2019-09-29 16:08:01,371 INFO 开始执行测试,报告输出模式text
2019-09-29 16:08:02,392 INFO in login！
2019-09-29 16:08:02,392 INFO in login！
2019-09-29 16:08:03,023 INFO response is : <Response [200]>
2019-09-29 16:08:03,023 INFO response is : <Response [200]>
2019-09-29 16:08:03,023 INFO response is : <Response [200]>
2019-09-29 16:08:03,023 INFO response is : {"data":{"refresh":"eyJ0eXAiOiJKV1QiLCJhbGciOiJIUzI1NiJ9.eyJ0b2tlbl90eXBlIjoicmVmcmVzaCIsImV4cCI6MTU2OTgzMDg4MiwianRpIjoiYjg3ODJkMTU5NjdkNDMyODhjODBmNDJkYjVhMGVkMzEiLCJ1c2VyX2lkIjoxfQ.TnnCTpkwzuD336-SrG3HjA7cD3l-t0hljKEwNOZU9ek","access":"eyJ0eXAiOiJKV1QiLCJhbGciOiJIUzI1NiJ9.eyJ0b2tlbl90eXBlIjoiYWNjZXNzIiwiZXhwIjoxNTY5NzQ4MDgyLCJqdGkiOiI4MDkwMzZmMjEwNmM0NmExYTlhM2JjZTJlYzcxZjFiNSIsInVzZXJfaWQiOjF9.LDgEF5aLorHySTTpVhfMXQk_4mZ-BiTOQiYrZTvK-6Y"},"code":20000,"message":"success"}
2019-09-29 16:08:03,023 INFO response is : {"data":{"refresh":"eyJ0eXAiOiJKV1QiLCJhbGciOiJIUzI1NiJ9.eyJ0b2tlbl90eXBlIjoicmVmcmVzaCIsImV4cCI6MTU2OTgzMDg4MiwianRpIjoiYjg3ODJkMTU5NjdkNDMyODhjODBmNDJkYjVhMGVkMzEiLCJ1c2VyX2lkIjoxfQ.TnnCTpkwzuD336-SrG3HjA7cD3l-t0hljKEwNOZU9ek","access":"eyJ0eXAiOiJKV1QiLCJhbGciOiJIUzI1NiJ9.eyJ0b2tlbl90eXBlIjoiYWNjZXNzIiwiZXhwIjoxNTY5NzQ4MDgyLCJqdGkiOiI4MDkwMzZmMjEwNmM0NmExYTlhM2JjZTJlYzcxZjFiNSIsInVzZXJfaWQiOjF9.LDgEF5aLorHySTTpVhfMXQk_4mZ-BiTOQiYrZTvK-6Y"},"code":20000,"message":"success"}
2019-09-29 16:08:03,023 INFO response is : {"data":{"refresh":"eyJ0eXAiOiJKV1QiLCJhbGciOiJIUzI1NiJ9.eyJ0b2tlbl90eXBlIjoicmVmcmVzaCIsImV4cCI6MTU2OTgzMDg4MiwianRpIjoiYjg3ODJkMTU5NjdkNDMyODhjODBmNDJkYjVhMGVkMzEiLCJ1c2VyX2lkIjoxfQ.TnnCTpkwzuD336-SrG3HjA7cD3l-t0hljKEwNOZU9ek","access":"eyJ0eXAiOiJKV1QiLCJhbGciOiJIUzI1NiJ9.eyJ0b2tlbl90eXBlIjoiYWNjZXNzIiwiZXhwIjoxNTY5NzQ4MDgyLCJqdGkiOiI4MDkwMzZmMjEwNmM0NmExYTlhM2JjZTJlYzcxZjFiNSIsInVzZXJfaWQiOjF9.LDgEF5aLorHySTTpVhfMXQk_4mZ-BiTOQiYrZTvK-6Y"},"code":20000,"message":"success"}
2019-09-29 16:08:03,023 INFO response is : {"data":{"refresh":"eyJ0eXAiOiJKV1QiLCJhbGciOiJIUzI1NiJ9.eyJ0b2tlbl90eXBlIjoicmVmcmVzaCIsImV4cCI6MTU2OTgzMDg4MiwianRpIjoiYjg3ODJkMTU5NjdkNDMyODhjODBmNDJkYjVhMGVkMzEiLCJ1c2VyX2lkIjoxfQ.TnnCTpkwzuD336-SrG3HjA7cD3l-t0hljKEwNOZU9ek","access":"eyJ0eXAiOiJKV1QiLCJhbGciOiJIUzI1NiJ9.eyJ0b2tlbl90eXBlIjoiYWNjZXNzIiwiZXhwIjoxNTY5NzQ4MDgyLCJqdGkiOiI4MDkwMzZmMjEwNmM0NmExYTlhM2JjZTJlYzcxZjFiNSIsInVzZXJfaWQiOjF9.LDgEF5aLorHySTTpVhfMXQk_4mZ-BiTOQiYrZTvK-6Y"},"code":20000,"message":"success"}
2019-09-29 16:08:03,024 INFO <Response [200]>
2019-09-29 16:08:03,024 INFO <Response [200]>
2019-09-29 16:08:03,024 INFO <Response [200]>
2019-09-29 16:08:03,024 INFO <Response [200]>
2019-09-29 16:08:03,024 INFO <Response [200]>
2019-09-29 16:08:03,026 INFO in getUserinfo heasers is :{'Content-Type': 'application/json', 'Authorization': 'Bearer eyJ0eXAiOiJKV1QiLCJhbGciOiJIUzI1NiJ9.eyJ0b2tlbl90eXBlIjoiYWNjZXNzIiwiZXhwIjoxNTY5NzQ4MDgyLCJqdGkiOiI4MDkwMzZmMjEwNmM0NmExYTlhM2JjZTJlYzcxZjFiNSIsInVzZXJfaWQiOjF9.LDgEF5aLorHySTTpVhfMXQk_4mZ-BiTOQiYrZTvK-6Y'}
2019-09-29 16:08:03,026 INFO in getUserinfo heasers is :{'Content-Type': 'application/json', 'Authorization': 'Bearer eyJ0eXAiOiJKV1QiLCJhbGciOiJIUzI1NiJ9.eyJ0b2tlbl90eXBlIjoiYWNjZXNzIiwiZXhwIjoxNTY5NzQ4MDgyLCJqdGkiOiI4MDkwMzZmMjEwNmM0NmExYTlhM2JjZTJlYzcxZjFiNSIsInVzZXJfaWQiOjF9.LDgEF5aLorHySTTpVhfMXQk_4mZ-BiTOQiYrZTvK-6Y'}
2019-09-29 16:08:03,026 INFO in getUserinfo heasers is :{'Content-Type': 'application/json', 'Authorization': 'Bearer eyJ0eXAiOiJKV1QiLCJhbGciOiJIUzI1NiJ9.eyJ0b2tlbl90eXBlIjoiYWNjZXNzIiwiZXhwIjoxNTY5NzQ4MDgyLCJqdGkiOiI4MDkwMzZmMjEwNmM0NmExYTlhM2JjZTJlYzcxZjFiNSIsInVzZXJfaWQiOjF9.LDgEF5aLorHySTTpVhfMXQk_4mZ-BiTOQiYrZTvK-6Y'}
2019-09-29 16:08:03,026 INFO in getUserinfo heasers is :{'Content-Type': 'application/json', 'Authorization': 'Bearer eyJ0eXAiOiJKV1QiLCJhbGciOiJIUzI1NiJ9.eyJ0b2tlbl90eXBlIjoiYWNjZXNzIiwiZXhwIjoxNTY5NzQ4MDgyLCJqdGkiOiI4MDkwMzZmMjEwNmM0NmExYTlhM2JjZTJlYzcxZjFiNSIsInVzZXJfaWQiOjF9.LDgEF5aLorHySTTpVhfMXQk_4mZ-BiTOQiYrZTvK-6Y'}
2019-09-29 16:08:03,026 INFO in getUserinfo heasers is :{'Content-Type': 'application/json', 'Authorization': 'Bearer eyJ0eXAiOiJKV1QiLCJhbGciOiJIUzI1NiJ9.eyJ0b2tlbl90eXBlIjoiYWNjZXNzIiwiZXhwIjoxNTY5NzQ4MDgyLCJqdGkiOiI4MDkwMzZmMjEwNmM0NmExYTlhM2JjZTJlYzcxZjFiNSIsInVzZXJfaWQiOjF9.LDgEF5aLorHySTTpVhfMXQk_4mZ-BiTOQiYrZTvK-6Y'}
2019-09-29 16:08:03,026 INFO in getUserinfo heasers is :{'Content-Type': 'application/json', 'Authorization': 'Bearer eyJ0eXAiOiJKV1QiLCJhbGciOiJIUzI1NiJ9.eyJ0b2tlbl90eXBlIjoiYWNjZXNzIiwiZXhwIjoxNTY5NzQ4MDgyLCJqdGkiOiI4MDkwMzZmMjEwNmM0NmExYTlhM2JjZTJlYzcxZjFiNSIsInVzZXJfaWQiOjF9.LDgEF5aLorHySTTpVhfMXQk_4mZ-BiTOQiYrZTvK-6Y'}
2019-09-29 16:08:03,425 INFO response is : <Response [200]>
2019-09-29 16:08:03,425 INFO response is : <Response [200]>
2019-09-29 16:08:03,425 INFO response is : <Response [200]>
2019-09-29 16:08:03,425 INFO response is : <Response [200]>
2019-09-29 16:08:03,425 INFO response is : <Response [200]>
2019-09-29 16:08:03,425 INFO response is : <Response [200]>
2019-09-29 16:08:03,425 INFO response is : <Response [200]>
2019-09-29 16:08:03,427 INFO <Response [200]>
2019-09-29 16:08:03,427 INFO <Response [200]>
2019-09-29 16:08:03,427 INFO <Response [200]>
2019-09-29 16:08:03,427 INFO <Response [200]>
2019-09-29 16:08:03,427 INFO <Response [200]>
2019-09-29 16:08:03,427 INFO <Response [200]>
2019-09-29 16:08:03,427 INFO <Response [200]>
2019-09-29 16:08:03,427 INFO <Response [200]>
2019-09-29 16:08:03,428 INFO in login！
2019-09-29 16:08:03,428 INFO in login！
2019-09-29 16:08:03,428 INFO in login！
2019-09-29 16:08:03,428 INFO in login！
2019-09-29 16:08:03,428 INFO in login！
2019-09-29 16:08:03,428 INFO in login！
2019-09-29 16:08:03,428 INFO in login！
2019-09-29 16:08:03,428 INFO in login！
2019-09-29 16:08:03,428 INFO in login！
2019-09-29 16:08:04,009 INFO response is : <Response [200]>
2019-09-29 16:08:04,009 INFO response is : <Response [200]>
2019-09-29 16:08:04,009 INFO response is : <Response [200]>
2019-09-29 16:08:04,009 INFO response is : <Response [200]>
2019-09-29 16:08:04,009 INFO response is : <Response [200]>
2019-09-29 16:08:04,009 INFO response is : <Response [200]>
2019-09-29 16:08:04,009 INFO response is : <Response [200]>
2019-09-29 16:08:04,009 INFO response is : <Response [200]>
2019-09-29 16:08:04,009 INFO response is : <Response [200]>
2019-09-29 16:08:04,009 INFO response is : <Response [200]>
2019-09-29 16:08:04,011 INFO response is : {"data":{"refresh":"eyJ0eXAiOiJKV1QiLCJhbGciOiJIUzI1NiJ9.eyJ0b2tlbl90eXBlIjoicmVmcmVzaCIsImV4cCI6MTU2OTgzMDg4MywianRpIjoiNmU5YzA5MTYyOTE5NGRmNThiMGE5NzE0YjE1NDJkZWYiLCJ1c2VyX2lkIjoxfQ.vrjEoDTcj-NTRHeAK1YNRcasy0wicKTA61y2Qu6EBFc","access":"eyJ0eXAiOiJKV1QiLCJhbGciOiJIUzI1NiJ9.eyJ0b2tlbl90eXBlIjoiYWNjZXNzIiwiZXhwIjoxNTY5NzQ4MDgzLCJqdGkiOiJkM2FiYzRmMzhjZjk0ODgwOWViZDg2NDc5YjhkNjgwYyIsInVzZXJfaWQiOjF9.X-PYQ4gXsyLYX3tEDPq0qsLYWSy4E16V9eswecZ9mLI"},"code":20000,"message":"success"}
2019-09-29 16:08:04,011 INFO response is : {"data":{"refresh":"eyJ0eXAiOiJKV1QiLCJhbGciOiJIUzI1NiJ9.eyJ0b2tlbl90eXBlIjoicmVmcmVzaCIsImV4cCI6MTU2OTgzMDg4MywianRpIjoiNmU5YzA5MTYyOTE5NGRmNThiMGE5NzE0YjE1NDJkZWYiLCJ1c2VyX2lkIjoxfQ.vrjEoDTcj-NTRHeAK1YNRcasy0wicKTA61y2Qu6EBFc","access":"eyJ0eXAiOiJKV1QiLCJhbGciOiJIUzI1NiJ9.eyJ0b2tlbl90eXBlIjoiYWNjZXNzIiwiZXhwIjoxNTY5NzQ4MDgzLCJqdGkiOiJkM2FiYzRmMzhjZjk0ODgwOWViZDg2NDc5YjhkNjgwYyIsInVzZXJfaWQiOjF9.X-PYQ4gXsyLYX3tEDPq0qsLYWSy4E16V9eswecZ9mLI"},"code":20000,"message":"success"}
2019-09-29 16:08:04,011 INFO response is : {"data":{"refresh":"eyJ0eXAiOiJKV1QiLCJhbGciOiJIUzI1NiJ9.eyJ0b2tlbl90eXBlIjoicmVmcmVzaCIsImV4cCI6MTU2OTgzMDg4MywianRpIjoiNmU5YzA5MTYyOTE5NGRmNThiMGE5NzE0YjE1NDJkZWYiLCJ1c2VyX2lkIjoxfQ.vrjEoDTcj-NTRHeAK1YNRcasy0wicKTA61y2Qu6EBFc","access":"eyJ0eXAiOiJKV1QiLCJhbGciOiJIUzI1NiJ9.eyJ0b2tlbl90eXBlIjoiYWNjZXNzIiwiZXhwIjoxNTY5NzQ4MDgzLCJqdGkiOiJkM2FiYzRmMzhjZjk0ODgwOWViZDg2NDc5YjhkNjgwYyIsInVzZXJfaWQiOjF9.X-PYQ4gXsyLYX3tEDPq0qsLYWSy4E16V9eswecZ9mLI"},"code":20000,"message":"success"}
2019-09-29 16:08:04,011 INFO response is : {"data":{"refresh":"eyJ0eXAiOiJKV1QiLCJhbGciOiJIUzI1NiJ9.eyJ0b2tlbl90eXBlIjoicmVmcmVzaCIsImV4cCI6MTU2OTgzMDg4MywianRpIjoiNmU5YzA5MTYyOTE5NGRmNThiMGE5NzE0YjE1NDJkZWYiLCJ1c2VyX2lkIjoxfQ.vrjEoDTcj-NTRHeAK1YNRcasy0wicKTA61y2Qu6EBFc","access":"eyJ0eXAiOiJKV1QiLCJhbGciOiJIUzI1NiJ9.eyJ0b2tlbl90eXBlIjoiYWNjZXNzIiwiZXhwIjoxNTY5NzQ4MDgzLCJqdGkiOiJkM2FiYzRmMzhjZjk0ODgwOWViZDg2NDc5YjhkNjgwYyIsInVzZXJfaWQiOjF9.X-PYQ4gXsyLYX3tEDPq0qsLYWSy4E16V9eswecZ9mLI"},"code":20000,"message":"success"}
2019-09-29 16:08:04,011 INFO response is : {"data":{"refresh":"eyJ0eXAiOiJKV1QiLCJhbGciOiJIUzI1NiJ9.eyJ0b2tlbl90eXBlIjoicmVmcmVzaCIsImV4cCI6MTU2OTgzMDg4MywianRpIjoiNmU5YzA5MTYyOTE5NGRmNThiMGE5NzE0YjE1NDJkZWYiLCJ1c2VyX2lkIjoxfQ.vrjEoDTcj-NTRHeAK1YNRcasy0wicKTA61y2Qu6EBFc","access":"eyJ0eXAiOiJKV1QiLCJhbGciOiJIUzI1NiJ9.eyJ0b2tlbl90eXBlIjoiYWNjZXNzIiwiZXhwIjoxNTY5NzQ4MDgzLCJqdGkiOiJkM2FiYzRmMzhjZjk0ODgwOWViZDg2NDc5YjhkNjgwYyIsInVzZXJfaWQiOjF9.X-PYQ4gXsyLYX3tEDPq0qsLYWSy4E16V9eswecZ9mLI"},"code":20000,"message":"success"}
2019-09-29 16:08:04,011 INFO response is : {"data":{"refresh":"eyJ0eXAiOiJKV1QiLCJhbGciOiJIUzI1NiJ9.eyJ0b2tlbl90eXBlIjoicmVmcmVzaCIsImV4cCI6MTU2OTgzMDg4MywianRpIjoiNmU5YzA5MTYyOTE5NGRmNThiMGE5NzE0YjE1NDJkZWYiLCJ1c2VyX2lkIjoxfQ.vrjEoDTcj-NTRHeAK1YNRcasy0wicKTA61y2Qu6EBFc","access":"eyJ0eXAiOiJKV1QiLCJhbGciOiJIUzI1NiJ9.eyJ0b2tlbl90eXBlIjoiYWNjZXNzIiwiZXhwIjoxNTY5NzQ4MDgzLCJqdGkiOiJkM2FiYzRmMzhjZjk0ODgwOWViZDg2NDc5YjhkNjgwYyIsInVzZXJfaWQiOjF9.X-PYQ4gXsyLYX3tEDPq0qsLYWSy4E16V9eswecZ9mLI"},"code":20000,"message":"success"}
2019-09-29 16:08:04,011 INFO response is : {"data":{"refresh":"eyJ0eXAiOiJKV1QiLCJhbGciOiJIUzI1NiJ9.eyJ0b2tlbl90eXBlIjoicmVmcmVzaCIsImV4cCI6MTU2OTgzMDg4MywianRpIjoiNmU5YzA5MTYyOTE5NGRmNThiMGE5NzE0YjE1NDJkZWYiLCJ1c2VyX2lkIjoxfQ.vrjEoDTcj-NTRHeAK1YNRcasy0wicKTA61y2Qu6EBFc","access":"eyJ0eXAiOiJKV1QiLCJhbGciOiJIUzI1NiJ9.eyJ0b2tlbl90eXBlIjoiYWNjZXNzIiwiZXhwIjoxNTY5NzQ4MDgzLCJqdGkiOiJkM2FiYzRmMzhjZjk0ODgwOWViZDg2NDc5YjhkNjgwYyIsInVzZXJfaWQiOjF9.X-PYQ4gXsyLYX3tEDPq0qsLYWSy4E16V9eswecZ9mLI"},"code":20000,"message":"success"}
2019-09-29 16:08:04,011 INFO response is : {"data":{"refresh":"eyJ0eXAiOiJKV1QiLCJhbGciOiJIUzI1NiJ9.eyJ0b2tlbl90eXBlIjoicmVmcmVzaCIsImV4cCI6MTU2OTgzMDg4MywianRpIjoiNmU5YzA5MTYyOTE5NGRmNThiMGE5NzE0YjE1NDJkZWYiLCJ1c2VyX2lkIjoxfQ.vrjEoDTcj-NTRHeAK1YNRcasy0wicKTA61y2Qu6EBFc","access":"eyJ0eXAiOiJKV1QiLCJhbGciOiJIUzI1NiJ9.eyJ0b2tlbl90eXBlIjoiYWNjZXNzIiwiZXhwIjoxNTY5NzQ4MDgzLCJqdGkiOiJkM2FiYzRmMzhjZjk0ODgwOWViZDg2NDc5YjhkNjgwYyIsInVzZXJfaWQiOjF9.X-PYQ4gXsyLYX3tEDPq0qsLYWSy4E16V9eswecZ9mLI"},"code":20000,"message":"success"}
2019-09-29 16:08:04,011 INFO response is : {"data":{"refresh":"eyJ0eXAiOiJKV1QiLCJhbGciOiJIUzI1NiJ9.eyJ0b2tlbl90eXBlIjoicmVmcmVzaCIsImV4cCI6MTU2OTgzMDg4MywianRpIjoiNmU5YzA5MTYyOTE5NGRmNThiMGE5NzE0YjE1NDJkZWYiLCJ1c2VyX2lkIjoxfQ.vrjEoDTcj-NTRHeAK1YNRcasy0wicKTA61y2Qu6EBFc","access":"eyJ0eXAiOiJKV1QiLCJhbGciOiJIUzI1NiJ9.eyJ0b2tlbl90eXBlIjoiYWNjZXNzIiwiZXhwIjoxNTY5NzQ4MDgzLCJqdGkiOiJkM2FiYzRmMzhjZjk0ODgwOWViZDg2NDc5YjhkNjgwYyIsInVzZXJfaWQiOjF9.X-PYQ4gXsyLYX3tEDPq0qsLYWSy4E16V9eswecZ9mLI"},"code":20000,"message":"success"}
2019-09-29 16:08:04,011 INFO response is : {"data":{"refresh":"eyJ0eXAiOiJKV1QiLCJhbGciOiJIUzI1NiJ9.eyJ0b2tlbl90eXBlIjoicmVmcmVzaCIsImV4cCI6MTU2OTgzMDg4MywianRpIjoiNmU5YzA5MTYyOTE5NGRmNThiMGE5NzE0YjE1NDJkZWYiLCJ1c2VyX2lkIjoxfQ.vrjEoDTcj-NTRHeAK1YNRcasy0wicKTA61y2Qu6EBFc","access":"eyJ0eXAiOiJKV1QiLCJhbGciOiJIUzI1NiJ9.eyJ0b2tlbl90eXBlIjoiYWNjZXNzIiwiZXhwIjoxNTY5NzQ4MDgzLCJqdGkiOiJkM2FiYzRmMzhjZjk0ODgwOWViZDg2NDc5YjhkNjgwYyIsInVzZXJfaWQiOjF9.X-PYQ4gXsyLYX3tEDPq0qsLYWSy4E16V9eswecZ9mLI"},"code":20000,"message":"success"}
2019-09-29 16:08:04,011 INFO response is : {"data":{"refresh":"eyJ0eXAiOiJKV1QiLCJhbGciOiJIUzI1NiJ9.eyJ0b2tlbl90eXBlIjoicmVmcmVzaCIsImV4cCI6MTU2OTgzMDg4MywianRpIjoiNmU5YzA5MTYyOTE5NGRmNThiMGE5NzE0YjE1NDJkZWYiLCJ1c2VyX2lkIjoxfQ.vrjEoDTcj-NTRHeAK1YNRcasy0wicKTA61y2Qu6EBFc","access":"eyJ0eXAiOiJKV1QiLCJhbGciOiJIUzI1NiJ9.eyJ0b2tlbl90eXBlIjoiYWNjZXNzIiwiZXhwIjoxNTY5NzQ4MDgzLCJqdGkiOiJkM2FiYzRmMzhjZjk0ODgwOWViZDg2NDc5YjhkNjgwYyIsInVzZXJfaWQiOjF9.X-PYQ4gXsyLYX3tEDPq0qsLYWSy4E16V9eswecZ9mLI"},"code":20000,"message":"success"}
2019-09-29 16:08:04,014 INFO <Response [200]>
2019-09-29 16:08:04,014 INFO <Response [200]>
2019-09-29 16:08:04,014 INFO <Response [200]>
2019-09-29 16:08:04,014 INFO <Response [200]>
2019-09-29 16:08:04,014 INFO <Response [200]>
2019-09-29 16:08:04,014 INFO <Response [200]>
2019-09-29 16:08:04,014 INFO <Response [200]>
2019-09-29 16:08:04,014 INFO <Response [200]>
2019-09-29 16:08:04,014 INFO <Response [200]>
2019-09-29 16:08:04,014 INFO <Response [200]>
2019-09-29 16:08:04,014 INFO <Response [200]>
2019-09-29 16:08:04,014 INFO <Response [200]>
2019-09-29 16:08:04,015 INFO in login！
2019-09-29 16:08:04,015 INFO in login！
2019-09-29 16:08:04,015 INFO in login！
2019-09-29 16:08:04,015 INFO in login！
2019-09-29 16:08:04,015 INFO in login！
2019-09-29 16:08:04,015 INFO in login！
2019-09-29 16:08:04,015 INFO in login！
2019-09-29 16:08:04,015 INFO in login！
2019-09-29 16:08:04,015 INFO in login！
2019-09-29 16:08:04,015 INFO in login！
2019-09-29 16:08:04,015 INFO in login！
2019-09-29 16:08:04,015 INFO in login！
2019-09-29 16:08:04,015 INFO in login！
2019-09-29 16:08:04,519 INFO response is : <Response [200]>
2019-09-29 16:08:04,519 INFO response is : <Response [200]>
2019-09-29 16:08:04,519 INFO response is : <Response [200]>
2019-09-29 16:08:04,519 INFO response is : <Response [200]>
2019-09-29 16:08:04,519 INFO response is : <Response [200]>
2019-09-29 16:08:04,519 INFO response is : <Response [200]>
2019-09-29 16:08:04,519 INFO response is : <Response [200]>
2019-09-29 16:08:04,519 INFO response is : <Response [200]>
2019-09-29 16:08:04,519 INFO response is : <Response [200]>
2019-09-29 16:08:04,519 INFO response is : <Response [200]>
2019-09-29 16:08:04,519 INFO response is : <Response [200]>
2019-09-29 16:08:04,519 INFO response is : <Response [200]>
2019-09-29 16:08:04,519 INFO response is : <Response [200]>
2019-09-29 16:08:04,519 INFO response is : <Response [200]>
2019-09-29 16:08:04,520 INFO response is : {"data":{"refresh":"eyJ0eXAiOiJKV1QiLCJhbGciOiJIUzI1NiJ9.eyJ0b2tlbl90eXBlIjoicmVmcmVzaCIsImV4cCI6MTU2OTgzMDg4NCwianRpIjoiMzU1NTdiNjM5YjI4NDNmNTgzNmI1MmYyMTljNDI5YTAiLCJ1c2VyX2lkIjoxfQ.hV3-x8-v9JOkShjxdIZpl0YT7aUhY9rEA_yr6Dlmnrg","access":"eyJ0eXAiOiJKV1QiLCJhbGciOiJIUzI1NiJ9.eyJ0b2tlbl90eXBlIjoiYWNjZXNzIiwiZXhwIjoxNTY5NzQ4MDg0LCJqdGkiOiI3M2M0NGY4Yzg5ZDU0YWFlOGM1OTZmODQyMmJkMDI2YiIsInVzZXJfaWQiOjF9.aUacL2HVM6rvSdoqMFbZhjJqK0bB_3h_f9bDPfVEO44"},"code":20000,"message":"success"}
2019-09-29 16:08:04,520 INFO response is : {"data":{"refresh":"eyJ0eXAiOiJKV1QiLCJhbGciOiJIUzI1NiJ9.eyJ0b2tlbl90eXBlIjoicmVmcmVzaCIsImV4cCI6MTU2OTgzMDg4NCwianRpIjoiMzU1NTdiNjM5YjI4NDNmNTgzNmI1MmYyMTljNDI5YTAiLCJ1c2VyX2lkIjoxfQ.hV3-x8-v9JOkShjxdIZpl0YT7aUhY9rEA_yr6Dlmnrg","access":"eyJ0eXAiOiJKV1QiLCJhbGciOiJIUzI1NiJ9.eyJ0b2tlbl90eXBlIjoiYWNjZXNzIiwiZXhwIjoxNTY5NzQ4MDg0LCJqdGkiOiI3M2M0NGY4Yzg5ZDU0YWFlOGM1OTZmODQyMmJkMDI2YiIsInVzZXJfaWQiOjF9.aUacL2HVM6rvSdoqMFbZhjJqK0bB_3h_f9bDPfVEO44"},"code":20000,"message":"success"}
2019-09-29 16:08:04,520 INFO response is : {"data":{"refresh":"eyJ0eXAiOiJKV1QiLCJhbGciOiJIUzI1NiJ9.eyJ0b2tlbl90eXBlIjoicmVmcmVzaCIsImV4cCI6MTU2OTgzMDg4NCwianRpIjoiMzU1NTdiNjM5YjI4NDNmNTgzNmI1MmYyMTljNDI5YTAiLCJ1c2VyX2lkIjoxfQ.hV3-x8-v9JOkShjxdIZpl0YT7aUhY9rEA_yr6Dlmnrg","access":"eyJ0eXAiOiJKV1QiLCJhbGciOiJIUzI1NiJ9.eyJ0b2tlbl90eXBlIjoiYWNjZXNzIiwiZXhwIjoxNTY5NzQ4MDg0LCJqdGkiOiI3M2M0NGY4Yzg5ZDU0YWFlOGM1OTZmODQyMmJkMDI2YiIsInVzZXJfaWQiOjF9.aUacL2HVM6rvSdoqMFbZhjJqK0bB_3h_f9bDPfVEO44"},"code":20000,"message":"success"}
2019-09-29 16:08:04,520 INFO response is : {"data":{"refresh":"eyJ0eXAiOiJKV1QiLCJhbGciOiJIUzI1NiJ9.eyJ0b2tlbl90eXBlIjoicmVmcmVzaCIsImV4cCI6MTU2OTgzMDg4NCwianRpIjoiMzU1NTdiNjM5YjI4NDNmNTgzNmI1MmYyMTljNDI5YTAiLCJ1c2VyX2lkIjoxfQ.hV3-x8-v9JOkShjxdIZpl0YT7aUhY9rEA_yr6Dlmnrg","access":"eyJ0eXAiOiJKV1QiLCJhbGciOiJIUzI1NiJ9.eyJ0b2tlbl90eXBlIjoiYWNjZXNzIiwiZXhwIjoxNTY5NzQ4MDg0LCJqdGkiOiI3M2M0NGY4Yzg5ZDU0YWFlOGM1OTZmODQyMmJkMDI2YiIsInVzZXJfaWQiOjF9.aUacL2HVM6rvSdoqMFbZhjJqK0bB_3h_f9bDPfVEO44"},"code":20000,"message":"success"}
2019-09-29 16:08:04,520 INFO response is : {"data":{"refresh":"eyJ0eXAiOiJKV1QiLCJhbGciOiJIUzI1NiJ9.eyJ0b2tlbl90eXBlIjoicmVmcmVzaCIsImV4cCI6MTU2OTgzMDg4NCwianRpIjoiMzU1NTdiNjM5YjI4NDNmNTgzNmI1MmYyMTljNDI5YTAiLCJ1c2VyX2lkIjoxfQ.hV3-x8-v9JOkShjxdIZpl0YT7aUhY9rEA_yr6Dlmnrg","access":"eyJ0eXAiOiJKV1QiLCJhbGciOiJIUzI1NiJ9.eyJ0b2tlbl90eXBlIjoiYWNjZXNzIiwiZXhwIjoxNTY5NzQ4MDg0LCJqdGkiOiI3M2M0NGY4Yzg5ZDU0YWFlOGM1OTZmODQyMmJkMDI2YiIsInVzZXJfaWQiOjF9.aUacL2HVM6rvSdoqMFbZhjJqK0bB_3h_f9bDPfVEO44"},"code":20000,"message":"success"}
2019-09-29 16:08:04,520 INFO response is : {"data":{"refresh":"eyJ0eXAiOiJKV1QiLCJhbGciOiJIUzI1NiJ9.eyJ0b2tlbl90eXBlIjoicmVmcmVzaCIsImV4cCI6MTU2OTgzMDg4NCwianRpIjoiMzU1NTdiNjM5YjI4NDNmNTgzNmI1MmYyMTljNDI5YTAiLCJ1c2VyX2lkIjoxfQ.hV3-x8-v9JOkShjxdIZpl0YT7aUhY9rEA_yr6Dlmnrg","access":"eyJ0eXAiOiJKV1QiLCJhbGciOiJIUzI1NiJ9.eyJ0b2tlbl90eXBlIjoiYWNjZXNzIiwiZXhwIjoxNTY5NzQ4MDg0LCJqdGkiOiI3M2M0NGY4Yzg5ZDU0YWFlOGM1OTZmODQyMmJkMDI2YiIsInVzZXJfaWQiOjF9.aUacL2HVM6rvSdoqMFbZhjJqK0bB_3h_f9bDPfVEO44"},"code":20000,"message":"success"}
2019-09-29 16:08:04,520 INFO response is : {"data":{"refresh":"eyJ0eXAiOiJKV1QiLCJhbGciOiJIUzI1NiJ9.eyJ0b2tlbl90eXBlIjoicmVmcmVzaCIsImV4cCI6MTU2OTgzMDg4NCwianRpIjoiMzU1NTdiNjM5YjI4NDNmNTgzNmI1MmYyMTljNDI5YTAiLCJ1c2VyX2lkIjoxfQ.hV3-x8-v9JOkShjxdIZpl0YT7aUhY9rEA_yr6Dlmnrg","access":"eyJ0eXAiOiJKV1QiLCJhbGciOiJIUzI1NiJ9.eyJ0b2tlbl90eXBlIjoiYWNjZXNzIiwiZXhwIjoxNTY5NzQ4MDg0LCJqdGkiOiI3M2M0NGY4Yzg5ZDU0YWFlOGM1OTZmODQyMmJkMDI2YiIsInVzZXJfaWQiOjF9.aUacL2HVM6rvSdoqMFbZhjJqK0bB_3h_f9bDPfVEO44"},"code":20000,"message":"success"}
2019-09-29 16:08:04,520 INFO response is : {"data":{"refresh":"eyJ0eXAiOiJKV1QiLCJhbGciOiJIUzI1NiJ9.eyJ0b2tlbl90eXBlIjoicmVmcmVzaCIsImV4cCI6MTU2OTgzMDg4NCwianRpIjoiMzU1NTdiNjM5YjI4NDNmNTgzNmI1MmYyMTljNDI5YTAiLCJ1c2VyX2lkIjoxfQ.hV3-x8-v9JOkShjxdIZpl0YT7aUhY9rEA_yr6Dlmnrg","access":"eyJ0eXAiOiJKV1QiLCJhbGciOiJIUzI1NiJ9.eyJ0b2tlbl90eXBlIjoiYWNjZXNzIiwiZXhwIjoxNTY5NzQ4MDg0LCJqdGkiOiI3M2M0NGY4Yzg5ZDU0YWFlOGM1OTZmODQyMmJkMDI2YiIsInVzZXJfaWQiOjF9.aUacL2HVM6rvSdoqMFbZhjJqK0bB_3h_f9bDPfVEO44"},"code":20000,"message":"success"}
2019-09-29 16:08:04,520 INFO response is : {"data":{"refresh":"eyJ0eXAiOiJKV1QiLCJhbGciOiJIUzI1NiJ9.eyJ0b2tlbl90eXBlIjoicmVmcmVzaCIsImV4cCI6MTU2OTgzMDg4NCwianRpIjoiMzU1NTdiNjM5YjI4NDNmNTgzNmI1MmYyMTljNDI5YTAiLCJ1c2VyX2lkIjoxfQ.hV3-x8-v9JOkShjxdIZpl0YT7aUhY9rEA_yr6Dlmnrg","access":"eyJ0eXAiOiJKV1QiLCJhbGciOiJIUzI1NiJ9.eyJ0b2tlbl90eXBlIjoiYWNjZXNzIiwiZXhwIjoxNTY5NzQ4MDg0LCJqdGkiOiI3M2M0NGY4Yzg5ZDU0YWFlOGM1OTZmODQyMmJkMDI2YiIsInVzZXJfaWQiOjF9.aUacL2HVM6rvSdoqMFbZhjJqK0bB_3h_f9bDPfVEO44"},"code":20000,"message":"success"}
2019-09-29 16:08:04,520 INFO response is : {"data":{"refresh":"eyJ0eXAiOiJKV1QiLCJhbGciOiJIUzI1NiJ9.eyJ0b2tlbl90eXBlIjoicmVmcmVzaCIsImV4cCI6MTU2OTgzMDg4NCwianRpIjoiMzU1NTdiNjM5YjI4NDNmNTgzNmI1MmYyMTljNDI5YTAiLCJ1c2VyX2lkIjoxfQ.hV3-x8-v9JOkShjxdIZpl0YT7aUhY9rEA_yr6Dlmnrg","access":"eyJ0eXAiOiJKV1QiLCJhbGciOiJIUzI1NiJ9.eyJ0b2tlbl90eXBlIjoiYWNjZXNzIiwiZXhwIjoxNTY5NzQ4MDg0LCJqdGkiOiI3M2M0NGY4Yzg5ZDU0YWFlOGM1OTZmODQyMmJkMDI2YiIsInVzZXJfaWQiOjF9.aUacL2HVM6rvSdoqMFbZhjJqK0bB_3h_f9bDPfVEO44"},"code":20000,"message":"success"}
2019-09-29 16:08:04,520 INFO response is : {"data":{"refresh":"eyJ0eXAiOiJKV1QiLCJhbGciOiJIUzI1NiJ9.eyJ0b2tlbl90eXBlIjoicmVmcmVzaCIsImV4cCI6MTU2OTgzMDg4NCwianRpIjoiMzU1NTdiNjM5YjI4NDNmNTgzNmI1MmYyMTljNDI5YTAiLCJ1c2VyX2lkIjoxfQ.hV3-x8-v9JOkShjxdIZpl0YT7aUhY9rEA_yr6Dlmnrg","access":"eyJ0eXAiOiJKV1QiLCJhbGciOiJIUzI1NiJ9.eyJ0b2tlbl90eXBlIjoiYWNjZXNzIiwiZXhwIjoxNTY5NzQ4MDg0LCJqdGkiOiI3M2M0NGY4Yzg5ZDU0YWFlOGM1OTZmODQyMmJkMDI2YiIsInVzZXJfaWQiOjF9.aUacL2HVM6rvSdoqMFbZhjJqK0bB_3h_f9bDPfVEO44"},"code":20000,"message":"success"}
2019-09-29 16:08:04,520 INFO response is : {"data":{"refresh":"eyJ0eXAiOiJKV1QiLCJhbGciOiJIUzI1NiJ9.eyJ0b2tlbl90eXBlIjoicmVmcmVzaCIsImV4cCI6MTU2OTgzMDg4NCwianRpIjoiMzU1NTdiNjM5YjI4NDNmNTgzNmI1MmYyMTljNDI5YTAiLCJ1c2VyX2lkIjoxfQ.hV3-x8-v9JOkShjxdIZpl0YT7aUhY9rEA_yr6Dlmnrg","access":"eyJ0eXAiOiJKV1QiLCJhbGciOiJIUzI1NiJ9.eyJ0b2tlbl90eXBlIjoiYWNjZXNzIiwiZXhwIjoxNTY5NzQ4MDg0LCJqdGkiOiI3M2M0NGY4Yzg5ZDU0YWFlOGM1OTZmODQyMmJkMDI2YiIsInVzZXJfaWQiOjF9.aUacL2HVM6rvSdoqMFbZhjJqK0bB_3h_f9bDPfVEO44"},"code":20000,"message":"success"}
2019-09-29 16:08:04,520 INFO response is : {"data":{"refresh":"eyJ0eXAiOiJKV1QiLCJhbGciOiJIUzI1NiJ9.eyJ0b2tlbl90eXBlIjoicmVmcmVzaCIsImV4cCI6MTU2OTgzMDg4NCwianRpIjoiMzU1NTdiNjM5YjI4NDNmNTgzNmI1MmYyMTljNDI5YTAiLCJ1c2VyX2lkIjoxfQ.hV3-x8-v9JOkShjxdIZpl0YT7aUhY9rEA_yr6Dlmnrg","access":"eyJ0eXAiOiJKV1QiLCJhbGciOiJIUzI1NiJ9.eyJ0b2tlbl90eXBlIjoiYWNjZXNzIiwiZXhwIjoxNTY5NzQ4MDg0LCJqdGkiOiI3M2M0NGY4Yzg5ZDU0YWFlOGM1OTZmODQyMmJkMDI2YiIsInVzZXJfaWQiOjF9.aUacL2HVM6rvSdoqMFbZhjJqK0bB_3h_f9bDPfVEO44"},"code":20000,"message":"success"}
2019-09-29 16:08:04,520 INFO response is : {"data":{"refresh":"eyJ0eXAiOiJKV1QiLCJhbGciOiJIUzI1NiJ9.eyJ0b2tlbl90eXBlIjoicmVmcmVzaCIsImV4cCI6MTU2OTgzMDg4NCwianRpIjoiMzU1NTdiNjM5YjI4NDNmNTgzNmI1MmYyMTljNDI5YTAiLCJ1c2VyX2lkIjoxfQ.hV3-x8-v9JOkShjxdIZpl0YT7aUhY9rEA_yr6Dlmnrg","access":"eyJ0eXAiOiJKV1QiLCJhbGciOiJIUzI1NiJ9.eyJ0b2tlbl90eXBlIjoiYWNjZXNzIiwiZXhwIjoxNTY5NzQ4MDg0LCJqdGkiOiI3M2M0NGY4Yzg5ZDU0YWFlOGM1OTZmODQyMmJkMDI2YiIsInVzZXJfaWQiOjF9.aUacL2HVM6rvSdoqMFbZhjJqK0bB_3h_f9bDPfVEO44"},"code":20000,"message":"success"}
2019-09-29 16:08:04,520 INFO response is : {"data":{"refresh":"eyJ0eXAiOiJKV1QiLCJhbGciOiJIUzI1NiJ9.eyJ0b2tlbl90eXBlIjoicmVmcmVzaCIsImV4cCI6MTU2OTgzMDg4NCwianRpIjoiMzU1NTdiNjM5YjI4NDNmNTgzNmI1MmYyMTljNDI5YTAiLCJ1c2VyX2lkIjoxfQ.hV3-x8-v9JOkShjxdIZpl0YT7aUhY9rEA_yr6Dlmnrg","access":"eyJ0eXAiOiJKV1QiLCJhbGciOiJIUzI1NiJ9.eyJ0b2tlbl90eXBlIjoiYWNjZXNzIiwiZXhwIjoxNTY5NzQ4MDg0LCJqdGkiOiI3M2M0NGY4Yzg5ZDU0YWFlOGM1OTZmODQyMmJkMDI2YiIsInVzZXJfaWQiOjF9.aUacL2HVM6rvSdoqMFbZhjJqK0bB_3h_f9bDPfVEO44"},"code":20000,"message":"success"}
2019-09-29 16:08:04,521 INFO <Response [200]>
2019-09-29 16:08:04,521 INFO <Response [200]>
2019-09-29 16:08:04,521 INFO <Response [200]>
2019-09-29 16:08:04,521 INFO <Response [200]>
2019-09-29 16:08:04,521 INFO <Response [200]>
2019-09-29 16:08:04,521 INFO <Response [200]>
2019-09-29 16:08:04,521 INFO <Response [200]>
2019-09-29 16:08:04,521 INFO <Response [200]>
2019-09-29 16:08:04,521 INFO <Response [200]>
2019-09-29 16:08:04,521 INFO <Response [200]>
2019-09-29 16:08:04,521 INFO <Response [200]>
2019-09-29 16:08:04,521 INFO <Response [200]>
2019-09-29 16:08:04,521 INFO <Response [200]>
2019-09-29 16:08:04,521 INFO <Response [200]>
2019-09-29 16:08:04,521 INFO <Response [200]>
2019-09-29 16:08:04,521 INFO <Response [200]>
2019-09-29 16:45:43,370 INFO 开始执行测试,报告输出模式text
2019-09-29 16:45:44,362 INFO in login！
2019-09-29 16:45:44,362 INFO in login！
2019-09-29 16:45:44,382 INFO in login！
2019-09-29 16:45:44,382 INFO in login！
2019-09-29 16:45:44,382 INFO in login！
2019-09-29 16:47:00,991 INFO 开始执行测试,报告输出模式text
2019-09-29 16:47:01,883 INFO in login！
2019-09-29 16:47:01,883 INFO in login！
2019-09-29 16:47:02,592 INFO response is : <Response [200]>
2019-09-29 16:47:02,592 INFO response is : <Response [200]>
2019-09-29 16:47:02,592 INFO response is : <Response [200]>
2019-09-29 16:47:02,593 INFO response is : {"data":{"refresh":"eyJ0eXAiOiJKV1QiLCJhbGciOiJIUzI1NiJ9.eyJ0b2tlbl90eXBlIjoicmVmcmVzaCIsImV4cCI6MTU2OTgzMzIyMiwianRpIjoiMDdjMWFmM2IzYjEwNGExMjgyNGM1YzFlMDY2MDY2NmQiLCJ1c2VyX2lkIjoxfQ.yKieZPZnjjt3NLKa2h7p3jTh-iwXq2E-jwq9CWUwQIw","access":"eyJ0eXAiOiJKV1QiLCJhbGciOiJIUzI1NiJ9.eyJ0b2tlbl90eXBlIjoiYWNjZXNzIiwiZXhwIjoxNTY5NzUwNDIyLCJqdGkiOiJkMTc5ZjVmMDYxMzY0MjRlOWFjNWJjNmFjMTUzZWMwMyIsInVzZXJfaWQiOjF9.puioc0WrA3X88raPPAqJ6tmdSnpRWtQqPxP80YekYlM"},"code":20000,"message":"success"}
2019-09-29 16:47:02,593 INFO response is : {"data":{"refresh":"eyJ0eXAiOiJKV1QiLCJhbGciOiJIUzI1NiJ9.eyJ0b2tlbl90eXBlIjoicmVmcmVzaCIsImV4cCI6MTU2OTgzMzIyMiwianRpIjoiMDdjMWFmM2IzYjEwNGExMjgyNGM1YzFlMDY2MDY2NmQiLCJ1c2VyX2lkIjoxfQ.yKieZPZnjjt3NLKa2h7p3jTh-iwXq2E-jwq9CWUwQIw","access":"eyJ0eXAiOiJKV1QiLCJhbGciOiJIUzI1NiJ9.eyJ0b2tlbl90eXBlIjoiYWNjZXNzIiwiZXhwIjoxNTY5NzUwNDIyLCJqdGkiOiJkMTc5ZjVmMDYxMzY0MjRlOWFjNWJjNmFjMTUzZWMwMyIsInVzZXJfaWQiOjF9.puioc0WrA3X88raPPAqJ6tmdSnpRWtQqPxP80YekYlM"},"code":20000,"message":"success"}
2019-09-29 16:47:02,593 INFO response is : {"data":{"refresh":"eyJ0eXAiOiJKV1QiLCJhbGciOiJIUzI1NiJ9.eyJ0b2tlbl90eXBlIjoicmVmcmVzaCIsImV4cCI6MTU2OTgzMzIyMiwianRpIjoiMDdjMWFmM2IzYjEwNGExMjgyNGM1YzFlMDY2MDY2NmQiLCJ1c2VyX2lkIjoxfQ.yKieZPZnjjt3NLKa2h7p3jTh-iwXq2E-jwq9CWUwQIw","access":"eyJ0eXAiOiJKV1QiLCJhbGciOiJIUzI1NiJ9.eyJ0b2tlbl90eXBlIjoiYWNjZXNzIiwiZXhwIjoxNTY5NzUwNDIyLCJqdGkiOiJkMTc5ZjVmMDYxMzY0MjRlOWFjNWJjNmFjMTUzZWMwMyIsInVzZXJfaWQiOjF9.puioc0WrA3X88raPPAqJ6tmdSnpRWtQqPxP80YekYlM"},"code":20000,"message":"success"}
2019-09-29 16:47:02,593 INFO response is : {"data":{"refresh":"eyJ0eXAiOiJKV1QiLCJhbGciOiJIUzI1NiJ9.eyJ0b2tlbl90eXBlIjoicmVmcmVzaCIsImV4cCI6MTU2OTgzMzIyMiwianRpIjoiMDdjMWFmM2IzYjEwNGExMjgyNGM1YzFlMDY2MDY2NmQiLCJ1c2VyX2lkIjoxfQ.yKieZPZnjjt3NLKa2h7p3jTh-iwXq2E-jwq9CWUwQIw","access":"eyJ0eXAiOiJKV1QiLCJhbGciOiJIUzI1NiJ9.eyJ0b2tlbl90eXBlIjoiYWNjZXNzIiwiZXhwIjoxNTY5NzUwNDIyLCJqdGkiOiJkMTc5ZjVmMDYxMzY0MjRlOWFjNWJjNmFjMTUzZWMwMyIsInVzZXJfaWQiOjF9.puioc0WrA3X88raPPAqJ6tmdSnpRWtQqPxP80YekYlM"},"code":20000,"message":"success"}
2019-09-29 16:47:02,594 INFO <Response [200]>
2019-09-29 16:47:02,594 INFO <Response [200]>
2019-09-29 16:47:02,594 INFO <Response [200]>
2019-09-29 16:47:02,594 INFO <Response [200]>
2019-09-29 16:47:02,594 INFO <Response [200]>
2019-09-29 16:47:02,596 INFO in getUserinfo heasers is :{'Content-Type': 'application/json', 'Authorization': 'Bearer eyJ0eXAiOiJKV1QiLCJhbGciOiJIUzI1NiJ9.eyJ0b2tlbl90eXBlIjoiYWNjZXNzIiwiZXhwIjoxNTY5NzUwNDIyLCJqdGkiOiJkMTc5ZjVmMDYxMzY0MjRlOWFjNWJjNmFjMTUzZWMwMyIsInVzZXJfaWQiOjF9.puioc0WrA3X88raPPAqJ6tmdSnpRWtQqPxP80YekYlM'}
2019-09-29 16:47:02,596 INFO in getUserinfo heasers is :{'Content-Type': 'application/json', 'Authorization': 'Bearer eyJ0eXAiOiJKV1QiLCJhbGciOiJIUzI1NiJ9.eyJ0b2tlbl90eXBlIjoiYWNjZXNzIiwiZXhwIjoxNTY5NzUwNDIyLCJqdGkiOiJkMTc5ZjVmMDYxMzY0MjRlOWFjNWJjNmFjMTUzZWMwMyIsInVzZXJfaWQiOjF9.puioc0WrA3X88raPPAqJ6tmdSnpRWtQqPxP80YekYlM'}
2019-09-29 16:47:02,596 INFO in getUserinfo heasers is :{'Content-Type': 'application/json', 'Authorization': 'Bearer eyJ0eXAiOiJKV1QiLCJhbGciOiJIUzI1NiJ9.eyJ0b2tlbl90eXBlIjoiYWNjZXNzIiwiZXhwIjoxNTY5NzUwNDIyLCJqdGkiOiJkMTc5ZjVmMDYxMzY0MjRlOWFjNWJjNmFjMTUzZWMwMyIsInVzZXJfaWQiOjF9.puioc0WrA3X88raPPAqJ6tmdSnpRWtQqPxP80YekYlM'}
2019-09-29 16:47:02,596 INFO in getUserinfo heasers is :{'Content-Type': 'application/json', 'Authorization': 'Bearer eyJ0eXAiOiJKV1QiLCJhbGciOiJIUzI1NiJ9.eyJ0b2tlbl90eXBlIjoiYWNjZXNzIiwiZXhwIjoxNTY5NzUwNDIyLCJqdGkiOiJkMTc5ZjVmMDYxMzY0MjRlOWFjNWJjNmFjMTUzZWMwMyIsInVzZXJfaWQiOjF9.puioc0WrA3X88raPPAqJ6tmdSnpRWtQqPxP80YekYlM'}
2019-09-29 16:47:02,596 INFO in getUserinfo heasers is :{'Content-Type': 'application/json', 'Authorization': 'Bearer eyJ0eXAiOiJKV1QiLCJhbGciOiJIUzI1NiJ9.eyJ0b2tlbl90eXBlIjoiYWNjZXNzIiwiZXhwIjoxNTY5NzUwNDIyLCJqdGkiOiJkMTc5ZjVmMDYxMzY0MjRlOWFjNWJjNmFjMTUzZWMwMyIsInVzZXJfaWQiOjF9.puioc0WrA3X88raPPAqJ6tmdSnpRWtQqPxP80YekYlM'}
2019-09-29 16:47:02,596 INFO in getUserinfo heasers is :{'Content-Type': 'application/json', 'Authorization': 'Bearer eyJ0eXAiOiJKV1QiLCJhbGciOiJIUzI1NiJ9.eyJ0b2tlbl90eXBlIjoiYWNjZXNzIiwiZXhwIjoxNTY5NzUwNDIyLCJqdGkiOiJkMTc5ZjVmMDYxMzY0MjRlOWFjNWJjNmFjMTUzZWMwMyIsInVzZXJfaWQiOjF9.puioc0WrA3X88raPPAqJ6tmdSnpRWtQqPxP80YekYlM'}
2019-09-29 16:47:03,018 INFO response is : <Response [200]>
2019-09-29 16:47:03,018 INFO response is : <Response [200]>
2019-09-29 16:47:03,018 INFO response is : <Response [200]>
2019-09-29 16:47:03,018 INFO response is : <Response [200]>
2019-09-29 16:47:03,018 INFO response is : <Response [200]>
2019-09-29 16:47:03,018 INFO response is : <Response [200]>
2019-09-29 16:47:03,018 INFO response is : <Response [200]>
2019-09-29 16:47:03,019 INFO <Response [200]>
2019-09-29 16:47:03,019 INFO <Response [200]>
2019-09-29 16:47:03,019 INFO <Response [200]>
2019-09-29 16:47:03,019 INFO <Response [200]>
2019-09-29 16:47:03,019 INFO <Response [200]>
2019-09-29 16:47:03,019 INFO <Response [200]>
2019-09-29 16:47:03,019 INFO <Response [200]>
2019-09-29 16:47:03,019 INFO <Response [200]>
2019-09-29 16:47:03,020 INFO in login！
2019-09-29 16:47:03,020 INFO in login！
2019-09-29 16:47:03,020 INFO in login！
2019-09-29 16:47:03,020 INFO in login！
2019-09-29 16:47:03,020 INFO in login！
2019-09-29 16:47:03,020 INFO in login！
2019-09-29 16:47:03,020 INFO in login！
2019-09-29 16:47:03,020 INFO in login！
2019-09-29 16:47:03,020 INFO in login！
2019-09-29 16:47:03,672 INFO response is : <Response [200]>
2019-09-29 16:47:03,672 INFO response is : <Response [200]>
2019-09-29 16:47:03,672 INFO response is : <Response [200]>
2019-09-29 16:47:03,672 INFO response is : <Response [200]>
2019-09-29 16:47:03,672 INFO response is : <Response [200]>
2019-09-29 16:47:03,672 INFO response is : <Response [200]>
2019-09-29 16:47:03,672 INFO response is : <Response [200]>
2019-09-29 16:47:03,672 INFO response is : <Response [200]>
2019-09-29 16:47:03,672 INFO response is : <Response [200]>
2019-09-29 16:47:03,672 INFO response is : <Response [200]>
2019-09-29 16:47:03,674 INFO response is : {"data":{"refresh":"eyJ0eXAiOiJKV1QiLCJhbGciOiJIUzI1NiJ9.eyJ0b2tlbl90eXBlIjoicmVmcmVzaCIsImV4cCI6MTU2OTgzMzIyMywianRpIjoiMDRmZGQ5ZjI4YWUxNDZmNGFjNWMzZGU4ZjRkYTIxZWQiLCJ1c2VyX2lkIjoxfQ.unLRs2b28oJ2I_zvunfzJjMDLOfvjImyoD-XyUBvKmQ","access":"eyJ0eXAiOiJKV1QiLCJhbGciOiJIUzI1NiJ9.eyJ0b2tlbl90eXBlIjoiYWNjZXNzIiwiZXhwIjoxNTY5NzUwNDIzLCJqdGkiOiI1MTVmYTcxYTA0ZTM0NDNlYWVjMzM1OTM2YmZhMWNlMCIsInVzZXJfaWQiOjF9.jB7oT_B7-HTK6w4vwg95nwaHo2VcMwZf451blw2ovI8"},"code":20000,"message":"success"}
2019-09-29 16:47:03,674 INFO response is : {"data":{"refresh":"eyJ0eXAiOiJKV1QiLCJhbGciOiJIUzI1NiJ9.eyJ0b2tlbl90eXBlIjoicmVmcmVzaCIsImV4cCI6MTU2OTgzMzIyMywianRpIjoiMDRmZGQ5ZjI4YWUxNDZmNGFjNWMzZGU4ZjRkYTIxZWQiLCJ1c2VyX2lkIjoxfQ.unLRs2b28oJ2I_zvunfzJjMDLOfvjImyoD-XyUBvKmQ","access":"eyJ0eXAiOiJKV1QiLCJhbGciOiJIUzI1NiJ9.eyJ0b2tlbl90eXBlIjoiYWNjZXNzIiwiZXhwIjoxNTY5NzUwNDIzLCJqdGkiOiI1MTVmYTcxYTA0ZTM0NDNlYWVjMzM1OTM2YmZhMWNlMCIsInVzZXJfaWQiOjF9.jB7oT_B7-HTK6w4vwg95nwaHo2VcMwZf451blw2ovI8"},"code":20000,"message":"success"}
2019-09-29 16:47:03,674 INFO response is : {"data":{"refresh":"eyJ0eXAiOiJKV1QiLCJhbGciOiJIUzI1NiJ9.eyJ0b2tlbl90eXBlIjoicmVmcmVzaCIsImV4cCI6MTU2OTgzMzIyMywianRpIjoiMDRmZGQ5ZjI4YWUxNDZmNGFjNWMzZGU4ZjRkYTIxZWQiLCJ1c2VyX2lkIjoxfQ.unLRs2b28oJ2I_zvunfzJjMDLOfvjImyoD-XyUBvKmQ","access":"eyJ0eXAiOiJKV1QiLCJhbGciOiJIUzI1NiJ9.eyJ0b2tlbl90eXBlIjoiYWNjZXNzIiwiZXhwIjoxNTY5NzUwNDIzLCJqdGkiOiI1MTVmYTcxYTA0ZTM0NDNlYWVjMzM1OTM2YmZhMWNlMCIsInVzZXJfaWQiOjF9.jB7oT_B7-HTK6w4vwg95nwaHo2VcMwZf451blw2ovI8"},"code":20000,"message":"success"}
2019-09-29 16:47:03,674 INFO response is : {"data":{"refresh":"eyJ0eXAiOiJKV1QiLCJhbGciOiJIUzI1NiJ9.eyJ0b2tlbl90eXBlIjoicmVmcmVzaCIsImV4cCI6MTU2OTgzMzIyMywianRpIjoiMDRmZGQ5ZjI4YWUxNDZmNGFjNWMzZGU4ZjRkYTIxZWQiLCJ1c2VyX2lkIjoxfQ.unLRs2b28oJ2I_zvunfzJjMDLOfvjImyoD-XyUBvKmQ","access":"eyJ0eXAiOiJKV1QiLCJhbGciOiJIUzI1NiJ9.eyJ0b2tlbl90eXBlIjoiYWNjZXNzIiwiZXhwIjoxNTY5NzUwNDIzLCJqdGkiOiI1MTVmYTcxYTA0ZTM0NDNlYWVjMzM1OTM2YmZhMWNlMCIsInVzZXJfaWQiOjF9.jB7oT_B7-HTK6w4vwg95nwaHo2VcMwZf451blw2ovI8"},"code":20000,"message":"success"}
2019-09-29 16:47:03,674 INFO response is : {"data":{"refresh":"eyJ0eXAiOiJKV1QiLCJhbGciOiJIUzI1NiJ9.eyJ0b2tlbl90eXBlIjoicmVmcmVzaCIsImV4cCI6MTU2OTgzMzIyMywianRpIjoiMDRmZGQ5ZjI4YWUxNDZmNGFjNWMzZGU4ZjRkYTIxZWQiLCJ1c2VyX2lkIjoxfQ.unLRs2b28oJ2I_zvunfzJjMDLOfvjImyoD-XyUBvKmQ","access":"eyJ0eXAiOiJKV1QiLCJhbGciOiJIUzI1NiJ9.eyJ0b2tlbl90eXBlIjoiYWNjZXNzIiwiZXhwIjoxNTY5NzUwNDIzLCJqdGkiOiI1MTVmYTcxYTA0ZTM0NDNlYWVjMzM1OTM2YmZhMWNlMCIsInVzZXJfaWQiOjF9.jB7oT_B7-HTK6w4vwg95nwaHo2VcMwZf451blw2ovI8"},"code":20000,"message":"success"}
2019-09-29 16:47:03,674 INFO response is : {"data":{"refresh":"eyJ0eXAiOiJKV1QiLCJhbGciOiJIUzI1NiJ9.eyJ0b2tlbl90eXBlIjoicmVmcmVzaCIsImV4cCI6MTU2OTgzMzIyMywianRpIjoiMDRmZGQ5ZjI4YWUxNDZmNGFjNWMzZGU4ZjRkYTIxZWQiLCJ1c2VyX2lkIjoxfQ.unLRs2b28oJ2I_zvunfzJjMDLOfvjImyoD-XyUBvKmQ","access":"eyJ0eXAiOiJKV1QiLCJhbGciOiJIUzI1NiJ9.eyJ0b2tlbl90eXBlIjoiYWNjZXNzIiwiZXhwIjoxNTY5NzUwNDIzLCJqdGkiOiI1MTVmYTcxYTA0ZTM0NDNlYWVjMzM1OTM2YmZhMWNlMCIsInVzZXJfaWQiOjF9.jB7oT_B7-HTK6w4vwg95nwaHo2VcMwZf451blw2ovI8"},"code":20000,"message":"success"}
2019-09-29 16:47:03,674 INFO response is : {"data":{"refresh":"eyJ0eXAiOiJKV1QiLCJhbGciOiJIUzI1NiJ9.eyJ0b2tlbl90eXBlIjoicmVmcmVzaCIsImV4cCI6MTU2OTgzMzIyMywianRpIjoiMDRmZGQ5ZjI4YWUxNDZmNGFjNWMzZGU4ZjRkYTIxZWQiLCJ1c2VyX2lkIjoxfQ.unLRs2b28oJ2I_zvunfzJjMDLOfvjImyoD-XyUBvKmQ","access":"eyJ0eXAiOiJKV1QiLCJhbGciOiJIUzI1NiJ9.eyJ0b2tlbl90eXBlIjoiYWNjZXNzIiwiZXhwIjoxNTY5NzUwNDIzLCJqdGkiOiI1MTVmYTcxYTA0ZTM0NDNlYWVjMzM1OTM2YmZhMWNlMCIsInVzZXJfaWQiOjF9.jB7oT_B7-HTK6w4vwg95nwaHo2VcMwZf451blw2ovI8"},"code":20000,"message":"success"}
2019-09-29 16:47:03,674 INFO response is : {"data":{"refresh":"eyJ0eXAiOiJKV1QiLCJhbGciOiJIUzI1NiJ9.eyJ0b2tlbl90eXBlIjoicmVmcmVzaCIsImV4cCI6MTU2OTgzMzIyMywianRpIjoiMDRmZGQ5ZjI4YWUxNDZmNGFjNWMzZGU4ZjRkYTIxZWQiLCJ1c2VyX2lkIjoxfQ.unLRs2b28oJ2I_zvunfzJjMDLOfvjImyoD-XyUBvKmQ","access":"eyJ0eXAiOiJKV1QiLCJhbGciOiJIUzI1NiJ9.eyJ0b2tlbl90eXBlIjoiYWNjZXNzIiwiZXhwIjoxNTY5NzUwNDIzLCJqdGkiOiI1MTVmYTcxYTA0ZTM0NDNlYWVjMzM1OTM2YmZhMWNlMCIsInVzZXJfaWQiOjF9.jB7oT_B7-HTK6w4vwg95nwaHo2VcMwZf451blw2ovI8"},"code":20000,"message":"success"}
2019-09-29 16:47:03,674 INFO response is : {"data":{"refresh":"eyJ0eXAiOiJKV1QiLCJhbGciOiJIUzI1NiJ9.eyJ0b2tlbl90eXBlIjoicmVmcmVzaCIsImV4cCI6MTU2OTgzMzIyMywianRpIjoiMDRmZGQ5ZjI4YWUxNDZmNGFjNWMzZGU4ZjRkYTIxZWQiLCJ1c2VyX2lkIjoxfQ.unLRs2b28oJ2I_zvunfzJjMDLOfvjImyoD-XyUBvKmQ","access":"eyJ0eXAiOiJKV1QiLCJhbGciOiJIUzI1NiJ9.eyJ0b2tlbl90eXBlIjoiYWNjZXNzIiwiZXhwIjoxNTY5NzUwNDIzLCJqdGkiOiI1MTVmYTcxYTA0ZTM0NDNlYWVjMzM1OTM2YmZhMWNlMCIsInVzZXJfaWQiOjF9.jB7oT_B7-HTK6w4vwg95nwaHo2VcMwZf451blw2ovI8"},"code":20000,"message":"success"}
2019-09-29 16:47:03,674 INFO response is : {"data":{"refresh":"eyJ0eXAiOiJKV1QiLCJhbGciOiJIUzI1NiJ9.eyJ0b2tlbl90eXBlIjoicmVmcmVzaCIsImV4cCI6MTU2OTgzMzIyMywianRpIjoiMDRmZGQ5ZjI4YWUxNDZmNGFjNWMzZGU4ZjRkYTIxZWQiLCJ1c2VyX2lkIjoxfQ.unLRs2b28oJ2I_zvunfzJjMDLOfvjImyoD-XyUBvKmQ","access":"eyJ0eXAiOiJKV1QiLCJhbGciOiJIUzI1NiJ9.eyJ0b2tlbl90eXBlIjoiYWNjZXNzIiwiZXhwIjoxNTY5NzUwNDIzLCJqdGkiOiI1MTVmYTcxYTA0ZTM0NDNlYWVjMzM1OTM2YmZhMWNlMCIsInVzZXJfaWQiOjF9.jB7oT_B7-HTK6w4vwg95nwaHo2VcMwZf451blw2ovI8"},"code":20000,"message":"success"}
2019-09-29 16:47:03,674 INFO response is : {"data":{"refresh":"eyJ0eXAiOiJKV1QiLCJhbGciOiJIUzI1NiJ9.eyJ0b2tlbl90eXBlIjoicmVmcmVzaCIsImV4cCI6MTU2OTgzMzIyMywianRpIjoiMDRmZGQ5ZjI4YWUxNDZmNGFjNWMzZGU4ZjRkYTIxZWQiLCJ1c2VyX2lkIjoxfQ.unLRs2b28oJ2I_zvunfzJjMDLOfvjImyoD-XyUBvKmQ","access":"eyJ0eXAiOiJKV1QiLCJhbGciOiJIUzI1NiJ9.eyJ0b2tlbl90eXBlIjoiYWNjZXNzIiwiZXhwIjoxNTY5NzUwNDIzLCJqdGkiOiI1MTVmYTcxYTA0ZTM0NDNlYWVjMzM1OTM2YmZhMWNlMCIsInVzZXJfaWQiOjF9.jB7oT_B7-HTK6w4vwg95nwaHo2VcMwZf451blw2ovI8"},"code":20000,"message":"success"}
2019-09-29 16:47:03,675 INFO <Response [200]>
2019-09-29 16:47:03,675 INFO <Response [200]>
2019-09-29 16:47:03,675 INFO <Response [200]>
2019-09-29 16:47:03,675 INFO <Response [200]>
2019-09-29 16:47:03,675 INFO <Response [200]>
2019-09-29 16:47:03,675 INFO <Response [200]>
2019-09-29 16:47:03,675 INFO <Response [200]>
2019-09-29 16:47:03,675 INFO <Response [200]>
2019-09-29 16:47:03,675 INFO <Response [200]>
2019-09-29 16:47:03,675 INFO <Response [200]>
2019-09-29 16:47:03,675 INFO <Response [200]>
2019-09-29 16:47:03,675 INFO <Response [200]>
2019-09-29 16:47:03,677 INFO in login！
2019-09-29 16:47:03,677 INFO in login！
2019-09-29 16:47:03,677 INFO in login！
2019-09-29 16:47:03,677 INFO in login！
2019-09-29 16:47:03,677 INFO in login！
2019-09-29 16:47:03,677 INFO in login！
2019-09-29 16:47:03,677 INFO in login！
2019-09-29 16:47:03,677 INFO in login！
2019-09-29 16:47:03,677 INFO in login！
2019-09-29 16:47:03,677 INFO in login！
2019-09-29 16:47:03,677 INFO in login！
2019-09-29 16:47:03,677 INFO in login！
2019-09-29 16:47:03,677 INFO in login！
2019-09-29 16:47:04,402 INFO response is : <Response [200]>
2019-09-29 16:47:04,402 INFO response is : <Response [200]>
2019-09-29 16:47:04,402 INFO response is : <Response [200]>
2019-09-29 16:47:04,402 INFO response is : <Response [200]>
2019-09-29 16:47:04,402 INFO response is : <Response [200]>
2019-09-29 16:47:04,402 INFO response is : <Response [200]>
2019-09-29 16:47:04,402 INFO response is : <Response [200]>
2019-09-29 16:47:04,402 INFO response is : <Response [200]>
2019-09-29 16:47:04,402 INFO response is : <Response [200]>
2019-09-29 16:47:04,402 INFO response is : <Response [200]>
2019-09-29 16:47:04,402 INFO response is : <Response [200]>
2019-09-29 16:47:04,402 INFO response is : <Response [200]>
2019-09-29 16:47:04,402 INFO response is : <Response [200]>
2019-09-29 16:47:04,402 INFO response is : <Response [200]>
2019-09-29 16:47:04,403 INFO response is : {"data":{"refresh":"eyJ0eXAiOiJKV1QiLCJhbGciOiJIUzI1NiJ9.eyJ0b2tlbl90eXBlIjoicmVmcmVzaCIsImV4cCI6MTU2OTgzMzIyNCwianRpIjoiY2JjYmNlNWU1ZWMyNDY2NGEyNzZlY2I2M2VkYTNkZDQiLCJ1c2VyX2lkIjoxfQ.InY9pfFDxtD4oZtaOKr4XrAIcpEl0hHJ-0Hmnjt03y8","access":"eyJ0eXAiOiJKV1QiLCJhbGciOiJIUzI1NiJ9.eyJ0b2tlbl90eXBlIjoiYWNjZXNzIiwiZXhwIjoxNTY5NzUwNDI0LCJqdGkiOiI4NDRhMWY2YjIwOTY0NTVjYTliYzhhNjEzN2RjODg4MyIsInVzZXJfaWQiOjF9.gLBtl6Cg0LhqOKP1WQRuodr_a1H3kERgTt6s5Yl9dZw"},"code":20000,"message":"success"}
2019-09-29 16:47:04,403 INFO response is : {"data":{"refresh":"eyJ0eXAiOiJKV1QiLCJhbGciOiJIUzI1NiJ9.eyJ0b2tlbl90eXBlIjoicmVmcmVzaCIsImV4cCI6MTU2OTgzMzIyNCwianRpIjoiY2JjYmNlNWU1ZWMyNDY2NGEyNzZlY2I2M2VkYTNkZDQiLCJ1c2VyX2lkIjoxfQ.InY9pfFDxtD4oZtaOKr4XrAIcpEl0hHJ-0Hmnjt03y8","access":"eyJ0eXAiOiJKV1QiLCJhbGciOiJIUzI1NiJ9.eyJ0b2tlbl90eXBlIjoiYWNjZXNzIiwiZXhwIjoxNTY5NzUwNDI0LCJqdGkiOiI4NDRhMWY2YjIwOTY0NTVjYTliYzhhNjEzN2RjODg4MyIsInVzZXJfaWQiOjF9.gLBtl6Cg0LhqOKP1WQRuodr_a1H3kERgTt6s5Yl9dZw"},"code":20000,"message":"success"}
2019-09-29 16:47:04,403 INFO response is : {"data":{"refresh":"eyJ0eXAiOiJKV1QiLCJhbGciOiJIUzI1NiJ9.eyJ0b2tlbl90eXBlIjoicmVmcmVzaCIsImV4cCI6MTU2OTgzMzIyNCwianRpIjoiY2JjYmNlNWU1ZWMyNDY2NGEyNzZlY2I2M2VkYTNkZDQiLCJ1c2VyX2lkIjoxfQ.InY9pfFDxtD4oZtaOKr4XrAIcpEl0hHJ-0Hmnjt03y8","access":"eyJ0eXAiOiJKV1QiLCJhbGciOiJIUzI1NiJ9.eyJ0b2tlbl90eXBlIjoiYWNjZXNzIiwiZXhwIjoxNTY5NzUwNDI0LCJqdGkiOiI4NDRhMWY2YjIwOTY0NTVjYTliYzhhNjEzN2RjODg4MyIsInVzZXJfaWQiOjF9.gLBtl6Cg0LhqOKP1WQRuodr_a1H3kERgTt6s5Yl9dZw"},"code":20000,"message":"success"}
2019-09-29 16:47:04,403 INFO response is : {"data":{"refresh":"eyJ0eXAiOiJKV1QiLCJhbGciOiJIUzI1NiJ9.eyJ0b2tlbl90eXBlIjoicmVmcmVzaCIsImV4cCI6MTU2OTgzMzIyNCwianRpIjoiY2JjYmNlNWU1ZWMyNDY2NGEyNzZlY2I2M2VkYTNkZDQiLCJ1c2VyX2lkIjoxfQ.InY9pfFDxtD4oZtaOKr4XrAIcpEl0hHJ-0Hmnjt03y8","access":"eyJ0eXAiOiJKV1QiLCJhbGciOiJIUzI1NiJ9.eyJ0b2tlbl90eXBlIjoiYWNjZXNzIiwiZXhwIjoxNTY5NzUwNDI0LCJqdGkiOiI4NDRhMWY2YjIwOTY0NTVjYTliYzhhNjEzN2RjODg4MyIsInVzZXJfaWQiOjF9.gLBtl6Cg0LhqOKP1WQRuodr_a1H3kERgTt6s5Yl9dZw"},"code":20000,"message":"success"}
2019-09-29 16:47:04,403 INFO response is : {"data":{"refresh":"eyJ0eXAiOiJKV1QiLCJhbGciOiJIUzI1NiJ9.eyJ0b2tlbl90eXBlIjoicmVmcmVzaCIsImV4cCI6MTU2OTgzMzIyNCwianRpIjoiY2JjYmNlNWU1ZWMyNDY2NGEyNzZlY2I2M2VkYTNkZDQiLCJ1c2VyX2lkIjoxfQ.InY9pfFDxtD4oZtaOKr4XrAIcpEl0hHJ-0Hmnjt03y8","access":"eyJ0eXAiOiJKV1QiLCJhbGciOiJIUzI1NiJ9.eyJ0b2tlbl90eXBlIjoiYWNjZXNzIiwiZXhwIjoxNTY5NzUwNDI0LCJqdGkiOiI4NDRhMWY2YjIwOTY0NTVjYTliYzhhNjEzN2RjODg4MyIsInVzZXJfaWQiOjF9.gLBtl6Cg0LhqOKP1WQRuodr_a1H3kERgTt6s5Yl9dZw"},"code":20000,"message":"success"}
2019-09-29 16:47:04,403 INFO response is : {"data":{"refresh":"eyJ0eXAiOiJKV1QiLCJhbGciOiJIUzI1NiJ9.eyJ0b2tlbl90eXBlIjoicmVmcmVzaCIsImV4cCI6MTU2OTgzMzIyNCwianRpIjoiY2JjYmNlNWU1ZWMyNDY2NGEyNzZlY2I2M2VkYTNkZDQiLCJ1c2VyX2lkIjoxfQ.InY9pfFDxtD4oZtaOKr4XrAIcpEl0hHJ-0Hmnjt03y8","access":"eyJ0eXAiOiJKV1QiLCJhbGciOiJIUzI1NiJ9.eyJ0b2tlbl90eXBlIjoiYWNjZXNzIiwiZXhwIjoxNTY5NzUwNDI0LCJqdGkiOiI4NDRhMWY2YjIwOTY0NTVjYTliYzhhNjEzN2RjODg4MyIsInVzZXJfaWQiOjF9.gLBtl6Cg0LhqOKP1WQRuodr_a1H3kERgTt6s5Yl9dZw"},"code":20000,"message":"success"}
2019-09-29 16:47:04,403 INFO response is : {"data":{"refresh":"eyJ0eXAiOiJKV1QiLCJhbGciOiJIUzI1NiJ9.eyJ0b2tlbl90eXBlIjoicmVmcmVzaCIsImV4cCI6MTU2OTgzMzIyNCwianRpIjoiY2JjYmNlNWU1ZWMyNDY2NGEyNzZlY2I2M2VkYTNkZDQiLCJ1c2VyX2lkIjoxfQ.InY9pfFDxtD4oZtaOKr4XrAIcpEl0hHJ-0Hmnjt03y8","access":"eyJ0eXAiOiJKV1QiLCJhbGciOiJIUzI1NiJ9.eyJ0b2tlbl90eXBlIjoiYWNjZXNzIiwiZXhwIjoxNTY5NzUwNDI0LCJqdGkiOiI4NDRhMWY2YjIwOTY0NTVjYTliYzhhNjEzN2RjODg4MyIsInVzZXJfaWQiOjF9.gLBtl6Cg0LhqOKP1WQRuodr_a1H3kERgTt6s5Yl9dZw"},"code":20000,"message":"success"}
2019-09-29 16:47:04,403 INFO response is : {"data":{"refresh":"eyJ0eXAiOiJKV1QiLCJhbGciOiJIUzI1NiJ9.eyJ0b2tlbl90eXBlIjoicmVmcmVzaCIsImV4cCI6MTU2OTgzMzIyNCwianRpIjoiY2JjYmNlNWU1ZWMyNDY2NGEyNzZlY2I2M2VkYTNkZDQiLCJ1c2VyX2lkIjoxfQ.InY9pfFDxtD4oZtaOKr4XrAIcpEl0hHJ-0Hmnjt03y8","access":"eyJ0eXAiOiJKV1QiLCJhbGciOiJIUzI1NiJ9.eyJ0b2tlbl90eXBlIjoiYWNjZXNzIiwiZXhwIjoxNTY5NzUwNDI0LCJqdGkiOiI4NDRhMWY2YjIwOTY0NTVjYTliYzhhNjEzN2RjODg4MyIsInVzZXJfaWQiOjF9.gLBtl6Cg0LhqOKP1WQRuodr_a1H3kERgTt6s5Yl9dZw"},"code":20000,"message":"success"}
2019-09-29 16:47:04,403 INFO response is : {"data":{"refresh":"eyJ0eXAiOiJKV1QiLCJhbGciOiJIUzI1NiJ9.eyJ0b2tlbl90eXBlIjoicmVmcmVzaCIsImV4cCI6MTU2OTgzMzIyNCwianRpIjoiY2JjYmNlNWU1ZWMyNDY2NGEyNzZlY2I2M2VkYTNkZDQiLCJ1c2VyX2lkIjoxfQ.InY9pfFDxtD4oZtaOKr4XrAIcpEl0hHJ-0Hmnjt03y8","access":"eyJ0eXAiOiJKV1QiLCJhbGciOiJIUzI1NiJ9.eyJ0b2tlbl90eXBlIjoiYWNjZXNzIiwiZXhwIjoxNTY5NzUwNDI0LCJqdGkiOiI4NDRhMWY2YjIwOTY0NTVjYTliYzhhNjEzN2RjODg4MyIsInVzZXJfaWQiOjF9.gLBtl6Cg0LhqOKP1WQRuodr_a1H3kERgTt6s5Yl9dZw"},"code":20000,"message":"success"}
2019-09-29 16:47:04,403 INFO response is : {"data":{"refresh":"eyJ0eXAiOiJKV1QiLCJhbGciOiJIUzI1NiJ9.eyJ0b2tlbl90eXBlIjoicmVmcmVzaCIsImV4cCI6MTU2OTgzMzIyNCwianRpIjoiY2JjYmNlNWU1ZWMyNDY2NGEyNzZlY2I2M2VkYTNkZDQiLCJ1c2VyX2lkIjoxfQ.InY9pfFDxtD4oZtaOKr4XrAIcpEl0hHJ-0Hmnjt03y8","access":"eyJ0eXAiOiJKV1QiLCJhbGciOiJIUzI1NiJ9.eyJ0b2tlbl90eXBlIjoiYWNjZXNzIiwiZXhwIjoxNTY5NzUwNDI0LCJqdGkiOiI4NDRhMWY2YjIwOTY0NTVjYTliYzhhNjEzN2RjODg4MyIsInVzZXJfaWQiOjF9.gLBtl6Cg0LhqOKP1WQRuodr_a1H3kERgTt6s5Yl9dZw"},"code":20000,"message":"success"}
2019-09-29 16:47:04,403 INFO response is : {"data":{"refresh":"eyJ0eXAiOiJKV1QiLCJhbGciOiJIUzI1NiJ9.eyJ0b2tlbl90eXBlIjoicmVmcmVzaCIsImV4cCI6MTU2OTgzMzIyNCwianRpIjoiY2JjYmNlNWU1ZWMyNDY2NGEyNzZlY2I2M2VkYTNkZDQiLCJ1c2VyX2lkIjoxfQ.InY9pfFDxtD4oZtaOKr4XrAIcpEl0hHJ-0Hmnjt03y8","access":"eyJ0eXAiOiJKV1QiLCJhbGciOiJIUzI1NiJ9.eyJ0b2tlbl90eXBlIjoiYWNjZXNzIiwiZXhwIjoxNTY5NzUwNDI0LCJqdGkiOiI4NDRhMWY2YjIwOTY0NTVjYTliYzhhNjEzN2RjODg4MyIsInVzZXJfaWQiOjF9.gLBtl6Cg0LhqOKP1WQRuodr_a1H3kERgTt6s5Yl9dZw"},"code":20000,"message":"success"}
2019-09-29 16:47:04,403 INFO response is : {"data":{"refresh":"eyJ0eXAiOiJKV1QiLCJhbGciOiJIUzI1NiJ9.eyJ0b2tlbl90eXBlIjoicmVmcmVzaCIsImV4cCI6MTU2OTgzMzIyNCwianRpIjoiY2JjYmNlNWU1ZWMyNDY2NGEyNzZlY2I2M2VkYTNkZDQiLCJ1c2VyX2lkIjoxfQ.InY9pfFDxtD4oZtaOKr4XrAIcpEl0hHJ-0Hmnjt03y8","access":"eyJ0eXAiOiJKV1QiLCJhbGciOiJIUzI1NiJ9.eyJ0b2tlbl90eXBlIjoiYWNjZXNzIiwiZXhwIjoxNTY5NzUwNDI0LCJqdGkiOiI4NDRhMWY2YjIwOTY0NTVjYTliYzhhNjEzN2RjODg4MyIsInVzZXJfaWQiOjF9.gLBtl6Cg0LhqOKP1WQRuodr_a1H3kERgTt6s5Yl9dZw"},"code":20000,"message":"success"}
2019-09-29 16:47:04,403 INFO response is : {"data":{"refresh":"eyJ0eXAiOiJKV1QiLCJhbGciOiJIUzI1NiJ9.eyJ0b2tlbl90eXBlIjoicmVmcmVzaCIsImV4cCI6MTU2OTgzMzIyNCwianRpIjoiY2JjYmNlNWU1ZWMyNDY2NGEyNzZlY2I2M2VkYTNkZDQiLCJ1c2VyX2lkIjoxfQ.InY9pfFDxtD4oZtaOKr4XrAIcpEl0hHJ-0Hmnjt03y8","access":"eyJ0eXAiOiJKV1QiLCJhbGciOiJIUzI1NiJ9.eyJ0b2tlbl90eXBlIjoiYWNjZXNzIiwiZXhwIjoxNTY5NzUwNDI0LCJqdGkiOiI4NDRhMWY2YjIwOTY0NTVjYTliYzhhNjEzN2RjODg4MyIsInVzZXJfaWQiOjF9.gLBtl6Cg0LhqOKP1WQRuodr_a1H3kERgTt6s5Yl9dZw"},"code":20000,"message":"success"}
2019-09-29 16:47:04,403 INFO response is : {"data":{"refresh":"eyJ0eXAiOiJKV1QiLCJhbGciOiJIUzI1NiJ9.eyJ0b2tlbl90eXBlIjoicmVmcmVzaCIsImV4cCI6MTU2OTgzMzIyNCwianRpIjoiY2JjYmNlNWU1ZWMyNDY2NGEyNzZlY2I2M2VkYTNkZDQiLCJ1c2VyX2lkIjoxfQ.InY9pfFDxtD4oZtaOKr4XrAIcpEl0hHJ-0Hmnjt03y8","access":"eyJ0eXAiOiJKV1QiLCJhbGciOiJIUzI1NiJ9.eyJ0b2tlbl90eXBlIjoiYWNjZXNzIiwiZXhwIjoxNTY5NzUwNDI0LCJqdGkiOiI4NDRhMWY2YjIwOTY0NTVjYTliYzhhNjEzN2RjODg4MyIsInVzZXJfaWQiOjF9.gLBtl6Cg0LhqOKP1WQRuodr_a1H3kERgTt6s5Yl9dZw"},"code":20000,"message":"success"}
2019-09-29 16:47:04,403 INFO response is : {"data":{"refresh":"eyJ0eXAiOiJKV1QiLCJhbGciOiJIUzI1NiJ9.eyJ0b2tlbl90eXBlIjoicmVmcmVzaCIsImV4cCI6MTU2OTgzMzIyNCwianRpIjoiY2JjYmNlNWU1ZWMyNDY2NGEyNzZlY2I2M2VkYTNkZDQiLCJ1c2VyX2lkIjoxfQ.InY9pfFDxtD4oZtaOKr4XrAIcpEl0hHJ-0Hmnjt03y8","access":"eyJ0eXAiOiJKV1QiLCJhbGciOiJIUzI1NiJ9.eyJ0b2tlbl90eXBlIjoiYWNjZXNzIiwiZXhwIjoxNTY5NzUwNDI0LCJqdGkiOiI4NDRhMWY2YjIwOTY0NTVjYTliYzhhNjEzN2RjODg4MyIsInVzZXJfaWQiOjF9.gLBtl6Cg0LhqOKP1WQRuodr_a1H3kERgTt6s5Yl9dZw"},"code":20000,"message":"success"}
2019-09-29 16:47:04,405 INFO <Response [200]>
2019-09-29 16:47:04,405 INFO <Response [200]>
2019-09-29 16:47:04,405 INFO <Response [200]>
2019-09-29 16:47:04,405 INFO <Response [200]>
2019-09-29 16:47:04,405 INFO <Response [200]>
2019-09-29 16:47:04,405 INFO <Response [200]>
2019-09-29 16:47:04,405 INFO <Response [200]>
2019-09-29 16:47:04,405 INFO <Response [200]>
2019-09-29 16:47:04,405 INFO <Response [200]>
2019-09-29 16:47:04,405 INFO <Response [200]>
2019-09-29 16:47:04,405 INFO <Response [200]>
2019-09-29 16:47:04,405 INFO <Response [200]>
2019-09-29 16:47:04,405 INFO <Response [200]>
2019-09-29 16:47:04,405 INFO <Response [200]>
2019-09-29 16:47:04,405 INFO <Response [200]>
2019-09-29 16:47:04,405 INFO <Response [200]>
2019-09-29 17:18:06,799 INFO 开始执行测试,报告输出模式text
2019-09-29 17:18:06,801 INFO in login！
2019-09-29 17:18:06,801 INFO in login！
2019-09-29 17:18:07,678 INFO response is : <Response [200]>
2019-09-29 17:18:07,678 INFO response is : <Response [200]>
2019-09-29 17:18:07,678 INFO response is : <Response [200]>
2019-09-29 17:18:07,679 INFO response is : {"data":{"refresh":"eyJ0eXAiOiJKV1QiLCJhbGciOiJIUzI1NiJ9.eyJ0b2tlbl90eXBlIjoicmVmcmVzaCIsImV4cCI6MTU2OTgzNTA4NywianRpIjoiNzE4NTFlODkxZmQzNGMzMmJlZDhjMTAxZjFlYjdhNDkiLCJ1c2VyX2lkIjoxfQ.jJCpIRWnnyzxcsDxmmHdEoKox1BKR8blrnUTulikTqc","access":"eyJ0eXAiOiJKV1QiLCJhbGciOiJIUzI1NiJ9.eyJ0b2tlbl90eXBlIjoiYWNjZXNzIiwiZXhwIjoxNTY5NzUyMjg3LCJqdGkiOiIyMmZjNTMwZGM4MDc0NjA5YjE3NGRjMjkzMGVlZjkyNCIsInVzZXJfaWQiOjF9.w5f5Ke56YuES8FWt6gTg5BsegxLaTqjL0Tq0n68n1a4"},"code":20000,"message":"success"}
2019-09-29 17:18:07,679 INFO response is : {"data":{"refresh":"eyJ0eXAiOiJKV1QiLCJhbGciOiJIUzI1NiJ9.eyJ0b2tlbl90eXBlIjoicmVmcmVzaCIsImV4cCI6MTU2OTgzNTA4NywianRpIjoiNzE4NTFlODkxZmQzNGMzMmJlZDhjMTAxZjFlYjdhNDkiLCJ1c2VyX2lkIjoxfQ.jJCpIRWnnyzxcsDxmmHdEoKox1BKR8blrnUTulikTqc","access":"eyJ0eXAiOiJKV1QiLCJhbGciOiJIUzI1NiJ9.eyJ0b2tlbl90eXBlIjoiYWNjZXNzIiwiZXhwIjoxNTY5NzUyMjg3LCJqdGkiOiIyMmZjNTMwZGM4MDc0NjA5YjE3NGRjMjkzMGVlZjkyNCIsInVzZXJfaWQiOjF9.w5f5Ke56YuES8FWt6gTg5BsegxLaTqjL0Tq0n68n1a4"},"code":20000,"message":"success"}
2019-09-29 17:18:07,679 INFO response is : {"data":{"refresh":"eyJ0eXAiOiJKV1QiLCJhbGciOiJIUzI1NiJ9.eyJ0b2tlbl90eXBlIjoicmVmcmVzaCIsImV4cCI6MTU2OTgzNTA4NywianRpIjoiNzE4NTFlODkxZmQzNGMzMmJlZDhjMTAxZjFlYjdhNDkiLCJ1c2VyX2lkIjoxfQ.jJCpIRWnnyzxcsDxmmHdEoKox1BKR8blrnUTulikTqc","access":"eyJ0eXAiOiJKV1QiLCJhbGciOiJIUzI1NiJ9.eyJ0b2tlbl90eXBlIjoiYWNjZXNzIiwiZXhwIjoxNTY5NzUyMjg3LCJqdGkiOiIyMmZjNTMwZGM4MDc0NjA5YjE3NGRjMjkzMGVlZjkyNCIsInVzZXJfaWQiOjF9.w5f5Ke56YuES8FWt6gTg5BsegxLaTqjL0Tq0n68n1a4"},"code":20000,"message":"success"}
2019-09-29 17:18:07,679 INFO response is : {"data":{"refresh":"eyJ0eXAiOiJKV1QiLCJhbGciOiJIUzI1NiJ9.eyJ0b2tlbl90eXBlIjoicmVmcmVzaCIsImV4cCI6MTU2OTgzNTA4NywianRpIjoiNzE4NTFlODkxZmQzNGMzMmJlZDhjMTAxZjFlYjdhNDkiLCJ1c2VyX2lkIjoxfQ.jJCpIRWnnyzxcsDxmmHdEoKox1BKR8blrnUTulikTqc","access":"eyJ0eXAiOiJKV1QiLCJhbGciOiJIUzI1NiJ9.eyJ0b2tlbl90eXBlIjoiYWNjZXNzIiwiZXhwIjoxNTY5NzUyMjg3LCJqdGkiOiIyMmZjNTMwZGM4MDc0NjA5YjE3NGRjMjkzMGVlZjkyNCIsInVzZXJfaWQiOjF9.w5f5Ke56YuES8FWt6gTg5BsegxLaTqjL0Tq0n68n1a4"},"code":20000,"message":"success"}
2019-09-29 17:18:07,681 INFO in getUserinfo heasers is :{'Content-Type': 'application/json', 'Authorization': 'Bearer eyJ0eXAiOiJKV1QiLCJhbGciOiJIUzI1NiJ9.eyJ0b2tlbl90eXBlIjoiYWNjZXNzIiwiZXhwIjoxNTY5NzUyMjg3LCJqdGkiOiIyMmZjNTMwZGM4MDc0NjA5YjE3NGRjMjkzMGVlZjkyNCIsInVzZXJfaWQiOjF9.w5f5Ke56YuES8FWt6gTg5BsegxLaTqjL0Tq0n68n1a4'}
2019-09-29 17:18:07,681 INFO in getUserinfo heasers is :{'Content-Type': 'application/json', 'Authorization': 'Bearer eyJ0eXAiOiJKV1QiLCJhbGciOiJIUzI1NiJ9.eyJ0b2tlbl90eXBlIjoiYWNjZXNzIiwiZXhwIjoxNTY5NzUyMjg3LCJqdGkiOiIyMmZjNTMwZGM4MDc0NjA5YjE3NGRjMjkzMGVlZjkyNCIsInVzZXJfaWQiOjF9.w5f5Ke56YuES8FWt6gTg5BsegxLaTqjL0Tq0n68n1a4'}
2019-09-29 17:18:07,681 INFO in getUserinfo heasers is :{'Content-Type': 'application/json', 'Authorization': 'Bearer eyJ0eXAiOiJKV1QiLCJhbGciOiJIUzI1NiJ9.eyJ0b2tlbl90eXBlIjoiYWNjZXNzIiwiZXhwIjoxNTY5NzUyMjg3LCJqdGkiOiIyMmZjNTMwZGM4MDc0NjA5YjE3NGRjMjkzMGVlZjkyNCIsInVzZXJfaWQiOjF9.w5f5Ke56YuES8FWt6gTg5BsegxLaTqjL0Tq0n68n1a4'}
2019-09-29 17:18:07,681 INFO in getUserinfo heasers is :{'Content-Type': 'application/json', 'Authorization': 'Bearer eyJ0eXAiOiJKV1QiLCJhbGciOiJIUzI1NiJ9.eyJ0b2tlbl90eXBlIjoiYWNjZXNzIiwiZXhwIjoxNTY5NzUyMjg3LCJqdGkiOiIyMmZjNTMwZGM4MDc0NjA5YjE3NGRjMjkzMGVlZjkyNCIsInVzZXJfaWQiOjF9.w5f5Ke56YuES8FWt6gTg5BsegxLaTqjL0Tq0n68n1a4'}
2019-09-29 17:18:07,681 INFO in getUserinfo heasers is :{'Content-Type': 'application/json', 'Authorization': 'Bearer eyJ0eXAiOiJKV1QiLCJhbGciOiJIUzI1NiJ9.eyJ0b2tlbl90eXBlIjoiYWNjZXNzIiwiZXhwIjoxNTY5NzUyMjg3LCJqdGkiOiIyMmZjNTMwZGM4MDc0NjA5YjE3NGRjMjkzMGVlZjkyNCIsInVzZXJfaWQiOjF9.w5f5Ke56YuES8FWt6gTg5BsegxLaTqjL0Tq0n68n1a4'}
2019-09-29 17:18:08,072 INFO response is : <Response [200]>
2019-09-29 17:18:08,072 INFO response is : <Response [200]>
2019-09-29 17:18:08,072 INFO response is : <Response [200]>
2019-09-29 17:18:08,072 INFO response is : <Response [200]>
2019-09-29 17:18:08,072 INFO response is : <Response [200]>
2019-09-29 17:18:08,072 INFO response is : <Response [200]>
2019-09-29 17:18:08,074 INFO <Response [200]>
2019-09-29 17:18:08,074 INFO <Response [200]>
2019-09-29 17:18:08,074 INFO <Response [200]>
2019-09-29 17:18:08,074 INFO <Response [200]>
2019-09-29 17:18:08,074 INFO <Response [200]>
2019-09-29 17:18:08,074 INFO <Response [200]>
2019-09-29 17:18:08,074 INFO <Response [200]>
2019-09-29 17:18:08,075 INFO in login！
2019-09-29 17:18:08,075 INFO in login！
2019-09-29 17:18:08,075 INFO in login！
2019-09-29 17:18:08,075 INFO in login！
2019-09-29 17:18:08,075 INFO in login！
2019-09-29 17:18:08,075 INFO in login！
2019-09-29 17:18:08,075 INFO in login！
2019-09-29 17:18:08,075 INFO in login！
2019-09-29 17:18:08,680 INFO response is : <Response [200]>
2019-09-29 17:18:08,680 INFO response is : <Response [200]>
2019-09-29 17:18:08,680 INFO response is : <Response [200]>
2019-09-29 17:18:08,680 INFO response is : <Response [200]>
2019-09-29 17:18:08,680 INFO response is : <Response [200]>
2019-09-29 17:18:08,680 INFO response is : <Response [200]>
2019-09-29 17:18:08,680 INFO response is : <Response [200]>
2019-09-29 17:18:08,680 INFO response is : <Response [200]>
2019-09-29 17:18:08,680 INFO response is : <Response [200]>
2019-09-29 17:18:08,681 INFO response is : {"data":{"refresh":"eyJ0eXAiOiJKV1QiLCJhbGciOiJIUzI1NiJ9.eyJ0b2tlbl90eXBlIjoicmVmcmVzaCIsImV4cCI6MTU2OTgzNTA4OCwianRpIjoiZGY1NzJkZDgzMDE1NGUzMGFlMDAxYzM5MTIyNDU3MGIiLCJ1c2VyX2lkIjoxfQ._KGs9oXi00tGvFJh-iMWEzZFv8SXo5ybnEsowPGdYHM","access":"eyJ0eXAiOiJKV1QiLCJhbGciOiJIUzI1NiJ9.eyJ0b2tlbl90eXBlIjoiYWNjZXNzIiwiZXhwIjoxNTY5NzUyMjg4LCJqdGkiOiJhZDA5ODU1Zjg0YmI0MTQ3OWIzNjljNGYxMmIwZWM2YSIsInVzZXJfaWQiOjF9.6cOUWWtqhqZ3rsBhEa5pKommMiz2wNo6n1XN7s4iIaw"},"code":20000,"message":"success"}
2019-09-29 17:18:08,681 INFO response is : {"data":{"refresh":"eyJ0eXAiOiJKV1QiLCJhbGciOiJIUzI1NiJ9.eyJ0b2tlbl90eXBlIjoicmVmcmVzaCIsImV4cCI6MTU2OTgzNTA4OCwianRpIjoiZGY1NzJkZDgzMDE1NGUzMGFlMDAxYzM5MTIyNDU3MGIiLCJ1c2VyX2lkIjoxfQ._KGs9oXi00tGvFJh-iMWEzZFv8SXo5ybnEsowPGdYHM","access":"eyJ0eXAiOiJKV1QiLCJhbGciOiJIUzI1NiJ9.eyJ0b2tlbl90eXBlIjoiYWNjZXNzIiwiZXhwIjoxNTY5NzUyMjg4LCJqdGkiOiJhZDA5ODU1Zjg0YmI0MTQ3OWIzNjljNGYxMmIwZWM2YSIsInVzZXJfaWQiOjF9.6cOUWWtqhqZ3rsBhEa5pKommMiz2wNo6n1XN7s4iIaw"},"code":20000,"message":"success"}
2019-09-29 17:18:08,681 INFO response is : {"data":{"refresh":"eyJ0eXAiOiJKV1QiLCJhbGciOiJIUzI1NiJ9.eyJ0b2tlbl90eXBlIjoicmVmcmVzaCIsImV4cCI6MTU2OTgzNTA4OCwianRpIjoiZGY1NzJkZDgzMDE1NGUzMGFlMDAxYzM5MTIyNDU3MGIiLCJ1c2VyX2lkIjoxfQ._KGs9oXi00tGvFJh-iMWEzZFv8SXo5ybnEsowPGdYHM","access":"eyJ0eXAiOiJKV1QiLCJhbGciOiJIUzI1NiJ9.eyJ0b2tlbl90eXBlIjoiYWNjZXNzIiwiZXhwIjoxNTY5NzUyMjg4LCJqdGkiOiJhZDA5ODU1Zjg0YmI0MTQ3OWIzNjljNGYxMmIwZWM2YSIsInVzZXJfaWQiOjF9.6cOUWWtqhqZ3rsBhEa5pKommMiz2wNo6n1XN7s4iIaw"},"code":20000,"message":"success"}
2019-09-29 17:18:08,681 INFO response is : {"data":{"refresh":"eyJ0eXAiOiJKV1QiLCJhbGciOiJIUzI1NiJ9.eyJ0b2tlbl90eXBlIjoicmVmcmVzaCIsImV4cCI6MTU2OTgzNTA4OCwianRpIjoiZGY1NzJkZDgzMDE1NGUzMGFlMDAxYzM5MTIyNDU3MGIiLCJ1c2VyX2lkIjoxfQ._KGs9oXi00tGvFJh-iMWEzZFv8SXo5ybnEsowPGdYHM","access":"eyJ0eXAiOiJKV1QiLCJhbGciOiJIUzI1NiJ9.eyJ0b2tlbl90eXBlIjoiYWNjZXNzIiwiZXhwIjoxNTY5NzUyMjg4LCJqdGkiOiJhZDA5ODU1Zjg0YmI0MTQ3OWIzNjljNGYxMmIwZWM2YSIsInVzZXJfaWQiOjF9.6cOUWWtqhqZ3rsBhEa5pKommMiz2wNo6n1XN7s4iIaw"},"code":20000,"message":"success"}
2019-09-29 17:18:08,681 INFO response is : {"data":{"refresh":"eyJ0eXAiOiJKV1QiLCJhbGciOiJIUzI1NiJ9.eyJ0b2tlbl90eXBlIjoicmVmcmVzaCIsImV4cCI6MTU2OTgzNTA4OCwianRpIjoiZGY1NzJkZDgzMDE1NGUzMGFlMDAxYzM5MTIyNDU3MGIiLCJ1c2VyX2lkIjoxfQ._KGs9oXi00tGvFJh-iMWEzZFv8SXo5ybnEsowPGdYHM","access":"eyJ0eXAiOiJKV1QiLCJhbGciOiJIUzI1NiJ9.eyJ0b2tlbl90eXBlIjoiYWNjZXNzIiwiZXhwIjoxNTY5NzUyMjg4LCJqdGkiOiJhZDA5ODU1Zjg0YmI0MTQ3OWIzNjljNGYxMmIwZWM2YSIsInVzZXJfaWQiOjF9.6cOUWWtqhqZ3rsBhEa5pKommMiz2wNo6n1XN7s4iIaw"},"code":20000,"message":"success"}
2019-09-29 17:18:08,681 INFO response is : {"data":{"refresh":"eyJ0eXAiOiJKV1QiLCJhbGciOiJIUzI1NiJ9.eyJ0b2tlbl90eXBlIjoicmVmcmVzaCIsImV4cCI6MTU2OTgzNTA4OCwianRpIjoiZGY1NzJkZDgzMDE1NGUzMGFlMDAxYzM5MTIyNDU3MGIiLCJ1c2VyX2lkIjoxfQ._KGs9oXi00tGvFJh-iMWEzZFv8SXo5ybnEsowPGdYHM","access":"eyJ0eXAiOiJKV1QiLCJhbGciOiJIUzI1NiJ9.eyJ0b2tlbl90eXBlIjoiYWNjZXNzIiwiZXhwIjoxNTY5NzUyMjg4LCJqdGkiOiJhZDA5ODU1Zjg0YmI0MTQ3OWIzNjljNGYxMmIwZWM2YSIsInVzZXJfaWQiOjF9.6cOUWWtqhqZ3rsBhEa5pKommMiz2wNo6n1XN7s4iIaw"},"code":20000,"message":"success"}
2019-09-29 17:18:08,681 INFO response is : {"data":{"refresh":"eyJ0eXAiOiJKV1QiLCJhbGciOiJIUzI1NiJ9.eyJ0b2tlbl90eXBlIjoicmVmcmVzaCIsImV4cCI6MTU2OTgzNTA4OCwianRpIjoiZGY1NzJkZDgzMDE1NGUzMGFlMDAxYzM5MTIyNDU3MGIiLCJ1c2VyX2lkIjoxfQ._KGs9oXi00tGvFJh-iMWEzZFv8SXo5ybnEsowPGdYHM","access":"eyJ0eXAiOiJKV1QiLCJhbGciOiJIUzI1NiJ9.eyJ0b2tlbl90eXBlIjoiYWNjZXNzIiwiZXhwIjoxNTY5NzUyMjg4LCJqdGkiOiJhZDA5ODU1Zjg0YmI0MTQ3OWIzNjljNGYxMmIwZWM2YSIsInVzZXJfaWQiOjF9.6cOUWWtqhqZ3rsBhEa5pKommMiz2wNo6n1XN7s4iIaw"},"code":20000,"message":"success"}
2019-09-29 17:18:08,681 INFO response is : {"data":{"refresh":"eyJ0eXAiOiJKV1QiLCJhbGciOiJIUzI1NiJ9.eyJ0b2tlbl90eXBlIjoicmVmcmVzaCIsImV4cCI6MTU2OTgzNTA4OCwianRpIjoiZGY1NzJkZDgzMDE1NGUzMGFlMDAxYzM5MTIyNDU3MGIiLCJ1c2VyX2lkIjoxfQ._KGs9oXi00tGvFJh-iMWEzZFv8SXo5ybnEsowPGdYHM","access":"eyJ0eXAiOiJKV1QiLCJhbGciOiJIUzI1NiJ9.eyJ0b2tlbl90eXBlIjoiYWNjZXNzIiwiZXhwIjoxNTY5NzUyMjg4LCJqdGkiOiJhZDA5ODU1Zjg0YmI0MTQ3OWIzNjljNGYxMmIwZWM2YSIsInVzZXJfaWQiOjF9.6cOUWWtqhqZ3rsBhEa5pKommMiz2wNo6n1XN7s4iIaw"},"code":20000,"message":"success"}
2019-09-29 17:18:08,681 INFO response is : {"data":{"refresh":"eyJ0eXAiOiJKV1QiLCJhbGciOiJIUzI1NiJ9.eyJ0b2tlbl90eXBlIjoicmVmcmVzaCIsImV4cCI6MTU2OTgzNTA4OCwianRpIjoiZGY1NzJkZDgzMDE1NGUzMGFlMDAxYzM5MTIyNDU3MGIiLCJ1c2VyX2lkIjoxfQ._KGs9oXi00tGvFJh-iMWEzZFv8SXo5ybnEsowPGdYHM","access":"eyJ0eXAiOiJKV1QiLCJhbGciOiJIUzI1NiJ9.eyJ0b2tlbl90eXBlIjoiYWNjZXNzIiwiZXhwIjoxNTY5NzUyMjg4LCJqdGkiOiJhZDA5ODU1Zjg0YmI0MTQ3OWIzNjljNGYxMmIwZWM2YSIsInVzZXJfaWQiOjF9.6cOUWWtqhqZ3rsBhEa5pKommMiz2wNo6n1XN7s4iIaw"},"code":20000,"message":"success"}
2019-09-29 17:18:08,681 INFO response is : {"data":{"refresh":"eyJ0eXAiOiJKV1QiLCJhbGciOiJIUzI1NiJ9.eyJ0b2tlbl90eXBlIjoicmVmcmVzaCIsImV4cCI6MTU2OTgzNTA4OCwianRpIjoiZGY1NzJkZDgzMDE1NGUzMGFlMDAxYzM5MTIyNDU3MGIiLCJ1c2VyX2lkIjoxfQ._KGs9oXi00tGvFJh-iMWEzZFv8SXo5ybnEsowPGdYHM","access":"eyJ0eXAiOiJKV1QiLCJhbGciOiJIUzI1NiJ9.eyJ0b2tlbl90eXBlIjoiYWNjZXNzIiwiZXhwIjoxNTY5NzUyMjg4LCJqdGkiOiJhZDA5ODU1Zjg0YmI0MTQ3OWIzNjljNGYxMmIwZWM2YSIsInVzZXJfaWQiOjF9.6cOUWWtqhqZ3rsBhEa5pKommMiz2wNo6n1XN7s4iIaw"},"code":20000,"message":"success"}
2019-09-29 17:18:08,682 INFO in login！
2019-09-29 17:18:08,682 INFO in login！
2019-09-29 17:18:08,682 INFO in login！
2019-09-29 17:18:08,682 INFO in login！
2019-09-29 17:18:08,682 INFO in login！
2019-09-29 17:18:08,682 INFO in login！
2019-09-29 17:18:08,682 INFO in login！
2019-09-29 17:18:08,682 INFO in login！
2019-09-29 17:18:08,682 INFO in login！
2019-09-29 17:18:08,682 INFO in login！
2019-09-29 17:18:08,682 INFO in login！
2019-09-29 17:18:09,241 INFO response is : <Response [200]>
2019-09-29 17:18:09,241 INFO response is : <Response [200]>
2019-09-29 17:18:09,241 INFO response is : <Response [200]>
2019-09-29 17:18:09,241 INFO response is : <Response [200]>
2019-09-29 17:18:09,241 INFO response is : <Response [200]>
2019-09-29 17:18:09,241 INFO response is : <Response [200]>
2019-09-29 17:18:09,241 INFO response is : <Response [200]>
2019-09-29 17:18:09,241 INFO response is : <Response [200]>
2019-09-29 17:18:09,241 INFO response is : <Response [200]>
2019-09-29 17:18:09,241 INFO response is : <Response [200]>
2019-09-29 17:18:09,241 INFO response is : <Response [200]>
2019-09-29 17:18:09,241 INFO response is : <Response [200]>
2019-09-29 17:18:09,242 INFO response is : {"data":{"refresh":"eyJ0eXAiOiJKV1QiLCJhbGciOiJIUzI1NiJ9.eyJ0b2tlbl90eXBlIjoicmVmcmVzaCIsImV4cCI6MTU2OTgzNTA4OSwianRpIjoiMmViMTEwODQ1MWFkNGFkYThlNzdlM2MyOWI4Nzk2MmUiLCJ1c2VyX2lkIjoxfQ.5moMCPHLf5gpPFGul7l30BDMw4uJ8B_moITD_zceTPw","access":"eyJ0eXAiOiJKV1QiLCJhbGciOiJIUzI1NiJ9.eyJ0b2tlbl90eXBlIjoiYWNjZXNzIiwiZXhwIjoxNTY5NzUyMjg5LCJqdGkiOiI0NDU3MDQ2YWQ0ZGU0NjNjYjQwMDI1NTM0ZmJmMTJmMCIsInVzZXJfaWQiOjF9.RXwE7UUsucYLNNbhy0i5zR5fer2eOpl6Qme3jRobGyA"},"code":20000,"message":"success"}
2019-09-29 17:18:09,242 INFO response is : {"data":{"refresh":"eyJ0eXAiOiJKV1QiLCJhbGciOiJIUzI1NiJ9.eyJ0b2tlbl90eXBlIjoicmVmcmVzaCIsImV4cCI6MTU2OTgzNTA4OSwianRpIjoiMmViMTEwODQ1MWFkNGFkYThlNzdlM2MyOWI4Nzk2MmUiLCJ1c2VyX2lkIjoxfQ.5moMCPHLf5gpPFGul7l30BDMw4uJ8B_moITD_zceTPw","access":"eyJ0eXAiOiJKV1QiLCJhbGciOiJIUzI1NiJ9.eyJ0b2tlbl90eXBlIjoiYWNjZXNzIiwiZXhwIjoxNTY5NzUyMjg5LCJqdGkiOiI0NDU3MDQ2YWQ0ZGU0NjNjYjQwMDI1NTM0ZmJmMTJmMCIsInVzZXJfaWQiOjF9.RXwE7UUsucYLNNbhy0i5zR5fer2eOpl6Qme3jRobGyA"},"code":20000,"message":"success"}
2019-09-29 17:18:09,242 INFO response is : {"data":{"refresh":"eyJ0eXAiOiJKV1QiLCJhbGciOiJIUzI1NiJ9.eyJ0b2tlbl90eXBlIjoicmVmcmVzaCIsImV4cCI6MTU2OTgzNTA4OSwianRpIjoiMmViMTEwODQ1MWFkNGFkYThlNzdlM2MyOWI4Nzk2MmUiLCJ1c2VyX2lkIjoxfQ.5moMCPHLf5gpPFGul7l30BDMw4uJ8B_moITD_zceTPw","access":"eyJ0eXAiOiJKV1QiLCJhbGciOiJIUzI1NiJ9.eyJ0b2tlbl90eXBlIjoiYWNjZXNzIiwiZXhwIjoxNTY5NzUyMjg5LCJqdGkiOiI0NDU3MDQ2YWQ0ZGU0NjNjYjQwMDI1NTM0ZmJmMTJmMCIsInVzZXJfaWQiOjF9.RXwE7UUsucYLNNbhy0i5zR5fer2eOpl6Qme3jRobGyA"},"code":20000,"message":"success"}
2019-09-29 17:18:09,242 INFO response is : {"data":{"refresh":"eyJ0eXAiOiJKV1QiLCJhbGciOiJIUzI1NiJ9.eyJ0b2tlbl90eXBlIjoicmVmcmVzaCIsImV4cCI6MTU2OTgzNTA4OSwianRpIjoiMmViMTEwODQ1MWFkNGFkYThlNzdlM2MyOWI4Nzk2MmUiLCJ1c2VyX2lkIjoxfQ.5moMCPHLf5gpPFGul7l30BDMw4uJ8B_moITD_zceTPw","access":"eyJ0eXAiOiJKV1QiLCJhbGciOiJIUzI1NiJ9.eyJ0b2tlbl90eXBlIjoiYWNjZXNzIiwiZXhwIjoxNTY5NzUyMjg5LCJqdGkiOiI0NDU3MDQ2YWQ0ZGU0NjNjYjQwMDI1NTM0ZmJmMTJmMCIsInVzZXJfaWQiOjF9.RXwE7UUsucYLNNbhy0i5zR5fer2eOpl6Qme3jRobGyA"},"code":20000,"message":"success"}
2019-09-29 17:18:09,242 INFO response is : {"data":{"refresh":"eyJ0eXAiOiJKV1QiLCJhbGciOiJIUzI1NiJ9.eyJ0b2tlbl90eXBlIjoicmVmcmVzaCIsImV4cCI6MTU2OTgzNTA4OSwianRpIjoiMmViMTEwODQ1MWFkNGFkYThlNzdlM2MyOWI4Nzk2MmUiLCJ1c2VyX2lkIjoxfQ.5moMCPHLf5gpPFGul7l30BDMw4uJ8B_moITD_zceTPw","access":"eyJ0eXAiOiJKV1QiLCJhbGciOiJIUzI1NiJ9.eyJ0b2tlbl90eXBlIjoiYWNjZXNzIiwiZXhwIjoxNTY5NzUyMjg5LCJqdGkiOiI0NDU3MDQ2YWQ0ZGU0NjNjYjQwMDI1NTM0ZmJmMTJmMCIsInVzZXJfaWQiOjF9.RXwE7UUsucYLNNbhy0i5zR5fer2eOpl6Qme3jRobGyA"},"code":20000,"message":"success"}
2019-09-29 17:18:09,242 INFO response is : {"data":{"refresh":"eyJ0eXAiOiJKV1QiLCJhbGciOiJIUzI1NiJ9.eyJ0b2tlbl90eXBlIjoicmVmcmVzaCIsImV4cCI6MTU2OTgzNTA4OSwianRpIjoiMmViMTEwODQ1MWFkNGFkYThlNzdlM2MyOWI4Nzk2MmUiLCJ1c2VyX2lkIjoxfQ.5moMCPHLf5gpPFGul7l30BDMw4uJ8B_moITD_zceTPw","access":"eyJ0eXAiOiJKV1QiLCJhbGciOiJIUzI1NiJ9.eyJ0b2tlbl90eXBlIjoiYWNjZXNzIiwiZXhwIjoxNTY5NzUyMjg5LCJqdGkiOiI0NDU3MDQ2YWQ0ZGU0NjNjYjQwMDI1NTM0ZmJmMTJmMCIsInVzZXJfaWQiOjF9.RXwE7UUsucYLNNbhy0i5zR5fer2eOpl6Qme3jRobGyA"},"code":20000,"message":"success"}
2019-09-29 17:18:09,242 INFO response is : {"data":{"refresh":"eyJ0eXAiOiJKV1QiLCJhbGciOiJIUzI1NiJ9.eyJ0b2tlbl90eXBlIjoicmVmcmVzaCIsImV4cCI6MTU2OTgzNTA4OSwianRpIjoiMmViMTEwODQ1MWFkNGFkYThlNzdlM2MyOWI4Nzk2MmUiLCJ1c2VyX2lkIjoxfQ.5moMCPHLf5gpPFGul7l30BDMw4uJ8B_moITD_zceTPw","access":"eyJ0eXAiOiJKV1QiLCJhbGciOiJIUzI1NiJ9.eyJ0b2tlbl90eXBlIjoiYWNjZXNzIiwiZXhwIjoxNTY5NzUyMjg5LCJqdGkiOiI0NDU3MDQ2YWQ0ZGU0NjNjYjQwMDI1NTM0ZmJmMTJmMCIsInVzZXJfaWQiOjF9.RXwE7UUsucYLNNbhy0i5zR5fer2eOpl6Qme3jRobGyA"},"code":20000,"message":"success"}
2019-09-29 17:18:09,242 INFO response is : {"data":{"refresh":"eyJ0eXAiOiJKV1QiLCJhbGciOiJIUzI1NiJ9.eyJ0b2tlbl90eXBlIjoicmVmcmVzaCIsImV4cCI6MTU2OTgzNTA4OSwianRpIjoiMmViMTEwODQ1MWFkNGFkYThlNzdlM2MyOWI4Nzk2MmUiLCJ1c2VyX2lkIjoxfQ.5moMCPHLf5gpPFGul7l30BDMw4uJ8B_moITD_zceTPw","access":"eyJ0eXAiOiJKV1QiLCJhbGciOiJIUzI1NiJ9.eyJ0b2tlbl90eXBlIjoiYWNjZXNzIiwiZXhwIjoxNTY5NzUyMjg5LCJqdGkiOiI0NDU3MDQ2YWQ0ZGU0NjNjYjQwMDI1NTM0ZmJmMTJmMCIsInVzZXJfaWQiOjF9.RXwE7UUsucYLNNbhy0i5zR5fer2eOpl6Qme3jRobGyA"},"code":20000,"message":"success"}
2019-09-29 17:18:09,242 INFO response is : {"data":{"refresh":"eyJ0eXAiOiJKV1QiLCJhbGciOiJIUzI1NiJ9.eyJ0b2tlbl90eXBlIjoicmVmcmVzaCIsImV4cCI6MTU2OTgzNTA4OSwianRpIjoiMmViMTEwODQ1MWFkNGFkYThlNzdlM2MyOWI4Nzk2MmUiLCJ1c2VyX2lkIjoxfQ.5moMCPHLf5gpPFGul7l30BDMw4uJ8B_moITD_zceTPw","access":"eyJ0eXAiOiJKV1QiLCJhbGciOiJIUzI1NiJ9.eyJ0b2tlbl90eXBlIjoiYWNjZXNzIiwiZXhwIjoxNTY5NzUyMjg5LCJqdGkiOiI0NDU3MDQ2YWQ0ZGU0NjNjYjQwMDI1NTM0ZmJmMTJmMCIsInVzZXJfaWQiOjF9.RXwE7UUsucYLNNbhy0i5zR5fer2eOpl6Qme3jRobGyA"},"code":20000,"message":"success"}
2019-09-29 17:18:09,242 INFO response is : {"data":{"refresh":"eyJ0eXAiOiJKV1QiLCJhbGciOiJIUzI1NiJ9.eyJ0b2tlbl90eXBlIjoicmVmcmVzaCIsImV4cCI6MTU2OTgzNTA4OSwianRpIjoiMmViMTEwODQ1MWFkNGFkYThlNzdlM2MyOWI4Nzk2MmUiLCJ1c2VyX2lkIjoxfQ.5moMCPHLf5gpPFGul7l30BDMw4uJ8B_moITD_zceTPw","access":"eyJ0eXAiOiJKV1QiLCJhbGciOiJIUzI1NiJ9.eyJ0b2tlbl90eXBlIjoiYWNjZXNzIiwiZXhwIjoxNTY5NzUyMjg5LCJqdGkiOiI0NDU3MDQ2YWQ0ZGU0NjNjYjQwMDI1NTM0ZmJmMTJmMCIsInVzZXJfaWQiOjF9.RXwE7UUsucYLNNbhy0i5zR5fer2eOpl6Qme3jRobGyA"},"code":20000,"message":"success"}
2019-09-29 17:18:09,242 INFO response is : {"data":{"refresh":"eyJ0eXAiOiJKV1QiLCJhbGciOiJIUzI1NiJ9.eyJ0b2tlbl90eXBlIjoicmVmcmVzaCIsImV4cCI6MTU2OTgzNTA4OSwianRpIjoiMmViMTEwODQ1MWFkNGFkYThlNzdlM2MyOWI4Nzk2MmUiLCJ1c2VyX2lkIjoxfQ.5moMCPHLf5gpPFGul7l30BDMw4uJ8B_moITD_zceTPw","access":"eyJ0eXAiOiJKV1QiLCJhbGciOiJIUzI1NiJ9.eyJ0b2tlbl90eXBlIjoiYWNjZXNzIiwiZXhwIjoxNTY5NzUyMjg5LCJqdGkiOiI0NDU3MDQ2YWQ0ZGU0NjNjYjQwMDI1NTM0ZmJmMTJmMCIsInVzZXJfaWQiOjF9.RXwE7UUsucYLNNbhy0i5zR5fer2eOpl6Qme3jRobGyA"},"code":20000,"message":"success"}
2019-09-29 17:18:09,242 INFO response is : {"data":{"refresh":"eyJ0eXAiOiJKV1QiLCJhbGciOiJIUzI1NiJ9.eyJ0b2tlbl90eXBlIjoicmVmcmVzaCIsImV4cCI6MTU2OTgzNTA4OSwianRpIjoiMmViMTEwODQ1MWFkNGFkYThlNzdlM2MyOWI4Nzk2MmUiLCJ1c2VyX2lkIjoxfQ.5moMCPHLf5gpPFGul7l30BDMw4uJ8B_moITD_zceTPw","access":"eyJ0eXAiOiJKV1QiLCJhbGciOiJIUzI1NiJ9.eyJ0b2tlbl90eXBlIjoiYWNjZXNzIiwiZXhwIjoxNTY5NzUyMjg5LCJqdGkiOiI0NDU3MDQ2YWQ0ZGU0NjNjYjQwMDI1NTM0ZmJmMTJmMCIsInVzZXJfaWQiOjF9.RXwE7UUsucYLNNbhy0i5zR5fer2eOpl6Qme3jRobGyA"},"code":20000,"message":"success"}
2019-09-29 17:18:09,242 INFO response is : {"data":{"refresh":"eyJ0eXAiOiJKV1QiLCJhbGciOiJIUzI1NiJ9.eyJ0b2tlbl90eXBlIjoicmVmcmVzaCIsImV4cCI6MTU2OTgzNTA4OSwianRpIjoiMmViMTEwODQ1MWFkNGFkYThlNzdlM2MyOWI4Nzk2MmUiLCJ1c2VyX2lkIjoxfQ.5moMCPHLf5gpPFGul7l30BDMw4uJ8B_moITD_zceTPw","access":"eyJ0eXAiOiJKV1QiLCJhbGciOiJIUzI1NiJ9.eyJ0b2tlbl90eXBlIjoiYWNjZXNzIiwiZXhwIjoxNTY5NzUyMjg5LCJqdGkiOiI0NDU3MDQ2YWQ0ZGU0NjNjYjQwMDI1NTM0ZmJmMTJmMCIsInVzZXJfaWQiOjF9.RXwE7UUsucYLNNbhy0i5zR5fer2eOpl6Qme3jRobGyA"},"code":20000,"message":"success"}
2019-09-29 17:18:09,243 INFO <Response [200]>
2019-09-29 17:18:09,243 INFO <Response [200]>
2019-09-29 17:18:09,243 INFO <Response [200]>
2019-09-29 17:18:09,243 INFO <Response [200]>
2019-09-29 17:18:09,243 INFO <Response [200]>
2019-09-29 17:18:09,243 INFO <Response [200]>
2019-09-29 17:18:09,243 INFO <Response [200]>
2019-09-29 17:18:09,243 INFO <Response [200]>
2019-09-29 17:18:09,243 INFO <Response [200]>
2019-09-29 17:18:09,243 INFO <Response [200]>
2019-09-29 17:18:09,243 INFO <Response [200]>
2019-09-29 17:18:09,243 INFO <Response [200]>
2019-09-29 17:18:09,243 INFO <Response [200]>
2019-09-29 17:18:09,243 INFO <Response [200]>
2019-09-29 17:41:53,411 INFO 开始执行测试,报告输出模式text
2019-09-29 17:41:53,413 INFO in login！
2019-09-29 17:41:53,413 INFO in login！
2019-09-29 17:41:53,415 INFO in login！
2019-09-29 17:41:53,415 INFO in login！
2019-09-29 17:41:53,415 INFO in login！
2019-09-29 17:43:24,833 INFO 开始执行测试,报告输出模式text
2019-09-29 17:43:24,835 INFO in login！
2019-09-29 17:43:24,835 INFO in login！
2019-09-29 17:43:26,585 INFO response is : <Response [200]>
2019-09-29 17:43:26,585 INFO response is : <Response [200]>
2019-09-29 17:43:26,585 INFO response is : <Response [200]>
2019-09-29 17:43:26,585 INFO response is : {"data":{"refresh":"eyJ0eXAiOiJKV1QiLCJhbGciOiJIUzI1NiJ9.eyJ0b2tlbl90eXBlIjoicmVmcmVzaCIsImV4cCI6MTU2OTgzNjYwNiwianRpIjoiZGZiODZhZmM2Yjg0NDNhMGJlYzNlNzY2OGZhNTEwY2IiLCJ1c2VyX2lkIjoxfQ.X4sRmA75L4flF85moLeIk4tupJ6-eAtMG9Fys7kwaXc","access":"eyJ0eXAiOiJKV1QiLCJhbGciOiJIUzI1NiJ9.eyJ0b2tlbl90eXBlIjoiYWNjZXNzIiwiZXhwIjoxNTY5NzUzODA2LCJqdGkiOiIxYzFjNGRlMTc3NDg0Y2ZkODQ2MDhjNGIxYWE2YzJlMCIsInVzZXJfaWQiOjF9.ZZEt5ZPBRYZayTOUXNHbQqdAtUIQHm_8v24R30f9HyE"},"code":20000,"message":"success"}
2019-09-29 17:43:26,585 INFO response is : {"data":{"refresh":"eyJ0eXAiOiJKV1QiLCJhbGciOiJIUzI1NiJ9.eyJ0b2tlbl90eXBlIjoicmVmcmVzaCIsImV4cCI6MTU2OTgzNjYwNiwianRpIjoiZGZiODZhZmM2Yjg0NDNhMGJlYzNlNzY2OGZhNTEwY2IiLCJ1c2VyX2lkIjoxfQ.X4sRmA75L4flF85moLeIk4tupJ6-eAtMG9Fys7kwaXc","access":"eyJ0eXAiOiJKV1QiLCJhbGciOiJIUzI1NiJ9.eyJ0b2tlbl90eXBlIjoiYWNjZXNzIiwiZXhwIjoxNTY5NzUzODA2LCJqdGkiOiIxYzFjNGRlMTc3NDg0Y2ZkODQ2MDhjNGIxYWE2YzJlMCIsInVzZXJfaWQiOjF9.ZZEt5ZPBRYZayTOUXNHbQqdAtUIQHm_8v24R30f9HyE"},"code":20000,"message":"success"}
2019-09-29 17:43:26,585 INFO response is : {"data":{"refresh":"eyJ0eXAiOiJKV1QiLCJhbGciOiJIUzI1NiJ9.eyJ0b2tlbl90eXBlIjoicmVmcmVzaCIsImV4cCI6MTU2OTgzNjYwNiwianRpIjoiZGZiODZhZmM2Yjg0NDNhMGJlYzNlNzY2OGZhNTEwY2IiLCJ1c2VyX2lkIjoxfQ.X4sRmA75L4flF85moLeIk4tupJ6-eAtMG9Fys7kwaXc","access":"eyJ0eXAiOiJKV1QiLCJhbGciOiJIUzI1NiJ9.eyJ0b2tlbl90eXBlIjoiYWNjZXNzIiwiZXhwIjoxNTY5NzUzODA2LCJqdGkiOiIxYzFjNGRlMTc3NDg0Y2ZkODQ2MDhjNGIxYWE2YzJlMCIsInVzZXJfaWQiOjF9.ZZEt5ZPBRYZayTOUXNHbQqdAtUIQHm_8v24R30f9HyE"},"code":20000,"message":"success"}
2019-09-29 17:43:26,585 INFO response is : {"data":{"refresh":"eyJ0eXAiOiJKV1QiLCJhbGciOiJIUzI1NiJ9.eyJ0b2tlbl90eXBlIjoicmVmcmVzaCIsImV4cCI6MTU2OTgzNjYwNiwianRpIjoiZGZiODZhZmM2Yjg0NDNhMGJlYzNlNzY2OGZhNTEwY2IiLCJ1c2VyX2lkIjoxfQ.X4sRmA75L4flF85moLeIk4tupJ6-eAtMG9Fys7kwaXc","access":"eyJ0eXAiOiJKV1QiLCJhbGciOiJIUzI1NiJ9.eyJ0b2tlbl90eXBlIjoiYWNjZXNzIiwiZXhwIjoxNTY5NzUzODA2LCJqdGkiOiIxYzFjNGRlMTc3NDg0Y2ZkODQ2MDhjNGIxYWE2YzJlMCIsInVzZXJfaWQiOjF9.ZZEt5ZPBRYZayTOUXNHbQqdAtUIQHm_8v24R30f9HyE"},"code":20000,"message":"success"}
2019-09-29 17:43:26,586 INFO in getUserinfo heasers is :{'Content-Type': 'application/json', 'Authorization': 'Bearer eyJ0eXAiOiJKV1QiLCJhbGciOiJIUzI1NiJ9.eyJ0b2tlbl90eXBlIjoiYWNjZXNzIiwiZXhwIjoxNTY5NzUzODA2LCJqdGkiOiIxYzFjNGRlMTc3NDg0Y2ZkODQ2MDhjNGIxYWE2YzJlMCIsInVzZXJfaWQiOjF9.ZZEt5ZPBRYZayTOUXNHbQqdAtUIQHm_8v24R30f9HyE'}
2019-09-29 17:43:26,586 INFO in getUserinfo heasers is :{'Content-Type': 'application/json', 'Authorization': 'Bearer eyJ0eXAiOiJKV1QiLCJhbGciOiJIUzI1NiJ9.eyJ0b2tlbl90eXBlIjoiYWNjZXNzIiwiZXhwIjoxNTY5NzUzODA2LCJqdGkiOiIxYzFjNGRlMTc3NDg0Y2ZkODQ2MDhjNGIxYWE2YzJlMCIsInVzZXJfaWQiOjF9.ZZEt5ZPBRYZayTOUXNHbQqdAtUIQHm_8v24R30f9HyE'}
2019-09-29 17:43:26,586 INFO in getUserinfo heasers is :{'Content-Type': 'application/json', 'Authorization': 'Bearer eyJ0eXAiOiJKV1QiLCJhbGciOiJIUzI1NiJ9.eyJ0b2tlbl90eXBlIjoiYWNjZXNzIiwiZXhwIjoxNTY5NzUzODA2LCJqdGkiOiIxYzFjNGRlMTc3NDg0Y2ZkODQ2MDhjNGIxYWE2YzJlMCIsInVzZXJfaWQiOjF9.ZZEt5ZPBRYZayTOUXNHbQqdAtUIQHm_8v24R30f9HyE'}
2019-09-29 17:43:26,586 INFO in getUserinfo heasers is :{'Content-Type': 'application/json', 'Authorization': 'Bearer eyJ0eXAiOiJKV1QiLCJhbGciOiJIUzI1NiJ9.eyJ0b2tlbl90eXBlIjoiYWNjZXNzIiwiZXhwIjoxNTY5NzUzODA2LCJqdGkiOiIxYzFjNGRlMTc3NDg0Y2ZkODQ2MDhjNGIxYWE2YzJlMCIsInVzZXJfaWQiOjF9.ZZEt5ZPBRYZayTOUXNHbQqdAtUIQHm_8v24R30f9HyE'}
2019-09-29 17:43:26,586 INFO in getUserinfo heasers is :{'Content-Type': 'application/json', 'Authorization': 'Bearer eyJ0eXAiOiJKV1QiLCJhbGciOiJIUzI1NiJ9.eyJ0b2tlbl90eXBlIjoiYWNjZXNzIiwiZXhwIjoxNTY5NzUzODA2LCJqdGkiOiIxYzFjNGRlMTc3NDg0Y2ZkODQ2MDhjNGIxYWE2YzJlMCIsInVzZXJfaWQiOjF9.ZZEt5ZPBRYZayTOUXNHbQqdAtUIQHm_8v24R30f9HyE'}
2019-09-29 17:43:26,979 INFO response is : <Response [200]>
2019-09-29 17:43:26,979 INFO response is : <Response [200]>
2019-09-29 17:43:26,979 INFO response is : <Response [200]>
2019-09-29 17:43:26,979 INFO response is : <Response [200]>
2019-09-29 17:43:26,979 INFO response is : <Response [200]>
2019-09-29 17:43:26,979 INFO response is : <Response [200]>
2019-09-29 17:43:26,980 INFO <Response [200]>
2019-09-29 17:43:26,980 INFO <Response [200]>
2019-09-29 17:43:26,980 INFO <Response [200]>
2019-09-29 17:43:26,980 INFO <Response [200]>
2019-09-29 17:43:26,980 INFO <Response [200]>
2019-09-29 17:43:26,980 INFO <Response [200]>
2019-09-29 17:43:26,980 INFO <Response [200]>
2019-09-29 17:43:26,981 INFO in login！
2019-09-29 17:43:26,981 INFO in login！
2019-09-29 17:43:26,981 INFO in login！
2019-09-29 17:43:26,981 INFO in login！
2019-09-29 17:43:26,981 INFO in login！
2019-09-29 17:43:26,981 INFO in login！
2019-09-29 17:43:26,981 INFO in login！
2019-09-29 17:43:26,981 INFO in login！
2019-09-29 17:43:29,474 INFO response is : <Response [200]>
2019-09-29 17:43:29,474 INFO response is : <Response [200]>
2019-09-29 17:43:29,474 INFO response is : <Response [200]>
2019-09-29 17:43:29,474 INFO response is : <Response [200]>
2019-09-29 17:43:29,474 INFO response is : <Response [200]>
2019-09-29 17:43:29,474 INFO response is : <Response [200]>
2019-09-29 17:43:29,474 INFO response is : <Response [200]>
2019-09-29 17:43:29,474 INFO response is : <Response [200]>
2019-09-29 17:43:29,474 INFO response is : <Response [200]>
2019-09-29 17:43:29,475 INFO response is : {"data":{"refresh":"eyJ0eXAiOiJKV1QiLCJhbGciOiJIUzI1NiJ9.eyJ0b2tlbl90eXBlIjoicmVmcmVzaCIsImV4cCI6MTU2OTgzNjYwOCwianRpIjoiYWEzY2Y4ZDk5NWU1NDkwYWFhZWMwOTdjYTI2ZGMwZWIiLCJ1c2VyX2lkIjoxfQ.MreXq-xLfC1dLsMIYvPNLR0eFrzYBxFEGkNyGu8Ve7s","access":"eyJ0eXAiOiJKV1QiLCJhbGciOiJIUzI1NiJ9.eyJ0b2tlbl90eXBlIjoiYWNjZXNzIiwiZXhwIjoxNTY5NzUzODA4LCJqdGkiOiJlMDY4N2EzYjZjMGQ0Mzg3OTIzMjk2NWI2YWQ3ZGMwMiIsInVzZXJfaWQiOjF9.yL4w91VgNlMvaGk8vmrMLYVQF49Ac4f-HbDjhELx4YE"},"code":20000,"message":"success"}
2019-09-29 17:43:29,475 INFO response is : {"data":{"refresh":"eyJ0eXAiOiJKV1QiLCJhbGciOiJIUzI1NiJ9.eyJ0b2tlbl90eXBlIjoicmVmcmVzaCIsImV4cCI6MTU2OTgzNjYwOCwianRpIjoiYWEzY2Y4ZDk5NWU1NDkwYWFhZWMwOTdjYTI2ZGMwZWIiLCJ1c2VyX2lkIjoxfQ.MreXq-xLfC1dLsMIYvPNLR0eFrzYBxFEGkNyGu8Ve7s","access":"eyJ0eXAiOiJKV1QiLCJhbGciOiJIUzI1NiJ9.eyJ0b2tlbl90eXBlIjoiYWNjZXNzIiwiZXhwIjoxNTY5NzUzODA4LCJqdGkiOiJlMDY4N2EzYjZjMGQ0Mzg3OTIzMjk2NWI2YWQ3ZGMwMiIsInVzZXJfaWQiOjF9.yL4w91VgNlMvaGk8vmrMLYVQF49Ac4f-HbDjhELx4YE"},"code":20000,"message":"success"}
2019-09-29 17:43:29,475 INFO response is : {"data":{"refresh":"eyJ0eXAiOiJKV1QiLCJhbGciOiJIUzI1NiJ9.eyJ0b2tlbl90eXBlIjoicmVmcmVzaCIsImV4cCI6MTU2OTgzNjYwOCwianRpIjoiYWEzY2Y4ZDk5NWU1NDkwYWFhZWMwOTdjYTI2ZGMwZWIiLCJ1c2VyX2lkIjoxfQ.MreXq-xLfC1dLsMIYvPNLR0eFrzYBxFEGkNyGu8Ve7s","access":"eyJ0eXAiOiJKV1QiLCJhbGciOiJIUzI1NiJ9.eyJ0b2tlbl90eXBlIjoiYWNjZXNzIiwiZXhwIjoxNTY5NzUzODA4LCJqdGkiOiJlMDY4N2EzYjZjMGQ0Mzg3OTIzMjk2NWI2YWQ3ZGMwMiIsInVzZXJfaWQiOjF9.yL4w91VgNlMvaGk8vmrMLYVQF49Ac4f-HbDjhELx4YE"},"code":20000,"message":"success"}
2019-09-29 17:43:29,475 INFO response is : {"data":{"refresh":"eyJ0eXAiOiJKV1QiLCJhbGciOiJIUzI1NiJ9.eyJ0b2tlbl90eXBlIjoicmVmcmVzaCIsImV4cCI6MTU2OTgzNjYwOCwianRpIjoiYWEzY2Y4ZDk5NWU1NDkwYWFhZWMwOTdjYTI2ZGMwZWIiLCJ1c2VyX2lkIjoxfQ.MreXq-xLfC1dLsMIYvPNLR0eFrzYBxFEGkNyGu8Ve7s","access":"eyJ0eXAiOiJKV1QiLCJhbGciOiJIUzI1NiJ9.eyJ0b2tlbl90eXBlIjoiYWNjZXNzIiwiZXhwIjoxNTY5NzUzODA4LCJqdGkiOiJlMDY4N2EzYjZjMGQ0Mzg3OTIzMjk2NWI2YWQ3ZGMwMiIsInVzZXJfaWQiOjF9.yL4w91VgNlMvaGk8vmrMLYVQF49Ac4f-HbDjhELx4YE"},"code":20000,"message":"success"}
2019-09-29 17:43:29,475 INFO response is : {"data":{"refresh":"eyJ0eXAiOiJKV1QiLCJhbGciOiJIUzI1NiJ9.eyJ0b2tlbl90eXBlIjoicmVmcmVzaCIsImV4cCI6MTU2OTgzNjYwOCwianRpIjoiYWEzY2Y4ZDk5NWU1NDkwYWFhZWMwOTdjYTI2ZGMwZWIiLCJ1c2VyX2lkIjoxfQ.MreXq-xLfC1dLsMIYvPNLR0eFrzYBxFEGkNyGu8Ve7s","access":"eyJ0eXAiOiJKV1QiLCJhbGciOiJIUzI1NiJ9.eyJ0b2tlbl90eXBlIjoiYWNjZXNzIiwiZXhwIjoxNTY5NzUzODA4LCJqdGkiOiJlMDY4N2EzYjZjMGQ0Mzg3OTIzMjk2NWI2YWQ3ZGMwMiIsInVzZXJfaWQiOjF9.yL4w91VgNlMvaGk8vmrMLYVQF49Ac4f-HbDjhELx4YE"},"code":20000,"message":"success"}
2019-09-29 17:43:29,475 INFO response is : {"data":{"refresh":"eyJ0eXAiOiJKV1QiLCJhbGciOiJIUzI1NiJ9.eyJ0b2tlbl90eXBlIjoicmVmcmVzaCIsImV4cCI6MTU2OTgzNjYwOCwianRpIjoiYWEzY2Y4ZDk5NWU1NDkwYWFhZWMwOTdjYTI2ZGMwZWIiLCJ1c2VyX2lkIjoxfQ.MreXq-xLfC1dLsMIYvPNLR0eFrzYBxFEGkNyGu8Ve7s","access":"eyJ0eXAiOiJKV1QiLCJhbGciOiJIUzI1NiJ9.eyJ0b2tlbl90eXBlIjoiYWNjZXNzIiwiZXhwIjoxNTY5NzUzODA4LCJqdGkiOiJlMDY4N2EzYjZjMGQ0Mzg3OTIzMjk2NWI2YWQ3ZGMwMiIsInVzZXJfaWQiOjF9.yL4w91VgNlMvaGk8vmrMLYVQF49Ac4f-HbDjhELx4YE"},"code":20000,"message":"success"}
2019-09-29 17:43:29,475 INFO response is : {"data":{"refresh":"eyJ0eXAiOiJKV1QiLCJhbGciOiJIUzI1NiJ9.eyJ0b2tlbl90eXBlIjoicmVmcmVzaCIsImV4cCI6MTU2OTgzNjYwOCwianRpIjoiYWEzY2Y4ZDk5NWU1NDkwYWFhZWMwOTdjYTI2ZGMwZWIiLCJ1c2VyX2lkIjoxfQ.MreXq-xLfC1dLsMIYvPNLR0eFrzYBxFEGkNyGu8Ve7s","access":"eyJ0eXAiOiJKV1QiLCJhbGciOiJIUzI1NiJ9.eyJ0b2tlbl90eXBlIjoiYWNjZXNzIiwiZXhwIjoxNTY5NzUzODA4LCJqdGkiOiJlMDY4N2EzYjZjMGQ0Mzg3OTIzMjk2NWI2YWQ3ZGMwMiIsInVzZXJfaWQiOjF9.yL4w91VgNlMvaGk8vmrMLYVQF49Ac4f-HbDjhELx4YE"},"code":20000,"message":"success"}
2019-09-29 17:43:29,475 INFO response is : {"data":{"refresh":"eyJ0eXAiOiJKV1QiLCJhbGciOiJIUzI1NiJ9.eyJ0b2tlbl90eXBlIjoicmVmcmVzaCIsImV4cCI6MTU2OTgzNjYwOCwianRpIjoiYWEzY2Y4ZDk5NWU1NDkwYWFhZWMwOTdjYTI2ZGMwZWIiLCJ1c2VyX2lkIjoxfQ.MreXq-xLfC1dLsMIYvPNLR0eFrzYBxFEGkNyGu8Ve7s","access":"eyJ0eXAiOiJKV1QiLCJhbGciOiJIUzI1NiJ9.eyJ0b2tlbl90eXBlIjoiYWNjZXNzIiwiZXhwIjoxNTY5NzUzODA4LCJqdGkiOiJlMDY4N2EzYjZjMGQ0Mzg3OTIzMjk2NWI2YWQ3ZGMwMiIsInVzZXJfaWQiOjF9.yL4w91VgNlMvaGk8vmrMLYVQF49Ac4f-HbDjhELx4YE"},"code":20000,"message":"success"}
2019-09-29 17:43:29,475 INFO response is : {"data":{"refresh":"eyJ0eXAiOiJKV1QiLCJhbGciOiJIUzI1NiJ9.eyJ0b2tlbl90eXBlIjoicmVmcmVzaCIsImV4cCI6MTU2OTgzNjYwOCwianRpIjoiYWEzY2Y4ZDk5NWU1NDkwYWFhZWMwOTdjYTI2ZGMwZWIiLCJ1c2VyX2lkIjoxfQ.MreXq-xLfC1dLsMIYvPNLR0eFrzYBxFEGkNyGu8Ve7s","access":"eyJ0eXAiOiJKV1QiLCJhbGciOiJIUzI1NiJ9.eyJ0b2tlbl90eXBlIjoiYWNjZXNzIiwiZXhwIjoxNTY5NzUzODA4LCJqdGkiOiJlMDY4N2EzYjZjMGQ0Mzg3OTIzMjk2NWI2YWQ3ZGMwMiIsInVzZXJfaWQiOjF9.yL4w91VgNlMvaGk8vmrMLYVQF49Ac4f-HbDjhELx4YE"},"code":20000,"message":"success"}
2019-09-29 17:43:29,475 INFO response is : {"data":{"refresh":"eyJ0eXAiOiJKV1QiLCJhbGciOiJIUzI1NiJ9.eyJ0b2tlbl90eXBlIjoicmVmcmVzaCIsImV4cCI6MTU2OTgzNjYwOCwianRpIjoiYWEzY2Y4ZDk5NWU1NDkwYWFhZWMwOTdjYTI2ZGMwZWIiLCJ1c2VyX2lkIjoxfQ.MreXq-xLfC1dLsMIYvPNLR0eFrzYBxFEGkNyGu8Ve7s","access":"eyJ0eXAiOiJKV1QiLCJhbGciOiJIUzI1NiJ9.eyJ0b2tlbl90eXBlIjoiYWNjZXNzIiwiZXhwIjoxNTY5NzUzODA4LCJqdGkiOiJlMDY4N2EzYjZjMGQ0Mzg3OTIzMjk2NWI2YWQ3ZGMwMiIsInVzZXJfaWQiOjF9.yL4w91VgNlMvaGk8vmrMLYVQF49Ac4f-HbDjhELx4YE"},"code":20000,"message":"success"}
2019-09-29 17:43:29,476 INFO in login！
2019-09-29 17:43:29,476 INFO in login！
2019-09-29 17:43:29,476 INFO in login！
2019-09-29 17:43:29,476 INFO in login！
2019-09-29 17:43:29,476 INFO in login！
2019-09-29 17:43:29,476 INFO in login！
2019-09-29 17:43:29,476 INFO in login！
2019-09-29 17:43:29,476 INFO in login！
2019-09-29 17:43:29,476 INFO in login！
2019-09-29 17:43:29,476 INFO in login！
2019-09-29 17:43:29,476 INFO in login！
2019-09-29 17:43:30,034 INFO response is : <Response [200]>
2019-09-29 17:43:30,034 INFO response is : <Response [200]>
2019-09-29 17:43:30,034 INFO response is : <Response [200]>
2019-09-29 17:43:30,034 INFO response is : <Response [200]>
2019-09-29 17:43:30,034 INFO response is : <Response [200]>
2019-09-29 17:43:30,034 INFO response is : <Response [200]>
2019-09-29 17:43:30,034 INFO response is : <Response [200]>
2019-09-29 17:43:30,034 INFO response is : <Response [200]>
2019-09-29 17:43:30,034 INFO response is : <Response [200]>
2019-09-29 17:43:30,034 INFO response is : <Response [200]>
2019-09-29 17:43:30,034 INFO response is : <Response [200]>
2019-09-29 17:43:30,034 INFO response is : <Response [200]>
2019-09-29 17:43:30,036 INFO response is : {"data":{"refresh":"eyJ0eXAiOiJKV1QiLCJhbGciOiJIUzI1NiJ9.eyJ0b2tlbl90eXBlIjoicmVmcmVzaCIsImV4cCI6MTU2OTgzNjYwOSwianRpIjoiMDUyMGQwYTM1MGYyNDIxNmE3ZmQwMGMyOTAxYjk1OTkiLCJ1c2VyX2lkIjoxfQ.OAYJg4acaRyNSFQOBasPglYT0SchFrXWHuWcF_6ik8g","access":"eyJ0eXAiOiJKV1QiLCJhbGciOiJIUzI1NiJ9.eyJ0b2tlbl90eXBlIjoiYWNjZXNzIiwiZXhwIjoxNTY5NzUzODA5LCJqdGkiOiJmZTI5NGNlZDRjZDg0MzEzYjIxZjAwNWU3ZDU1ZTY4NiIsInVzZXJfaWQiOjF9.rBymuAtv3eApiquT2Il0EnAKFThilfcyNA4ci5ctH_I"},"code":20000,"message":"success"}
2019-09-29 17:43:30,036 INFO response is : {"data":{"refresh":"eyJ0eXAiOiJKV1QiLCJhbGciOiJIUzI1NiJ9.eyJ0b2tlbl90eXBlIjoicmVmcmVzaCIsImV4cCI6MTU2OTgzNjYwOSwianRpIjoiMDUyMGQwYTM1MGYyNDIxNmE3ZmQwMGMyOTAxYjk1OTkiLCJ1c2VyX2lkIjoxfQ.OAYJg4acaRyNSFQOBasPglYT0SchFrXWHuWcF_6ik8g","access":"eyJ0eXAiOiJKV1QiLCJhbGciOiJIUzI1NiJ9.eyJ0b2tlbl90eXBlIjoiYWNjZXNzIiwiZXhwIjoxNTY5NzUzODA5LCJqdGkiOiJmZTI5NGNlZDRjZDg0MzEzYjIxZjAwNWU3ZDU1ZTY4NiIsInVzZXJfaWQiOjF9.rBymuAtv3eApiquT2Il0EnAKFThilfcyNA4ci5ctH_I"},"code":20000,"message":"success"}
2019-09-29 17:43:30,036 INFO response is : {"data":{"refresh":"eyJ0eXAiOiJKV1QiLCJhbGciOiJIUzI1NiJ9.eyJ0b2tlbl90eXBlIjoicmVmcmVzaCIsImV4cCI6MTU2OTgzNjYwOSwianRpIjoiMDUyMGQwYTM1MGYyNDIxNmE3ZmQwMGMyOTAxYjk1OTkiLCJ1c2VyX2lkIjoxfQ.OAYJg4acaRyNSFQOBasPglYT0SchFrXWHuWcF_6ik8g","access":"eyJ0eXAiOiJKV1QiLCJhbGciOiJIUzI1NiJ9.eyJ0b2tlbl90eXBlIjoiYWNjZXNzIiwiZXhwIjoxNTY5NzUzODA5LCJqdGkiOiJmZTI5NGNlZDRjZDg0MzEzYjIxZjAwNWU3ZDU1ZTY4NiIsInVzZXJfaWQiOjF9.rBymuAtv3eApiquT2Il0EnAKFThilfcyNA4ci5ctH_I"},"code":20000,"message":"success"}
2019-09-29 17:43:30,036 INFO response is : {"data":{"refresh":"eyJ0eXAiOiJKV1QiLCJhbGciOiJIUzI1NiJ9.eyJ0b2tlbl90eXBlIjoicmVmcmVzaCIsImV4cCI6MTU2OTgzNjYwOSwianRpIjoiMDUyMGQwYTM1MGYyNDIxNmE3ZmQwMGMyOTAxYjk1OTkiLCJ1c2VyX2lkIjoxfQ.OAYJg4acaRyNSFQOBasPglYT0SchFrXWHuWcF_6ik8g","access":"eyJ0eXAiOiJKV1QiLCJhbGciOiJIUzI1NiJ9.eyJ0b2tlbl90eXBlIjoiYWNjZXNzIiwiZXhwIjoxNTY5NzUzODA5LCJqdGkiOiJmZTI5NGNlZDRjZDg0MzEzYjIxZjAwNWU3ZDU1ZTY4NiIsInVzZXJfaWQiOjF9.rBymuAtv3eApiquT2Il0EnAKFThilfcyNA4ci5ctH_I"},"code":20000,"message":"success"}
2019-09-29 17:43:30,036 INFO response is : {"data":{"refresh":"eyJ0eXAiOiJKV1QiLCJhbGciOiJIUzI1NiJ9.eyJ0b2tlbl90eXBlIjoicmVmcmVzaCIsImV4cCI6MTU2OTgzNjYwOSwianRpIjoiMDUyMGQwYTM1MGYyNDIxNmE3ZmQwMGMyOTAxYjk1OTkiLCJ1c2VyX2lkIjoxfQ.OAYJg4acaRyNSFQOBasPglYT0SchFrXWHuWcF_6ik8g","access":"eyJ0eXAiOiJKV1QiLCJhbGciOiJIUzI1NiJ9.eyJ0b2tlbl90eXBlIjoiYWNjZXNzIiwiZXhwIjoxNTY5NzUzODA5LCJqdGkiOiJmZTI5NGNlZDRjZDg0MzEzYjIxZjAwNWU3ZDU1ZTY4NiIsInVzZXJfaWQiOjF9.rBymuAtv3eApiquT2Il0EnAKFThilfcyNA4ci5ctH_I"},"code":20000,"message":"success"}
2019-09-29 17:43:30,036 INFO response is : {"data":{"refresh":"eyJ0eXAiOiJKV1QiLCJhbGciOiJIUzI1NiJ9.eyJ0b2tlbl90eXBlIjoicmVmcmVzaCIsImV4cCI6MTU2OTgzNjYwOSwianRpIjoiMDUyMGQwYTM1MGYyNDIxNmE3ZmQwMGMyOTAxYjk1OTkiLCJ1c2VyX2lkIjoxfQ.OAYJg4acaRyNSFQOBasPglYT0SchFrXWHuWcF_6ik8g","access":"eyJ0eXAiOiJKV1QiLCJhbGciOiJIUzI1NiJ9.eyJ0b2tlbl90eXBlIjoiYWNjZXNzIiwiZXhwIjoxNTY5NzUzODA5LCJqdGkiOiJmZTI5NGNlZDRjZDg0MzEzYjIxZjAwNWU3ZDU1ZTY4NiIsInVzZXJfaWQiOjF9.rBymuAtv3eApiquT2Il0EnAKFThilfcyNA4ci5ctH_I"},"code":20000,"message":"success"}
2019-09-29 17:43:30,036 INFO response is : {"data":{"refresh":"eyJ0eXAiOiJKV1QiLCJhbGciOiJIUzI1NiJ9.eyJ0b2tlbl90eXBlIjoicmVmcmVzaCIsImV4cCI6MTU2OTgzNjYwOSwianRpIjoiMDUyMGQwYTM1MGYyNDIxNmE3ZmQwMGMyOTAxYjk1OTkiLCJ1c2VyX2lkIjoxfQ.OAYJg4acaRyNSFQOBasPglYT0SchFrXWHuWcF_6ik8g","access":"eyJ0eXAiOiJKV1QiLCJhbGciOiJIUzI1NiJ9.eyJ0b2tlbl90eXBlIjoiYWNjZXNzIiwiZXhwIjoxNTY5NzUzODA5LCJqdGkiOiJmZTI5NGNlZDRjZDg0MzEzYjIxZjAwNWU3ZDU1ZTY4NiIsInVzZXJfaWQiOjF9.rBymuAtv3eApiquT2Il0EnAKFThilfcyNA4ci5ctH_I"},"code":20000,"message":"success"}
2019-09-29 17:43:30,036 INFO response is : {"data":{"refresh":"eyJ0eXAiOiJKV1QiLCJhbGciOiJIUzI1NiJ9.eyJ0b2tlbl90eXBlIjoicmVmcmVzaCIsImV4cCI6MTU2OTgzNjYwOSwianRpIjoiMDUyMGQwYTM1MGYyNDIxNmE3ZmQwMGMyOTAxYjk1OTkiLCJ1c2VyX2lkIjoxfQ.OAYJg4acaRyNSFQOBasPglYT0SchFrXWHuWcF_6ik8g","access":"eyJ0eXAiOiJKV1QiLCJhbGciOiJIUzI1NiJ9.eyJ0b2tlbl90eXBlIjoiYWNjZXNzIiwiZXhwIjoxNTY5NzUzODA5LCJqdGkiOiJmZTI5NGNlZDRjZDg0MzEzYjIxZjAwNWU3ZDU1ZTY4NiIsInVzZXJfaWQiOjF9.rBymuAtv3eApiquT2Il0EnAKFThilfcyNA4ci5ctH_I"},"code":20000,"message":"success"}
2019-09-29 17:43:30,036 INFO response is : {"data":{"refresh":"eyJ0eXAiOiJKV1QiLCJhbGciOiJIUzI1NiJ9.eyJ0b2tlbl90eXBlIjoicmVmcmVzaCIsImV4cCI6MTU2OTgzNjYwOSwianRpIjoiMDUyMGQwYTM1MGYyNDIxNmE3ZmQwMGMyOTAxYjk1OTkiLCJ1c2VyX2lkIjoxfQ.OAYJg4acaRyNSFQOBasPglYT0SchFrXWHuWcF_6ik8g","access":"eyJ0eXAiOiJKV1QiLCJhbGciOiJIUzI1NiJ9.eyJ0b2tlbl90eXBlIjoiYWNjZXNzIiwiZXhwIjoxNTY5NzUzODA5LCJqdGkiOiJmZTI5NGNlZDRjZDg0MzEzYjIxZjAwNWU3ZDU1ZTY4NiIsInVzZXJfaWQiOjF9.rBymuAtv3eApiquT2Il0EnAKFThilfcyNA4ci5ctH_I"},"code":20000,"message":"success"}
2019-09-29 17:43:30,036 INFO response is : {"data":{"refresh":"eyJ0eXAiOiJKV1QiLCJhbGciOiJIUzI1NiJ9.eyJ0b2tlbl90eXBlIjoicmVmcmVzaCIsImV4cCI6MTU2OTgzNjYwOSwianRpIjoiMDUyMGQwYTM1MGYyNDIxNmE3ZmQwMGMyOTAxYjk1OTkiLCJ1c2VyX2lkIjoxfQ.OAYJg4acaRyNSFQOBasPglYT0SchFrXWHuWcF_6ik8g","access":"eyJ0eXAiOiJKV1QiLCJhbGciOiJIUzI1NiJ9.eyJ0b2tlbl90eXBlIjoiYWNjZXNzIiwiZXhwIjoxNTY5NzUzODA5LCJqdGkiOiJmZTI5NGNlZDRjZDg0MzEzYjIxZjAwNWU3ZDU1ZTY4NiIsInVzZXJfaWQiOjF9.rBymuAtv3eApiquT2Il0EnAKFThilfcyNA4ci5ctH_I"},"code":20000,"message":"success"}
2019-09-29 17:43:30,036 INFO response is : {"data":{"refresh":"eyJ0eXAiOiJKV1QiLCJhbGciOiJIUzI1NiJ9.eyJ0b2tlbl90eXBlIjoicmVmcmVzaCIsImV4cCI6MTU2OTgzNjYwOSwianRpIjoiMDUyMGQwYTM1MGYyNDIxNmE3ZmQwMGMyOTAxYjk1OTkiLCJ1c2VyX2lkIjoxfQ.OAYJg4acaRyNSFQOBasPglYT0SchFrXWHuWcF_6ik8g","access":"eyJ0eXAiOiJKV1QiLCJhbGciOiJIUzI1NiJ9.eyJ0b2tlbl90eXBlIjoiYWNjZXNzIiwiZXhwIjoxNTY5NzUzODA5LCJqdGkiOiJmZTI5NGNlZDRjZDg0MzEzYjIxZjAwNWU3ZDU1ZTY4NiIsInVzZXJfaWQiOjF9.rBymuAtv3eApiquT2Il0EnAKFThilfcyNA4ci5ctH_I"},"code":20000,"message":"success"}
2019-09-29 17:43:30,036 INFO response is : {"data":{"refresh":"eyJ0eXAiOiJKV1QiLCJhbGciOiJIUzI1NiJ9.eyJ0b2tlbl90eXBlIjoicmVmcmVzaCIsImV4cCI6MTU2OTgzNjYwOSwianRpIjoiMDUyMGQwYTM1MGYyNDIxNmE3ZmQwMGMyOTAxYjk1OTkiLCJ1c2VyX2lkIjoxfQ.OAYJg4acaRyNSFQOBasPglYT0SchFrXWHuWcF_6ik8g","access":"eyJ0eXAiOiJKV1QiLCJhbGciOiJIUzI1NiJ9.eyJ0b2tlbl90eXBlIjoiYWNjZXNzIiwiZXhwIjoxNTY5NzUzODA5LCJqdGkiOiJmZTI5NGNlZDRjZDg0MzEzYjIxZjAwNWU3ZDU1ZTY4NiIsInVzZXJfaWQiOjF9.rBymuAtv3eApiquT2Il0EnAKFThilfcyNA4ci5ctH_I"},"code":20000,"message":"success"}
2019-09-29 17:43:30,036 INFO response is : {"data":{"refresh":"eyJ0eXAiOiJKV1QiLCJhbGciOiJIUzI1NiJ9.eyJ0b2tlbl90eXBlIjoicmVmcmVzaCIsImV4cCI6MTU2OTgzNjYwOSwianRpIjoiMDUyMGQwYTM1MGYyNDIxNmE3ZmQwMGMyOTAxYjk1OTkiLCJ1c2VyX2lkIjoxfQ.OAYJg4acaRyNSFQOBasPglYT0SchFrXWHuWcF_6ik8g","access":"eyJ0eXAiOiJKV1QiLCJhbGciOiJIUzI1NiJ9.eyJ0b2tlbl90eXBlIjoiYWNjZXNzIiwiZXhwIjoxNTY5NzUzODA5LCJqdGkiOiJmZTI5NGNlZDRjZDg0MzEzYjIxZjAwNWU3ZDU1ZTY4NiIsInVzZXJfaWQiOjF9.rBymuAtv3eApiquT2Il0EnAKFThilfcyNA4ci5ctH_I"},"code":20000,"message":"success"}
2019-09-29 17:43:30,037 INFO <Response [200]>
2019-09-29 17:43:30,037 INFO <Response [200]>
2019-09-29 17:43:30,037 INFO <Response [200]>
2019-09-29 17:43:30,037 INFO <Response [200]>
2019-09-29 17:43:30,037 INFO <Response [200]>
2019-09-29 17:43:30,037 INFO <Response [200]>
2019-09-29 17:43:30,037 INFO <Response [200]>
2019-09-29 17:43:30,037 INFO <Response [200]>
2019-09-29 17:43:30,037 INFO <Response [200]>
2019-09-29 17:43:30,037 INFO <Response [200]>
2019-09-29 17:43:30,037 INFO <Response [200]>
2019-09-29 17:43:30,037 INFO <Response [200]>
2019-09-29 17:43:30,037 INFO <Response [200]>
2019-09-29 17:43:30,037 INFO <Response [200]>
2019-09-30 13:35:08,948 INFO 开始执行测试,报告输出模式text
2019-09-30 13:35:08,949 INFO in login！
2019-09-30 13:35:08,949 INFO in login！
2019-09-30 13:35:10,708 INFO response is : <Response [200]>
2019-09-30 13:35:10,708 INFO response is : <Response [200]>
2019-09-30 13:35:10,708 INFO response is : <Response [200]>
2019-09-30 13:35:10,709 INFO response is : {"data":{"refresh":"eyJ0eXAiOiJKV1QiLCJhbGciOiJIUzI1NiJ9.eyJ0b2tlbl90eXBlIjoicmVmcmVzaCIsImV4cCI6MTU2OTkwODExMCwianRpIjoiZDQzYjQ2ZTRjMGI1NDQxY2EzOTM4Y2JhYzlmODkyMGEiLCJ1c2VyX2lkIjoxfQ.mXGWDpJ8kbgE8rDPSwX43zhpVAtF6g-Qlf4Iq_K16Wk","access":"eyJ0eXAiOiJKV1QiLCJhbGciOiJIUzI1NiJ9.eyJ0b2tlbl90eXBlIjoiYWNjZXNzIiwiZXhwIjoxNTY5ODI1MzEwLCJqdGkiOiIwNTFmYTcyZDkwOWM0ZjJhYTEwMGZjYTc2ZjI3NjY5YSIsInVzZXJfaWQiOjF9.f4ampV7-W7HOZqasAMpBMoit2UnRiVUMoecoeBtBtb8"},"code":20000,"message":"success"}
2019-09-30 13:35:10,709 INFO response is : {"data":{"refresh":"eyJ0eXAiOiJKV1QiLCJhbGciOiJIUzI1NiJ9.eyJ0b2tlbl90eXBlIjoicmVmcmVzaCIsImV4cCI6MTU2OTkwODExMCwianRpIjoiZDQzYjQ2ZTRjMGI1NDQxY2EzOTM4Y2JhYzlmODkyMGEiLCJ1c2VyX2lkIjoxfQ.mXGWDpJ8kbgE8rDPSwX43zhpVAtF6g-Qlf4Iq_K16Wk","access":"eyJ0eXAiOiJKV1QiLCJhbGciOiJIUzI1NiJ9.eyJ0b2tlbl90eXBlIjoiYWNjZXNzIiwiZXhwIjoxNTY5ODI1MzEwLCJqdGkiOiIwNTFmYTcyZDkwOWM0ZjJhYTEwMGZjYTc2ZjI3NjY5YSIsInVzZXJfaWQiOjF9.f4ampV7-W7HOZqasAMpBMoit2UnRiVUMoecoeBtBtb8"},"code":20000,"message":"success"}
2019-09-30 13:35:10,709 INFO response is : {"data":{"refresh":"eyJ0eXAiOiJKV1QiLCJhbGciOiJIUzI1NiJ9.eyJ0b2tlbl90eXBlIjoicmVmcmVzaCIsImV4cCI6MTU2OTkwODExMCwianRpIjoiZDQzYjQ2ZTRjMGI1NDQxY2EzOTM4Y2JhYzlmODkyMGEiLCJ1c2VyX2lkIjoxfQ.mXGWDpJ8kbgE8rDPSwX43zhpVAtF6g-Qlf4Iq_K16Wk","access":"eyJ0eXAiOiJKV1QiLCJhbGciOiJIUzI1NiJ9.eyJ0b2tlbl90eXBlIjoiYWNjZXNzIiwiZXhwIjoxNTY5ODI1MzEwLCJqdGkiOiIwNTFmYTcyZDkwOWM0ZjJhYTEwMGZjYTc2ZjI3NjY5YSIsInVzZXJfaWQiOjF9.f4ampV7-W7HOZqasAMpBMoit2UnRiVUMoecoeBtBtb8"},"code":20000,"message":"success"}
2019-09-30 13:35:10,709 INFO response is : {"data":{"refresh":"eyJ0eXAiOiJKV1QiLCJhbGciOiJIUzI1NiJ9.eyJ0b2tlbl90eXBlIjoicmVmcmVzaCIsImV4cCI6MTU2OTkwODExMCwianRpIjoiZDQzYjQ2ZTRjMGI1NDQxY2EzOTM4Y2JhYzlmODkyMGEiLCJ1c2VyX2lkIjoxfQ.mXGWDpJ8kbgE8rDPSwX43zhpVAtF6g-Qlf4Iq_K16Wk","access":"eyJ0eXAiOiJKV1QiLCJhbGciOiJIUzI1NiJ9.eyJ0b2tlbl90eXBlIjoiYWNjZXNzIiwiZXhwIjoxNTY5ODI1MzEwLCJqdGkiOiIwNTFmYTcyZDkwOWM0ZjJhYTEwMGZjYTc2ZjI3NjY5YSIsInVzZXJfaWQiOjF9.f4ampV7-W7HOZqasAMpBMoit2UnRiVUMoecoeBtBtb8"},"code":20000,"message":"success"}
2019-09-30 13:35:10,710 INFO in getUserinfo heasers is :{'Content-Type': 'application/json', 'Authorization': 'Bearer eyJ0eXAiOiJKV1QiLCJhbGciOiJIUzI1NiJ9.eyJ0b2tlbl90eXBlIjoiYWNjZXNzIiwiZXhwIjoxNTY5ODI1MzEwLCJqdGkiOiIwNTFmYTcyZDkwOWM0ZjJhYTEwMGZjYTc2ZjI3NjY5YSIsInVzZXJfaWQiOjF9.f4ampV7-W7HOZqasAMpBMoit2UnRiVUMoecoeBtBtb8'}
2019-09-30 13:35:10,710 INFO in getUserinfo heasers is :{'Content-Type': 'application/json', 'Authorization': 'Bearer eyJ0eXAiOiJKV1QiLCJhbGciOiJIUzI1NiJ9.eyJ0b2tlbl90eXBlIjoiYWNjZXNzIiwiZXhwIjoxNTY5ODI1MzEwLCJqdGkiOiIwNTFmYTcyZDkwOWM0ZjJhYTEwMGZjYTc2ZjI3NjY5YSIsInVzZXJfaWQiOjF9.f4ampV7-W7HOZqasAMpBMoit2UnRiVUMoecoeBtBtb8'}
2019-09-30 13:35:10,710 INFO in getUserinfo heasers is :{'Content-Type': 'application/json', 'Authorization': 'Bearer eyJ0eXAiOiJKV1QiLCJhbGciOiJIUzI1NiJ9.eyJ0b2tlbl90eXBlIjoiYWNjZXNzIiwiZXhwIjoxNTY5ODI1MzEwLCJqdGkiOiIwNTFmYTcyZDkwOWM0ZjJhYTEwMGZjYTc2ZjI3NjY5YSIsInVzZXJfaWQiOjF9.f4ampV7-W7HOZqasAMpBMoit2UnRiVUMoecoeBtBtb8'}
2019-09-30 13:35:10,710 INFO in getUserinfo heasers is :{'Content-Type': 'application/json', 'Authorization': 'Bearer eyJ0eXAiOiJKV1QiLCJhbGciOiJIUzI1NiJ9.eyJ0b2tlbl90eXBlIjoiYWNjZXNzIiwiZXhwIjoxNTY5ODI1MzEwLCJqdGkiOiIwNTFmYTcyZDkwOWM0ZjJhYTEwMGZjYTc2ZjI3NjY5YSIsInVzZXJfaWQiOjF9.f4ampV7-W7HOZqasAMpBMoit2UnRiVUMoecoeBtBtb8'}
2019-09-30 13:35:10,710 INFO in getUserinfo heasers is :{'Content-Type': 'application/json', 'Authorization': 'Bearer eyJ0eXAiOiJKV1QiLCJhbGciOiJIUzI1NiJ9.eyJ0b2tlbl90eXBlIjoiYWNjZXNzIiwiZXhwIjoxNTY5ODI1MzEwLCJqdGkiOiIwNTFmYTcyZDkwOWM0ZjJhYTEwMGZjYTc2ZjI3NjY5YSIsInVzZXJfaWQiOjF9.f4ampV7-W7HOZqasAMpBMoit2UnRiVUMoecoeBtBtb8'}
2019-09-30 13:35:11,124 INFO response is : <Response [200]>
2019-09-30 13:35:11,124 INFO response is : <Response [200]>
2019-09-30 13:35:11,124 INFO response is : <Response [200]>
2019-09-30 13:35:11,124 INFO response is : <Response [200]>
2019-09-30 13:35:11,124 INFO response is : <Response [200]>
2019-09-30 13:35:11,124 INFO response is : <Response [200]>
2019-09-30 13:35:11,125 INFO <Response [200]>
2019-09-30 13:35:11,125 INFO <Response [200]>
2019-09-30 13:35:11,125 INFO <Response [200]>
2019-09-30 13:35:11,125 INFO <Response [200]>
2019-09-30 13:35:11,125 INFO <Response [200]>
2019-09-30 13:35:11,125 INFO <Response [200]>
2019-09-30 13:35:11,125 INFO <Response [200]>
2019-09-30 13:35:11,127 INFO in login！
2019-09-30 13:35:11,127 INFO in login！
2019-09-30 13:35:11,127 INFO in login！
2019-09-30 13:35:11,127 INFO in login！
2019-09-30 13:35:11,127 INFO in login！
2019-09-30 13:35:11,127 INFO in login！
2019-09-30 13:35:11,127 INFO in login！
2019-09-30 13:35:11,127 INFO in login！
2019-09-30 13:35:30,947 INFO response is : <Response [200]>
2019-09-30 13:35:30,947 INFO response is : <Response [200]>
2019-09-30 13:35:30,947 INFO response is : <Response [200]>
2019-09-30 13:35:30,947 INFO response is : <Response [200]>
2019-09-30 13:35:30,947 INFO response is : <Response [200]>
2019-09-30 13:35:30,947 INFO response is : <Response [200]>
2019-09-30 13:35:30,947 INFO response is : <Response [200]>
2019-09-30 13:35:30,947 INFO response is : <Response [200]>
2019-09-30 13:35:30,947 INFO response is : <Response [200]>
2019-09-30 13:35:30,948 INFO response is : {"data":{"refresh":"eyJ0eXAiOiJKV1QiLCJhbGciOiJIUzI1NiJ9.eyJ0b2tlbl90eXBlIjoicmVmcmVzaCIsImV4cCI6MTU2OTkwODEzMCwianRpIjoiNDQ0MzNiMzY2ZmRiNGZjNDlmMTE4YzhkNWUxYTY0NGQiLCJ1c2VyX2lkIjoxfQ.I6BcuYM7-2LwxIrAzViKUVArJwP_CJabkYzXJGJa7Oc","access":"eyJ0eXAiOiJKV1QiLCJhbGciOiJIUzI1NiJ9.eyJ0b2tlbl90eXBlIjoiYWNjZXNzIiwiZXhwIjoxNTY5ODI1MzMwLCJqdGkiOiI3M2IwNGIyMjU0ODI0MDg1YjkzYTE4OWJmMWQ3NjU0YiIsInVzZXJfaWQiOjF9.FcdOzgHSYd6cRkYO7QqU2MM2e4bQ2abfEei8bDyaPY8"},"code":20000,"message":"success"}
2019-09-30 13:35:30,948 INFO response is : {"data":{"refresh":"eyJ0eXAiOiJKV1QiLCJhbGciOiJIUzI1NiJ9.eyJ0b2tlbl90eXBlIjoicmVmcmVzaCIsImV4cCI6MTU2OTkwODEzMCwianRpIjoiNDQ0MzNiMzY2ZmRiNGZjNDlmMTE4YzhkNWUxYTY0NGQiLCJ1c2VyX2lkIjoxfQ.I6BcuYM7-2LwxIrAzViKUVArJwP_CJabkYzXJGJa7Oc","access":"eyJ0eXAiOiJKV1QiLCJhbGciOiJIUzI1NiJ9.eyJ0b2tlbl90eXBlIjoiYWNjZXNzIiwiZXhwIjoxNTY5ODI1MzMwLCJqdGkiOiI3M2IwNGIyMjU0ODI0MDg1YjkzYTE4OWJmMWQ3NjU0YiIsInVzZXJfaWQiOjF9.FcdOzgHSYd6cRkYO7QqU2MM2e4bQ2abfEei8bDyaPY8"},"code":20000,"message":"success"}
2019-09-30 13:35:30,948 INFO response is : {"data":{"refresh":"eyJ0eXAiOiJKV1QiLCJhbGciOiJIUzI1NiJ9.eyJ0b2tlbl90eXBlIjoicmVmcmVzaCIsImV4cCI6MTU2OTkwODEzMCwianRpIjoiNDQ0MzNiMzY2ZmRiNGZjNDlmMTE4YzhkNWUxYTY0NGQiLCJ1c2VyX2lkIjoxfQ.I6BcuYM7-2LwxIrAzViKUVArJwP_CJabkYzXJGJa7Oc","access":"eyJ0eXAiOiJKV1QiLCJhbGciOiJIUzI1NiJ9.eyJ0b2tlbl90eXBlIjoiYWNjZXNzIiwiZXhwIjoxNTY5ODI1MzMwLCJqdGkiOiI3M2IwNGIyMjU0ODI0MDg1YjkzYTE4OWJmMWQ3NjU0YiIsInVzZXJfaWQiOjF9.FcdOzgHSYd6cRkYO7QqU2MM2e4bQ2abfEei8bDyaPY8"},"code":20000,"message":"success"}
2019-09-30 13:35:30,948 INFO response is : {"data":{"refresh":"eyJ0eXAiOiJKV1QiLCJhbGciOiJIUzI1NiJ9.eyJ0b2tlbl90eXBlIjoicmVmcmVzaCIsImV4cCI6MTU2OTkwODEzMCwianRpIjoiNDQ0MzNiMzY2ZmRiNGZjNDlmMTE4YzhkNWUxYTY0NGQiLCJ1c2VyX2lkIjoxfQ.I6BcuYM7-2LwxIrAzViKUVArJwP_CJabkYzXJGJa7Oc","access":"eyJ0eXAiOiJKV1QiLCJhbGciOiJIUzI1NiJ9.eyJ0b2tlbl90eXBlIjoiYWNjZXNzIiwiZXhwIjoxNTY5ODI1MzMwLCJqdGkiOiI3M2IwNGIyMjU0ODI0MDg1YjkzYTE4OWJmMWQ3NjU0YiIsInVzZXJfaWQiOjF9.FcdOzgHSYd6cRkYO7QqU2MM2e4bQ2abfEei8bDyaPY8"},"code":20000,"message":"success"}
2019-09-30 13:35:30,948 INFO response is : {"data":{"refresh":"eyJ0eXAiOiJKV1QiLCJhbGciOiJIUzI1NiJ9.eyJ0b2tlbl90eXBlIjoicmVmcmVzaCIsImV4cCI6MTU2OTkwODEzMCwianRpIjoiNDQ0MzNiMzY2ZmRiNGZjNDlmMTE4YzhkNWUxYTY0NGQiLCJ1c2VyX2lkIjoxfQ.I6BcuYM7-2LwxIrAzViKUVArJwP_CJabkYzXJGJa7Oc","access":"eyJ0eXAiOiJKV1QiLCJhbGciOiJIUzI1NiJ9.eyJ0b2tlbl90eXBlIjoiYWNjZXNzIiwiZXhwIjoxNTY5ODI1MzMwLCJqdGkiOiI3M2IwNGIyMjU0ODI0MDg1YjkzYTE4OWJmMWQ3NjU0YiIsInVzZXJfaWQiOjF9.FcdOzgHSYd6cRkYO7QqU2MM2e4bQ2abfEei8bDyaPY8"},"code":20000,"message":"success"}
2019-09-30 13:35:30,948 INFO response is : {"data":{"refresh":"eyJ0eXAiOiJKV1QiLCJhbGciOiJIUzI1NiJ9.eyJ0b2tlbl90eXBlIjoicmVmcmVzaCIsImV4cCI6MTU2OTkwODEzMCwianRpIjoiNDQ0MzNiMzY2ZmRiNGZjNDlmMTE4YzhkNWUxYTY0NGQiLCJ1c2VyX2lkIjoxfQ.I6BcuYM7-2LwxIrAzViKUVArJwP_CJabkYzXJGJa7Oc","access":"eyJ0eXAiOiJKV1QiLCJhbGciOiJIUzI1NiJ9.eyJ0b2tlbl90eXBlIjoiYWNjZXNzIiwiZXhwIjoxNTY5ODI1MzMwLCJqdGkiOiI3M2IwNGIyMjU0ODI0MDg1YjkzYTE4OWJmMWQ3NjU0YiIsInVzZXJfaWQiOjF9.FcdOzgHSYd6cRkYO7QqU2MM2e4bQ2abfEei8bDyaPY8"},"code":20000,"message":"success"}
2019-09-30 13:35:30,948 INFO response is : {"data":{"refresh":"eyJ0eXAiOiJKV1QiLCJhbGciOiJIUzI1NiJ9.eyJ0b2tlbl90eXBlIjoicmVmcmVzaCIsImV4cCI6MTU2OTkwODEzMCwianRpIjoiNDQ0MzNiMzY2ZmRiNGZjNDlmMTE4YzhkNWUxYTY0NGQiLCJ1c2VyX2lkIjoxfQ.I6BcuYM7-2LwxIrAzViKUVArJwP_CJabkYzXJGJa7Oc","access":"eyJ0eXAiOiJKV1QiLCJhbGciOiJIUzI1NiJ9.eyJ0b2tlbl90eXBlIjoiYWNjZXNzIiwiZXhwIjoxNTY5ODI1MzMwLCJqdGkiOiI3M2IwNGIyMjU0ODI0MDg1YjkzYTE4OWJmMWQ3NjU0YiIsInVzZXJfaWQiOjF9.FcdOzgHSYd6cRkYO7QqU2MM2e4bQ2abfEei8bDyaPY8"},"code":20000,"message":"success"}
2019-09-30 13:35:30,948 INFO response is : {"data":{"refresh":"eyJ0eXAiOiJKV1QiLCJhbGciOiJIUzI1NiJ9.eyJ0b2tlbl90eXBlIjoicmVmcmVzaCIsImV4cCI6MTU2OTkwODEzMCwianRpIjoiNDQ0MzNiMzY2ZmRiNGZjNDlmMTE4YzhkNWUxYTY0NGQiLCJ1c2VyX2lkIjoxfQ.I6BcuYM7-2LwxIrAzViKUVArJwP_CJabkYzXJGJa7Oc","access":"eyJ0eXAiOiJKV1QiLCJhbGciOiJIUzI1NiJ9.eyJ0b2tlbl90eXBlIjoiYWNjZXNzIiwiZXhwIjoxNTY5ODI1MzMwLCJqdGkiOiI3M2IwNGIyMjU0ODI0MDg1YjkzYTE4OWJmMWQ3NjU0YiIsInVzZXJfaWQiOjF9.FcdOzgHSYd6cRkYO7QqU2MM2e4bQ2abfEei8bDyaPY8"},"code":20000,"message":"success"}
2019-09-30 13:35:30,948 INFO response is : {"data":{"refresh":"eyJ0eXAiOiJKV1QiLCJhbGciOiJIUzI1NiJ9.eyJ0b2tlbl90eXBlIjoicmVmcmVzaCIsImV4cCI6MTU2OTkwODEzMCwianRpIjoiNDQ0MzNiMzY2ZmRiNGZjNDlmMTE4YzhkNWUxYTY0NGQiLCJ1c2VyX2lkIjoxfQ.I6BcuYM7-2LwxIrAzViKUVArJwP_CJabkYzXJGJa7Oc","access":"eyJ0eXAiOiJKV1QiLCJhbGciOiJIUzI1NiJ9.eyJ0b2tlbl90eXBlIjoiYWNjZXNzIiwiZXhwIjoxNTY5ODI1MzMwLCJqdGkiOiI3M2IwNGIyMjU0ODI0MDg1YjkzYTE4OWJmMWQ3NjU0YiIsInVzZXJfaWQiOjF9.FcdOzgHSYd6cRkYO7QqU2MM2e4bQ2abfEei8bDyaPY8"},"code":20000,"message":"success"}
2019-09-30 13:35:30,948 INFO response is : {"data":{"refresh":"eyJ0eXAiOiJKV1QiLCJhbGciOiJIUzI1NiJ9.eyJ0b2tlbl90eXBlIjoicmVmcmVzaCIsImV4cCI6MTU2OTkwODEzMCwianRpIjoiNDQ0MzNiMzY2ZmRiNGZjNDlmMTE4YzhkNWUxYTY0NGQiLCJ1c2VyX2lkIjoxfQ.I6BcuYM7-2LwxIrAzViKUVArJwP_CJabkYzXJGJa7Oc","access":"eyJ0eXAiOiJKV1QiLCJhbGciOiJIUzI1NiJ9.eyJ0b2tlbl90eXBlIjoiYWNjZXNzIiwiZXhwIjoxNTY5ODI1MzMwLCJqdGkiOiI3M2IwNGIyMjU0ODI0MDg1YjkzYTE4OWJmMWQ3NjU0YiIsInVzZXJfaWQiOjF9.FcdOzgHSYd6cRkYO7QqU2MM2e4bQ2abfEei8bDyaPY8"},"code":20000,"message":"success"}
2019-09-30 13:35:30,950 INFO in login！
2019-09-30 13:35:30,950 INFO in login！
2019-09-30 13:35:30,950 INFO in login！
2019-09-30 13:35:30,950 INFO in login！
2019-09-30 13:35:30,950 INFO in login！
2019-09-30 13:35:30,950 INFO in login！
2019-09-30 13:35:30,950 INFO in login！
2019-09-30 13:35:30,950 INFO in login！
2019-09-30 13:35:30,950 INFO in login！
2019-09-30 13:35:30,950 INFO in login！
2019-09-30 13:35:30,950 INFO in login！
2019-09-30 13:35:31,521 INFO response is : <Response [200]>
2019-09-30 13:35:31,521 INFO response is : <Response [200]>
2019-09-30 13:35:31,521 INFO response is : <Response [200]>
2019-09-30 13:35:31,521 INFO response is : <Response [200]>
2019-09-30 13:35:31,521 INFO response is : <Response [200]>
2019-09-30 13:35:31,521 INFO response is : <Response [200]>
2019-09-30 13:35:31,521 INFO response is : <Response [200]>
2019-09-30 13:35:31,521 INFO response is : <Response [200]>
2019-09-30 13:35:31,521 INFO response is : <Response [200]>
2019-09-30 13:35:31,521 INFO response is : <Response [200]>
2019-09-30 13:35:31,521 INFO response is : <Response [200]>
2019-09-30 13:35:31,521 INFO response is : <Response [200]>
2019-09-30 13:35:31,522 INFO response is : {"data":{"refresh":"eyJ0eXAiOiJKV1QiLCJhbGciOiJIUzI1NiJ9.eyJ0b2tlbl90eXBlIjoicmVmcmVzaCIsImV4cCI6MTU2OTkwODEzMSwianRpIjoiNDU4NGQwNTM2NjBiNDg1Mzg1MjU3YzcyNzI1ODExZDYiLCJ1c2VyX2lkIjoxfQ.X8eab7HWYP28nGcZh0sGCjyrt-z86lurXOWOA9y7eOk","access":"eyJ0eXAiOiJKV1QiLCJhbGciOiJIUzI1NiJ9.eyJ0b2tlbl90eXBlIjoiYWNjZXNzIiwiZXhwIjoxNTY5ODI1MzMxLCJqdGkiOiI4YzBhNTk4OGEwMjU0MmRiYTZkZDEyNTBhYTExY2NlYyIsInVzZXJfaWQiOjF9.mh830Ir5baJxlWV3Zm_afAaTMxtRxqMsaNehM1zatfQ"},"code":20000,"message":"success"}
2019-09-30 13:35:31,522 INFO response is : {"data":{"refresh":"eyJ0eXAiOiJKV1QiLCJhbGciOiJIUzI1NiJ9.eyJ0b2tlbl90eXBlIjoicmVmcmVzaCIsImV4cCI6MTU2OTkwODEzMSwianRpIjoiNDU4NGQwNTM2NjBiNDg1Mzg1MjU3YzcyNzI1ODExZDYiLCJ1c2VyX2lkIjoxfQ.X8eab7HWYP28nGcZh0sGCjyrt-z86lurXOWOA9y7eOk","access":"eyJ0eXAiOiJKV1QiLCJhbGciOiJIUzI1NiJ9.eyJ0b2tlbl90eXBlIjoiYWNjZXNzIiwiZXhwIjoxNTY5ODI1MzMxLCJqdGkiOiI4YzBhNTk4OGEwMjU0MmRiYTZkZDEyNTBhYTExY2NlYyIsInVzZXJfaWQiOjF9.mh830Ir5baJxlWV3Zm_afAaTMxtRxqMsaNehM1zatfQ"},"code":20000,"message":"success"}
2019-09-30 13:35:31,522 INFO response is : {"data":{"refresh":"eyJ0eXAiOiJKV1QiLCJhbGciOiJIUzI1NiJ9.eyJ0b2tlbl90eXBlIjoicmVmcmVzaCIsImV4cCI6MTU2OTkwODEzMSwianRpIjoiNDU4NGQwNTM2NjBiNDg1Mzg1MjU3YzcyNzI1ODExZDYiLCJ1c2VyX2lkIjoxfQ.X8eab7HWYP28nGcZh0sGCjyrt-z86lurXOWOA9y7eOk","access":"eyJ0eXAiOiJKV1QiLCJhbGciOiJIUzI1NiJ9.eyJ0b2tlbl90eXBlIjoiYWNjZXNzIiwiZXhwIjoxNTY5ODI1MzMxLCJqdGkiOiI4YzBhNTk4OGEwMjU0MmRiYTZkZDEyNTBhYTExY2NlYyIsInVzZXJfaWQiOjF9.mh830Ir5baJxlWV3Zm_afAaTMxtRxqMsaNehM1zatfQ"},"code":20000,"message":"success"}
2019-09-30 13:35:31,522 INFO response is : {"data":{"refresh":"eyJ0eXAiOiJKV1QiLCJhbGciOiJIUzI1NiJ9.eyJ0b2tlbl90eXBlIjoicmVmcmVzaCIsImV4cCI6MTU2OTkwODEzMSwianRpIjoiNDU4NGQwNTM2NjBiNDg1Mzg1MjU3YzcyNzI1ODExZDYiLCJ1c2VyX2lkIjoxfQ.X8eab7HWYP28nGcZh0sGCjyrt-z86lurXOWOA9y7eOk","access":"eyJ0eXAiOiJKV1QiLCJhbGciOiJIUzI1NiJ9.eyJ0b2tlbl90eXBlIjoiYWNjZXNzIiwiZXhwIjoxNTY5ODI1MzMxLCJqdGkiOiI4YzBhNTk4OGEwMjU0MmRiYTZkZDEyNTBhYTExY2NlYyIsInVzZXJfaWQiOjF9.mh830Ir5baJxlWV3Zm_afAaTMxtRxqMsaNehM1zatfQ"},"code":20000,"message":"success"}
2019-09-30 13:35:31,522 INFO response is : {"data":{"refresh":"eyJ0eXAiOiJKV1QiLCJhbGciOiJIUzI1NiJ9.eyJ0b2tlbl90eXBlIjoicmVmcmVzaCIsImV4cCI6MTU2OTkwODEzMSwianRpIjoiNDU4NGQwNTM2NjBiNDg1Mzg1MjU3YzcyNzI1ODExZDYiLCJ1c2VyX2lkIjoxfQ.X8eab7HWYP28nGcZh0sGCjyrt-z86lurXOWOA9y7eOk","access":"eyJ0eXAiOiJKV1QiLCJhbGciOiJIUzI1NiJ9.eyJ0b2tlbl90eXBlIjoiYWNjZXNzIiwiZXhwIjoxNTY5ODI1MzMxLCJqdGkiOiI4YzBhNTk4OGEwMjU0MmRiYTZkZDEyNTBhYTExY2NlYyIsInVzZXJfaWQiOjF9.mh830Ir5baJxlWV3Zm_afAaTMxtRxqMsaNehM1zatfQ"},"code":20000,"message":"success"}
2019-09-30 13:35:31,522 INFO response is : {"data":{"refresh":"eyJ0eXAiOiJKV1QiLCJhbGciOiJIUzI1NiJ9.eyJ0b2tlbl90eXBlIjoicmVmcmVzaCIsImV4cCI6MTU2OTkwODEzMSwianRpIjoiNDU4NGQwNTM2NjBiNDg1Mzg1MjU3YzcyNzI1ODExZDYiLCJ1c2VyX2lkIjoxfQ.X8eab7HWYP28nGcZh0sGCjyrt-z86lurXOWOA9y7eOk","access":"eyJ0eXAiOiJKV1QiLCJhbGciOiJIUzI1NiJ9.eyJ0b2tlbl90eXBlIjoiYWNjZXNzIiwiZXhwIjoxNTY5ODI1MzMxLCJqdGkiOiI4YzBhNTk4OGEwMjU0MmRiYTZkZDEyNTBhYTExY2NlYyIsInVzZXJfaWQiOjF9.mh830Ir5baJxlWV3Zm_afAaTMxtRxqMsaNehM1zatfQ"},"code":20000,"message":"success"}
2019-09-30 13:35:31,522 INFO response is : {"data":{"refresh":"eyJ0eXAiOiJKV1QiLCJhbGciOiJIUzI1NiJ9.eyJ0b2tlbl90eXBlIjoicmVmcmVzaCIsImV4cCI6MTU2OTkwODEzMSwianRpIjoiNDU4NGQwNTM2NjBiNDg1Mzg1MjU3YzcyNzI1ODExZDYiLCJ1c2VyX2lkIjoxfQ.X8eab7HWYP28nGcZh0sGCjyrt-z86lurXOWOA9y7eOk","access":"eyJ0eXAiOiJKV1QiLCJhbGciOiJIUzI1NiJ9.eyJ0b2tlbl90eXBlIjoiYWNjZXNzIiwiZXhwIjoxNTY5ODI1MzMxLCJqdGkiOiI4YzBhNTk4OGEwMjU0MmRiYTZkZDEyNTBhYTExY2NlYyIsInVzZXJfaWQiOjF9.mh830Ir5baJxlWV3Zm_afAaTMxtRxqMsaNehM1zatfQ"},"code":20000,"message":"success"}
2019-09-30 13:35:31,522 INFO response is : {"data":{"refresh":"eyJ0eXAiOiJKV1QiLCJhbGciOiJIUzI1NiJ9.eyJ0b2tlbl90eXBlIjoicmVmcmVzaCIsImV4cCI6MTU2OTkwODEzMSwianRpIjoiNDU4NGQwNTM2NjBiNDg1Mzg1MjU3YzcyNzI1ODExZDYiLCJ1c2VyX2lkIjoxfQ.X8eab7HWYP28nGcZh0sGCjyrt-z86lurXOWOA9y7eOk","access":"eyJ0eXAiOiJKV1QiLCJhbGciOiJIUzI1NiJ9.eyJ0b2tlbl90eXBlIjoiYWNjZXNzIiwiZXhwIjoxNTY5ODI1MzMxLCJqdGkiOiI4YzBhNTk4OGEwMjU0MmRiYTZkZDEyNTBhYTExY2NlYyIsInVzZXJfaWQiOjF9.mh830Ir5baJxlWV3Zm_afAaTMxtRxqMsaNehM1zatfQ"},"code":20000,"message":"success"}
2019-09-30 13:35:31,522 INFO response is : {"data":{"refresh":"eyJ0eXAiOiJKV1QiLCJhbGciOiJIUzI1NiJ9.eyJ0b2tlbl90eXBlIjoicmVmcmVzaCIsImV4cCI6MTU2OTkwODEzMSwianRpIjoiNDU4NGQwNTM2NjBiNDg1Mzg1MjU3YzcyNzI1ODExZDYiLCJ1c2VyX2lkIjoxfQ.X8eab7HWYP28nGcZh0sGCjyrt-z86lurXOWOA9y7eOk","access":"eyJ0eXAiOiJKV1QiLCJhbGciOiJIUzI1NiJ9.eyJ0b2tlbl90eXBlIjoiYWNjZXNzIiwiZXhwIjoxNTY5ODI1MzMxLCJqdGkiOiI4YzBhNTk4OGEwMjU0MmRiYTZkZDEyNTBhYTExY2NlYyIsInVzZXJfaWQiOjF9.mh830Ir5baJxlWV3Zm_afAaTMxtRxqMsaNehM1zatfQ"},"code":20000,"message":"success"}
2019-09-30 13:35:31,522 INFO response is : {"data":{"refresh":"eyJ0eXAiOiJKV1QiLCJhbGciOiJIUzI1NiJ9.eyJ0b2tlbl90eXBlIjoicmVmcmVzaCIsImV4cCI6MTU2OTkwODEzMSwianRpIjoiNDU4NGQwNTM2NjBiNDg1Mzg1MjU3YzcyNzI1ODExZDYiLCJ1c2VyX2lkIjoxfQ.X8eab7HWYP28nGcZh0sGCjyrt-z86lurXOWOA9y7eOk","access":"eyJ0eXAiOiJKV1QiLCJhbGciOiJIUzI1NiJ9.eyJ0b2tlbl90eXBlIjoiYWNjZXNzIiwiZXhwIjoxNTY5ODI1MzMxLCJqdGkiOiI4YzBhNTk4OGEwMjU0MmRiYTZkZDEyNTBhYTExY2NlYyIsInVzZXJfaWQiOjF9.mh830Ir5baJxlWV3Zm_afAaTMxtRxqMsaNehM1zatfQ"},"code":20000,"message":"success"}
2019-09-30 13:35:31,522 INFO response is : {"data":{"refresh":"eyJ0eXAiOiJKV1QiLCJhbGciOiJIUzI1NiJ9.eyJ0b2tlbl90eXBlIjoicmVmcmVzaCIsImV4cCI6MTU2OTkwODEzMSwianRpIjoiNDU4NGQwNTM2NjBiNDg1Mzg1MjU3YzcyNzI1ODExZDYiLCJ1c2VyX2lkIjoxfQ.X8eab7HWYP28nGcZh0sGCjyrt-z86lurXOWOA9y7eOk","access":"eyJ0eXAiOiJKV1QiLCJhbGciOiJIUzI1NiJ9.eyJ0b2tlbl90eXBlIjoiYWNjZXNzIiwiZXhwIjoxNTY5ODI1MzMxLCJqdGkiOiI4YzBhNTk4OGEwMjU0MmRiYTZkZDEyNTBhYTExY2NlYyIsInVzZXJfaWQiOjF9.mh830Ir5baJxlWV3Zm_afAaTMxtRxqMsaNehM1zatfQ"},"code":20000,"message":"success"}
2019-09-30 13:35:31,522 INFO response is : {"data":{"refresh":"eyJ0eXAiOiJKV1QiLCJhbGciOiJIUzI1NiJ9.eyJ0b2tlbl90eXBlIjoicmVmcmVzaCIsImV4cCI6MTU2OTkwODEzMSwianRpIjoiNDU4NGQwNTM2NjBiNDg1Mzg1MjU3YzcyNzI1ODExZDYiLCJ1c2VyX2lkIjoxfQ.X8eab7HWYP28nGcZh0sGCjyrt-z86lurXOWOA9y7eOk","access":"eyJ0eXAiOiJKV1QiLCJhbGciOiJIUzI1NiJ9.eyJ0b2tlbl90eXBlIjoiYWNjZXNzIiwiZXhwIjoxNTY5ODI1MzMxLCJqdGkiOiI4YzBhNTk4OGEwMjU0MmRiYTZkZDEyNTBhYTExY2NlYyIsInVzZXJfaWQiOjF9.mh830Ir5baJxlWV3Zm_afAaTMxtRxqMsaNehM1zatfQ"},"code":20000,"message":"success"}
2019-09-30 13:35:31,522 INFO response is : {"data":{"refresh":"eyJ0eXAiOiJKV1QiLCJhbGciOiJIUzI1NiJ9.eyJ0b2tlbl90eXBlIjoicmVmcmVzaCIsImV4cCI6MTU2OTkwODEzMSwianRpIjoiNDU4NGQwNTM2NjBiNDg1Mzg1MjU3YzcyNzI1ODExZDYiLCJ1c2VyX2lkIjoxfQ.X8eab7HWYP28nGcZh0sGCjyrt-z86lurXOWOA9y7eOk","access":"eyJ0eXAiOiJKV1QiLCJhbGciOiJIUzI1NiJ9.eyJ0b2tlbl90eXBlIjoiYWNjZXNzIiwiZXhwIjoxNTY5ODI1MzMxLCJqdGkiOiI4YzBhNTk4OGEwMjU0MmRiYTZkZDEyNTBhYTExY2NlYyIsInVzZXJfaWQiOjF9.mh830Ir5baJxlWV3Zm_afAaTMxtRxqMsaNehM1zatfQ"},"code":20000,"message":"success"}
2019-09-30 13:35:31,523 INFO <Response [200]>
2019-09-30 13:35:31,523 INFO <Response [200]>
2019-09-30 13:35:31,523 INFO <Response [200]>
2019-09-30 13:35:31,523 INFO <Response [200]>
2019-09-30 13:35:31,523 INFO <Response [200]>
2019-09-30 13:35:31,523 INFO <Response [200]>
2019-09-30 13:35:31,523 INFO <Response [200]>
2019-09-30 13:35:31,523 INFO <Response [200]>
2019-09-30 13:35:31,523 INFO <Response [200]>
2019-09-30 13:35:31,523 INFO <Response [200]>
2019-09-30 13:35:31,523 INFO <Response [200]>
2019-09-30 13:35:31,523 INFO <Response [200]>
2019-09-30 13:35:31,523 INFO <Response [200]>
2019-09-30 13:35:31,523 INFO <Response [200]>
2019-09-30 13:35:31,525 INFO in login！
2019-09-30 13:35:31,525 INFO in login！
2019-09-30 13:35:31,525 INFO in login！
2019-09-30 13:35:31,525 INFO in login！
2019-09-30 13:35:31,525 INFO in login！
2019-09-30 13:35:31,525 INFO in login！
2019-09-30 13:35:31,525 INFO in login！
2019-09-30 13:35:31,525 INFO in login！
2019-09-30 13:35:31,525 INFO in login！
2019-09-30 13:35:31,525 INFO in login！
2019-09-30 13:35:31,525 INFO in login！
2019-09-30 13:35:31,525 INFO in login！
2019-09-30 13:35:31,525 INFO in login！
2019-09-30 13:35:31,525 INFO in login！
2019-09-30 13:35:31,525 INFO in login！
2019-09-30 13:35:32,072 INFO response is : <Response [200]>
2019-09-30 13:35:32,072 INFO response is : <Response [200]>
2019-09-30 13:35:32,072 INFO response is : <Response [200]>
2019-09-30 13:35:32,072 INFO response is : <Response [200]>
2019-09-30 13:35:32,072 INFO response is : <Response [200]>
2019-09-30 13:35:32,072 INFO response is : <Response [200]>
2019-09-30 13:35:32,072 INFO response is : <Response [200]>
2019-09-30 13:35:32,072 INFO response is : <Response [200]>
2019-09-30 13:35:32,072 INFO response is : <Response [200]>
2019-09-30 13:35:32,072 INFO response is : <Response [200]>
2019-09-30 13:35:32,072 INFO response is : <Response [200]>
2019-09-30 13:35:32,072 INFO response is : <Response [200]>
2019-09-30 13:35:32,072 INFO response is : <Response [200]>
2019-09-30 13:35:32,072 INFO response is : <Response [200]>
2019-09-30 13:35:32,072 INFO response is : <Response [200]>
2019-09-30 13:35:32,072 INFO response is : <Response [200]>
2019-09-30 13:35:32,074 INFO response is : {"data":{"refresh":"eyJ0eXAiOiJKV1QiLCJhbGciOiJIUzI1NiJ9.eyJ0b2tlbl90eXBlIjoicmVmcmVzaCIsImV4cCI6MTU2OTkwODEzMiwianRpIjoiZTQ4MmNlMmEwOGJjNDk5M2JkY2U3MGJlYWEwOTc5NzAiLCJ1c2VyX2lkIjoxfQ.N0RWuVsQWYqo3Wk8TEnAQaWrGu_Q5HVUGg2Ezkjqomk","access":"eyJ0eXAiOiJKV1QiLCJhbGciOiJIUzI1NiJ9.eyJ0b2tlbl90eXBlIjoiYWNjZXNzIiwiZXhwIjoxNTY5ODI1MzMyLCJqdGkiOiIzODVkOTVjMTIxMTk0MzI3YjM2NDQxMTA5N2Q2YjZlMSIsInVzZXJfaWQiOjF9.gV6xKuCk4OJGw3A2F0XJFs2Rksn1JL4NPCtcS3m2YEg"},"code":20000,"message":"success"}
2019-09-30 13:35:32,074 INFO response is : {"data":{"refresh":"eyJ0eXAiOiJKV1QiLCJhbGciOiJIUzI1NiJ9.eyJ0b2tlbl90eXBlIjoicmVmcmVzaCIsImV4cCI6MTU2OTkwODEzMiwianRpIjoiZTQ4MmNlMmEwOGJjNDk5M2JkY2U3MGJlYWEwOTc5NzAiLCJ1c2VyX2lkIjoxfQ.N0RWuVsQWYqo3Wk8TEnAQaWrGu_Q5HVUGg2Ezkjqomk","access":"eyJ0eXAiOiJKV1QiLCJhbGciOiJIUzI1NiJ9.eyJ0b2tlbl90eXBlIjoiYWNjZXNzIiwiZXhwIjoxNTY5ODI1MzMyLCJqdGkiOiIzODVkOTVjMTIxMTk0MzI3YjM2NDQxMTA5N2Q2YjZlMSIsInVzZXJfaWQiOjF9.gV6xKuCk4OJGw3A2F0XJFs2Rksn1JL4NPCtcS3m2YEg"},"code":20000,"message":"success"}
2019-09-30 13:35:32,074 INFO response is : {"data":{"refresh":"eyJ0eXAiOiJKV1QiLCJhbGciOiJIUzI1NiJ9.eyJ0b2tlbl90eXBlIjoicmVmcmVzaCIsImV4cCI6MTU2OTkwODEzMiwianRpIjoiZTQ4MmNlMmEwOGJjNDk5M2JkY2U3MGJlYWEwOTc5NzAiLCJ1c2VyX2lkIjoxfQ.N0RWuVsQWYqo3Wk8TEnAQaWrGu_Q5HVUGg2Ezkjqomk","access":"eyJ0eXAiOiJKV1QiLCJhbGciOiJIUzI1NiJ9.eyJ0b2tlbl90eXBlIjoiYWNjZXNzIiwiZXhwIjoxNTY5ODI1MzMyLCJqdGkiOiIzODVkOTVjMTIxMTk0MzI3YjM2NDQxMTA5N2Q2YjZlMSIsInVzZXJfaWQiOjF9.gV6xKuCk4OJGw3A2F0XJFs2Rksn1JL4NPCtcS3m2YEg"},"code":20000,"message":"success"}
2019-09-30 13:35:32,074 INFO response is : {"data":{"refresh":"eyJ0eXAiOiJKV1QiLCJhbGciOiJIUzI1NiJ9.eyJ0b2tlbl90eXBlIjoicmVmcmVzaCIsImV4cCI6MTU2OTkwODEzMiwianRpIjoiZTQ4MmNlMmEwOGJjNDk5M2JkY2U3MGJlYWEwOTc5NzAiLCJ1c2VyX2lkIjoxfQ.N0RWuVsQWYqo3Wk8TEnAQaWrGu_Q5HVUGg2Ezkjqomk","access":"eyJ0eXAiOiJKV1QiLCJhbGciOiJIUzI1NiJ9.eyJ0b2tlbl90eXBlIjoiYWNjZXNzIiwiZXhwIjoxNTY5ODI1MzMyLCJqdGkiOiIzODVkOTVjMTIxMTk0MzI3YjM2NDQxMTA5N2Q2YjZlMSIsInVzZXJfaWQiOjF9.gV6xKuCk4OJGw3A2F0XJFs2Rksn1JL4NPCtcS3m2YEg"},"code":20000,"message":"success"}
2019-09-30 13:35:32,074 INFO response is : {"data":{"refresh":"eyJ0eXAiOiJKV1QiLCJhbGciOiJIUzI1NiJ9.eyJ0b2tlbl90eXBlIjoicmVmcmVzaCIsImV4cCI6MTU2OTkwODEzMiwianRpIjoiZTQ4MmNlMmEwOGJjNDk5M2JkY2U3MGJlYWEwOTc5NzAiLCJ1c2VyX2lkIjoxfQ.N0RWuVsQWYqo3Wk8TEnAQaWrGu_Q5HVUGg2Ezkjqomk","access":"eyJ0eXAiOiJKV1QiLCJhbGciOiJIUzI1NiJ9.eyJ0b2tlbl90eXBlIjoiYWNjZXNzIiwiZXhwIjoxNTY5ODI1MzMyLCJqdGkiOiIzODVkOTVjMTIxMTk0MzI3YjM2NDQxMTA5N2Q2YjZlMSIsInVzZXJfaWQiOjF9.gV6xKuCk4OJGw3A2F0XJFs2Rksn1JL4NPCtcS3m2YEg"},"code":20000,"message":"success"}
2019-09-30 13:35:32,074 INFO response is : {"data":{"refresh":"eyJ0eXAiOiJKV1QiLCJhbGciOiJIUzI1NiJ9.eyJ0b2tlbl90eXBlIjoicmVmcmVzaCIsImV4cCI6MTU2OTkwODEzMiwianRpIjoiZTQ4MmNlMmEwOGJjNDk5M2JkY2U3MGJlYWEwOTc5NzAiLCJ1c2VyX2lkIjoxfQ.N0RWuVsQWYqo3Wk8TEnAQaWrGu_Q5HVUGg2Ezkjqomk","access":"eyJ0eXAiOiJKV1QiLCJhbGciOiJIUzI1NiJ9.eyJ0b2tlbl90eXBlIjoiYWNjZXNzIiwiZXhwIjoxNTY5ODI1MzMyLCJqdGkiOiIzODVkOTVjMTIxMTk0MzI3YjM2NDQxMTA5N2Q2YjZlMSIsInVzZXJfaWQiOjF9.gV6xKuCk4OJGw3A2F0XJFs2Rksn1JL4NPCtcS3m2YEg"},"code":20000,"message":"success"}
2019-09-30 13:35:32,074 INFO response is : {"data":{"refresh":"eyJ0eXAiOiJKV1QiLCJhbGciOiJIUzI1NiJ9.eyJ0b2tlbl90eXBlIjoicmVmcmVzaCIsImV4cCI6MTU2OTkwODEzMiwianRpIjoiZTQ4MmNlMmEwOGJjNDk5M2JkY2U3MGJlYWEwOTc5NzAiLCJ1c2VyX2lkIjoxfQ.N0RWuVsQWYqo3Wk8TEnAQaWrGu_Q5HVUGg2Ezkjqomk","access":"eyJ0eXAiOiJKV1QiLCJhbGciOiJIUzI1NiJ9.eyJ0b2tlbl90eXBlIjoiYWNjZXNzIiwiZXhwIjoxNTY5ODI1MzMyLCJqdGkiOiIzODVkOTVjMTIxMTk0MzI3YjM2NDQxMTA5N2Q2YjZlMSIsInVzZXJfaWQiOjF9.gV6xKuCk4OJGw3A2F0XJFs2Rksn1JL4NPCtcS3m2YEg"},"code":20000,"message":"success"}
2019-09-30 13:35:32,074 INFO response is : {"data":{"refresh":"eyJ0eXAiOiJKV1QiLCJhbGciOiJIUzI1NiJ9.eyJ0b2tlbl90eXBlIjoicmVmcmVzaCIsImV4cCI6MTU2OTkwODEzMiwianRpIjoiZTQ4MmNlMmEwOGJjNDk5M2JkY2U3MGJlYWEwOTc5NzAiLCJ1c2VyX2lkIjoxfQ.N0RWuVsQWYqo3Wk8TEnAQaWrGu_Q5HVUGg2Ezkjqomk","access":"eyJ0eXAiOiJKV1QiLCJhbGciOiJIUzI1NiJ9.eyJ0b2tlbl90eXBlIjoiYWNjZXNzIiwiZXhwIjoxNTY5ODI1MzMyLCJqdGkiOiIzODVkOTVjMTIxMTk0MzI3YjM2NDQxMTA5N2Q2YjZlMSIsInVzZXJfaWQiOjF9.gV6xKuCk4OJGw3A2F0XJFs2Rksn1JL4NPCtcS3m2YEg"},"code":20000,"message":"success"}
2019-09-30 13:35:32,074 INFO response is : {"data":{"refresh":"eyJ0eXAiOiJKV1QiLCJhbGciOiJIUzI1NiJ9.eyJ0b2tlbl90eXBlIjoicmVmcmVzaCIsImV4cCI6MTU2OTkwODEzMiwianRpIjoiZTQ4MmNlMmEwOGJjNDk5M2JkY2U3MGJlYWEwOTc5NzAiLCJ1c2VyX2lkIjoxfQ.N0RWuVsQWYqo3Wk8TEnAQaWrGu_Q5HVUGg2Ezkjqomk","access":"eyJ0eXAiOiJKV1QiLCJhbGciOiJIUzI1NiJ9.eyJ0b2tlbl90eXBlIjoiYWNjZXNzIiwiZXhwIjoxNTY5ODI1MzMyLCJqdGkiOiIzODVkOTVjMTIxMTk0MzI3YjM2NDQxMTA5N2Q2YjZlMSIsInVzZXJfaWQiOjF9.gV6xKuCk4OJGw3A2F0XJFs2Rksn1JL4NPCtcS3m2YEg"},"code":20000,"message":"success"}
2019-09-30 13:35:32,074 INFO response is : {"data":{"refresh":"eyJ0eXAiOiJKV1QiLCJhbGciOiJIUzI1NiJ9.eyJ0b2tlbl90eXBlIjoicmVmcmVzaCIsImV4cCI6MTU2OTkwODEzMiwianRpIjoiZTQ4MmNlMmEwOGJjNDk5M2JkY2U3MGJlYWEwOTc5NzAiLCJ1c2VyX2lkIjoxfQ.N0RWuVsQWYqo3Wk8TEnAQaWrGu_Q5HVUGg2Ezkjqomk","access":"eyJ0eXAiOiJKV1QiLCJhbGciOiJIUzI1NiJ9.eyJ0b2tlbl90eXBlIjoiYWNjZXNzIiwiZXhwIjoxNTY5ODI1MzMyLCJqdGkiOiIzODVkOTVjMTIxMTk0MzI3YjM2NDQxMTA5N2Q2YjZlMSIsInVzZXJfaWQiOjF9.gV6xKuCk4OJGw3A2F0XJFs2Rksn1JL4NPCtcS3m2YEg"},"code":20000,"message":"success"}
2019-09-30 13:35:32,074 INFO response is : {"data":{"refresh":"eyJ0eXAiOiJKV1QiLCJhbGciOiJIUzI1NiJ9.eyJ0b2tlbl90eXBlIjoicmVmcmVzaCIsImV4cCI6MTU2OTkwODEzMiwianRpIjoiZTQ4MmNlMmEwOGJjNDk5M2JkY2U3MGJlYWEwOTc5NzAiLCJ1c2VyX2lkIjoxfQ.N0RWuVsQWYqo3Wk8TEnAQaWrGu_Q5HVUGg2Ezkjqomk","access":"eyJ0eXAiOiJKV1QiLCJhbGciOiJIUzI1NiJ9.eyJ0b2tlbl90eXBlIjoiYWNjZXNzIiwiZXhwIjoxNTY5ODI1MzMyLCJqdGkiOiIzODVkOTVjMTIxMTk0MzI3YjM2NDQxMTA5N2Q2YjZlMSIsInVzZXJfaWQiOjF9.gV6xKuCk4OJGw3A2F0XJFs2Rksn1JL4NPCtcS3m2YEg"},"code":20000,"message":"success"}
2019-09-30 13:35:32,074 INFO response is : {"data":{"refresh":"eyJ0eXAiOiJKV1QiLCJhbGciOiJIUzI1NiJ9.eyJ0b2tlbl90eXBlIjoicmVmcmVzaCIsImV4cCI6MTU2OTkwODEzMiwianRpIjoiZTQ4MmNlMmEwOGJjNDk5M2JkY2U3MGJlYWEwOTc5NzAiLCJ1c2VyX2lkIjoxfQ.N0RWuVsQWYqo3Wk8TEnAQaWrGu_Q5HVUGg2Ezkjqomk","access":"eyJ0eXAiOiJKV1QiLCJhbGciOiJIUzI1NiJ9.eyJ0b2tlbl90eXBlIjoiYWNjZXNzIiwiZXhwIjoxNTY5ODI1MzMyLCJqdGkiOiIzODVkOTVjMTIxMTk0MzI3YjM2NDQxMTA5N2Q2YjZlMSIsInVzZXJfaWQiOjF9.gV6xKuCk4OJGw3A2F0XJFs2Rksn1JL4NPCtcS3m2YEg"},"code":20000,"message":"success"}
2019-09-30 13:35:32,074 INFO response is : {"data":{"refresh":"eyJ0eXAiOiJKV1QiLCJhbGciOiJIUzI1NiJ9.eyJ0b2tlbl90eXBlIjoicmVmcmVzaCIsImV4cCI6MTU2OTkwODEzMiwianRpIjoiZTQ4MmNlMmEwOGJjNDk5M2JkY2U3MGJlYWEwOTc5NzAiLCJ1c2VyX2lkIjoxfQ.N0RWuVsQWYqo3Wk8TEnAQaWrGu_Q5HVUGg2Ezkjqomk","access":"eyJ0eXAiOiJKV1QiLCJhbGciOiJIUzI1NiJ9.eyJ0b2tlbl90eXBlIjoiYWNjZXNzIiwiZXhwIjoxNTY5ODI1MzMyLCJqdGkiOiIzODVkOTVjMTIxMTk0MzI3YjM2NDQxMTA5N2Q2YjZlMSIsInVzZXJfaWQiOjF9.gV6xKuCk4OJGw3A2F0XJFs2Rksn1JL4NPCtcS3m2YEg"},"code":20000,"message":"success"}
2019-09-30 13:35:32,074 INFO response is : {"data":{"refresh":"eyJ0eXAiOiJKV1QiLCJhbGciOiJIUzI1NiJ9.eyJ0b2tlbl90eXBlIjoicmVmcmVzaCIsImV4cCI6MTU2OTkwODEzMiwianRpIjoiZTQ4MmNlMmEwOGJjNDk5M2JkY2U3MGJlYWEwOTc5NzAiLCJ1c2VyX2lkIjoxfQ.N0RWuVsQWYqo3Wk8TEnAQaWrGu_Q5HVUGg2Ezkjqomk","access":"eyJ0eXAiOiJKV1QiLCJhbGciOiJIUzI1NiJ9.eyJ0b2tlbl90eXBlIjoiYWNjZXNzIiwiZXhwIjoxNTY5ODI1MzMyLCJqdGkiOiIzODVkOTVjMTIxMTk0MzI3YjM2NDQxMTA5N2Q2YjZlMSIsInVzZXJfaWQiOjF9.gV6xKuCk4OJGw3A2F0XJFs2Rksn1JL4NPCtcS3m2YEg"},"code":20000,"message":"success"}
2019-09-30 13:35:32,074 INFO response is : {"data":{"refresh":"eyJ0eXAiOiJKV1QiLCJhbGciOiJIUzI1NiJ9.eyJ0b2tlbl90eXBlIjoicmVmcmVzaCIsImV4cCI6MTU2OTkwODEzMiwianRpIjoiZTQ4MmNlMmEwOGJjNDk5M2JkY2U3MGJlYWEwOTc5NzAiLCJ1c2VyX2lkIjoxfQ.N0RWuVsQWYqo3Wk8TEnAQaWrGu_Q5HVUGg2Ezkjqomk","access":"eyJ0eXAiOiJKV1QiLCJhbGciOiJIUzI1NiJ9.eyJ0b2tlbl90eXBlIjoiYWNjZXNzIiwiZXhwIjoxNTY5ODI1MzMyLCJqdGkiOiIzODVkOTVjMTIxMTk0MzI3YjM2NDQxMTA5N2Q2YjZlMSIsInVzZXJfaWQiOjF9.gV6xKuCk4OJGw3A2F0XJFs2Rksn1JL4NPCtcS3m2YEg"},"code":20000,"message":"success"}
2019-09-30 13:35:32,074 INFO response is : {"data":{"refresh":"eyJ0eXAiOiJKV1QiLCJhbGciOiJIUzI1NiJ9.eyJ0b2tlbl90eXBlIjoicmVmcmVzaCIsImV4cCI6MTU2OTkwODEzMiwianRpIjoiZTQ4MmNlMmEwOGJjNDk5M2JkY2U3MGJlYWEwOTc5NzAiLCJ1c2VyX2lkIjoxfQ.N0RWuVsQWYqo3Wk8TEnAQaWrGu_Q5HVUGg2Ezkjqomk","access":"eyJ0eXAiOiJKV1QiLCJhbGciOiJIUzI1NiJ9.eyJ0b2tlbl90eXBlIjoiYWNjZXNzIiwiZXhwIjoxNTY5ODI1MzMyLCJqdGkiOiIzODVkOTVjMTIxMTk0MzI3YjM2NDQxMTA5N2Q2YjZlMSIsInVzZXJfaWQiOjF9.gV6xKuCk4OJGw3A2F0XJFs2Rksn1JL4NPCtcS3m2YEg"},"code":20000,"message":"success"}
2019-09-30 13:35:32,074 INFO response is : {"data":{"refresh":"eyJ0eXAiOiJKV1QiLCJhbGciOiJIUzI1NiJ9.eyJ0b2tlbl90eXBlIjoicmVmcmVzaCIsImV4cCI6MTU2OTkwODEzMiwianRpIjoiZTQ4MmNlMmEwOGJjNDk5M2JkY2U3MGJlYWEwOTc5NzAiLCJ1c2VyX2lkIjoxfQ.N0RWuVsQWYqo3Wk8TEnAQaWrGu_Q5HVUGg2Ezkjqomk","access":"eyJ0eXAiOiJKV1QiLCJhbGciOiJIUzI1NiJ9.eyJ0b2tlbl90eXBlIjoiYWNjZXNzIiwiZXhwIjoxNTY5ODI1MzMyLCJqdGkiOiIzODVkOTVjMTIxMTk0MzI3YjM2NDQxMTA5N2Q2YjZlMSIsInVzZXJfaWQiOjF9.gV6xKuCk4OJGw3A2F0XJFs2Rksn1JL4NPCtcS3m2YEg"},"code":20000,"message":"success"}
2019-09-30 13:35:32,729 INFO Opening browser 'chrome' to base url 'http://localhost:9527'.
2019-09-30 13:35:32,729 INFO Opening browser 'chrome' to base url 'http://localhost:9527'.
2019-09-30 13:35:32,729 INFO Opening browser 'chrome' to base url 'http://localhost:9527'.
2019-09-30 13:35:32,729 INFO Opening browser 'chrome' to base url 'http://localhost:9527'.
2019-09-30 13:35:32,729 INFO Opening browser 'chrome' to base url 'http://localhost:9527'.
2019-09-30 13:35:32,729 INFO Opening browser 'chrome' to base url 'http://localhost:9527'.
2019-09-30 13:35:32,729 INFO Opening browser 'chrome' to base url 'http://localhost:9527'.
2019-09-30 13:35:32,729 INFO Opening browser 'chrome' to base url 'http://localhost:9527'.
2019-09-30 13:35:32,729 INFO Opening browser 'chrome' to base url 'http://localhost:9527'.
2019-09-30 13:35:32,729 INFO Opening browser 'chrome' to base url 'http://localhost:9527'.
2019-09-30 13:35:32,729 INFO Opening browser 'chrome' to base url 'http://localhost:9527'.
2019-09-30 13:35:32,729 INFO Opening browser 'chrome' to base url 'http://localhost:9527'.
2019-09-30 13:35:32,729 INFO Opening browser 'chrome' to base url 'http://localhost:9527'.
2019-09-30 13:35:32,729 INFO Opening browser 'chrome' to base url 'http://localhost:9527'.
2019-09-30 13:35:32,729 INFO Opening browser 'chrome' to base url 'http://localhost:9527'.
2019-09-30 13:35:32,729 INFO Opening browser 'chrome' to base url 'http://localhost:9527'.
2019-09-30 13:35:32,729 INFO Opening browser 'chrome' to base url 'http://localhost:9527'.
2019-09-30 13:35:39,374 DEBUG Opened browser with session id 719d0dbbd81ebd7ff44e3be9d9065610.
2019-09-30 13:35:39,374 DEBUG Opened browser with session id 719d0dbbd81ebd7ff44e3be9d9065610.
2019-09-30 13:35:39,374 DEBUG Opened browser with session id 719d0dbbd81ebd7ff44e3be9d9065610.
2019-09-30 13:35:39,374 DEBUG Opened browser with session id 719d0dbbd81ebd7ff44e3be9d9065610.
2019-09-30 13:35:39,374 DEBUG Opened browser with session id 719d0dbbd81ebd7ff44e3be9d9065610.
2019-09-30 13:35:39,374 DEBUG Opened browser with session id 719d0dbbd81ebd7ff44e3be9d9065610.
2019-09-30 13:35:39,374 DEBUG Opened browser with session id 719d0dbbd81ebd7ff44e3be9d9065610.
2019-09-30 13:35:39,374 DEBUG Opened browser with session id 719d0dbbd81ebd7ff44e3be9d9065610.
2019-09-30 13:35:39,374 DEBUG Opened browser with session id 719d0dbbd81ebd7ff44e3be9d9065610.
2019-09-30 13:35:39,374 DEBUG Opened browser with session id 719d0dbbd81ebd7ff44e3be9d9065610.
2019-09-30 13:35:39,374 DEBUG Opened browser with session id 719d0dbbd81ebd7ff44e3be9d9065610.
2019-09-30 13:35:39,374 DEBUG Opened browser with session id 719d0dbbd81ebd7ff44e3be9d9065610.
2019-09-30 13:35:39,374 DEBUG Opened browser with session id 719d0dbbd81ebd7ff44e3be9d9065610.
2019-09-30 13:35:39,374 DEBUG Opened browser with session id 719d0dbbd81ebd7ff44e3be9d9065610.
2019-09-30 13:35:39,374 DEBUG Opened browser with session id 719d0dbbd81ebd7ff44e3be9d9065610.
2019-09-30 13:35:39,374 DEBUG Opened browser with session id 719d0dbbd81ebd7ff44e3be9d9065610.
2019-09-30 13:35:39,374 DEBUG Opened browser with session id 719d0dbbd81ebd7ff44e3be9d9065610.
2019-09-30 13:35:39,377 INFO 1
2019-09-30 13:35:39,377 INFO 1
2019-09-30 13:35:39,377 INFO 1
2019-09-30 13:35:39,377 INFO 1
2019-09-30 13:35:39,377 INFO 1
2019-09-30 13:35:39,377 INFO 1
2019-09-30 13:35:39,377 INFO 1
2019-09-30 13:35:39,377 INFO 1
2019-09-30 13:35:39,377 INFO 1
2019-09-30 13:35:39,377 INFO 1
2019-09-30 13:35:39,377 INFO 1
2019-09-30 13:35:39,377 INFO 1
2019-09-30 13:35:39,377 INFO 1
2019-09-30 13:35:39,377 INFO 1
2019-09-30 13:35:39,377 INFO 1
2019-09-30 13:35:39,377 INFO 1
2019-09-30 13:35:39,377 INFO 1
2019-09-30 13:35:39,377 INFO 1
2019-09-30 13:35:39,380 INFO Typing text 'admin' into text field 'name=username'.
2019-09-30 13:35:39,380 INFO Typing text 'admin' into text field 'name=username'.
2019-09-30 13:35:39,380 INFO Typing text 'admin' into text field 'name=username'.
2019-09-30 13:35:39,380 INFO Typing text 'admin' into text field 'name=username'.
2019-09-30 13:35:39,380 INFO Typing text 'admin' into text field 'name=username'.
2019-09-30 13:35:39,380 INFO Typing text 'admin' into text field 'name=username'.
2019-09-30 13:35:39,380 INFO Typing text 'admin' into text field 'name=username'.
2019-09-30 13:35:39,380 INFO Typing text 'admin' into text field 'name=username'.
2019-09-30 13:35:39,380 INFO Typing text 'admin' into text field 'name=username'.
2019-09-30 13:35:39,380 INFO Typing text 'admin' into text field 'name=username'.
2019-09-30 13:35:39,380 INFO Typing text 'admin' into text field 'name=username'.
2019-09-30 13:35:39,380 INFO Typing text 'admin' into text field 'name=username'.
2019-09-30 13:35:39,380 INFO Typing text 'admin' into text field 'name=username'.
2019-09-30 13:35:39,380 INFO Typing text 'admin' into text field 'name=username'.
2019-09-30 13:35:39,380 INFO Typing text 'admin' into text field 'name=username'.
2019-09-30 13:35:39,380 INFO Typing text 'admin' into text field 'name=username'.
2019-09-30 13:35:39,380 INFO Typing text 'admin' into text field 'name=username'.
2019-09-30 13:35:39,380 INFO Typing text 'admin' into text field 'name=username'.
2019-09-30 13:35:39,799 INFO None
2019-09-30 13:35:39,799 INFO None
2019-09-30 13:35:39,799 INFO None
2019-09-30 13:35:39,799 INFO None
2019-09-30 13:35:39,799 INFO None
2019-09-30 13:35:39,799 INFO None
2019-09-30 13:35:39,799 INFO None
2019-09-30 13:35:39,799 INFO None
2019-09-30 13:35:39,799 INFO None
2019-09-30 13:35:39,799 INFO None
2019-09-30 13:35:39,799 INFO None
2019-09-30 13:35:39,799 INFO None
2019-09-30 13:35:39,799 INFO None
2019-09-30 13:35:39,799 INFO None
2019-09-30 13:35:39,799 INFO None
2019-09-30 13:35:39,799 INFO None
2019-09-30 13:35:39,799 INFO None
2019-09-30 13:35:39,799 INFO None
2019-09-30 13:35:39,799 INFO None
2019-09-30 13:35:39,801 INFO Typing text 'admin' into text field 'name=password'.
2019-09-30 13:35:39,801 INFO Typing text 'admin' into text field 'name=password'.
2019-09-30 13:35:39,801 INFO Typing text 'admin' into text field 'name=password'.
2019-09-30 13:35:39,801 INFO Typing text 'admin' into text field 'name=password'.
2019-09-30 13:35:39,801 INFO Typing text 'admin' into text field 'name=password'.
2019-09-30 13:35:39,801 INFO Typing text 'admin' into text field 'name=password'.
2019-09-30 13:35:39,801 INFO Typing text 'admin' into text field 'name=password'.
2019-09-30 13:35:39,801 INFO Typing text 'admin' into text field 'name=password'.
2019-09-30 13:35:39,801 INFO Typing text 'admin' into text field 'name=password'.
2019-09-30 13:35:39,801 INFO Typing text 'admin' into text field 'name=password'.
2019-09-30 13:35:39,801 INFO Typing text 'admin' into text field 'name=password'.
2019-09-30 13:35:39,801 INFO Typing text 'admin' into text field 'name=password'.
2019-09-30 13:35:39,801 INFO Typing text 'admin' into text field 'name=password'.
2019-09-30 13:35:39,801 INFO Typing text 'admin' into text field 'name=password'.
2019-09-30 13:35:39,801 INFO Typing text 'admin' into text field 'name=password'.
2019-09-30 13:35:39,801 INFO Typing text 'admin' into text field 'name=password'.
2019-09-30 13:35:39,801 INFO Typing text 'admin' into text field 'name=password'.
2019-09-30 13:35:39,801 INFO Typing text 'admin' into text field 'name=password'.
2019-09-30 13:35:39,801 INFO Typing text 'admin' into text field 'name=password'.
2019-09-30 13:35:40,045 INFO None
2019-09-30 13:35:40,045 INFO None
2019-09-30 13:35:40,045 INFO None
2019-09-30 13:35:40,045 INFO None
2019-09-30 13:35:40,045 INFO None
2019-09-30 13:35:40,045 INFO None
2019-09-30 13:35:40,045 INFO None
2019-09-30 13:35:40,045 INFO None
2019-09-30 13:35:40,045 INFO None
2019-09-30 13:35:40,045 INFO None
2019-09-30 13:35:40,045 INFO None
2019-09-30 13:35:40,045 INFO None
2019-09-30 13:35:40,045 INFO None
2019-09-30 13:35:40,045 INFO None
2019-09-30 13:35:40,045 INFO None
2019-09-30 13:35:40,045 INFO None
2019-09-30 13:35:40,045 INFO None
2019-09-30 13:35:40,045 INFO None
2019-09-30 13:35:40,045 INFO None
2019-09-30 13:35:40,045 INFO None
2019-09-30 13:35:40,049 INFO Clicking button 'id=login_button'.
2019-09-30 13:35:40,049 INFO Clicking button 'id=login_button'.
2019-09-30 13:35:40,049 INFO Clicking button 'id=login_button'.
2019-09-30 13:35:40,049 INFO Clicking button 'id=login_button'.
2019-09-30 13:35:40,049 INFO Clicking button 'id=login_button'.
2019-09-30 13:35:40,049 INFO Clicking button 'id=login_button'.
2019-09-30 13:35:40,049 INFO Clicking button 'id=login_button'.
2019-09-30 13:35:40,049 INFO Clicking button 'id=login_button'.
2019-09-30 13:35:40,049 INFO Clicking button 'id=login_button'.
2019-09-30 13:35:40,049 INFO Clicking button 'id=login_button'.
2019-09-30 13:35:40,049 INFO Clicking button 'id=login_button'.
2019-09-30 13:35:40,049 INFO Clicking button 'id=login_button'.
2019-09-30 13:35:40,049 INFO Clicking button 'id=login_button'.
2019-09-30 13:35:40,049 INFO Clicking button 'id=login_button'.
2019-09-30 13:35:40,049 INFO Clicking button 'id=login_button'.
2019-09-30 13:35:40,049 INFO Clicking button 'id=login_button'.
2019-09-30 13:35:40,049 INFO Clicking button 'id=login_button'.
2019-09-30 13:35:40,049 INFO Clicking button 'id=login_button'.
2019-09-30 13:35:40,049 INFO Clicking button 'id=login_button'.
2019-09-30 13:35:40,049 INFO Clicking button 'id=login_button'.
2019-09-30 13:35:40,202 INFO None
2019-09-30 13:35:40,202 INFO None
2019-09-30 13:35:40,202 INFO None
2019-09-30 13:35:40,202 INFO None
2019-09-30 13:35:40,202 INFO None
2019-09-30 13:35:40,202 INFO None
2019-09-30 13:35:40,202 INFO None
2019-09-30 13:35:40,202 INFO None
2019-09-30 13:35:40,202 INFO None
2019-09-30 13:35:40,202 INFO None
2019-09-30 13:35:40,202 INFO None
2019-09-30 13:35:40,202 INFO None
2019-09-30 13:35:40,202 INFO None
2019-09-30 13:35:40,202 INFO None
2019-09-30 13:35:40,202 INFO None
2019-09-30 13:35:40,202 INFO None
2019-09-30 13:35:40,202 INFO None
2019-09-30 13:35:40,202 INFO None
2019-09-30 13:35:40,202 INFO None
2019-09-30 13:35:40,202 INFO None
2019-09-30 13:35:40,202 INFO None
2019-09-30 13:48:29,432 INFO 开始执行测试,报告输出模式text
2019-09-30 13:48:29,433 INFO in login！
2019-09-30 13:48:29,433 INFO in login！
2019-09-30 13:48:30,240 INFO response is : <Response [200]>
2019-09-30 13:48:30,240 INFO response is : <Response [200]>
2019-09-30 13:48:30,240 INFO response is : <Response [200]>
2019-09-30 13:48:30,242 INFO response is : {"data":{"refresh":"eyJ0eXAiOiJKV1QiLCJhbGciOiJIUzI1NiJ9.eyJ0b2tlbl90eXBlIjoicmVmcmVzaCIsImV4cCI6MTU2OTkwODkxMCwianRpIjoiY2Q0NzY0NzBiODUxNDE0NmJkMzQzNjlkNzc4MTNhOWMiLCJ1c2VyX2lkIjoxfQ.xH06c0ThZMSKXBG1_okLNX5bBREgKerzkOECcHt6Eg0","access":"eyJ0eXAiOiJKV1QiLCJhbGciOiJIUzI1NiJ9.eyJ0b2tlbl90eXBlIjoiYWNjZXNzIiwiZXhwIjoxNTY5ODI2MTEwLCJqdGkiOiIwNTYyNDI5MDMwMjU0MmY4ODcxN2UwNmM2NDU3OThmOCIsInVzZXJfaWQiOjF9.ycSZ7VpuZ282HMAE75zgHwgh2-KnuhyDtATR-EFoXmk"},"code":20000,"message":"success"}
2019-09-30 13:48:30,242 INFO response is : {"data":{"refresh":"eyJ0eXAiOiJKV1QiLCJhbGciOiJIUzI1NiJ9.eyJ0b2tlbl90eXBlIjoicmVmcmVzaCIsImV4cCI6MTU2OTkwODkxMCwianRpIjoiY2Q0NzY0NzBiODUxNDE0NmJkMzQzNjlkNzc4MTNhOWMiLCJ1c2VyX2lkIjoxfQ.xH06c0ThZMSKXBG1_okLNX5bBREgKerzkOECcHt6Eg0","access":"eyJ0eXAiOiJKV1QiLCJhbGciOiJIUzI1NiJ9.eyJ0b2tlbl90eXBlIjoiYWNjZXNzIiwiZXhwIjoxNTY5ODI2MTEwLCJqdGkiOiIwNTYyNDI5MDMwMjU0MmY4ODcxN2UwNmM2NDU3OThmOCIsInVzZXJfaWQiOjF9.ycSZ7VpuZ282HMAE75zgHwgh2-KnuhyDtATR-EFoXmk"},"code":20000,"message":"success"}
2019-09-30 13:48:30,242 INFO response is : {"data":{"refresh":"eyJ0eXAiOiJKV1QiLCJhbGciOiJIUzI1NiJ9.eyJ0b2tlbl90eXBlIjoicmVmcmVzaCIsImV4cCI6MTU2OTkwODkxMCwianRpIjoiY2Q0NzY0NzBiODUxNDE0NmJkMzQzNjlkNzc4MTNhOWMiLCJ1c2VyX2lkIjoxfQ.xH06c0ThZMSKXBG1_okLNX5bBREgKerzkOECcHt6Eg0","access":"eyJ0eXAiOiJKV1QiLCJhbGciOiJIUzI1NiJ9.eyJ0b2tlbl90eXBlIjoiYWNjZXNzIiwiZXhwIjoxNTY5ODI2MTEwLCJqdGkiOiIwNTYyNDI5MDMwMjU0MmY4ODcxN2UwNmM2NDU3OThmOCIsInVzZXJfaWQiOjF9.ycSZ7VpuZ282HMAE75zgHwgh2-KnuhyDtATR-EFoXmk"},"code":20000,"message":"success"}
2019-09-30 13:48:30,242 INFO response is : {"data":{"refresh":"eyJ0eXAiOiJKV1QiLCJhbGciOiJIUzI1NiJ9.eyJ0b2tlbl90eXBlIjoicmVmcmVzaCIsImV4cCI6MTU2OTkwODkxMCwianRpIjoiY2Q0NzY0NzBiODUxNDE0NmJkMzQzNjlkNzc4MTNhOWMiLCJ1c2VyX2lkIjoxfQ.xH06c0ThZMSKXBG1_okLNX5bBREgKerzkOECcHt6Eg0","access":"eyJ0eXAiOiJKV1QiLCJhbGciOiJIUzI1NiJ9.eyJ0b2tlbl90eXBlIjoiYWNjZXNzIiwiZXhwIjoxNTY5ODI2MTEwLCJqdGkiOiIwNTYyNDI5MDMwMjU0MmY4ODcxN2UwNmM2NDU3OThmOCIsInVzZXJfaWQiOjF9.ycSZ7VpuZ282HMAE75zgHwgh2-KnuhyDtATR-EFoXmk"},"code":20000,"message":"success"}
2019-09-30 13:48:30,243 INFO in getUserinfo heasers is :{'Content-Type': 'application/json', 'Authorization': 'Bearer eyJ0eXAiOiJKV1QiLCJhbGciOiJIUzI1NiJ9.eyJ0b2tlbl90eXBlIjoiYWNjZXNzIiwiZXhwIjoxNTY5ODI2MTEwLCJqdGkiOiIwNTYyNDI5MDMwMjU0MmY4ODcxN2UwNmM2NDU3OThmOCIsInVzZXJfaWQiOjF9.ycSZ7VpuZ282HMAE75zgHwgh2-KnuhyDtATR-EFoXmk'}
2019-09-30 13:48:30,243 INFO in getUserinfo heasers is :{'Content-Type': 'application/json', 'Authorization': 'Bearer eyJ0eXAiOiJKV1QiLCJhbGciOiJIUzI1NiJ9.eyJ0b2tlbl90eXBlIjoiYWNjZXNzIiwiZXhwIjoxNTY5ODI2MTEwLCJqdGkiOiIwNTYyNDI5MDMwMjU0MmY4ODcxN2UwNmM2NDU3OThmOCIsInVzZXJfaWQiOjF9.ycSZ7VpuZ282HMAE75zgHwgh2-KnuhyDtATR-EFoXmk'}
2019-09-30 13:48:30,243 INFO in getUserinfo heasers is :{'Content-Type': 'application/json', 'Authorization': 'Bearer eyJ0eXAiOiJKV1QiLCJhbGciOiJIUzI1NiJ9.eyJ0b2tlbl90eXBlIjoiYWNjZXNzIiwiZXhwIjoxNTY5ODI2MTEwLCJqdGkiOiIwNTYyNDI5MDMwMjU0MmY4ODcxN2UwNmM2NDU3OThmOCIsInVzZXJfaWQiOjF9.ycSZ7VpuZ282HMAE75zgHwgh2-KnuhyDtATR-EFoXmk'}
2019-09-30 13:48:30,243 INFO in getUserinfo heasers is :{'Content-Type': 'application/json', 'Authorization': 'Bearer eyJ0eXAiOiJKV1QiLCJhbGciOiJIUzI1NiJ9.eyJ0b2tlbl90eXBlIjoiYWNjZXNzIiwiZXhwIjoxNTY5ODI2MTEwLCJqdGkiOiIwNTYyNDI5MDMwMjU0MmY4ODcxN2UwNmM2NDU3OThmOCIsInVzZXJfaWQiOjF9.ycSZ7VpuZ282HMAE75zgHwgh2-KnuhyDtATR-EFoXmk'}
2019-09-30 13:48:30,243 INFO in getUserinfo heasers is :{'Content-Type': 'application/json', 'Authorization': 'Bearer eyJ0eXAiOiJKV1QiLCJhbGciOiJIUzI1NiJ9.eyJ0b2tlbl90eXBlIjoiYWNjZXNzIiwiZXhwIjoxNTY5ODI2MTEwLCJqdGkiOiIwNTYyNDI5MDMwMjU0MmY4ODcxN2UwNmM2NDU3OThmOCIsInVzZXJfaWQiOjF9.ycSZ7VpuZ282HMAE75zgHwgh2-KnuhyDtATR-EFoXmk'}
2019-09-30 13:48:30,645 INFO response is : <Response [200]>
2019-09-30 13:48:30,645 INFO response is : <Response [200]>
2019-09-30 13:48:30,645 INFO response is : <Response [200]>
2019-09-30 13:48:30,645 INFO response is : <Response [200]>
2019-09-30 13:48:30,645 INFO response is : <Response [200]>
2019-09-30 13:48:30,645 INFO response is : <Response [200]>
2019-09-30 13:48:30,646 INFO <Response [200]>
2019-09-30 13:48:30,646 INFO <Response [200]>
2019-09-30 13:48:30,646 INFO <Response [200]>
2019-09-30 13:48:30,646 INFO <Response [200]>
2019-09-30 13:48:30,646 INFO <Response [200]>
2019-09-30 13:48:30,646 INFO <Response [200]>
2019-09-30 13:48:30,646 INFO <Response [200]>
2019-09-30 13:48:30,647 INFO in login！
2019-09-30 13:48:30,647 INFO in login！
2019-09-30 13:48:30,647 INFO in login！
2019-09-30 13:48:30,647 INFO in login！
2019-09-30 13:48:30,647 INFO in login！
2019-09-30 13:48:30,647 INFO in login！
2019-09-30 13:48:30,647 INFO in login！
2019-09-30 13:48:30,647 INFO in login！
2019-09-30 13:48:31,188 INFO response is : <Response [200]>
2019-09-30 13:48:31,188 INFO response is : <Response [200]>
2019-09-30 13:48:31,188 INFO response is : <Response [200]>
2019-09-30 13:48:31,188 INFO response is : <Response [200]>
2019-09-30 13:48:31,188 INFO response is : <Response [200]>
2019-09-30 13:48:31,188 INFO response is : <Response [200]>
2019-09-30 13:48:31,188 INFO response is : <Response [200]>
2019-09-30 13:48:31,188 INFO response is : <Response [200]>
2019-09-30 13:48:31,188 INFO response is : <Response [200]>
2019-09-30 13:48:31,189 INFO response is : {"data":{"refresh":"eyJ0eXAiOiJKV1QiLCJhbGciOiJIUzI1NiJ9.eyJ0b2tlbl90eXBlIjoicmVmcmVzaCIsImV4cCI6MTU2OTkwODkxMSwianRpIjoiZTRlMTE1MjNhMGE0NGJmNzkxYmJiMDE2ZmEwNDhjYjAiLCJ1c2VyX2lkIjoxfQ.cuzXsY5ifPXxnTvTzAD403bdTqjzgiUV4-ukAGcd7pw","access":"eyJ0eXAiOiJKV1QiLCJhbGciOiJIUzI1NiJ9.eyJ0b2tlbl90eXBlIjoiYWNjZXNzIiwiZXhwIjoxNTY5ODI2MTExLCJqdGkiOiI4YTkxMTAyMDAyZDY0ZjdiOGRlMmIxNWJkMzE0YmJhMiIsInVzZXJfaWQiOjF9.pNlRyuOhrefc9Yymp-VT-ku0jDMX-97RJcqypAy4DrI"},"code":20000,"message":"success"}
2019-09-30 13:48:31,189 INFO response is : {"data":{"refresh":"eyJ0eXAiOiJKV1QiLCJhbGciOiJIUzI1NiJ9.eyJ0b2tlbl90eXBlIjoicmVmcmVzaCIsImV4cCI6MTU2OTkwODkxMSwianRpIjoiZTRlMTE1MjNhMGE0NGJmNzkxYmJiMDE2ZmEwNDhjYjAiLCJ1c2VyX2lkIjoxfQ.cuzXsY5ifPXxnTvTzAD403bdTqjzgiUV4-ukAGcd7pw","access":"eyJ0eXAiOiJKV1QiLCJhbGciOiJIUzI1NiJ9.eyJ0b2tlbl90eXBlIjoiYWNjZXNzIiwiZXhwIjoxNTY5ODI2MTExLCJqdGkiOiI4YTkxMTAyMDAyZDY0ZjdiOGRlMmIxNWJkMzE0YmJhMiIsInVzZXJfaWQiOjF9.pNlRyuOhrefc9Yymp-VT-ku0jDMX-97RJcqypAy4DrI"},"code":20000,"message":"success"}
2019-09-30 13:48:31,189 INFO response is : {"data":{"refresh":"eyJ0eXAiOiJKV1QiLCJhbGciOiJIUzI1NiJ9.eyJ0b2tlbl90eXBlIjoicmVmcmVzaCIsImV4cCI6MTU2OTkwODkxMSwianRpIjoiZTRlMTE1MjNhMGE0NGJmNzkxYmJiMDE2ZmEwNDhjYjAiLCJ1c2VyX2lkIjoxfQ.cuzXsY5ifPXxnTvTzAD403bdTqjzgiUV4-ukAGcd7pw","access":"eyJ0eXAiOiJKV1QiLCJhbGciOiJIUzI1NiJ9.eyJ0b2tlbl90eXBlIjoiYWNjZXNzIiwiZXhwIjoxNTY5ODI2MTExLCJqdGkiOiI4YTkxMTAyMDAyZDY0ZjdiOGRlMmIxNWJkMzE0YmJhMiIsInVzZXJfaWQiOjF9.pNlRyuOhrefc9Yymp-VT-ku0jDMX-97RJcqypAy4DrI"},"code":20000,"message":"success"}
2019-09-30 13:48:31,189 INFO response is : {"data":{"refresh":"eyJ0eXAiOiJKV1QiLCJhbGciOiJIUzI1NiJ9.eyJ0b2tlbl90eXBlIjoicmVmcmVzaCIsImV4cCI6MTU2OTkwODkxMSwianRpIjoiZTRlMTE1MjNhMGE0NGJmNzkxYmJiMDE2ZmEwNDhjYjAiLCJ1c2VyX2lkIjoxfQ.cuzXsY5ifPXxnTvTzAD403bdTqjzgiUV4-ukAGcd7pw","access":"eyJ0eXAiOiJKV1QiLCJhbGciOiJIUzI1NiJ9.eyJ0b2tlbl90eXBlIjoiYWNjZXNzIiwiZXhwIjoxNTY5ODI2MTExLCJqdGkiOiI4YTkxMTAyMDAyZDY0ZjdiOGRlMmIxNWJkMzE0YmJhMiIsInVzZXJfaWQiOjF9.pNlRyuOhrefc9Yymp-VT-ku0jDMX-97RJcqypAy4DrI"},"code":20000,"message":"success"}
2019-09-30 13:48:31,189 INFO response is : {"data":{"refresh":"eyJ0eXAiOiJKV1QiLCJhbGciOiJIUzI1NiJ9.eyJ0b2tlbl90eXBlIjoicmVmcmVzaCIsImV4cCI6MTU2OTkwODkxMSwianRpIjoiZTRlMTE1MjNhMGE0NGJmNzkxYmJiMDE2ZmEwNDhjYjAiLCJ1c2VyX2lkIjoxfQ.cuzXsY5ifPXxnTvTzAD403bdTqjzgiUV4-ukAGcd7pw","access":"eyJ0eXAiOiJKV1QiLCJhbGciOiJIUzI1NiJ9.eyJ0b2tlbl90eXBlIjoiYWNjZXNzIiwiZXhwIjoxNTY5ODI2MTExLCJqdGkiOiI4YTkxMTAyMDAyZDY0ZjdiOGRlMmIxNWJkMzE0YmJhMiIsInVzZXJfaWQiOjF9.pNlRyuOhrefc9Yymp-VT-ku0jDMX-97RJcqypAy4DrI"},"code":20000,"message":"success"}
2019-09-30 13:48:31,189 INFO response is : {"data":{"refresh":"eyJ0eXAiOiJKV1QiLCJhbGciOiJIUzI1NiJ9.eyJ0b2tlbl90eXBlIjoicmVmcmVzaCIsImV4cCI6MTU2OTkwODkxMSwianRpIjoiZTRlMTE1MjNhMGE0NGJmNzkxYmJiMDE2ZmEwNDhjYjAiLCJ1c2VyX2lkIjoxfQ.cuzXsY5ifPXxnTvTzAD403bdTqjzgiUV4-ukAGcd7pw","access":"eyJ0eXAiOiJKV1QiLCJhbGciOiJIUzI1NiJ9.eyJ0b2tlbl90eXBlIjoiYWNjZXNzIiwiZXhwIjoxNTY5ODI2MTExLCJqdGkiOiI4YTkxMTAyMDAyZDY0ZjdiOGRlMmIxNWJkMzE0YmJhMiIsInVzZXJfaWQiOjF9.pNlRyuOhrefc9Yymp-VT-ku0jDMX-97RJcqypAy4DrI"},"code":20000,"message":"success"}
2019-09-30 13:48:31,189 INFO response is : {"data":{"refresh":"eyJ0eXAiOiJKV1QiLCJhbGciOiJIUzI1NiJ9.eyJ0b2tlbl90eXBlIjoicmVmcmVzaCIsImV4cCI6MTU2OTkwODkxMSwianRpIjoiZTRlMTE1MjNhMGE0NGJmNzkxYmJiMDE2ZmEwNDhjYjAiLCJ1c2VyX2lkIjoxfQ.cuzXsY5ifPXxnTvTzAD403bdTqjzgiUV4-ukAGcd7pw","access":"eyJ0eXAiOiJKV1QiLCJhbGciOiJIUzI1NiJ9.eyJ0b2tlbl90eXBlIjoiYWNjZXNzIiwiZXhwIjoxNTY5ODI2MTExLCJqdGkiOiI4YTkxMTAyMDAyZDY0ZjdiOGRlMmIxNWJkMzE0YmJhMiIsInVzZXJfaWQiOjF9.pNlRyuOhrefc9Yymp-VT-ku0jDMX-97RJcqypAy4DrI"},"code":20000,"message":"success"}
2019-09-30 13:48:31,189 INFO response is : {"data":{"refresh":"eyJ0eXAiOiJKV1QiLCJhbGciOiJIUzI1NiJ9.eyJ0b2tlbl90eXBlIjoicmVmcmVzaCIsImV4cCI6MTU2OTkwODkxMSwianRpIjoiZTRlMTE1MjNhMGE0NGJmNzkxYmJiMDE2ZmEwNDhjYjAiLCJ1c2VyX2lkIjoxfQ.cuzXsY5ifPXxnTvTzAD403bdTqjzgiUV4-ukAGcd7pw","access":"eyJ0eXAiOiJKV1QiLCJhbGciOiJIUzI1NiJ9.eyJ0b2tlbl90eXBlIjoiYWNjZXNzIiwiZXhwIjoxNTY5ODI2MTExLCJqdGkiOiI4YTkxMTAyMDAyZDY0ZjdiOGRlMmIxNWJkMzE0YmJhMiIsInVzZXJfaWQiOjF9.pNlRyuOhrefc9Yymp-VT-ku0jDMX-97RJcqypAy4DrI"},"code":20000,"message":"success"}
2019-09-30 13:48:31,189 INFO response is : {"data":{"refresh":"eyJ0eXAiOiJKV1QiLCJhbGciOiJIUzI1NiJ9.eyJ0b2tlbl90eXBlIjoicmVmcmVzaCIsImV4cCI6MTU2OTkwODkxMSwianRpIjoiZTRlMTE1MjNhMGE0NGJmNzkxYmJiMDE2ZmEwNDhjYjAiLCJ1c2VyX2lkIjoxfQ.cuzXsY5ifPXxnTvTzAD403bdTqjzgiUV4-ukAGcd7pw","access":"eyJ0eXAiOiJKV1QiLCJhbGciOiJIUzI1NiJ9.eyJ0b2tlbl90eXBlIjoiYWNjZXNzIiwiZXhwIjoxNTY5ODI2MTExLCJqdGkiOiI4YTkxMTAyMDAyZDY0ZjdiOGRlMmIxNWJkMzE0YmJhMiIsInVzZXJfaWQiOjF9.pNlRyuOhrefc9Yymp-VT-ku0jDMX-97RJcqypAy4DrI"},"code":20000,"message":"success"}
2019-09-30 13:48:31,189 INFO response is : {"data":{"refresh":"eyJ0eXAiOiJKV1QiLCJhbGciOiJIUzI1NiJ9.eyJ0b2tlbl90eXBlIjoicmVmcmVzaCIsImV4cCI6MTU2OTkwODkxMSwianRpIjoiZTRlMTE1MjNhMGE0NGJmNzkxYmJiMDE2ZmEwNDhjYjAiLCJ1c2VyX2lkIjoxfQ.cuzXsY5ifPXxnTvTzAD403bdTqjzgiUV4-ukAGcd7pw","access":"eyJ0eXAiOiJKV1QiLCJhbGciOiJIUzI1NiJ9.eyJ0b2tlbl90eXBlIjoiYWNjZXNzIiwiZXhwIjoxNTY5ODI2MTExLCJqdGkiOiI4YTkxMTAyMDAyZDY0ZjdiOGRlMmIxNWJkMzE0YmJhMiIsInVzZXJfaWQiOjF9.pNlRyuOhrefc9Yymp-VT-ku0jDMX-97RJcqypAy4DrI"},"code":20000,"message":"success"}
2019-09-30 13:48:31,190 INFO in login！
2019-09-30 13:48:31,190 INFO in login！
2019-09-30 13:48:31,190 INFO in login！
2019-09-30 13:48:31,190 INFO in login！
2019-09-30 13:48:31,190 INFO in login！
2019-09-30 13:48:31,190 INFO in login！
2019-09-30 13:48:31,190 INFO in login！
2019-09-30 13:48:31,190 INFO in login！
2019-09-30 13:48:31,190 INFO in login！
2019-09-30 13:48:31,190 INFO in login！
2019-09-30 13:48:31,190 INFO in login！
2019-09-30 13:48:31,739 INFO response is : <Response [200]>
2019-09-30 13:48:31,739 INFO response is : <Response [200]>
2019-09-30 13:48:31,739 INFO response is : <Response [200]>
2019-09-30 13:48:31,739 INFO response is : <Response [200]>
2019-09-30 13:48:31,739 INFO response is : <Response [200]>
2019-09-30 13:48:31,739 INFO response is : <Response [200]>
2019-09-30 13:48:31,739 INFO response is : <Response [200]>
2019-09-30 13:48:31,739 INFO response is : <Response [200]>
2019-09-30 13:48:31,739 INFO response is : <Response [200]>
2019-09-30 13:48:31,739 INFO response is : <Response [200]>
2019-09-30 13:48:31,739 INFO response is : <Response [200]>
2019-09-30 13:48:31,739 INFO response is : <Response [200]>
2019-09-30 13:48:31,741 INFO response is : {"data":{"refresh":"eyJ0eXAiOiJKV1QiLCJhbGciOiJIUzI1NiJ9.eyJ0b2tlbl90eXBlIjoicmVmcmVzaCIsImV4cCI6MTU2OTkwODkxMSwianRpIjoiNWZhNTY1NzNmNDkxNGQ5Mjk2ZDAwZTBlMDNmMDZmYTAiLCJ1c2VyX2lkIjoxfQ.HY_gGBR0sDsy3vvl1LBm6RDOVYh2mOBUNDjsO7eTKHU","access":"eyJ0eXAiOiJKV1QiLCJhbGciOiJIUzI1NiJ9.eyJ0b2tlbl90eXBlIjoiYWNjZXNzIiwiZXhwIjoxNTY5ODI2MTExLCJqdGkiOiJhZGM4ZmM2MjIyMWI0ZTliOTY3Y2JhOWM0YTNmMWNlOSIsInVzZXJfaWQiOjF9.Po8_yGjmaW1TVxR5TCe8OSPgPCYNlbnij_ceHMIEAAY"},"code":20000,"message":"success"}
2019-09-30 13:48:31,741 INFO response is : {"data":{"refresh":"eyJ0eXAiOiJKV1QiLCJhbGciOiJIUzI1NiJ9.eyJ0b2tlbl90eXBlIjoicmVmcmVzaCIsImV4cCI6MTU2OTkwODkxMSwianRpIjoiNWZhNTY1NzNmNDkxNGQ5Mjk2ZDAwZTBlMDNmMDZmYTAiLCJ1c2VyX2lkIjoxfQ.HY_gGBR0sDsy3vvl1LBm6RDOVYh2mOBUNDjsO7eTKHU","access":"eyJ0eXAiOiJKV1QiLCJhbGciOiJIUzI1NiJ9.eyJ0b2tlbl90eXBlIjoiYWNjZXNzIiwiZXhwIjoxNTY5ODI2MTExLCJqdGkiOiJhZGM4ZmM2MjIyMWI0ZTliOTY3Y2JhOWM0YTNmMWNlOSIsInVzZXJfaWQiOjF9.Po8_yGjmaW1TVxR5TCe8OSPgPCYNlbnij_ceHMIEAAY"},"code":20000,"message":"success"}
2019-09-30 13:48:31,741 INFO response is : {"data":{"refresh":"eyJ0eXAiOiJKV1QiLCJhbGciOiJIUzI1NiJ9.eyJ0b2tlbl90eXBlIjoicmVmcmVzaCIsImV4cCI6MTU2OTkwODkxMSwianRpIjoiNWZhNTY1NzNmNDkxNGQ5Mjk2ZDAwZTBlMDNmMDZmYTAiLCJ1c2VyX2lkIjoxfQ.HY_gGBR0sDsy3vvl1LBm6RDOVYh2mOBUNDjsO7eTKHU","access":"eyJ0eXAiOiJKV1QiLCJhbGciOiJIUzI1NiJ9.eyJ0b2tlbl90eXBlIjoiYWNjZXNzIiwiZXhwIjoxNTY5ODI2MTExLCJqdGkiOiJhZGM4ZmM2MjIyMWI0ZTliOTY3Y2JhOWM0YTNmMWNlOSIsInVzZXJfaWQiOjF9.Po8_yGjmaW1TVxR5TCe8OSPgPCYNlbnij_ceHMIEAAY"},"code":20000,"message":"success"}
2019-09-30 13:48:31,741 INFO response is : {"data":{"refresh":"eyJ0eXAiOiJKV1QiLCJhbGciOiJIUzI1NiJ9.eyJ0b2tlbl90eXBlIjoicmVmcmVzaCIsImV4cCI6MTU2OTkwODkxMSwianRpIjoiNWZhNTY1NzNmNDkxNGQ5Mjk2ZDAwZTBlMDNmMDZmYTAiLCJ1c2VyX2lkIjoxfQ.HY_gGBR0sDsy3vvl1LBm6RDOVYh2mOBUNDjsO7eTKHU","access":"eyJ0eXAiOiJKV1QiLCJhbGciOiJIUzI1NiJ9.eyJ0b2tlbl90eXBlIjoiYWNjZXNzIiwiZXhwIjoxNTY5ODI2MTExLCJqdGkiOiJhZGM4ZmM2MjIyMWI0ZTliOTY3Y2JhOWM0YTNmMWNlOSIsInVzZXJfaWQiOjF9.Po8_yGjmaW1TVxR5TCe8OSPgPCYNlbnij_ceHMIEAAY"},"code":20000,"message":"success"}
2019-09-30 13:48:31,741 INFO response is : {"data":{"refresh":"eyJ0eXAiOiJKV1QiLCJhbGciOiJIUzI1NiJ9.eyJ0b2tlbl90eXBlIjoicmVmcmVzaCIsImV4cCI6MTU2OTkwODkxMSwianRpIjoiNWZhNTY1NzNmNDkxNGQ5Mjk2ZDAwZTBlMDNmMDZmYTAiLCJ1c2VyX2lkIjoxfQ.HY_gGBR0sDsy3vvl1LBm6RDOVYh2mOBUNDjsO7eTKHU","access":"eyJ0eXAiOiJKV1QiLCJhbGciOiJIUzI1NiJ9.eyJ0b2tlbl90eXBlIjoiYWNjZXNzIiwiZXhwIjoxNTY5ODI2MTExLCJqdGkiOiJhZGM4ZmM2MjIyMWI0ZTliOTY3Y2JhOWM0YTNmMWNlOSIsInVzZXJfaWQiOjF9.Po8_yGjmaW1TVxR5TCe8OSPgPCYNlbnij_ceHMIEAAY"},"code":20000,"message":"success"}
2019-09-30 13:48:31,741 INFO response is : {"data":{"refresh":"eyJ0eXAiOiJKV1QiLCJhbGciOiJIUzI1NiJ9.eyJ0b2tlbl90eXBlIjoicmVmcmVzaCIsImV4cCI6MTU2OTkwODkxMSwianRpIjoiNWZhNTY1NzNmNDkxNGQ5Mjk2ZDAwZTBlMDNmMDZmYTAiLCJ1c2VyX2lkIjoxfQ.HY_gGBR0sDsy3vvl1LBm6RDOVYh2mOBUNDjsO7eTKHU","access":"eyJ0eXAiOiJKV1QiLCJhbGciOiJIUzI1NiJ9.eyJ0b2tlbl90eXBlIjoiYWNjZXNzIiwiZXhwIjoxNTY5ODI2MTExLCJqdGkiOiJhZGM4ZmM2MjIyMWI0ZTliOTY3Y2JhOWM0YTNmMWNlOSIsInVzZXJfaWQiOjF9.Po8_yGjmaW1TVxR5TCe8OSPgPCYNlbnij_ceHMIEAAY"},"code":20000,"message":"success"}
2019-09-30 13:48:31,741 INFO response is : {"data":{"refresh":"eyJ0eXAiOiJKV1QiLCJhbGciOiJIUzI1NiJ9.eyJ0b2tlbl90eXBlIjoicmVmcmVzaCIsImV4cCI6MTU2OTkwODkxMSwianRpIjoiNWZhNTY1NzNmNDkxNGQ5Mjk2ZDAwZTBlMDNmMDZmYTAiLCJ1c2VyX2lkIjoxfQ.HY_gGBR0sDsy3vvl1LBm6RDOVYh2mOBUNDjsO7eTKHU","access":"eyJ0eXAiOiJKV1QiLCJhbGciOiJIUzI1NiJ9.eyJ0b2tlbl90eXBlIjoiYWNjZXNzIiwiZXhwIjoxNTY5ODI2MTExLCJqdGkiOiJhZGM4ZmM2MjIyMWI0ZTliOTY3Y2JhOWM0YTNmMWNlOSIsInVzZXJfaWQiOjF9.Po8_yGjmaW1TVxR5TCe8OSPgPCYNlbnij_ceHMIEAAY"},"code":20000,"message":"success"}
2019-09-30 13:48:31,741 INFO response is : {"data":{"refresh":"eyJ0eXAiOiJKV1QiLCJhbGciOiJIUzI1NiJ9.eyJ0b2tlbl90eXBlIjoicmVmcmVzaCIsImV4cCI6MTU2OTkwODkxMSwianRpIjoiNWZhNTY1NzNmNDkxNGQ5Mjk2ZDAwZTBlMDNmMDZmYTAiLCJ1c2VyX2lkIjoxfQ.HY_gGBR0sDsy3vvl1LBm6RDOVYh2mOBUNDjsO7eTKHU","access":"eyJ0eXAiOiJKV1QiLCJhbGciOiJIUzI1NiJ9.eyJ0b2tlbl90eXBlIjoiYWNjZXNzIiwiZXhwIjoxNTY5ODI2MTExLCJqdGkiOiJhZGM4ZmM2MjIyMWI0ZTliOTY3Y2JhOWM0YTNmMWNlOSIsInVzZXJfaWQiOjF9.Po8_yGjmaW1TVxR5TCe8OSPgPCYNlbnij_ceHMIEAAY"},"code":20000,"message":"success"}
2019-09-30 13:48:31,741 INFO response is : {"data":{"refresh":"eyJ0eXAiOiJKV1QiLCJhbGciOiJIUzI1NiJ9.eyJ0b2tlbl90eXBlIjoicmVmcmVzaCIsImV4cCI6MTU2OTkwODkxMSwianRpIjoiNWZhNTY1NzNmNDkxNGQ5Mjk2ZDAwZTBlMDNmMDZmYTAiLCJ1c2VyX2lkIjoxfQ.HY_gGBR0sDsy3vvl1LBm6RDOVYh2mOBUNDjsO7eTKHU","access":"eyJ0eXAiOiJKV1QiLCJhbGciOiJIUzI1NiJ9.eyJ0b2tlbl90eXBlIjoiYWNjZXNzIiwiZXhwIjoxNTY5ODI2MTExLCJqdGkiOiJhZGM4ZmM2MjIyMWI0ZTliOTY3Y2JhOWM0YTNmMWNlOSIsInVzZXJfaWQiOjF9.Po8_yGjmaW1TVxR5TCe8OSPgPCYNlbnij_ceHMIEAAY"},"code":20000,"message":"success"}
2019-09-30 13:48:31,741 INFO response is : {"data":{"refresh":"eyJ0eXAiOiJKV1QiLCJhbGciOiJIUzI1NiJ9.eyJ0b2tlbl90eXBlIjoicmVmcmVzaCIsImV4cCI6MTU2OTkwODkxMSwianRpIjoiNWZhNTY1NzNmNDkxNGQ5Mjk2ZDAwZTBlMDNmMDZmYTAiLCJ1c2VyX2lkIjoxfQ.HY_gGBR0sDsy3vvl1LBm6RDOVYh2mOBUNDjsO7eTKHU","access":"eyJ0eXAiOiJKV1QiLCJhbGciOiJIUzI1NiJ9.eyJ0b2tlbl90eXBlIjoiYWNjZXNzIiwiZXhwIjoxNTY5ODI2MTExLCJqdGkiOiJhZGM4ZmM2MjIyMWI0ZTliOTY3Y2JhOWM0YTNmMWNlOSIsInVzZXJfaWQiOjF9.Po8_yGjmaW1TVxR5TCe8OSPgPCYNlbnij_ceHMIEAAY"},"code":20000,"message":"success"}
2019-09-30 13:48:31,741 INFO response is : {"data":{"refresh":"eyJ0eXAiOiJKV1QiLCJhbGciOiJIUzI1NiJ9.eyJ0b2tlbl90eXBlIjoicmVmcmVzaCIsImV4cCI6MTU2OTkwODkxMSwianRpIjoiNWZhNTY1NzNmNDkxNGQ5Mjk2ZDAwZTBlMDNmMDZmYTAiLCJ1c2VyX2lkIjoxfQ.HY_gGBR0sDsy3vvl1LBm6RDOVYh2mOBUNDjsO7eTKHU","access":"eyJ0eXAiOiJKV1QiLCJhbGciOiJIUzI1NiJ9.eyJ0b2tlbl90eXBlIjoiYWNjZXNzIiwiZXhwIjoxNTY5ODI2MTExLCJqdGkiOiJhZGM4ZmM2MjIyMWI0ZTliOTY3Y2JhOWM0YTNmMWNlOSIsInVzZXJfaWQiOjF9.Po8_yGjmaW1TVxR5TCe8OSPgPCYNlbnij_ceHMIEAAY"},"code":20000,"message":"success"}
2019-09-30 13:48:31,741 INFO response is : {"data":{"refresh":"eyJ0eXAiOiJKV1QiLCJhbGciOiJIUzI1NiJ9.eyJ0b2tlbl90eXBlIjoicmVmcmVzaCIsImV4cCI6MTU2OTkwODkxMSwianRpIjoiNWZhNTY1NzNmNDkxNGQ5Mjk2ZDAwZTBlMDNmMDZmYTAiLCJ1c2VyX2lkIjoxfQ.HY_gGBR0sDsy3vvl1LBm6RDOVYh2mOBUNDjsO7eTKHU","access":"eyJ0eXAiOiJKV1QiLCJhbGciOiJIUzI1NiJ9.eyJ0b2tlbl90eXBlIjoiYWNjZXNzIiwiZXhwIjoxNTY5ODI2MTExLCJqdGkiOiJhZGM4ZmM2MjIyMWI0ZTliOTY3Y2JhOWM0YTNmMWNlOSIsInVzZXJfaWQiOjF9.Po8_yGjmaW1TVxR5TCe8OSPgPCYNlbnij_ceHMIEAAY"},"code":20000,"message":"success"}
2019-09-30 13:48:31,741 INFO response is : {"data":{"refresh":"eyJ0eXAiOiJKV1QiLCJhbGciOiJIUzI1NiJ9.eyJ0b2tlbl90eXBlIjoicmVmcmVzaCIsImV4cCI6MTU2OTkwODkxMSwianRpIjoiNWZhNTY1NzNmNDkxNGQ5Mjk2ZDAwZTBlMDNmMDZmYTAiLCJ1c2VyX2lkIjoxfQ.HY_gGBR0sDsy3vvl1LBm6RDOVYh2mOBUNDjsO7eTKHU","access":"eyJ0eXAiOiJKV1QiLCJhbGciOiJIUzI1NiJ9.eyJ0b2tlbl90eXBlIjoiYWNjZXNzIiwiZXhwIjoxNTY5ODI2MTExLCJqdGkiOiJhZGM4ZmM2MjIyMWI0ZTliOTY3Y2JhOWM0YTNmMWNlOSIsInVzZXJfaWQiOjF9.Po8_yGjmaW1TVxR5TCe8OSPgPCYNlbnij_ceHMIEAAY"},"code":20000,"message":"success"}
2019-09-30 13:48:31,743 INFO <Response [200]>
2019-09-30 13:48:31,743 INFO <Response [200]>
2019-09-30 13:48:31,743 INFO <Response [200]>
2019-09-30 13:48:31,743 INFO <Response [200]>
2019-09-30 13:48:31,743 INFO <Response [200]>
2019-09-30 13:48:31,743 INFO <Response [200]>
2019-09-30 13:48:31,743 INFO <Response [200]>
2019-09-30 13:48:31,743 INFO <Response [200]>
2019-09-30 13:48:31,743 INFO <Response [200]>
2019-09-30 13:48:31,743 INFO <Response [200]>
2019-09-30 13:48:31,743 INFO <Response [200]>
2019-09-30 13:48:31,743 INFO <Response [200]>
2019-09-30 13:48:31,743 INFO <Response [200]>
2019-09-30 13:48:31,743 INFO <Response [200]>
2019-09-30 13:48:31,745 INFO in login！
2019-09-30 13:48:31,745 INFO in login！
2019-09-30 13:48:31,745 INFO in login！
2019-09-30 13:48:31,745 INFO in login！
2019-09-30 13:48:31,745 INFO in login！
2019-09-30 13:48:31,745 INFO in login！
2019-09-30 13:48:31,745 INFO in login！
2019-09-30 13:48:31,745 INFO in login！
2019-09-30 13:48:31,745 INFO in login！
2019-09-30 13:48:31,745 INFO in login！
2019-09-30 13:48:31,745 INFO in login！
2019-09-30 13:48:31,745 INFO in login！
2019-09-30 13:48:31,745 INFO in login！
2019-09-30 13:48:31,745 INFO in login！
2019-09-30 13:48:31,745 INFO in login！
2019-09-30 13:48:32,306 INFO response is : <Response [200]>
2019-09-30 13:48:32,306 INFO response is : <Response [200]>
2019-09-30 13:48:32,306 INFO response is : <Response [200]>
2019-09-30 13:48:32,306 INFO response is : <Response [200]>
2019-09-30 13:48:32,306 INFO response is : <Response [200]>
2019-09-30 13:48:32,306 INFO response is : <Response [200]>
2019-09-30 13:48:32,306 INFO response is : <Response [200]>
2019-09-30 13:48:32,306 INFO response is : <Response [200]>
2019-09-30 13:48:32,306 INFO response is : <Response [200]>
2019-09-30 13:48:32,306 INFO response is : <Response [200]>
2019-09-30 13:48:32,306 INFO response is : <Response [200]>
2019-09-30 13:48:32,306 INFO response is : <Response [200]>
2019-09-30 13:48:32,306 INFO response is : <Response [200]>
2019-09-30 13:48:32,306 INFO response is : <Response [200]>
2019-09-30 13:48:32,306 INFO response is : <Response [200]>
2019-09-30 13:48:32,306 INFO response is : <Response [200]>
2019-09-30 13:48:32,308 INFO response is : {"data":{"refresh":"eyJ0eXAiOiJKV1QiLCJhbGciOiJIUzI1NiJ9.eyJ0b2tlbl90eXBlIjoicmVmcmVzaCIsImV4cCI6MTU2OTkwODkxMiwianRpIjoiZjE2NTEzNTNmZDEwNGYyMjk2MDA1NWM1ZGE3ZDYxZWIiLCJ1c2VyX2lkIjoxfQ.K-BpXc-c4lU-P3D8Yfxc0Do6r77yecfj5kXmYoB27tc","access":"eyJ0eXAiOiJKV1QiLCJhbGciOiJIUzI1NiJ9.eyJ0b2tlbl90eXBlIjoiYWNjZXNzIiwiZXhwIjoxNTY5ODI2MTEyLCJqdGkiOiI1NDBhMzBkOWQ3MDA0ZWIzYmRkYzZlNmZiMGMwY2MwOSIsInVzZXJfaWQiOjF9.NSeLx1tzm6IfRr53umWxvtY2rQqS5p395fq8c4em6QM"},"code":20000,"message":"success"}
2019-09-30 13:48:32,308 INFO response is : {"data":{"refresh":"eyJ0eXAiOiJKV1QiLCJhbGciOiJIUzI1NiJ9.eyJ0b2tlbl90eXBlIjoicmVmcmVzaCIsImV4cCI6MTU2OTkwODkxMiwianRpIjoiZjE2NTEzNTNmZDEwNGYyMjk2MDA1NWM1ZGE3ZDYxZWIiLCJ1c2VyX2lkIjoxfQ.K-BpXc-c4lU-P3D8Yfxc0Do6r77yecfj5kXmYoB27tc","access":"eyJ0eXAiOiJKV1QiLCJhbGciOiJIUzI1NiJ9.eyJ0b2tlbl90eXBlIjoiYWNjZXNzIiwiZXhwIjoxNTY5ODI2MTEyLCJqdGkiOiI1NDBhMzBkOWQ3MDA0ZWIzYmRkYzZlNmZiMGMwY2MwOSIsInVzZXJfaWQiOjF9.NSeLx1tzm6IfRr53umWxvtY2rQqS5p395fq8c4em6QM"},"code":20000,"message":"success"}
2019-09-30 13:48:32,308 INFO response is : {"data":{"refresh":"eyJ0eXAiOiJKV1QiLCJhbGciOiJIUzI1NiJ9.eyJ0b2tlbl90eXBlIjoicmVmcmVzaCIsImV4cCI6MTU2OTkwODkxMiwianRpIjoiZjE2NTEzNTNmZDEwNGYyMjk2MDA1NWM1ZGE3ZDYxZWIiLCJ1c2VyX2lkIjoxfQ.K-BpXc-c4lU-P3D8Yfxc0Do6r77yecfj5kXmYoB27tc","access":"eyJ0eXAiOiJKV1QiLCJhbGciOiJIUzI1NiJ9.eyJ0b2tlbl90eXBlIjoiYWNjZXNzIiwiZXhwIjoxNTY5ODI2MTEyLCJqdGkiOiI1NDBhMzBkOWQ3MDA0ZWIzYmRkYzZlNmZiMGMwY2MwOSIsInVzZXJfaWQiOjF9.NSeLx1tzm6IfRr53umWxvtY2rQqS5p395fq8c4em6QM"},"code":20000,"message":"success"}
2019-09-30 13:48:32,308 INFO response is : {"data":{"refresh":"eyJ0eXAiOiJKV1QiLCJhbGciOiJIUzI1NiJ9.eyJ0b2tlbl90eXBlIjoicmVmcmVzaCIsImV4cCI6MTU2OTkwODkxMiwianRpIjoiZjE2NTEzNTNmZDEwNGYyMjk2MDA1NWM1ZGE3ZDYxZWIiLCJ1c2VyX2lkIjoxfQ.K-BpXc-c4lU-P3D8Yfxc0Do6r77yecfj5kXmYoB27tc","access":"eyJ0eXAiOiJKV1QiLCJhbGciOiJIUzI1NiJ9.eyJ0b2tlbl90eXBlIjoiYWNjZXNzIiwiZXhwIjoxNTY5ODI2MTEyLCJqdGkiOiI1NDBhMzBkOWQ3MDA0ZWIzYmRkYzZlNmZiMGMwY2MwOSIsInVzZXJfaWQiOjF9.NSeLx1tzm6IfRr53umWxvtY2rQqS5p395fq8c4em6QM"},"code":20000,"message":"success"}
2019-09-30 13:48:32,308 INFO response is : {"data":{"refresh":"eyJ0eXAiOiJKV1QiLCJhbGciOiJIUzI1NiJ9.eyJ0b2tlbl90eXBlIjoicmVmcmVzaCIsImV4cCI6MTU2OTkwODkxMiwianRpIjoiZjE2NTEzNTNmZDEwNGYyMjk2MDA1NWM1ZGE3ZDYxZWIiLCJ1c2VyX2lkIjoxfQ.K-BpXc-c4lU-P3D8Yfxc0Do6r77yecfj5kXmYoB27tc","access":"eyJ0eXAiOiJKV1QiLCJhbGciOiJIUzI1NiJ9.eyJ0b2tlbl90eXBlIjoiYWNjZXNzIiwiZXhwIjoxNTY5ODI2MTEyLCJqdGkiOiI1NDBhMzBkOWQ3MDA0ZWIzYmRkYzZlNmZiMGMwY2MwOSIsInVzZXJfaWQiOjF9.NSeLx1tzm6IfRr53umWxvtY2rQqS5p395fq8c4em6QM"},"code":20000,"message":"success"}
2019-09-30 13:48:32,308 INFO response is : {"data":{"refresh":"eyJ0eXAiOiJKV1QiLCJhbGciOiJIUzI1NiJ9.eyJ0b2tlbl90eXBlIjoicmVmcmVzaCIsImV4cCI6MTU2OTkwODkxMiwianRpIjoiZjE2NTEzNTNmZDEwNGYyMjk2MDA1NWM1ZGE3ZDYxZWIiLCJ1c2VyX2lkIjoxfQ.K-BpXc-c4lU-P3D8Yfxc0Do6r77yecfj5kXmYoB27tc","access":"eyJ0eXAiOiJKV1QiLCJhbGciOiJIUzI1NiJ9.eyJ0b2tlbl90eXBlIjoiYWNjZXNzIiwiZXhwIjoxNTY5ODI2MTEyLCJqdGkiOiI1NDBhMzBkOWQ3MDA0ZWIzYmRkYzZlNmZiMGMwY2MwOSIsInVzZXJfaWQiOjF9.NSeLx1tzm6IfRr53umWxvtY2rQqS5p395fq8c4em6QM"},"code":20000,"message":"success"}
2019-09-30 13:48:32,308 INFO response is : {"data":{"refresh":"eyJ0eXAiOiJKV1QiLCJhbGciOiJIUzI1NiJ9.eyJ0b2tlbl90eXBlIjoicmVmcmVzaCIsImV4cCI6MTU2OTkwODkxMiwianRpIjoiZjE2NTEzNTNmZDEwNGYyMjk2MDA1NWM1ZGE3ZDYxZWIiLCJ1c2VyX2lkIjoxfQ.K-BpXc-c4lU-P3D8Yfxc0Do6r77yecfj5kXmYoB27tc","access":"eyJ0eXAiOiJKV1QiLCJhbGciOiJIUzI1NiJ9.eyJ0b2tlbl90eXBlIjoiYWNjZXNzIiwiZXhwIjoxNTY5ODI2MTEyLCJqdGkiOiI1NDBhMzBkOWQ3MDA0ZWIzYmRkYzZlNmZiMGMwY2MwOSIsInVzZXJfaWQiOjF9.NSeLx1tzm6IfRr53umWxvtY2rQqS5p395fq8c4em6QM"},"code":20000,"message":"success"}
2019-09-30 13:48:32,308 INFO response is : {"data":{"refresh":"eyJ0eXAiOiJKV1QiLCJhbGciOiJIUzI1NiJ9.eyJ0b2tlbl90eXBlIjoicmVmcmVzaCIsImV4cCI6MTU2OTkwODkxMiwianRpIjoiZjE2NTEzNTNmZDEwNGYyMjk2MDA1NWM1ZGE3ZDYxZWIiLCJ1c2VyX2lkIjoxfQ.K-BpXc-c4lU-P3D8Yfxc0Do6r77yecfj5kXmYoB27tc","access":"eyJ0eXAiOiJKV1QiLCJhbGciOiJIUzI1NiJ9.eyJ0b2tlbl90eXBlIjoiYWNjZXNzIiwiZXhwIjoxNTY5ODI2MTEyLCJqdGkiOiI1NDBhMzBkOWQ3MDA0ZWIzYmRkYzZlNmZiMGMwY2MwOSIsInVzZXJfaWQiOjF9.NSeLx1tzm6IfRr53umWxvtY2rQqS5p395fq8c4em6QM"},"code":20000,"message":"success"}
2019-09-30 13:48:32,308 INFO response is : {"data":{"refresh":"eyJ0eXAiOiJKV1QiLCJhbGciOiJIUzI1NiJ9.eyJ0b2tlbl90eXBlIjoicmVmcmVzaCIsImV4cCI6MTU2OTkwODkxMiwianRpIjoiZjE2NTEzNTNmZDEwNGYyMjk2MDA1NWM1ZGE3ZDYxZWIiLCJ1c2VyX2lkIjoxfQ.K-BpXc-c4lU-P3D8Yfxc0Do6r77yecfj5kXmYoB27tc","access":"eyJ0eXAiOiJKV1QiLCJhbGciOiJIUzI1NiJ9.eyJ0b2tlbl90eXBlIjoiYWNjZXNzIiwiZXhwIjoxNTY5ODI2MTEyLCJqdGkiOiI1NDBhMzBkOWQ3MDA0ZWIzYmRkYzZlNmZiMGMwY2MwOSIsInVzZXJfaWQiOjF9.NSeLx1tzm6IfRr53umWxvtY2rQqS5p395fq8c4em6QM"},"code":20000,"message":"success"}
2019-09-30 13:48:32,308 INFO response is : {"data":{"refresh":"eyJ0eXAiOiJKV1QiLCJhbGciOiJIUzI1NiJ9.eyJ0b2tlbl90eXBlIjoicmVmcmVzaCIsImV4cCI6MTU2OTkwODkxMiwianRpIjoiZjE2NTEzNTNmZDEwNGYyMjk2MDA1NWM1ZGE3ZDYxZWIiLCJ1c2VyX2lkIjoxfQ.K-BpXc-c4lU-P3D8Yfxc0Do6r77yecfj5kXmYoB27tc","access":"eyJ0eXAiOiJKV1QiLCJhbGciOiJIUzI1NiJ9.eyJ0b2tlbl90eXBlIjoiYWNjZXNzIiwiZXhwIjoxNTY5ODI2MTEyLCJqdGkiOiI1NDBhMzBkOWQ3MDA0ZWIzYmRkYzZlNmZiMGMwY2MwOSIsInVzZXJfaWQiOjF9.NSeLx1tzm6IfRr53umWxvtY2rQqS5p395fq8c4em6QM"},"code":20000,"message":"success"}
2019-09-30 13:48:32,308 INFO response is : {"data":{"refresh":"eyJ0eXAiOiJKV1QiLCJhbGciOiJIUzI1NiJ9.eyJ0b2tlbl90eXBlIjoicmVmcmVzaCIsImV4cCI6MTU2OTkwODkxMiwianRpIjoiZjE2NTEzNTNmZDEwNGYyMjk2MDA1NWM1ZGE3ZDYxZWIiLCJ1c2VyX2lkIjoxfQ.K-BpXc-c4lU-P3D8Yfxc0Do6r77yecfj5kXmYoB27tc","access":"eyJ0eXAiOiJKV1QiLCJhbGciOiJIUzI1NiJ9.eyJ0b2tlbl90eXBlIjoiYWNjZXNzIiwiZXhwIjoxNTY5ODI2MTEyLCJqdGkiOiI1NDBhMzBkOWQ3MDA0ZWIzYmRkYzZlNmZiMGMwY2MwOSIsInVzZXJfaWQiOjF9.NSeLx1tzm6IfRr53umWxvtY2rQqS5p395fq8c4em6QM"},"code":20000,"message":"success"}
2019-09-30 13:48:32,308 INFO response is : {"data":{"refresh":"eyJ0eXAiOiJKV1QiLCJhbGciOiJIUzI1NiJ9.eyJ0b2tlbl90eXBlIjoicmVmcmVzaCIsImV4cCI6MTU2OTkwODkxMiwianRpIjoiZjE2NTEzNTNmZDEwNGYyMjk2MDA1NWM1ZGE3ZDYxZWIiLCJ1c2VyX2lkIjoxfQ.K-BpXc-c4lU-P3D8Yfxc0Do6r77yecfj5kXmYoB27tc","access":"eyJ0eXAiOiJKV1QiLCJhbGciOiJIUzI1NiJ9.eyJ0b2tlbl90eXBlIjoiYWNjZXNzIiwiZXhwIjoxNTY5ODI2MTEyLCJqdGkiOiI1NDBhMzBkOWQ3MDA0ZWIzYmRkYzZlNmZiMGMwY2MwOSIsInVzZXJfaWQiOjF9.NSeLx1tzm6IfRr53umWxvtY2rQqS5p395fq8c4em6QM"},"code":20000,"message":"success"}
2019-09-30 13:48:32,308 INFO response is : {"data":{"refresh":"eyJ0eXAiOiJKV1QiLCJhbGciOiJIUzI1NiJ9.eyJ0b2tlbl90eXBlIjoicmVmcmVzaCIsImV4cCI6MTU2OTkwODkxMiwianRpIjoiZjE2NTEzNTNmZDEwNGYyMjk2MDA1NWM1ZGE3ZDYxZWIiLCJ1c2VyX2lkIjoxfQ.K-BpXc-c4lU-P3D8Yfxc0Do6r77yecfj5kXmYoB27tc","access":"eyJ0eXAiOiJKV1QiLCJhbGciOiJIUzI1NiJ9.eyJ0b2tlbl90eXBlIjoiYWNjZXNzIiwiZXhwIjoxNTY5ODI2MTEyLCJqdGkiOiI1NDBhMzBkOWQ3MDA0ZWIzYmRkYzZlNmZiMGMwY2MwOSIsInVzZXJfaWQiOjF9.NSeLx1tzm6IfRr53umWxvtY2rQqS5p395fq8c4em6QM"},"code":20000,"message":"success"}
2019-09-30 13:48:32,308 INFO response is : {"data":{"refresh":"eyJ0eXAiOiJKV1QiLCJhbGciOiJIUzI1NiJ9.eyJ0b2tlbl90eXBlIjoicmVmcmVzaCIsImV4cCI6MTU2OTkwODkxMiwianRpIjoiZjE2NTEzNTNmZDEwNGYyMjk2MDA1NWM1ZGE3ZDYxZWIiLCJ1c2VyX2lkIjoxfQ.K-BpXc-c4lU-P3D8Yfxc0Do6r77yecfj5kXmYoB27tc","access":"eyJ0eXAiOiJKV1QiLCJhbGciOiJIUzI1NiJ9.eyJ0b2tlbl90eXBlIjoiYWNjZXNzIiwiZXhwIjoxNTY5ODI2MTEyLCJqdGkiOiI1NDBhMzBkOWQ3MDA0ZWIzYmRkYzZlNmZiMGMwY2MwOSIsInVzZXJfaWQiOjF9.NSeLx1tzm6IfRr53umWxvtY2rQqS5p395fq8c4em6QM"},"code":20000,"message":"success"}
2019-09-30 13:48:32,308 INFO response is : {"data":{"refresh":"eyJ0eXAiOiJKV1QiLCJhbGciOiJIUzI1NiJ9.eyJ0b2tlbl90eXBlIjoicmVmcmVzaCIsImV4cCI6MTU2OTkwODkxMiwianRpIjoiZjE2NTEzNTNmZDEwNGYyMjk2MDA1NWM1ZGE3ZDYxZWIiLCJ1c2VyX2lkIjoxfQ.K-BpXc-c4lU-P3D8Yfxc0Do6r77yecfj5kXmYoB27tc","access":"eyJ0eXAiOiJKV1QiLCJhbGciOiJIUzI1NiJ9.eyJ0b2tlbl90eXBlIjoiYWNjZXNzIiwiZXhwIjoxNTY5ODI2MTEyLCJqdGkiOiI1NDBhMzBkOWQ3MDA0ZWIzYmRkYzZlNmZiMGMwY2MwOSIsInVzZXJfaWQiOjF9.NSeLx1tzm6IfRr53umWxvtY2rQqS5p395fq8c4em6QM"},"code":20000,"message":"success"}
2019-09-30 13:48:32,308 INFO response is : {"data":{"refresh":"eyJ0eXAiOiJKV1QiLCJhbGciOiJIUzI1NiJ9.eyJ0b2tlbl90eXBlIjoicmVmcmVzaCIsImV4cCI6MTU2OTkwODkxMiwianRpIjoiZjE2NTEzNTNmZDEwNGYyMjk2MDA1NWM1ZGE3ZDYxZWIiLCJ1c2VyX2lkIjoxfQ.K-BpXc-c4lU-P3D8Yfxc0Do6r77yecfj5kXmYoB27tc","access":"eyJ0eXAiOiJKV1QiLCJhbGciOiJIUzI1NiJ9.eyJ0b2tlbl90eXBlIjoiYWNjZXNzIiwiZXhwIjoxNTY5ODI2MTEyLCJqdGkiOiI1NDBhMzBkOWQ3MDA0ZWIzYmRkYzZlNmZiMGMwY2MwOSIsInVzZXJfaWQiOjF9.NSeLx1tzm6IfRr53umWxvtY2rQqS5p395fq8c4em6QM"},"code":20000,"message":"success"}
2019-09-30 13:48:32,308 INFO response is : {"data":{"refresh":"eyJ0eXAiOiJKV1QiLCJhbGciOiJIUzI1NiJ9.eyJ0b2tlbl90eXBlIjoicmVmcmVzaCIsImV4cCI6MTU2OTkwODkxMiwianRpIjoiZjE2NTEzNTNmZDEwNGYyMjk2MDA1NWM1ZGE3ZDYxZWIiLCJ1c2VyX2lkIjoxfQ.K-BpXc-c4lU-P3D8Yfxc0Do6r77yecfj5kXmYoB27tc","access":"eyJ0eXAiOiJKV1QiLCJhbGciOiJIUzI1NiJ9.eyJ0b2tlbl90eXBlIjoiYWNjZXNzIiwiZXhwIjoxNTY5ODI2MTEyLCJqdGkiOiI1NDBhMzBkOWQ3MDA0ZWIzYmRkYzZlNmZiMGMwY2MwOSIsInVzZXJfaWQiOjF9.NSeLx1tzm6IfRr53umWxvtY2rQqS5p395fq8c4em6QM"},"code":20000,"message":"success"}
2019-09-30 13:48:32,972 INFO Opening browser 'chrome' to base url 'http://localhost:9527'.
2019-09-30 13:48:32,972 INFO Opening browser 'chrome' to base url 'http://localhost:9527'.
2019-09-30 13:48:32,972 INFO Opening browser 'chrome' to base url 'http://localhost:9527'.
2019-09-30 13:48:32,972 INFO Opening browser 'chrome' to base url 'http://localhost:9527'.
2019-09-30 13:48:32,972 INFO Opening browser 'chrome' to base url 'http://localhost:9527'.
2019-09-30 13:48:32,972 INFO Opening browser 'chrome' to base url 'http://localhost:9527'.
2019-09-30 13:48:32,972 INFO Opening browser 'chrome' to base url 'http://localhost:9527'.
2019-09-30 13:48:32,972 INFO Opening browser 'chrome' to base url 'http://localhost:9527'.
2019-09-30 13:48:32,972 INFO Opening browser 'chrome' to base url 'http://localhost:9527'.
2019-09-30 13:48:32,972 INFO Opening browser 'chrome' to base url 'http://localhost:9527'.
2019-09-30 13:48:32,972 INFO Opening browser 'chrome' to base url 'http://localhost:9527'.
2019-09-30 13:48:32,972 INFO Opening browser 'chrome' to base url 'http://localhost:9527'.
2019-09-30 13:48:32,972 INFO Opening browser 'chrome' to base url 'http://localhost:9527'.
2019-09-30 13:48:32,972 INFO Opening browser 'chrome' to base url 'http://localhost:9527'.
2019-09-30 13:48:32,972 INFO Opening browser 'chrome' to base url 'http://localhost:9527'.
2019-09-30 13:48:32,972 INFO Opening browser 'chrome' to base url 'http://localhost:9527'.
2019-09-30 13:48:32,972 INFO Opening browser 'chrome' to base url 'http://localhost:9527'.
2019-09-30 13:48:40,509 DEBUG Opened browser with session id 3b7cfbb5d29ecb5fbcaca5b4f7781022.
2019-09-30 13:48:40,509 DEBUG Opened browser with session id 3b7cfbb5d29ecb5fbcaca5b4f7781022.
2019-09-30 13:48:40,509 DEBUG Opened browser with session id 3b7cfbb5d29ecb5fbcaca5b4f7781022.
2019-09-30 13:48:40,509 DEBUG Opened browser with session id 3b7cfbb5d29ecb5fbcaca5b4f7781022.
2019-09-30 13:48:40,509 DEBUG Opened browser with session id 3b7cfbb5d29ecb5fbcaca5b4f7781022.
2019-09-30 13:48:40,509 DEBUG Opened browser with session id 3b7cfbb5d29ecb5fbcaca5b4f7781022.
2019-09-30 13:48:40,509 DEBUG Opened browser with session id 3b7cfbb5d29ecb5fbcaca5b4f7781022.
2019-09-30 13:48:40,509 DEBUG Opened browser with session id 3b7cfbb5d29ecb5fbcaca5b4f7781022.
2019-09-30 13:48:40,509 DEBUG Opened browser with session id 3b7cfbb5d29ecb5fbcaca5b4f7781022.
2019-09-30 13:48:40,509 DEBUG Opened browser with session id 3b7cfbb5d29ecb5fbcaca5b4f7781022.
2019-09-30 13:48:40,509 DEBUG Opened browser with session id 3b7cfbb5d29ecb5fbcaca5b4f7781022.
2019-09-30 13:48:40,509 DEBUG Opened browser with session id 3b7cfbb5d29ecb5fbcaca5b4f7781022.
2019-09-30 13:48:40,509 DEBUG Opened browser with session id 3b7cfbb5d29ecb5fbcaca5b4f7781022.
2019-09-30 13:48:40,509 DEBUG Opened browser with session id 3b7cfbb5d29ecb5fbcaca5b4f7781022.
2019-09-30 13:48:40,509 DEBUG Opened browser with session id 3b7cfbb5d29ecb5fbcaca5b4f7781022.
2019-09-30 13:48:40,509 DEBUG Opened browser with session id 3b7cfbb5d29ecb5fbcaca5b4f7781022.
2019-09-30 13:48:40,509 DEBUG Opened browser with session id 3b7cfbb5d29ecb5fbcaca5b4f7781022.
2019-09-30 13:48:40,515 INFO 1
2019-09-30 13:48:40,515 INFO 1
2019-09-30 13:48:40,515 INFO 1
2019-09-30 13:48:40,515 INFO 1
2019-09-30 13:48:40,515 INFO 1
2019-09-30 13:48:40,515 INFO 1
2019-09-30 13:48:40,515 INFO 1
2019-09-30 13:48:40,515 INFO 1
2019-09-30 13:48:40,515 INFO 1
2019-09-30 13:48:40,515 INFO 1
2019-09-30 13:48:40,515 INFO 1
2019-09-30 13:48:40,515 INFO 1
2019-09-30 13:48:40,515 INFO 1
2019-09-30 13:48:40,515 INFO 1
2019-09-30 13:48:40,515 INFO 1
2019-09-30 13:48:40,515 INFO 1
2019-09-30 13:48:40,515 INFO 1
2019-09-30 13:48:40,515 INFO 1
2019-09-30 13:48:40,518 INFO Typing text 'admin' into text field 'name=username'.
2019-09-30 13:48:40,518 INFO Typing text 'admin' into text field 'name=username'.
2019-09-30 13:48:40,518 INFO Typing text 'admin' into text field 'name=username'.
2019-09-30 13:48:40,518 INFO Typing text 'admin' into text field 'name=username'.
2019-09-30 13:48:40,518 INFO Typing text 'admin' into text field 'name=username'.
2019-09-30 13:48:40,518 INFO Typing text 'admin' into text field 'name=username'.
2019-09-30 13:48:40,518 INFO Typing text 'admin' into text field 'name=username'.
2019-09-30 13:48:40,518 INFO Typing text 'admin' into text field 'name=username'.
2019-09-30 13:48:40,518 INFO Typing text 'admin' into text field 'name=username'.
2019-09-30 13:48:40,518 INFO Typing text 'admin' into text field 'name=username'.
2019-09-30 13:48:40,518 INFO Typing text 'admin' into text field 'name=username'.
2019-09-30 13:48:40,518 INFO Typing text 'admin' into text field 'name=username'.
2019-09-30 13:48:40,518 INFO Typing text 'admin' into text field 'name=username'.
2019-09-30 13:48:40,518 INFO Typing text 'admin' into text field 'name=username'.
2019-09-30 13:48:40,518 INFO Typing text 'admin' into text field 'name=username'.
2019-09-30 13:48:40,518 INFO Typing text 'admin' into text field 'name=username'.
2019-09-30 13:48:40,518 INFO Typing text 'admin' into text field 'name=username'.
2019-09-30 13:48:40,518 INFO Typing text 'admin' into text field 'name=username'.
2019-09-30 13:48:40,981 INFO None
2019-09-30 13:48:40,981 INFO None
2019-09-30 13:48:40,981 INFO None
2019-09-30 13:48:40,981 INFO None
2019-09-30 13:48:40,981 INFO None
2019-09-30 13:48:40,981 INFO None
2019-09-30 13:48:40,981 INFO None
2019-09-30 13:48:40,981 INFO None
2019-09-30 13:48:40,981 INFO None
2019-09-30 13:48:40,981 INFO None
2019-09-30 13:48:40,981 INFO None
2019-09-30 13:48:40,981 INFO None
2019-09-30 13:48:40,981 INFO None
2019-09-30 13:48:40,981 INFO None
2019-09-30 13:48:40,981 INFO None
2019-09-30 13:48:40,981 INFO None
2019-09-30 13:48:40,981 INFO None
2019-09-30 13:48:40,981 INFO None
2019-09-30 13:48:40,981 INFO None
2019-09-30 13:48:40,983 INFO Typing text 'admin' into text field 'name=password'.
2019-09-30 13:48:40,983 INFO Typing text 'admin' into text field 'name=password'.
2019-09-30 13:48:40,983 INFO Typing text 'admin' into text field 'name=password'.
2019-09-30 13:48:40,983 INFO Typing text 'admin' into text field 'name=password'.
2019-09-30 13:48:40,983 INFO Typing text 'admin' into text field 'name=password'.
2019-09-30 13:48:40,983 INFO Typing text 'admin' into text field 'name=password'.
2019-09-30 13:48:40,983 INFO Typing text 'admin' into text field 'name=password'.
2019-09-30 13:48:40,983 INFO Typing text 'admin' into text field 'name=password'.
2019-09-30 13:48:40,983 INFO Typing text 'admin' into text field 'name=password'.
2019-09-30 13:48:40,983 INFO Typing text 'admin' into text field 'name=password'.
2019-09-30 13:48:40,983 INFO Typing text 'admin' into text field 'name=password'.
2019-09-30 13:48:40,983 INFO Typing text 'admin' into text field 'name=password'.
2019-09-30 13:48:40,983 INFO Typing text 'admin' into text field 'name=password'.
2019-09-30 13:48:40,983 INFO Typing text 'admin' into text field 'name=password'.
2019-09-30 13:48:40,983 INFO Typing text 'admin' into text field 'name=password'.
2019-09-30 13:48:40,983 INFO Typing text 'admin' into text field 'name=password'.
2019-09-30 13:48:40,983 INFO Typing text 'admin' into text field 'name=password'.
2019-09-30 13:48:40,983 INFO Typing text 'admin' into text field 'name=password'.
2019-09-30 13:48:40,983 INFO Typing text 'admin' into text field 'name=password'.
2019-09-30 13:48:41,236 INFO None
2019-09-30 13:48:41,236 INFO None
2019-09-30 13:48:41,236 INFO None
2019-09-30 13:48:41,236 INFO None
2019-09-30 13:48:41,236 INFO None
2019-09-30 13:48:41,236 INFO None
2019-09-30 13:48:41,236 INFO None
2019-09-30 13:48:41,236 INFO None
2019-09-30 13:48:41,236 INFO None
2019-09-30 13:48:41,236 INFO None
2019-09-30 13:48:41,236 INFO None
2019-09-30 13:48:41,236 INFO None
2019-09-30 13:48:41,236 INFO None
2019-09-30 13:48:41,236 INFO None
2019-09-30 13:48:41,236 INFO None
2019-09-30 13:48:41,236 INFO None
2019-09-30 13:48:41,236 INFO None
2019-09-30 13:48:41,236 INFO None
2019-09-30 13:48:41,236 INFO None
2019-09-30 13:48:41,236 INFO None
2019-09-30 13:48:41,238 INFO Clicking button 'id=login_button'.
2019-09-30 13:48:41,238 INFO Clicking button 'id=login_button'.
2019-09-30 13:48:41,238 INFO Clicking button 'id=login_button'.
2019-09-30 13:48:41,238 INFO Clicking button 'id=login_button'.
2019-09-30 13:48:41,238 INFO Clicking button 'id=login_button'.
2019-09-30 13:48:41,238 INFO Clicking button 'id=login_button'.
2019-09-30 13:48:41,238 INFO Clicking button 'id=login_button'.
2019-09-30 13:48:41,238 INFO Clicking button 'id=login_button'.
2019-09-30 13:48:41,238 INFO Clicking button 'id=login_button'.
2019-09-30 13:48:41,238 INFO Clicking button 'id=login_button'.
2019-09-30 13:48:41,238 INFO Clicking button 'id=login_button'.
2019-09-30 13:48:41,238 INFO Clicking button 'id=login_button'.
2019-09-30 13:48:41,238 INFO Clicking button 'id=login_button'.
2019-09-30 13:48:41,238 INFO Clicking button 'id=login_button'.
2019-09-30 13:48:41,238 INFO Clicking button 'id=login_button'.
2019-09-30 13:48:41,238 INFO Clicking button 'id=login_button'.
2019-09-30 13:48:41,238 INFO Clicking button 'id=login_button'.
2019-09-30 13:48:41,238 INFO Clicking button 'id=login_button'.
2019-09-30 13:48:41,238 INFO Clicking button 'id=login_button'.
2019-09-30 13:48:41,238 INFO Clicking button 'id=login_button'.
2019-09-30 13:48:41,437 INFO None
2019-09-30 13:48:41,437 INFO None
2019-09-30 13:48:41,437 INFO None
2019-09-30 13:48:41,437 INFO None
2019-09-30 13:48:41,437 INFO None
2019-09-30 13:48:41,437 INFO None
2019-09-30 13:48:41,437 INFO None
2019-09-30 13:48:41,437 INFO None
2019-09-30 13:48:41,437 INFO None
2019-09-30 13:48:41,437 INFO None
2019-09-30 13:48:41,437 INFO None
2019-09-30 13:48:41,437 INFO None
2019-09-30 13:48:41,437 INFO None
2019-09-30 13:48:41,437 INFO None
2019-09-30 13:48:41,437 INFO None
2019-09-30 13:48:41,437 INFO None
2019-09-30 13:48:41,437 INFO None
2019-09-30 13:48:41,437 INFO None
2019-09-30 13:48:41,437 INFO None
2019-09-30 13:48:41,437 INFO None
2019-09-30 13:48:41,437 INFO None
2019-09-30 13:49:12,119 INFO 开始执行测试,报告输出模式text
2019-09-30 13:49:12,121 INFO in login！
2019-09-30 13:49:12,121 INFO in login！
2019-09-30 13:49:12,709 INFO response is : <Response [200]>
2019-09-30 13:49:12,709 INFO response is : <Response [200]>
2019-09-30 13:49:12,709 INFO response is : <Response [200]>
2019-09-30 13:49:12,710 INFO response is : {"data":{"refresh":"eyJ0eXAiOiJKV1QiLCJhbGciOiJIUzI1NiJ9.eyJ0b2tlbl90eXBlIjoicmVmcmVzaCIsImV4cCI6MTU2OTkwODk1MiwianRpIjoiYTZlMTE1NjdkNGVjNDNkY2IzMGUzODM5YjQ0OWI0NDAiLCJ1c2VyX2lkIjoxfQ.LcArxhno_1d3L3mJaruXk89r9k3fYnD9EyFbMAJ0718","access":"eyJ0eXAiOiJKV1QiLCJhbGciOiJIUzI1NiJ9.eyJ0b2tlbl90eXBlIjoiYWNjZXNzIiwiZXhwIjoxNTY5ODI2MTUyLCJqdGkiOiI3ZGYyZjI4NDRjZTQ0ZTVkODAzZjdhMzU0ZjY1OGVmNiIsInVzZXJfaWQiOjF9.Ku5E4-_eAIzdUySa-pQApgeAq-Gskn9yoP-VNGHDgyI"},"code":20000,"message":"success"}
2019-09-30 13:49:12,710 INFO response is : {"data":{"refresh":"eyJ0eXAiOiJKV1QiLCJhbGciOiJIUzI1NiJ9.eyJ0b2tlbl90eXBlIjoicmVmcmVzaCIsImV4cCI6MTU2OTkwODk1MiwianRpIjoiYTZlMTE1NjdkNGVjNDNkY2IzMGUzODM5YjQ0OWI0NDAiLCJ1c2VyX2lkIjoxfQ.LcArxhno_1d3L3mJaruXk89r9k3fYnD9EyFbMAJ0718","access":"eyJ0eXAiOiJKV1QiLCJhbGciOiJIUzI1NiJ9.eyJ0b2tlbl90eXBlIjoiYWNjZXNzIiwiZXhwIjoxNTY5ODI2MTUyLCJqdGkiOiI3ZGYyZjI4NDRjZTQ0ZTVkODAzZjdhMzU0ZjY1OGVmNiIsInVzZXJfaWQiOjF9.Ku5E4-_eAIzdUySa-pQApgeAq-Gskn9yoP-VNGHDgyI"},"code":20000,"message":"success"}
2019-09-30 13:49:12,710 INFO response is : {"data":{"refresh":"eyJ0eXAiOiJKV1QiLCJhbGciOiJIUzI1NiJ9.eyJ0b2tlbl90eXBlIjoicmVmcmVzaCIsImV4cCI6MTU2OTkwODk1MiwianRpIjoiYTZlMTE1NjdkNGVjNDNkY2IzMGUzODM5YjQ0OWI0NDAiLCJ1c2VyX2lkIjoxfQ.LcArxhno_1d3L3mJaruXk89r9k3fYnD9EyFbMAJ0718","access":"eyJ0eXAiOiJKV1QiLCJhbGciOiJIUzI1NiJ9.eyJ0b2tlbl90eXBlIjoiYWNjZXNzIiwiZXhwIjoxNTY5ODI2MTUyLCJqdGkiOiI3ZGYyZjI4NDRjZTQ0ZTVkODAzZjdhMzU0ZjY1OGVmNiIsInVzZXJfaWQiOjF9.Ku5E4-_eAIzdUySa-pQApgeAq-Gskn9yoP-VNGHDgyI"},"code":20000,"message":"success"}
2019-09-30 13:49:12,710 INFO response is : {"data":{"refresh":"eyJ0eXAiOiJKV1QiLCJhbGciOiJIUzI1NiJ9.eyJ0b2tlbl90eXBlIjoicmVmcmVzaCIsImV4cCI6MTU2OTkwODk1MiwianRpIjoiYTZlMTE1NjdkNGVjNDNkY2IzMGUzODM5YjQ0OWI0NDAiLCJ1c2VyX2lkIjoxfQ.LcArxhno_1d3L3mJaruXk89r9k3fYnD9EyFbMAJ0718","access":"eyJ0eXAiOiJKV1QiLCJhbGciOiJIUzI1NiJ9.eyJ0b2tlbl90eXBlIjoiYWNjZXNzIiwiZXhwIjoxNTY5ODI2MTUyLCJqdGkiOiI3ZGYyZjI4NDRjZTQ0ZTVkODAzZjdhMzU0ZjY1OGVmNiIsInVzZXJfaWQiOjF9.Ku5E4-_eAIzdUySa-pQApgeAq-Gskn9yoP-VNGHDgyI"},"code":20000,"message":"success"}
2019-09-30 13:49:12,712 INFO in getUserinfo heasers is :{'Content-Type': 'application/json', 'Authorization': 'Bearer eyJ0eXAiOiJKV1QiLCJhbGciOiJIUzI1NiJ9.eyJ0b2tlbl90eXBlIjoiYWNjZXNzIiwiZXhwIjoxNTY5ODI2MTUyLCJqdGkiOiI3ZGYyZjI4NDRjZTQ0ZTVkODAzZjdhMzU0ZjY1OGVmNiIsInVzZXJfaWQiOjF9.Ku5E4-_eAIzdUySa-pQApgeAq-Gskn9yoP-VNGHDgyI'}
2019-09-30 13:49:12,712 INFO in getUserinfo heasers is :{'Content-Type': 'application/json', 'Authorization': 'Bearer eyJ0eXAiOiJKV1QiLCJhbGciOiJIUzI1NiJ9.eyJ0b2tlbl90eXBlIjoiYWNjZXNzIiwiZXhwIjoxNTY5ODI2MTUyLCJqdGkiOiI3ZGYyZjI4NDRjZTQ0ZTVkODAzZjdhMzU0ZjY1OGVmNiIsInVzZXJfaWQiOjF9.Ku5E4-_eAIzdUySa-pQApgeAq-Gskn9yoP-VNGHDgyI'}
2019-09-30 13:49:12,712 INFO in getUserinfo heasers is :{'Content-Type': 'application/json', 'Authorization': 'Bearer eyJ0eXAiOiJKV1QiLCJhbGciOiJIUzI1NiJ9.eyJ0b2tlbl90eXBlIjoiYWNjZXNzIiwiZXhwIjoxNTY5ODI2MTUyLCJqdGkiOiI3ZGYyZjI4NDRjZTQ0ZTVkODAzZjdhMzU0ZjY1OGVmNiIsInVzZXJfaWQiOjF9.Ku5E4-_eAIzdUySa-pQApgeAq-Gskn9yoP-VNGHDgyI'}
2019-09-30 13:49:12,712 INFO in getUserinfo heasers is :{'Content-Type': 'application/json', 'Authorization': 'Bearer eyJ0eXAiOiJKV1QiLCJhbGciOiJIUzI1NiJ9.eyJ0b2tlbl90eXBlIjoiYWNjZXNzIiwiZXhwIjoxNTY5ODI2MTUyLCJqdGkiOiI3ZGYyZjI4NDRjZTQ0ZTVkODAzZjdhMzU0ZjY1OGVmNiIsInVzZXJfaWQiOjF9.Ku5E4-_eAIzdUySa-pQApgeAq-Gskn9yoP-VNGHDgyI'}
2019-09-30 13:49:12,712 INFO in getUserinfo heasers is :{'Content-Type': 'application/json', 'Authorization': 'Bearer eyJ0eXAiOiJKV1QiLCJhbGciOiJIUzI1NiJ9.eyJ0b2tlbl90eXBlIjoiYWNjZXNzIiwiZXhwIjoxNTY5ODI2MTUyLCJqdGkiOiI3ZGYyZjI4NDRjZTQ0ZTVkODAzZjdhMzU0ZjY1OGVmNiIsInVzZXJfaWQiOjF9.Ku5E4-_eAIzdUySa-pQApgeAq-Gskn9yoP-VNGHDgyI'}
2019-09-30 13:49:13,136 INFO response is : <Response [200]>
2019-09-30 13:49:13,136 INFO response is : <Response [200]>
2019-09-30 13:49:13,136 INFO response is : <Response [200]>
2019-09-30 13:49:13,136 INFO response is : <Response [200]>
2019-09-30 13:49:13,136 INFO response is : <Response [200]>
2019-09-30 13:49:13,136 INFO response is : <Response [200]>
2019-09-30 13:49:13,138 INFO <Response [200]>
2019-09-30 13:49:13,138 INFO <Response [200]>
2019-09-30 13:49:13,138 INFO <Response [200]>
2019-09-30 13:49:13,138 INFO <Response [200]>
2019-09-30 13:49:13,138 INFO <Response [200]>
2019-09-30 13:49:13,138 INFO <Response [200]>
2019-09-30 13:49:13,138 INFO <Response [200]>
2019-09-30 13:49:13,139 INFO in login！
2019-09-30 13:49:13,139 INFO in login！
2019-09-30 13:49:13,139 INFO in login！
2019-09-30 13:49:13,139 INFO in login！
2019-09-30 13:49:13,139 INFO in login！
2019-09-30 13:49:13,139 INFO in login！
2019-09-30 13:49:13,139 INFO in login！
2019-09-30 13:49:13,139 INFO in login！
2019-09-30 13:49:13,758 INFO response is : <Response [200]>
2019-09-30 13:49:13,758 INFO response is : <Response [200]>
2019-09-30 13:49:13,758 INFO response is : <Response [200]>
2019-09-30 13:49:13,758 INFO response is : <Response [200]>
2019-09-30 13:49:13,758 INFO response is : <Response [200]>
2019-09-30 13:49:13,758 INFO response is : <Response [200]>
2019-09-30 13:49:13,758 INFO response is : <Response [200]>
2019-09-30 13:49:13,758 INFO response is : <Response [200]>
2019-09-30 13:49:13,758 INFO response is : <Response [200]>
2019-09-30 13:49:13,759 INFO response is : {"data":{"refresh":"eyJ0eXAiOiJKV1QiLCJhbGciOiJIUzI1NiJ9.eyJ0b2tlbl90eXBlIjoicmVmcmVzaCIsImV4cCI6MTU2OTkwODk1MywianRpIjoiNDUyNDhkNTc2MTc4NDBjZDgwMDVhNTVjNDY1MWFiODkiLCJ1c2VyX2lkIjoxfQ.5f6-F1tWTIWX5mXjiwIW0PyBGdQ00FMj-9MSOYGt4DA","access":"eyJ0eXAiOiJKV1QiLCJhbGciOiJIUzI1NiJ9.eyJ0b2tlbl90eXBlIjoiYWNjZXNzIiwiZXhwIjoxNTY5ODI2MTUzLCJqdGkiOiIzNGZmOTAwNjRkNWI0YjcxODlkNzBhNWU0OGQ1YzQxMiIsInVzZXJfaWQiOjF9.PftQGkK87DXmiAombZ6ygsiCkaI46j6cNI8TvY0K2ns"},"code":20000,"message":"success"}
2019-09-30 13:49:13,759 INFO response is : {"data":{"refresh":"eyJ0eXAiOiJKV1QiLCJhbGciOiJIUzI1NiJ9.eyJ0b2tlbl90eXBlIjoicmVmcmVzaCIsImV4cCI6MTU2OTkwODk1MywianRpIjoiNDUyNDhkNTc2MTc4NDBjZDgwMDVhNTVjNDY1MWFiODkiLCJ1c2VyX2lkIjoxfQ.5f6-F1tWTIWX5mXjiwIW0PyBGdQ00FMj-9MSOYGt4DA","access":"eyJ0eXAiOiJKV1QiLCJhbGciOiJIUzI1NiJ9.eyJ0b2tlbl90eXBlIjoiYWNjZXNzIiwiZXhwIjoxNTY5ODI2MTUzLCJqdGkiOiIzNGZmOTAwNjRkNWI0YjcxODlkNzBhNWU0OGQ1YzQxMiIsInVzZXJfaWQiOjF9.PftQGkK87DXmiAombZ6ygsiCkaI46j6cNI8TvY0K2ns"},"code":20000,"message":"success"}
2019-09-30 13:49:13,759 INFO response is : {"data":{"refresh":"eyJ0eXAiOiJKV1QiLCJhbGciOiJIUzI1NiJ9.eyJ0b2tlbl90eXBlIjoicmVmcmVzaCIsImV4cCI6MTU2OTkwODk1MywianRpIjoiNDUyNDhkNTc2MTc4NDBjZDgwMDVhNTVjNDY1MWFiODkiLCJ1c2VyX2lkIjoxfQ.5f6-F1tWTIWX5mXjiwIW0PyBGdQ00FMj-9MSOYGt4DA","access":"eyJ0eXAiOiJKV1QiLCJhbGciOiJIUzI1NiJ9.eyJ0b2tlbl90eXBlIjoiYWNjZXNzIiwiZXhwIjoxNTY5ODI2MTUzLCJqdGkiOiIzNGZmOTAwNjRkNWI0YjcxODlkNzBhNWU0OGQ1YzQxMiIsInVzZXJfaWQiOjF9.PftQGkK87DXmiAombZ6ygsiCkaI46j6cNI8TvY0K2ns"},"code":20000,"message":"success"}
2019-09-30 13:49:13,759 INFO response is : {"data":{"refresh":"eyJ0eXAiOiJKV1QiLCJhbGciOiJIUzI1NiJ9.eyJ0b2tlbl90eXBlIjoicmVmcmVzaCIsImV4cCI6MTU2OTkwODk1MywianRpIjoiNDUyNDhkNTc2MTc4NDBjZDgwMDVhNTVjNDY1MWFiODkiLCJ1c2VyX2lkIjoxfQ.5f6-F1tWTIWX5mXjiwIW0PyBGdQ00FMj-9MSOYGt4DA","access":"eyJ0eXAiOiJKV1QiLCJhbGciOiJIUzI1NiJ9.eyJ0b2tlbl90eXBlIjoiYWNjZXNzIiwiZXhwIjoxNTY5ODI2MTUzLCJqdGkiOiIzNGZmOTAwNjRkNWI0YjcxODlkNzBhNWU0OGQ1YzQxMiIsInVzZXJfaWQiOjF9.PftQGkK87DXmiAombZ6ygsiCkaI46j6cNI8TvY0K2ns"},"code":20000,"message":"success"}
2019-09-30 13:49:13,759 INFO response is : {"data":{"refresh":"eyJ0eXAiOiJKV1QiLCJhbGciOiJIUzI1NiJ9.eyJ0b2tlbl90eXBlIjoicmVmcmVzaCIsImV4cCI6MTU2OTkwODk1MywianRpIjoiNDUyNDhkNTc2MTc4NDBjZDgwMDVhNTVjNDY1MWFiODkiLCJ1c2VyX2lkIjoxfQ.5f6-F1tWTIWX5mXjiwIW0PyBGdQ00FMj-9MSOYGt4DA","access":"eyJ0eXAiOiJKV1QiLCJhbGciOiJIUzI1NiJ9.eyJ0b2tlbl90eXBlIjoiYWNjZXNzIiwiZXhwIjoxNTY5ODI2MTUzLCJqdGkiOiIzNGZmOTAwNjRkNWI0YjcxODlkNzBhNWU0OGQ1YzQxMiIsInVzZXJfaWQiOjF9.PftQGkK87DXmiAombZ6ygsiCkaI46j6cNI8TvY0K2ns"},"code":20000,"message":"success"}
2019-09-30 13:49:13,759 INFO response is : {"data":{"refresh":"eyJ0eXAiOiJKV1QiLCJhbGciOiJIUzI1NiJ9.eyJ0b2tlbl90eXBlIjoicmVmcmVzaCIsImV4cCI6MTU2OTkwODk1MywianRpIjoiNDUyNDhkNTc2MTc4NDBjZDgwMDVhNTVjNDY1MWFiODkiLCJ1c2VyX2lkIjoxfQ.5f6-F1tWTIWX5mXjiwIW0PyBGdQ00FMj-9MSOYGt4DA","access":"eyJ0eXAiOiJKV1QiLCJhbGciOiJIUzI1NiJ9.eyJ0b2tlbl90eXBlIjoiYWNjZXNzIiwiZXhwIjoxNTY5ODI2MTUzLCJqdGkiOiIzNGZmOTAwNjRkNWI0YjcxODlkNzBhNWU0OGQ1YzQxMiIsInVzZXJfaWQiOjF9.PftQGkK87DXmiAombZ6ygsiCkaI46j6cNI8TvY0K2ns"},"code":20000,"message":"success"}
2019-09-30 13:49:13,759 INFO response is : {"data":{"refresh":"eyJ0eXAiOiJKV1QiLCJhbGciOiJIUzI1NiJ9.eyJ0b2tlbl90eXBlIjoicmVmcmVzaCIsImV4cCI6MTU2OTkwODk1MywianRpIjoiNDUyNDhkNTc2MTc4NDBjZDgwMDVhNTVjNDY1MWFiODkiLCJ1c2VyX2lkIjoxfQ.5f6-F1tWTIWX5mXjiwIW0PyBGdQ00FMj-9MSOYGt4DA","access":"eyJ0eXAiOiJKV1QiLCJhbGciOiJIUzI1NiJ9.eyJ0b2tlbl90eXBlIjoiYWNjZXNzIiwiZXhwIjoxNTY5ODI2MTUzLCJqdGkiOiIzNGZmOTAwNjRkNWI0YjcxODlkNzBhNWU0OGQ1YzQxMiIsInVzZXJfaWQiOjF9.PftQGkK87DXmiAombZ6ygsiCkaI46j6cNI8TvY0K2ns"},"code":20000,"message":"success"}
2019-09-30 13:49:13,759 INFO response is : {"data":{"refresh":"eyJ0eXAiOiJKV1QiLCJhbGciOiJIUzI1NiJ9.eyJ0b2tlbl90eXBlIjoicmVmcmVzaCIsImV4cCI6MTU2OTkwODk1MywianRpIjoiNDUyNDhkNTc2MTc4NDBjZDgwMDVhNTVjNDY1MWFiODkiLCJ1c2VyX2lkIjoxfQ.5f6-F1tWTIWX5mXjiwIW0PyBGdQ00FMj-9MSOYGt4DA","access":"eyJ0eXAiOiJKV1QiLCJhbGciOiJIUzI1NiJ9.eyJ0b2tlbl90eXBlIjoiYWNjZXNzIiwiZXhwIjoxNTY5ODI2MTUzLCJqdGkiOiIzNGZmOTAwNjRkNWI0YjcxODlkNzBhNWU0OGQ1YzQxMiIsInVzZXJfaWQiOjF9.PftQGkK87DXmiAombZ6ygsiCkaI46j6cNI8TvY0K2ns"},"code":20000,"message":"success"}
2019-09-30 13:49:13,759 INFO response is : {"data":{"refresh":"eyJ0eXAiOiJKV1QiLCJhbGciOiJIUzI1NiJ9.eyJ0b2tlbl90eXBlIjoicmVmcmVzaCIsImV4cCI6MTU2OTkwODk1MywianRpIjoiNDUyNDhkNTc2MTc4NDBjZDgwMDVhNTVjNDY1MWFiODkiLCJ1c2VyX2lkIjoxfQ.5f6-F1tWTIWX5mXjiwIW0PyBGdQ00FMj-9MSOYGt4DA","access":"eyJ0eXAiOiJKV1QiLCJhbGciOiJIUzI1NiJ9.eyJ0b2tlbl90eXBlIjoiYWNjZXNzIiwiZXhwIjoxNTY5ODI2MTUzLCJqdGkiOiIzNGZmOTAwNjRkNWI0YjcxODlkNzBhNWU0OGQ1YzQxMiIsInVzZXJfaWQiOjF9.PftQGkK87DXmiAombZ6ygsiCkaI46j6cNI8TvY0K2ns"},"code":20000,"message":"success"}
2019-09-30 13:49:13,759 INFO response is : {"data":{"refresh":"eyJ0eXAiOiJKV1QiLCJhbGciOiJIUzI1NiJ9.eyJ0b2tlbl90eXBlIjoicmVmcmVzaCIsImV4cCI6MTU2OTkwODk1MywianRpIjoiNDUyNDhkNTc2MTc4NDBjZDgwMDVhNTVjNDY1MWFiODkiLCJ1c2VyX2lkIjoxfQ.5f6-F1tWTIWX5mXjiwIW0PyBGdQ00FMj-9MSOYGt4DA","access":"eyJ0eXAiOiJKV1QiLCJhbGciOiJIUzI1NiJ9.eyJ0b2tlbl90eXBlIjoiYWNjZXNzIiwiZXhwIjoxNTY5ODI2MTUzLCJqdGkiOiIzNGZmOTAwNjRkNWI0YjcxODlkNzBhNWU0OGQ1YzQxMiIsInVzZXJfaWQiOjF9.PftQGkK87DXmiAombZ6ygsiCkaI46j6cNI8TvY0K2ns"},"code":20000,"message":"success"}
2019-09-30 13:49:13,761 INFO in login！
2019-09-30 13:49:13,761 INFO in login！
2019-09-30 13:49:13,761 INFO in login！
2019-09-30 13:49:13,761 INFO in login！
2019-09-30 13:49:13,761 INFO in login！
2019-09-30 13:49:13,761 INFO in login！
2019-09-30 13:49:13,761 INFO in login！
2019-09-30 13:49:13,761 INFO in login！
2019-09-30 13:49:13,761 INFO in login！
2019-09-30 13:49:13,761 INFO in login！
2019-09-30 13:49:13,761 INFO in login！
2019-09-30 13:49:14,306 INFO response is : <Response [200]>
2019-09-30 13:49:14,306 INFO response is : <Response [200]>
2019-09-30 13:49:14,306 INFO response is : <Response [200]>
2019-09-30 13:49:14,306 INFO response is : <Response [200]>
2019-09-30 13:49:14,306 INFO response is : <Response [200]>
2019-09-30 13:49:14,306 INFO response is : <Response [200]>
2019-09-30 13:49:14,306 INFO response is : <Response [200]>
2019-09-30 13:49:14,306 INFO response is : <Response [200]>
2019-09-30 13:49:14,306 INFO response is : <Response [200]>
2019-09-30 13:49:14,306 INFO response is : <Response [200]>
2019-09-30 13:49:14,306 INFO response is : <Response [200]>
2019-09-30 13:49:14,306 INFO response is : <Response [200]>
2019-09-30 13:49:14,308 INFO response is : {"data":{"refresh":"eyJ0eXAiOiJKV1QiLCJhbGciOiJIUzI1NiJ9.eyJ0b2tlbl90eXBlIjoicmVmcmVzaCIsImV4cCI6MTU2OTkwODk1NCwianRpIjoiM2FjOTEyMDdkMGM1NDRiMWE5ZTQ3NjMwNjRlODViMWEiLCJ1c2VyX2lkIjoxfQ.k6QfaHFeoZ57kZi_ogNAzBjOeW2u29nmjGSPFsZszzM","access":"eyJ0eXAiOiJKV1QiLCJhbGciOiJIUzI1NiJ9.eyJ0b2tlbl90eXBlIjoiYWNjZXNzIiwiZXhwIjoxNTY5ODI2MTU0LCJqdGkiOiIxNTM0NGNhNmQ5MGQ0OWM1ODA0ZDkzYTAzZDE0MDYzNCIsInVzZXJfaWQiOjF9.Hj0zNqo0YogKc5b6rPCnLXcUEnPkv3tDk-g2nYbfVrI"},"code":20000,"message":"success"}
2019-09-30 13:49:14,308 INFO response is : {"data":{"refresh":"eyJ0eXAiOiJKV1QiLCJhbGciOiJIUzI1NiJ9.eyJ0b2tlbl90eXBlIjoicmVmcmVzaCIsImV4cCI6MTU2OTkwODk1NCwianRpIjoiM2FjOTEyMDdkMGM1NDRiMWE5ZTQ3NjMwNjRlODViMWEiLCJ1c2VyX2lkIjoxfQ.k6QfaHFeoZ57kZi_ogNAzBjOeW2u29nmjGSPFsZszzM","access":"eyJ0eXAiOiJKV1QiLCJhbGciOiJIUzI1NiJ9.eyJ0b2tlbl90eXBlIjoiYWNjZXNzIiwiZXhwIjoxNTY5ODI2MTU0LCJqdGkiOiIxNTM0NGNhNmQ5MGQ0OWM1ODA0ZDkzYTAzZDE0MDYzNCIsInVzZXJfaWQiOjF9.Hj0zNqo0YogKc5b6rPCnLXcUEnPkv3tDk-g2nYbfVrI"},"code":20000,"message":"success"}
2019-09-30 13:49:14,308 INFO response is : {"data":{"refresh":"eyJ0eXAiOiJKV1QiLCJhbGciOiJIUzI1NiJ9.eyJ0b2tlbl90eXBlIjoicmVmcmVzaCIsImV4cCI6MTU2OTkwODk1NCwianRpIjoiM2FjOTEyMDdkMGM1NDRiMWE5ZTQ3NjMwNjRlODViMWEiLCJ1c2VyX2lkIjoxfQ.k6QfaHFeoZ57kZi_ogNAzBjOeW2u29nmjGSPFsZszzM","access":"eyJ0eXAiOiJKV1QiLCJhbGciOiJIUzI1NiJ9.eyJ0b2tlbl90eXBlIjoiYWNjZXNzIiwiZXhwIjoxNTY5ODI2MTU0LCJqdGkiOiIxNTM0NGNhNmQ5MGQ0OWM1ODA0ZDkzYTAzZDE0MDYzNCIsInVzZXJfaWQiOjF9.Hj0zNqo0YogKc5b6rPCnLXcUEnPkv3tDk-g2nYbfVrI"},"code":20000,"message":"success"}
2019-09-30 13:49:14,308 INFO response is : {"data":{"refresh":"eyJ0eXAiOiJKV1QiLCJhbGciOiJIUzI1NiJ9.eyJ0b2tlbl90eXBlIjoicmVmcmVzaCIsImV4cCI6MTU2OTkwODk1NCwianRpIjoiM2FjOTEyMDdkMGM1NDRiMWE5ZTQ3NjMwNjRlODViMWEiLCJ1c2VyX2lkIjoxfQ.k6QfaHFeoZ57kZi_ogNAzBjOeW2u29nmjGSPFsZszzM","access":"eyJ0eXAiOiJKV1QiLCJhbGciOiJIUzI1NiJ9.eyJ0b2tlbl90eXBlIjoiYWNjZXNzIiwiZXhwIjoxNTY5ODI2MTU0LCJqdGkiOiIxNTM0NGNhNmQ5MGQ0OWM1ODA0ZDkzYTAzZDE0MDYzNCIsInVzZXJfaWQiOjF9.Hj0zNqo0YogKc5b6rPCnLXcUEnPkv3tDk-g2nYbfVrI"},"code":20000,"message":"success"}
2019-09-30 13:49:14,308 INFO response is : {"data":{"refresh":"eyJ0eXAiOiJKV1QiLCJhbGciOiJIUzI1NiJ9.eyJ0b2tlbl90eXBlIjoicmVmcmVzaCIsImV4cCI6MTU2OTkwODk1NCwianRpIjoiM2FjOTEyMDdkMGM1NDRiMWE5ZTQ3NjMwNjRlODViMWEiLCJ1c2VyX2lkIjoxfQ.k6QfaHFeoZ57kZi_ogNAzBjOeW2u29nmjGSPFsZszzM","access":"eyJ0eXAiOiJKV1QiLCJhbGciOiJIUzI1NiJ9.eyJ0b2tlbl90eXBlIjoiYWNjZXNzIiwiZXhwIjoxNTY5ODI2MTU0LCJqdGkiOiIxNTM0NGNhNmQ5MGQ0OWM1ODA0ZDkzYTAzZDE0MDYzNCIsInVzZXJfaWQiOjF9.Hj0zNqo0YogKc5b6rPCnLXcUEnPkv3tDk-g2nYbfVrI"},"code":20000,"message":"success"}
2019-09-30 13:49:14,308 INFO response is : {"data":{"refresh":"eyJ0eXAiOiJKV1QiLCJhbGciOiJIUzI1NiJ9.eyJ0b2tlbl90eXBlIjoicmVmcmVzaCIsImV4cCI6MTU2OTkwODk1NCwianRpIjoiM2FjOTEyMDdkMGM1NDRiMWE5ZTQ3NjMwNjRlODViMWEiLCJ1c2VyX2lkIjoxfQ.k6QfaHFeoZ57kZi_ogNAzBjOeW2u29nmjGSPFsZszzM","access":"eyJ0eXAiOiJKV1QiLCJhbGciOiJIUzI1NiJ9.eyJ0b2tlbl90eXBlIjoiYWNjZXNzIiwiZXhwIjoxNTY5ODI2MTU0LCJqdGkiOiIxNTM0NGNhNmQ5MGQ0OWM1ODA0ZDkzYTAzZDE0MDYzNCIsInVzZXJfaWQiOjF9.Hj0zNqo0YogKc5b6rPCnLXcUEnPkv3tDk-g2nYbfVrI"},"code":20000,"message":"success"}
2019-09-30 13:49:14,308 INFO response is : {"data":{"refresh":"eyJ0eXAiOiJKV1QiLCJhbGciOiJIUzI1NiJ9.eyJ0b2tlbl90eXBlIjoicmVmcmVzaCIsImV4cCI6MTU2OTkwODk1NCwianRpIjoiM2FjOTEyMDdkMGM1NDRiMWE5ZTQ3NjMwNjRlODViMWEiLCJ1c2VyX2lkIjoxfQ.k6QfaHFeoZ57kZi_ogNAzBjOeW2u29nmjGSPFsZszzM","access":"eyJ0eXAiOiJKV1QiLCJhbGciOiJIUzI1NiJ9.eyJ0b2tlbl90eXBlIjoiYWNjZXNzIiwiZXhwIjoxNTY5ODI2MTU0LCJqdGkiOiIxNTM0NGNhNmQ5MGQ0OWM1ODA0ZDkzYTAzZDE0MDYzNCIsInVzZXJfaWQiOjF9.Hj0zNqo0YogKc5b6rPCnLXcUEnPkv3tDk-g2nYbfVrI"},"code":20000,"message":"success"}
2019-09-30 13:49:14,308 INFO response is : {"data":{"refresh":"eyJ0eXAiOiJKV1QiLCJhbGciOiJIUzI1NiJ9.eyJ0b2tlbl90eXBlIjoicmVmcmVzaCIsImV4cCI6MTU2OTkwODk1NCwianRpIjoiM2FjOTEyMDdkMGM1NDRiMWE5ZTQ3NjMwNjRlODViMWEiLCJ1c2VyX2lkIjoxfQ.k6QfaHFeoZ57kZi_ogNAzBjOeW2u29nmjGSPFsZszzM","access":"eyJ0eXAiOiJKV1QiLCJhbGciOiJIUzI1NiJ9.eyJ0b2tlbl90eXBlIjoiYWNjZXNzIiwiZXhwIjoxNTY5ODI2MTU0LCJqdGkiOiIxNTM0NGNhNmQ5MGQ0OWM1ODA0ZDkzYTAzZDE0MDYzNCIsInVzZXJfaWQiOjF9.Hj0zNqo0YogKc5b6rPCnLXcUEnPkv3tDk-g2nYbfVrI"},"code":20000,"message":"success"}
2019-09-30 13:49:14,308 INFO response is : {"data":{"refresh":"eyJ0eXAiOiJKV1QiLCJhbGciOiJIUzI1NiJ9.eyJ0b2tlbl90eXBlIjoicmVmcmVzaCIsImV4cCI6MTU2OTkwODk1NCwianRpIjoiM2FjOTEyMDdkMGM1NDRiMWE5ZTQ3NjMwNjRlODViMWEiLCJ1c2VyX2lkIjoxfQ.k6QfaHFeoZ57kZi_ogNAzBjOeW2u29nmjGSPFsZszzM","access":"eyJ0eXAiOiJKV1QiLCJhbGciOiJIUzI1NiJ9.eyJ0b2tlbl90eXBlIjoiYWNjZXNzIiwiZXhwIjoxNTY5ODI2MTU0LCJqdGkiOiIxNTM0NGNhNmQ5MGQ0OWM1ODA0ZDkzYTAzZDE0MDYzNCIsInVzZXJfaWQiOjF9.Hj0zNqo0YogKc5b6rPCnLXcUEnPkv3tDk-g2nYbfVrI"},"code":20000,"message":"success"}
2019-09-30 13:49:14,308 INFO response is : {"data":{"refresh":"eyJ0eXAiOiJKV1QiLCJhbGciOiJIUzI1NiJ9.eyJ0b2tlbl90eXBlIjoicmVmcmVzaCIsImV4cCI6MTU2OTkwODk1NCwianRpIjoiM2FjOTEyMDdkMGM1NDRiMWE5ZTQ3NjMwNjRlODViMWEiLCJ1c2VyX2lkIjoxfQ.k6QfaHFeoZ57kZi_ogNAzBjOeW2u29nmjGSPFsZszzM","access":"eyJ0eXAiOiJKV1QiLCJhbGciOiJIUzI1NiJ9.eyJ0b2tlbl90eXBlIjoiYWNjZXNzIiwiZXhwIjoxNTY5ODI2MTU0LCJqdGkiOiIxNTM0NGNhNmQ5MGQ0OWM1ODA0ZDkzYTAzZDE0MDYzNCIsInVzZXJfaWQiOjF9.Hj0zNqo0YogKc5b6rPCnLXcUEnPkv3tDk-g2nYbfVrI"},"code":20000,"message":"success"}
2019-09-30 13:49:14,308 INFO response is : {"data":{"refresh":"eyJ0eXAiOiJKV1QiLCJhbGciOiJIUzI1NiJ9.eyJ0b2tlbl90eXBlIjoicmVmcmVzaCIsImV4cCI6MTU2OTkwODk1NCwianRpIjoiM2FjOTEyMDdkMGM1NDRiMWE5ZTQ3NjMwNjRlODViMWEiLCJ1c2VyX2lkIjoxfQ.k6QfaHFeoZ57kZi_ogNAzBjOeW2u29nmjGSPFsZszzM","access":"eyJ0eXAiOiJKV1QiLCJhbGciOiJIUzI1NiJ9.eyJ0b2tlbl90eXBlIjoiYWNjZXNzIiwiZXhwIjoxNTY5ODI2MTU0LCJqdGkiOiIxNTM0NGNhNmQ5MGQ0OWM1ODA0ZDkzYTAzZDE0MDYzNCIsInVzZXJfaWQiOjF9.Hj0zNqo0YogKc5b6rPCnLXcUEnPkv3tDk-g2nYbfVrI"},"code":20000,"message":"success"}
2019-09-30 13:49:14,308 INFO response is : {"data":{"refresh":"eyJ0eXAiOiJKV1QiLCJhbGciOiJIUzI1NiJ9.eyJ0b2tlbl90eXBlIjoicmVmcmVzaCIsImV4cCI6MTU2OTkwODk1NCwianRpIjoiM2FjOTEyMDdkMGM1NDRiMWE5ZTQ3NjMwNjRlODViMWEiLCJ1c2VyX2lkIjoxfQ.k6QfaHFeoZ57kZi_ogNAzBjOeW2u29nmjGSPFsZszzM","access":"eyJ0eXAiOiJKV1QiLCJhbGciOiJIUzI1NiJ9.eyJ0b2tlbl90eXBlIjoiYWNjZXNzIiwiZXhwIjoxNTY5ODI2MTU0LCJqdGkiOiIxNTM0NGNhNmQ5MGQ0OWM1ODA0ZDkzYTAzZDE0MDYzNCIsInVzZXJfaWQiOjF9.Hj0zNqo0YogKc5b6rPCnLXcUEnPkv3tDk-g2nYbfVrI"},"code":20000,"message":"success"}
2019-09-30 13:49:14,308 INFO response is : {"data":{"refresh":"eyJ0eXAiOiJKV1QiLCJhbGciOiJIUzI1NiJ9.eyJ0b2tlbl90eXBlIjoicmVmcmVzaCIsImV4cCI6MTU2OTkwODk1NCwianRpIjoiM2FjOTEyMDdkMGM1NDRiMWE5ZTQ3NjMwNjRlODViMWEiLCJ1c2VyX2lkIjoxfQ.k6QfaHFeoZ57kZi_ogNAzBjOeW2u29nmjGSPFsZszzM","access":"eyJ0eXAiOiJKV1QiLCJhbGciOiJIUzI1NiJ9.eyJ0b2tlbl90eXBlIjoiYWNjZXNzIiwiZXhwIjoxNTY5ODI2MTU0LCJqdGkiOiIxNTM0NGNhNmQ5MGQ0OWM1ODA0ZDkzYTAzZDE0MDYzNCIsInVzZXJfaWQiOjF9.Hj0zNqo0YogKc5b6rPCnLXcUEnPkv3tDk-g2nYbfVrI"},"code":20000,"message":"success"}
2019-09-30 13:49:14,310 INFO <Response [200]>
2019-09-30 13:49:14,310 INFO <Response [200]>
2019-09-30 13:49:14,310 INFO <Response [200]>
2019-09-30 13:49:14,310 INFO <Response [200]>
2019-09-30 13:49:14,310 INFO <Response [200]>
2019-09-30 13:49:14,310 INFO <Response [200]>
2019-09-30 13:49:14,310 INFO <Response [200]>
2019-09-30 13:49:14,310 INFO <Response [200]>
2019-09-30 13:49:14,310 INFO <Response [200]>
2019-09-30 13:49:14,310 INFO <Response [200]>
2019-09-30 13:49:14,310 INFO <Response [200]>
2019-09-30 13:49:14,310 INFO <Response [200]>
2019-09-30 13:49:14,310 INFO <Response [200]>
2019-09-30 13:49:14,310 INFO <Response [200]>
2019-09-30 13:49:14,312 INFO in login！
2019-09-30 13:49:14,312 INFO in login！
2019-09-30 13:49:14,312 INFO in login！
2019-09-30 13:49:14,312 INFO in login！
2019-09-30 13:49:14,312 INFO in login！
2019-09-30 13:49:14,312 INFO in login！
2019-09-30 13:49:14,312 INFO in login！
2019-09-30 13:49:14,312 INFO in login！
2019-09-30 13:49:14,312 INFO in login！
2019-09-30 13:49:14,312 INFO in login！
2019-09-30 13:49:14,312 INFO in login！
2019-09-30 13:49:14,312 INFO in login！
2019-09-30 13:49:14,312 INFO in login！
2019-09-30 13:49:14,312 INFO in login！
2019-09-30 13:49:14,312 INFO in login！
2019-09-30 13:49:14,838 INFO response is : <Response [200]>
2019-09-30 13:49:14,838 INFO response is : <Response [200]>
2019-09-30 13:49:14,838 INFO response is : <Response [200]>
2019-09-30 13:49:14,838 INFO response is : <Response [200]>
2019-09-30 13:49:14,838 INFO response is : <Response [200]>
2019-09-30 13:49:14,838 INFO response is : <Response [200]>
2019-09-30 13:49:14,838 INFO response is : <Response [200]>
2019-09-30 13:49:14,838 INFO response is : <Response [200]>
2019-09-30 13:49:14,838 INFO response is : <Response [200]>
2019-09-30 13:49:14,838 INFO response is : <Response [200]>
2019-09-30 13:49:14,838 INFO response is : <Response [200]>
2019-09-30 13:49:14,838 INFO response is : <Response [200]>
2019-09-30 13:49:14,838 INFO response is : <Response [200]>
2019-09-30 13:49:14,838 INFO response is : <Response [200]>
2019-09-30 13:49:14,838 INFO response is : <Response [200]>
2019-09-30 13:49:14,838 INFO response is : <Response [200]>
2019-09-30 13:49:14,840 INFO response is : {"data":{"refresh":"eyJ0eXAiOiJKV1QiLCJhbGciOiJIUzI1NiJ9.eyJ0b2tlbl90eXBlIjoicmVmcmVzaCIsImV4cCI6MTU2OTkwODk1NCwianRpIjoiMzkxMjk3ODkxYzVlNGNkYzkwZDRlZjRhNGUxMDM5ODciLCJ1c2VyX2lkIjoxfQ.kASEJWQSVVPZYmzfHcWc1WSTI49LvlhhOXqOdehuT48","access":"eyJ0eXAiOiJKV1QiLCJhbGciOiJIUzI1NiJ9.eyJ0b2tlbl90eXBlIjoiYWNjZXNzIiwiZXhwIjoxNTY5ODI2MTU0LCJqdGkiOiJmNzczZDk1ODgzMDQ0YWE5OGRmZmE5NTNiY2MxNzQ3YyIsInVzZXJfaWQiOjF9.ulGaE2--Tg63pRxvf40j21_ZKkCbFfGE69kADjzaEd8"},"code":20000,"message":"success"}
2019-09-30 13:49:14,840 INFO response is : {"data":{"refresh":"eyJ0eXAiOiJKV1QiLCJhbGciOiJIUzI1NiJ9.eyJ0b2tlbl90eXBlIjoicmVmcmVzaCIsImV4cCI6MTU2OTkwODk1NCwianRpIjoiMzkxMjk3ODkxYzVlNGNkYzkwZDRlZjRhNGUxMDM5ODciLCJ1c2VyX2lkIjoxfQ.kASEJWQSVVPZYmzfHcWc1WSTI49LvlhhOXqOdehuT48","access":"eyJ0eXAiOiJKV1QiLCJhbGciOiJIUzI1NiJ9.eyJ0b2tlbl90eXBlIjoiYWNjZXNzIiwiZXhwIjoxNTY5ODI2MTU0LCJqdGkiOiJmNzczZDk1ODgzMDQ0YWE5OGRmZmE5NTNiY2MxNzQ3YyIsInVzZXJfaWQiOjF9.ulGaE2--Tg63pRxvf40j21_ZKkCbFfGE69kADjzaEd8"},"code":20000,"message":"success"}
2019-09-30 13:49:14,840 INFO response is : {"data":{"refresh":"eyJ0eXAiOiJKV1QiLCJhbGciOiJIUzI1NiJ9.eyJ0b2tlbl90eXBlIjoicmVmcmVzaCIsImV4cCI6MTU2OTkwODk1NCwianRpIjoiMzkxMjk3ODkxYzVlNGNkYzkwZDRlZjRhNGUxMDM5ODciLCJ1c2VyX2lkIjoxfQ.kASEJWQSVVPZYmzfHcWc1WSTI49LvlhhOXqOdehuT48","access":"eyJ0eXAiOiJKV1QiLCJhbGciOiJIUzI1NiJ9.eyJ0b2tlbl90eXBlIjoiYWNjZXNzIiwiZXhwIjoxNTY5ODI2MTU0LCJqdGkiOiJmNzczZDk1ODgzMDQ0YWE5OGRmZmE5NTNiY2MxNzQ3YyIsInVzZXJfaWQiOjF9.ulGaE2--Tg63pRxvf40j21_ZKkCbFfGE69kADjzaEd8"},"code":20000,"message":"success"}
2019-09-30 13:49:14,840 INFO response is : {"data":{"refresh":"eyJ0eXAiOiJKV1QiLCJhbGciOiJIUzI1NiJ9.eyJ0b2tlbl90eXBlIjoicmVmcmVzaCIsImV4cCI6MTU2OTkwODk1NCwianRpIjoiMzkxMjk3ODkxYzVlNGNkYzkwZDRlZjRhNGUxMDM5ODciLCJ1c2VyX2lkIjoxfQ.kASEJWQSVVPZYmzfHcWc1WSTI49LvlhhOXqOdehuT48","access":"eyJ0eXAiOiJKV1QiLCJhbGciOiJIUzI1NiJ9.eyJ0b2tlbl90eXBlIjoiYWNjZXNzIiwiZXhwIjoxNTY5ODI2MTU0LCJqdGkiOiJmNzczZDk1ODgzMDQ0YWE5OGRmZmE5NTNiY2MxNzQ3YyIsInVzZXJfaWQiOjF9.ulGaE2--Tg63pRxvf40j21_ZKkCbFfGE69kADjzaEd8"},"code":20000,"message":"success"}
2019-09-30 13:49:14,840 INFO response is : {"data":{"refresh":"eyJ0eXAiOiJKV1QiLCJhbGciOiJIUzI1NiJ9.eyJ0b2tlbl90eXBlIjoicmVmcmVzaCIsImV4cCI6MTU2OTkwODk1NCwianRpIjoiMzkxMjk3ODkxYzVlNGNkYzkwZDRlZjRhNGUxMDM5ODciLCJ1c2VyX2lkIjoxfQ.kASEJWQSVVPZYmzfHcWc1WSTI49LvlhhOXqOdehuT48","access":"eyJ0eXAiOiJKV1QiLCJhbGciOiJIUzI1NiJ9.eyJ0b2tlbl90eXBlIjoiYWNjZXNzIiwiZXhwIjoxNTY5ODI2MTU0LCJqdGkiOiJmNzczZDk1ODgzMDQ0YWE5OGRmZmE5NTNiY2MxNzQ3YyIsInVzZXJfaWQiOjF9.ulGaE2--Tg63pRxvf40j21_ZKkCbFfGE69kADjzaEd8"},"code":20000,"message":"success"}
2019-09-30 13:49:14,840 INFO response is : {"data":{"refresh":"eyJ0eXAiOiJKV1QiLCJhbGciOiJIUzI1NiJ9.eyJ0b2tlbl90eXBlIjoicmVmcmVzaCIsImV4cCI6MTU2OTkwODk1NCwianRpIjoiMzkxMjk3ODkxYzVlNGNkYzkwZDRlZjRhNGUxMDM5ODciLCJ1c2VyX2lkIjoxfQ.kASEJWQSVVPZYmzfHcWc1WSTI49LvlhhOXqOdehuT48","access":"eyJ0eXAiOiJKV1QiLCJhbGciOiJIUzI1NiJ9.eyJ0b2tlbl90eXBlIjoiYWNjZXNzIiwiZXhwIjoxNTY5ODI2MTU0LCJqdGkiOiJmNzczZDk1ODgzMDQ0YWE5OGRmZmE5NTNiY2MxNzQ3YyIsInVzZXJfaWQiOjF9.ulGaE2--Tg63pRxvf40j21_ZKkCbFfGE69kADjzaEd8"},"code":20000,"message":"success"}
2019-09-30 13:49:14,840 INFO response is : {"data":{"refresh":"eyJ0eXAiOiJKV1QiLCJhbGciOiJIUzI1NiJ9.eyJ0b2tlbl90eXBlIjoicmVmcmVzaCIsImV4cCI6MTU2OTkwODk1NCwianRpIjoiMzkxMjk3ODkxYzVlNGNkYzkwZDRlZjRhNGUxMDM5ODciLCJ1c2VyX2lkIjoxfQ.kASEJWQSVVPZYmzfHcWc1WSTI49LvlhhOXqOdehuT48","access":"eyJ0eXAiOiJKV1QiLCJhbGciOiJIUzI1NiJ9.eyJ0b2tlbl90eXBlIjoiYWNjZXNzIiwiZXhwIjoxNTY5ODI2MTU0LCJqdGkiOiJmNzczZDk1ODgzMDQ0YWE5OGRmZmE5NTNiY2MxNzQ3YyIsInVzZXJfaWQiOjF9.ulGaE2--Tg63pRxvf40j21_ZKkCbFfGE69kADjzaEd8"},"code":20000,"message":"success"}
2019-09-30 13:49:14,840 INFO response is : {"data":{"refresh":"eyJ0eXAiOiJKV1QiLCJhbGciOiJIUzI1NiJ9.eyJ0b2tlbl90eXBlIjoicmVmcmVzaCIsImV4cCI6MTU2OTkwODk1NCwianRpIjoiMzkxMjk3ODkxYzVlNGNkYzkwZDRlZjRhNGUxMDM5ODciLCJ1c2VyX2lkIjoxfQ.kASEJWQSVVPZYmzfHcWc1WSTI49LvlhhOXqOdehuT48","access":"eyJ0eXAiOiJKV1QiLCJhbGciOiJIUzI1NiJ9.eyJ0b2tlbl90eXBlIjoiYWNjZXNzIiwiZXhwIjoxNTY5ODI2MTU0LCJqdGkiOiJmNzczZDk1ODgzMDQ0YWE5OGRmZmE5NTNiY2MxNzQ3YyIsInVzZXJfaWQiOjF9.ulGaE2--Tg63pRxvf40j21_ZKkCbFfGE69kADjzaEd8"},"code":20000,"message":"success"}
2019-09-30 13:49:14,840 INFO response is : {"data":{"refresh":"eyJ0eXAiOiJKV1QiLCJhbGciOiJIUzI1NiJ9.eyJ0b2tlbl90eXBlIjoicmVmcmVzaCIsImV4cCI6MTU2OTkwODk1NCwianRpIjoiMzkxMjk3ODkxYzVlNGNkYzkwZDRlZjRhNGUxMDM5ODciLCJ1c2VyX2lkIjoxfQ.kASEJWQSVVPZYmzfHcWc1WSTI49LvlhhOXqOdehuT48","access":"eyJ0eXAiOiJKV1QiLCJhbGciOiJIUzI1NiJ9.eyJ0b2tlbl90eXBlIjoiYWNjZXNzIiwiZXhwIjoxNTY5ODI2MTU0LCJqdGkiOiJmNzczZDk1ODgzMDQ0YWE5OGRmZmE5NTNiY2MxNzQ3YyIsInVzZXJfaWQiOjF9.ulGaE2--Tg63pRxvf40j21_ZKkCbFfGE69kADjzaEd8"},"code":20000,"message":"success"}
2019-09-30 13:49:14,840 INFO response is : {"data":{"refresh":"eyJ0eXAiOiJKV1QiLCJhbGciOiJIUzI1NiJ9.eyJ0b2tlbl90eXBlIjoicmVmcmVzaCIsImV4cCI6MTU2OTkwODk1NCwianRpIjoiMzkxMjk3ODkxYzVlNGNkYzkwZDRlZjRhNGUxMDM5ODciLCJ1c2VyX2lkIjoxfQ.kASEJWQSVVPZYmzfHcWc1WSTI49LvlhhOXqOdehuT48","access":"eyJ0eXAiOiJKV1QiLCJhbGciOiJIUzI1NiJ9.eyJ0b2tlbl90eXBlIjoiYWNjZXNzIiwiZXhwIjoxNTY5ODI2MTU0LCJqdGkiOiJmNzczZDk1ODgzMDQ0YWE5OGRmZmE5NTNiY2MxNzQ3YyIsInVzZXJfaWQiOjF9.ulGaE2--Tg63pRxvf40j21_ZKkCbFfGE69kADjzaEd8"},"code":20000,"message":"success"}
2019-09-30 13:49:14,840 INFO response is : {"data":{"refresh":"eyJ0eXAiOiJKV1QiLCJhbGciOiJIUzI1NiJ9.eyJ0b2tlbl90eXBlIjoicmVmcmVzaCIsImV4cCI6MTU2OTkwODk1NCwianRpIjoiMzkxMjk3ODkxYzVlNGNkYzkwZDRlZjRhNGUxMDM5ODciLCJ1c2VyX2lkIjoxfQ.kASEJWQSVVPZYmzfHcWc1WSTI49LvlhhOXqOdehuT48","access":"eyJ0eXAiOiJKV1QiLCJhbGciOiJIUzI1NiJ9.eyJ0b2tlbl90eXBlIjoiYWNjZXNzIiwiZXhwIjoxNTY5ODI2MTU0LCJqdGkiOiJmNzczZDk1ODgzMDQ0YWE5OGRmZmE5NTNiY2MxNzQ3YyIsInVzZXJfaWQiOjF9.ulGaE2--Tg63pRxvf40j21_ZKkCbFfGE69kADjzaEd8"},"code":20000,"message":"success"}
2019-09-30 13:49:14,840 INFO response is : {"data":{"refresh":"eyJ0eXAiOiJKV1QiLCJhbGciOiJIUzI1NiJ9.eyJ0b2tlbl90eXBlIjoicmVmcmVzaCIsImV4cCI6MTU2OTkwODk1NCwianRpIjoiMzkxMjk3ODkxYzVlNGNkYzkwZDRlZjRhNGUxMDM5ODciLCJ1c2VyX2lkIjoxfQ.kASEJWQSVVPZYmzfHcWc1WSTI49LvlhhOXqOdehuT48","access":"eyJ0eXAiOiJKV1QiLCJhbGciOiJIUzI1NiJ9.eyJ0b2tlbl90eXBlIjoiYWNjZXNzIiwiZXhwIjoxNTY5ODI2MTU0LCJqdGkiOiJmNzczZDk1ODgzMDQ0YWE5OGRmZmE5NTNiY2MxNzQ3YyIsInVzZXJfaWQiOjF9.ulGaE2--Tg63pRxvf40j21_ZKkCbFfGE69kADjzaEd8"},"code":20000,"message":"success"}
2019-09-30 13:49:14,840 INFO response is : {"data":{"refresh":"eyJ0eXAiOiJKV1QiLCJhbGciOiJIUzI1NiJ9.eyJ0b2tlbl90eXBlIjoicmVmcmVzaCIsImV4cCI6MTU2OTkwODk1NCwianRpIjoiMzkxMjk3ODkxYzVlNGNkYzkwZDRlZjRhNGUxMDM5ODciLCJ1c2VyX2lkIjoxfQ.kASEJWQSVVPZYmzfHcWc1WSTI49LvlhhOXqOdehuT48","access":"eyJ0eXAiOiJKV1QiLCJhbGciOiJIUzI1NiJ9.eyJ0b2tlbl90eXBlIjoiYWNjZXNzIiwiZXhwIjoxNTY5ODI2MTU0LCJqdGkiOiJmNzczZDk1ODgzMDQ0YWE5OGRmZmE5NTNiY2MxNzQ3YyIsInVzZXJfaWQiOjF9.ulGaE2--Tg63pRxvf40j21_ZKkCbFfGE69kADjzaEd8"},"code":20000,"message":"success"}
2019-09-30 13:49:14,840 INFO response is : {"data":{"refresh":"eyJ0eXAiOiJKV1QiLCJhbGciOiJIUzI1NiJ9.eyJ0b2tlbl90eXBlIjoicmVmcmVzaCIsImV4cCI6MTU2OTkwODk1NCwianRpIjoiMzkxMjk3ODkxYzVlNGNkYzkwZDRlZjRhNGUxMDM5ODciLCJ1c2VyX2lkIjoxfQ.kASEJWQSVVPZYmzfHcWc1WSTI49LvlhhOXqOdehuT48","access":"eyJ0eXAiOiJKV1QiLCJhbGciOiJIUzI1NiJ9.eyJ0b2tlbl90eXBlIjoiYWNjZXNzIiwiZXhwIjoxNTY5ODI2MTU0LCJqdGkiOiJmNzczZDk1ODgzMDQ0YWE5OGRmZmE5NTNiY2MxNzQ3YyIsInVzZXJfaWQiOjF9.ulGaE2--Tg63pRxvf40j21_ZKkCbFfGE69kADjzaEd8"},"code":20000,"message":"success"}
2019-09-30 13:49:14,840 INFO response is : {"data":{"refresh":"eyJ0eXAiOiJKV1QiLCJhbGciOiJIUzI1NiJ9.eyJ0b2tlbl90eXBlIjoicmVmcmVzaCIsImV4cCI6MTU2OTkwODk1NCwianRpIjoiMzkxMjk3ODkxYzVlNGNkYzkwZDRlZjRhNGUxMDM5ODciLCJ1c2VyX2lkIjoxfQ.kASEJWQSVVPZYmzfHcWc1WSTI49LvlhhOXqOdehuT48","access":"eyJ0eXAiOiJKV1QiLCJhbGciOiJIUzI1NiJ9.eyJ0b2tlbl90eXBlIjoiYWNjZXNzIiwiZXhwIjoxNTY5ODI2MTU0LCJqdGkiOiJmNzczZDk1ODgzMDQ0YWE5OGRmZmE5NTNiY2MxNzQ3YyIsInVzZXJfaWQiOjF9.ulGaE2--Tg63pRxvf40j21_ZKkCbFfGE69kADjzaEd8"},"code":20000,"message":"success"}
2019-09-30 13:49:14,840 INFO response is : {"data":{"refresh":"eyJ0eXAiOiJKV1QiLCJhbGciOiJIUzI1NiJ9.eyJ0b2tlbl90eXBlIjoicmVmcmVzaCIsImV4cCI6MTU2OTkwODk1NCwianRpIjoiMzkxMjk3ODkxYzVlNGNkYzkwZDRlZjRhNGUxMDM5ODciLCJ1c2VyX2lkIjoxfQ.kASEJWQSVVPZYmzfHcWc1WSTI49LvlhhOXqOdehuT48","access":"eyJ0eXAiOiJKV1QiLCJhbGciOiJIUzI1NiJ9.eyJ0b2tlbl90eXBlIjoiYWNjZXNzIiwiZXhwIjoxNTY5ODI2MTU0LCJqdGkiOiJmNzczZDk1ODgzMDQ0YWE5OGRmZmE5NTNiY2MxNzQ3YyIsInVzZXJfaWQiOjF9.ulGaE2--Tg63pRxvf40j21_ZKkCbFfGE69kADjzaEd8"},"code":20000,"message":"success"}
2019-09-30 13:49:14,840 INFO response is : {"data":{"refresh":"eyJ0eXAiOiJKV1QiLCJhbGciOiJIUzI1NiJ9.eyJ0b2tlbl90eXBlIjoicmVmcmVzaCIsImV4cCI6MTU2OTkwODk1NCwianRpIjoiMzkxMjk3ODkxYzVlNGNkYzkwZDRlZjRhNGUxMDM5ODciLCJ1c2VyX2lkIjoxfQ.kASEJWQSVVPZYmzfHcWc1WSTI49LvlhhOXqOdehuT48","access":"eyJ0eXAiOiJKV1QiLCJhbGciOiJIUzI1NiJ9.eyJ0b2tlbl90eXBlIjoiYWNjZXNzIiwiZXhwIjoxNTY5ODI2MTU0LCJqdGkiOiJmNzczZDk1ODgzMDQ0YWE5OGRmZmE5NTNiY2MxNzQ3YyIsInVzZXJfaWQiOjF9.ulGaE2--Tg63pRxvf40j21_ZKkCbFfGE69kADjzaEd8"},"code":20000,"message":"success"}
2019-09-30 13:49:15,384 INFO Opening browser 'chrome' to base url 'http://localhost:9527'.
2019-09-30 13:49:15,384 INFO Opening browser 'chrome' to base url 'http://localhost:9527'.
2019-09-30 13:49:15,384 INFO Opening browser 'chrome' to base url 'http://localhost:9527'.
2019-09-30 13:49:15,384 INFO Opening browser 'chrome' to base url 'http://localhost:9527'.
2019-09-30 13:49:15,384 INFO Opening browser 'chrome' to base url 'http://localhost:9527'.
2019-09-30 13:49:15,384 INFO Opening browser 'chrome' to base url 'http://localhost:9527'.
2019-09-30 13:49:15,384 INFO Opening browser 'chrome' to base url 'http://localhost:9527'.
2019-09-30 13:49:15,384 INFO Opening browser 'chrome' to base url 'http://localhost:9527'.
2019-09-30 13:49:15,384 INFO Opening browser 'chrome' to base url 'http://localhost:9527'.
2019-09-30 13:49:15,384 INFO Opening browser 'chrome' to base url 'http://localhost:9527'.
2019-09-30 13:49:15,384 INFO Opening browser 'chrome' to base url 'http://localhost:9527'.
2019-09-30 13:49:15,384 INFO Opening browser 'chrome' to base url 'http://localhost:9527'.
2019-09-30 13:49:15,384 INFO Opening browser 'chrome' to base url 'http://localhost:9527'.
2019-09-30 13:49:15,384 INFO Opening browser 'chrome' to base url 'http://localhost:9527'.
2019-09-30 13:49:15,384 INFO Opening browser 'chrome' to base url 'http://localhost:9527'.
2019-09-30 13:49:15,384 INFO Opening browser 'chrome' to base url 'http://localhost:9527'.
2019-09-30 13:49:15,384 INFO Opening browser 'chrome' to base url 'http://localhost:9527'.
2019-09-30 13:49:21,799 DEBUG Opened browser with session id a0a061e86faf3b25ba0aff83cda5b38d.
2019-09-30 13:49:21,799 DEBUG Opened browser with session id a0a061e86faf3b25ba0aff83cda5b38d.
2019-09-30 13:49:21,799 DEBUG Opened browser with session id a0a061e86faf3b25ba0aff83cda5b38d.
2019-09-30 13:49:21,799 DEBUG Opened browser with session id a0a061e86faf3b25ba0aff83cda5b38d.
2019-09-30 13:49:21,799 DEBUG Opened browser with session id a0a061e86faf3b25ba0aff83cda5b38d.
2019-09-30 13:49:21,799 DEBUG Opened browser with session id a0a061e86faf3b25ba0aff83cda5b38d.
2019-09-30 13:49:21,799 DEBUG Opened browser with session id a0a061e86faf3b25ba0aff83cda5b38d.
2019-09-30 13:49:21,799 DEBUG Opened browser with session id a0a061e86faf3b25ba0aff83cda5b38d.
2019-09-30 13:49:21,799 DEBUG Opened browser with session id a0a061e86faf3b25ba0aff83cda5b38d.
2019-09-30 13:49:21,799 DEBUG Opened browser with session id a0a061e86faf3b25ba0aff83cda5b38d.
2019-09-30 13:49:21,799 DEBUG Opened browser with session id a0a061e86faf3b25ba0aff83cda5b38d.
2019-09-30 13:49:21,799 DEBUG Opened browser with session id a0a061e86faf3b25ba0aff83cda5b38d.
2019-09-30 13:49:21,799 DEBUG Opened browser with session id a0a061e86faf3b25ba0aff83cda5b38d.
2019-09-30 13:49:21,799 DEBUG Opened browser with session id a0a061e86faf3b25ba0aff83cda5b38d.
2019-09-30 13:49:21,799 DEBUG Opened browser with session id a0a061e86faf3b25ba0aff83cda5b38d.
2019-09-30 13:49:21,799 DEBUG Opened browser with session id a0a061e86faf3b25ba0aff83cda5b38d.
2019-09-30 13:49:21,799 DEBUG Opened browser with session id a0a061e86faf3b25ba0aff83cda5b38d.
2019-09-30 13:49:21,803 INFO 1
2019-09-30 13:49:21,803 INFO 1
2019-09-30 13:49:21,803 INFO 1
2019-09-30 13:49:21,803 INFO 1
2019-09-30 13:49:21,803 INFO 1
2019-09-30 13:49:21,803 INFO 1
2019-09-30 13:49:21,803 INFO 1
2019-09-30 13:49:21,803 INFO 1
2019-09-30 13:49:21,803 INFO 1
2019-09-30 13:49:21,803 INFO 1
2019-09-30 13:49:21,803 INFO 1
2019-09-30 13:49:21,803 INFO 1
2019-09-30 13:49:21,803 INFO 1
2019-09-30 13:49:21,803 INFO 1
2019-09-30 13:49:21,803 INFO 1
2019-09-30 13:49:21,803 INFO 1
2019-09-30 13:49:21,803 INFO 1
2019-09-30 13:49:21,803 INFO 1
2019-09-30 13:49:21,806 INFO Typing text 'admin' into text field 'name=username'.
2019-09-30 13:49:21,806 INFO Typing text 'admin' into text field 'name=username'.
2019-09-30 13:49:21,806 INFO Typing text 'admin' into text field 'name=username'.
2019-09-30 13:49:21,806 INFO Typing text 'admin' into text field 'name=username'.
2019-09-30 13:49:21,806 INFO Typing text 'admin' into text field 'name=username'.
2019-09-30 13:49:21,806 INFO Typing text 'admin' into text field 'name=username'.
2019-09-30 13:49:21,806 INFO Typing text 'admin' into text field 'name=username'.
2019-09-30 13:49:21,806 INFO Typing text 'admin' into text field 'name=username'.
2019-09-30 13:49:21,806 INFO Typing text 'admin' into text field 'name=username'.
2019-09-30 13:49:21,806 INFO Typing text 'admin' into text field 'name=username'.
2019-09-30 13:49:21,806 INFO Typing text 'admin' into text field 'name=username'.
2019-09-30 13:49:21,806 INFO Typing text 'admin' into text field 'name=username'.
2019-09-30 13:49:21,806 INFO Typing text 'admin' into text field 'name=username'.
2019-09-30 13:49:21,806 INFO Typing text 'admin' into text field 'name=username'.
2019-09-30 13:49:21,806 INFO Typing text 'admin' into text field 'name=username'.
2019-09-30 13:49:21,806 INFO Typing text 'admin' into text field 'name=username'.
2019-09-30 13:49:21,806 INFO Typing text 'admin' into text field 'name=username'.
2019-09-30 13:49:21,806 INFO Typing text 'admin' into text field 'name=username'.
2019-09-30 13:49:22,382 INFO None
2019-09-30 13:49:22,382 INFO None
2019-09-30 13:49:22,382 INFO None
2019-09-30 13:49:22,382 INFO None
2019-09-30 13:49:22,382 INFO None
2019-09-30 13:49:22,382 INFO None
2019-09-30 13:49:22,382 INFO None
2019-09-30 13:49:22,382 INFO None
2019-09-30 13:49:22,382 INFO None
2019-09-30 13:49:22,382 INFO None
2019-09-30 13:49:22,382 INFO None
2019-09-30 13:49:22,382 INFO None
2019-09-30 13:49:22,382 INFO None
2019-09-30 13:49:22,382 INFO None
2019-09-30 13:49:22,382 INFO None
2019-09-30 13:49:22,382 INFO None
2019-09-30 13:49:22,382 INFO None
2019-09-30 13:49:22,382 INFO None
2019-09-30 13:49:22,382 INFO None
2019-09-30 13:49:22,446 INFO Typing text 'admin' into text field 'name=password'.
2019-09-30 13:49:22,446 INFO Typing text 'admin' into text field 'name=password'.
2019-09-30 13:49:22,446 INFO Typing text 'admin' into text field 'name=password'.
2019-09-30 13:49:22,446 INFO Typing text 'admin' into text field 'name=password'.
2019-09-30 13:49:22,446 INFO Typing text 'admin' into text field 'name=password'.
2019-09-30 13:49:22,446 INFO Typing text 'admin' into text field 'name=password'.
2019-09-30 13:49:22,446 INFO Typing text 'admin' into text field 'name=password'.
2019-09-30 13:49:22,446 INFO Typing text 'admin' into text field 'name=password'.
2019-09-30 13:49:22,446 INFO Typing text 'admin' into text field 'name=password'.
2019-09-30 13:49:22,446 INFO Typing text 'admin' into text field 'name=password'.
2019-09-30 13:49:22,446 INFO Typing text 'admin' into text field 'name=password'.
2019-09-30 13:49:22,446 INFO Typing text 'admin' into text field 'name=password'.
2019-09-30 13:49:22,446 INFO Typing text 'admin' into text field 'name=password'.
2019-09-30 13:49:22,446 INFO Typing text 'admin' into text field 'name=password'.
2019-09-30 13:49:22,446 INFO Typing text 'admin' into text field 'name=password'.
2019-09-30 13:49:22,446 INFO Typing text 'admin' into text field 'name=password'.
2019-09-30 13:49:22,446 INFO Typing text 'admin' into text field 'name=password'.
2019-09-30 13:49:22,446 INFO Typing text 'admin' into text field 'name=password'.
2019-09-30 13:49:22,446 INFO Typing text 'admin' into text field 'name=password'.
2019-09-30 13:49:22,800 INFO None
2019-09-30 13:49:22,800 INFO None
2019-09-30 13:49:22,800 INFO None
2019-09-30 13:49:22,800 INFO None
2019-09-30 13:49:22,800 INFO None
2019-09-30 13:49:22,800 INFO None
2019-09-30 13:49:22,800 INFO None
2019-09-30 13:49:22,800 INFO None
2019-09-30 13:49:22,800 INFO None
2019-09-30 13:49:22,800 INFO None
2019-09-30 13:49:22,800 INFO None
2019-09-30 13:49:22,800 INFO None
2019-09-30 13:49:22,800 INFO None
2019-09-30 13:49:22,800 INFO None
2019-09-30 13:49:22,800 INFO None
2019-09-30 13:49:22,800 INFO None
2019-09-30 13:49:22,800 INFO None
2019-09-30 13:49:22,800 INFO None
2019-09-30 13:49:22,800 INFO None
2019-09-30 13:49:22,800 INFO None
2019-09-30 13:49:22,802 INFO Clicking button 'id=login_button'.
2019-09-30 13:49:22,802 INFO Clicking button 'id=login_button'.
2019-09-30 13:49:22,802 INFO Clicking button 'id=login_button'.
2019-09-30 13:49:22,802 INFO Clicking button 'id=login_button'.
2019-09-30 13:49:22,802 INFO Clicking button 'id=login_button'.
2019-09-30 13:49:22,802 INFO Clicking button 'id=login_button'.
2019-09-30 13:49:22,802 INFO Clicking button 'id=login_button'.
2019-09-30 13:49:22,802 INFO Clicking button 'id=login_button'.
2019-09-30 13:49:22,802 INFO Clicking button 'id=login_button'.
2019-09-30 13:49:22,802 INFO Clicking button 'id=login_button'.
2019-09-30 13:49:22,802 INFO Clicking button 'id=login_button'.
2019-09-30 13:49:22,802 INFO Clicking button 'id=login_button'.
2019-09-30 13:49:22,802 INFO Clicking button 'id=login_button'.
2019-09-30 13:49:22,802 INFO Clicking button 'id=login_button'.
2019-09-30 13:49:22,802 INFO Clicking button 'id=login_button'.
2019-09-30 13:49:22,802 INFO Clicking button 'id=login_button'.
2019-09-30 13:49:22,802 INFO Clicking button 'id=login_button'.
2019-09-30 13:49:22,802 INFO Clicking button 'id=login_button'.
2019-09-30 13:49:22,802 INFO Clicking button 'id=login_button'.
2019-09-30 13:49:22,802 INFO Clicking button 'id=login_button'.
2019-09-30 13:49:23,016 INFO None
2019-09-30 13:49:23,016 INFO None
2019-09-30 13:49:23,016 INFO None
2019-09-30 13:49:23,016 INFO None
2019-09-30 13:49:23,016 INFO None
2019-09-30 13:49:23,016 INFO None
2019-09-30 13:49:23,016 INFO None
2019-09-30 13:49:23,016 INFO None
2019-09-30 13:49:23,016 INFO None
2019-09-30 13:49:23,016 INFO None
2019-09-30 13:49:23,016 INFO None
2019-09-30 13:49:23,016 INFO None
2019-09-30 13:49:23,016 INFO None
2019-09-30 13:49:23,016 INFO None
2019-09-30 13:49:23,016 INFO None
2019-09-30 13:49:23,016 INFO None
2019-09-30 13:49:23,016 INFO None
2019-09-30 13:49:23,016 INFO None
2019-09-30 13:49:23,016 INFO None
2019-09-30 13:49:23,016 INFO None
2019-09-30 13:49:23,016 INFO None
2019-09-30 13:49:23,019 DEBUG Closing browser with session id a0a061e86faf3b25ba0aff83cda5b38d.
2019-09-30 13:49:23,019 DEBUG Closing browser with session id a0a061e86faf3b25ba0aff83cda5b38d.
2019-09-30 13:49:23,019 DEBUG Closing browser with session id a0a061e86faf3b25ba0aff83cda5b38d.
2019-09-30 13:49:23,019 DEBUG Closing browser with session id a0a061e86faf3b25ba0aff83cda5b38d.
2019-09-30 13:49:23,019 DEBUG Closing browser with session id a0a061e86faf3b25ba0aff83cda5b38d.
2019-09-30 13:49:23,019 DEBUG Closing browser with session id a0a061e86faf3b25ba0aff83cda5b38d.
2019-09-30 13:49:23,019 DEBUG Closing browser with session id a0a061e86faf3b25ba0aff83cda5b38d.
2019-09-30 13:49:23,019 DEBUG Closing browser with session id a0a061e86faf3b25ba0aff83cda5b38d.
2019-09-30 13:49:23,019 DEBUG Closing browser with session id a0a061e86faf3b25ba0aff83cda5b38d.
2019-09-30 13:49:23,019 DEBUG Closing browser with session id a0a061e86faf3b25ba0aff83cda5b38d.
2019-09-30 13:49:23,019 DEBUG Closing browser with session id a0a061e86faf3b25ba0aff83cda5b38d.
2019-09-30 13:49:23,019 DEBUG Closing browser with session id a0a061e86faf3b25ba0aff83cda5b38d.
2019-09-30 13:49:23,019 DEBUG Closing browser with session id a0a061e86faf3b25ba0aff83cda5b38d.
2019-09-30 13:49:23,019 DEBUG Closing browser with session id a0a061e86faf3b25ba0aff83cda5b38d.
2019-09-30 13:49:23,019 DEBUG Closing browser with session id a0a061e86faf3b25ba0aff83cda5b38d.
2019-09-30 13:49:23,019 DEBUG Closing browser with session id a0a061e86faf3b25ba0aff83cda5b38d.
2019-09-30 13:49:23,019 DEBUG Closing browser with session id a0a061e86faf3b25ba0aff83cda5b38d.
2019-09-30 13:49:23,019 DEBUG Closing browser with session id a0a061e86faf3b25ba0aff83cda5b38d.
2019-09-30 13:49:23,019 DEBUG Closing browser with session id a0a061e86faf3b25ba0aff83cda5b38d.
2019-09-30 13:49:23,019 DEBUG Closing browser with session id a0a061e86faf3b25ba0aff83cda5b38d.
2019-09-30 13:49:23,019 DEBUG Closing browser with session id a0a061e86faf3b25ba0aff83cda5b38d.
2019-09-30 13:49:23,301 INFO None
2019-09-30 13:49:23,301 INFO None
2019-09-30 13:49:23,301 INFO None
2019-09-30 13:49:23,301 INFO None
2019-09-30 13:49:23,301 INFO None
2019-09-30 13:49:23,301 INFO None
2019-09-30 13:49:23,301 INFO None
2019-09-30 13:49:23,301 INFO None
2019-09-30 13:49:23,301 INFO None
2019-09-30 13:49:23,301 INFO None
2019-09-30 13:49:23,301 INFO None
2019-09-30 13:49:23,301 INFO None
2019-09-30 13:49:23,301 INFO None
2019-09-30 13:49:23,301 INFO None
2019-09-30 13:49:23,301 INFO None
2019-09-30 13:49:23,301 INFO None
2019-09-30 13:49:23,301 INFO None
2019-09-30 13:49:23,301 INFO None
2019-09-30 13:49:23,301 INFO None
2019-09-30 13:49:23,301 INFO None
2019-09-30 13:49:23,301 INFO None
2019-09-30 13:49:23,301 INFO None
2019-10-16 10:51:11,958 INFO 开始执行测试,报告输出模式text
2019-10-16 10:51:11,960 INFO in login！
2019-10-16 10:51:11,960 INFO in login！
2019-10-16 10:51:12,724 INFO response is : <Response [200]>
2019-10-16 10:51:12,724 INFO response is : <Response [200]>
2019-10-16 10:51:12,724 INFO response is : <Response [200]>
2019-10-16 10:51:12,726 INFO response is : {"data":{"refresh":"eyJ0eXAiOiJKV1QiLCJhbGciOiJIUzI1NiJ9.eyJ0b2tlbl90eXBlIjoicmVmcmVzaCIsImV4cCI6MTU3MTI4MDY3MiwianRpIjoiZWI5NGY5ZTVkYThmNDAyMzkzNWNiYzYzNDgwYTdhYzAiLCJ1c2VyX2lkIjoxfQ.HNJyvYIOM0tS0BVo2y3S7Q8X6kN7yQTxIc1q84o61B0","access":"eyJ0eXAiOiJKV1QiLCJhbGciOiJIUzI1NiJ9.eyJ0b2tlbl90eXBlIjoiYWNjZXNzIiwiZXhwIjoxNTcxMTk3ODcyLCJqdGkiOiIyNzk3YjZlNjk0ZmU0MDU5ODIxOGZhNzI1NDVlNTIwMCIsInVzZXJfaWQiOjF9.pCVuNlVBknZG9SH8rMKydwBPAKs7UcxXpGB-9VaiWAk"},"code":20000,"message":"success"}
2019-10-16 10:51:12,726 INFO response is : {"data":{"refresh":"eyJ0eXAiOiJKV1QiLCJhbGciOiJIUzI1NiJ9.eyJ0b2tlbl90eXBlIjoicmVmcmVzaCIsImV4cCI6MTU3MTI4MDY3MiwianRpIjoiZWI5NGY5ZTVkYThmNDAyMzkzNWNiYzYzNDgwYTdhYzAiLCJ1c2VyX2lkIjoxfQ.HNJyvYIOM0tS0BVo2y3S7Q8X6kN7yQTxIc1q84o61B0","access":"eyJ0eXAiOiJKV1QiLCJhbGciOiJIUzI1NiJ9.eyJ0b2tlbl90eXBlIjoiYWNjZXNzIiwiZXhwIjoxNTcxMTk3ODcyLCJqdGkiOiIyNzk3YjZlNjk0ZmU0MDU5ODIxOGZhNzI1NDVlNTIwMCIsInVzZXJfaWQiOjF9.pCVuNlVBknZG9SH8rMKydwBPAKs7UcxXpGB-9VaiWAk"},"code":20000,"message":"success"}
2019-10-16 10:51:12,726 INFO response is : {"data":{"refresh":"eyJ0eXAiOiJKV1QiLCJhbGciOiJIUzI1NiJ9.eyJ0b2tlbl90eXBlIjoicmVmcmVzaCIsImV4cCI6MTU3MTI4MDY3MiwianRpIjoiZWI5NGY5ZTVkYThmNDAyMzkzNWNiYzYzNDgwYTdhYzAiLCJ1c2VyX2lkIjoxfQ.HNJyvYIOM0tS0BVo2y3S7Q8X6kN7yQTxIc1q84o61B0","access":"eyJ0eXAiOiJKV1QiLCJhbGciOiJIUzI1NiJ9.eyJ0b2tlbl90eXBlIjoiYWNjZXNzIiwiZXhwIjoxNTcxMTk3ODcyLCJqdGkiOiIyNzk3YjZlNjk0ZmU0MDU5ODIxOGZhNzI1NDVlNTIwMCIsInVzZXJfaWQiOjF9.pCVuNlVBknZG9SH8rMKydwBPAKs7UcxXpGB-9VaiWAk"},"code":20000,"message":"success"}
2019-10-16 10:51:12,726 INFO response is : {"data":{"refresh":"eyJ0eXAiOiJKV1QiLCJhbGciOiJIUzI1NiJ9.eyJ0b2tlbl90eXBlIjoicmVmcmVzaCIsImV4cCI6MTU3MTI4MDY3MiwianRpIjoiZWI5NGY5ZTVkYThmNDAyMzkzNWNiYzYzNDgwYTdhYzAiLCJ1c2VyX2lkIjoxfQ.HNJyvYIOM0tS0BVo2y3S7Q8X6kN7yQTxIc1q84o61B0","access":"eyJ0eXAiOiJKV1QiLCJhbGciOiJIUzI1NiJ9.eyJ0b2tlbl90eXBlIjoiYWNjZXNzIiwiZXhwIjoxNTcxMTk3ODcyLCJqdGkiOiIyNzk3YjZlNjk0ZmU0MDU5ODIxOGZhNzI1NDVlNTIwMCIsInVzZXJfaWQiOjF9.pCVuNlVBknZG9SH8rMKydwBPAKs7UcxXpGB-9VaiWAk"},"code":20000,"message":"success"}
2019-10-16 10:51:12,727 INFO in getUserinfo heasers is :{'Content-Type': 'application/json', 'Authorization': 'Bearer eyJ0eXAiOiJKV1QiLCJhbGciOiJIUzI1NiJ9.eyJ0b2tlbl90eXBlIjoiYWNjZXNzIiwiZXhwIjoxNTcxMTk3ODcyLCJqdGkiOiIyNzk3YjZlNjk0ZmU0MDU5ODIxOGZhNzI1NDVlNTIwMCIsInVzZXJfaWQiOjF9.pCVuNlVBknZG9SH8rMKydwBPAKs7UcxXpGB-9VaiWAk'}
2019-10-16 10:51:12,727 INFO in getUserinfo heasers is :{'Content-Type': 'application/json', 'Authorization': 'Bearer eyJ0eXAiOiJKV1QiLCJhbGciOiJIUzI1NiJ9.eyJ0b2tlbl90eXBlIjoiYWNjZXNzIiwiZXhwIjoxNTcxMTk3ODcyLCJqdGkiOiIyNzk3YjZlNjk0ZmU0MDU5ODIxOGZhNzI1NDVlNTIwMCIsInVzZXJfaWQiOjF9.pCVuNlVBknZG9SH8rMKydwBPAKs7UcxXpGB-9VaiWAk'}
2019-10-16 10:51:12,727 INFO in getUserinfo heasers is :{'Content-Type': 'application/json', 'Authorization': 'Bearer eyJ0eXAiOiJKV1QiLCJhbGciOiJIUzI1NiJ9.eyJ0b2tlbl90eXBlIjoiYWNjZXNzIiwiZXhwIjoxNTcxMTk3ODcyLCJqdGkiOiIyNzk3YjZlNjk0ZmU0MDU5ODIxOGZhNzI1NDVlNTIwMCIsInVzZXJfaWQiOjF9.pCVuNlVBknZG9SH8rMKydwBPAKs7UcxXpGB-9VaiWAk'}
2019-10-16 10:51:12,727 INFO in getUserinfo heasers is :{'Content-Type': 'application/json', 'Authorization': 'Bearer eyJ0eXAiOiJKV1QiLCJhbGciOiJIUzI1NiJ9.eyJ0b2tlbl90eXBlIjoiYWNjZXNzIiwiZXhwIjoxNTcxMTk3ODcyLCJqdGkiOiIyNzk3YjZlNjk0ZmU0MDU5ODIxOGZhNzI1NDVlNTIwMCIsInVzZXJfaWQiOjF9.pCVuNlVBknZG9SH8rMKydwBPAKs7UcxXpGB-9VaiWAk'}
2019-10-16 10:51:12,727 INFO in getUserinfo heasers is :{'Content-Type': 'application/json', 'Authorization': 'Bearer eyJ0eXAiOiJKV1QiLCJhbGciOiJIUzI1NiJ9.eyJ0b2tlbl90eXBlIjoiYWNjZXNzIiwiZXhwIjoxNTcxMTk3ODcyLCJqdGkiOiIyNzk3YjZlNjk0ZmU0MDU5ODIxOGZhNzI1NDVlNTIwMCIsInVzZXJfaWQiOjF9.pCVuNlVBknZG9SH8rMKydwBPAKs7UcxXpGB-9VaiWAk'}
2019-10-16 10:51:13,134 INFO response is : <Response [200]>
2019-10-16 10:51:13,134 INFO response is : <Response [200]>
2019-10-16 10:51:13,134 INFO response is : <Response [200]>
2019-10-16 10:51:13,134 INFO response is : <Response [200]>
2019-10-16 10:51:13,134 INFO response is : <Response [200]>
2019-10-16 10:51:13,134 INFO response is : <Response [200]>
2019-10-16 10:51:13,135 INFO <Response [200]>
2019-10-16 10:51:13,135 INFO <Response [200]>
2019-10-16 10:51:13,135 INFO <Response [200]>
2019-10-16 10:51:13,135 INFO <Response [200]>
2019-10-16 10:51:13,135 INFO <Response [200]>
2019-10-16 10:51:13,135 INFO <Response [200]>
2019-10-16 10:51:13,135 INFO <Response [200]>
2019-10-16 10:51:13,137 INFO in login！
2019-10-16 10:51:13,137 INFO in login！
2019-10-16 10:51:13,137 INFO in login！
2019-10-16 10:51:13,137 INFO in login！
2019-10-16 10:51:13,137 INFO in login！
2019-10-16 10:51:13,137 INFO in login！
2019-10-16 10:51:13,137 INFO in login！
2019-10-16 10:51:13,137 INFO in login！
2019-10-16 10:51:13,690 INFO response is : <Response [200]>
2019-10-16 10:51:13,690 INFO response is : <Response [200]>
2019-10-16 10:51:13,690 INFO response is : <Response [200]>
2019-10-16 10:51:13,690 INFO response is : <Response [200]>
2019-10-16 10:51:13,690 INFO response is : <Response [200]>
2019-10-16 10:51:13,690 INFO response is : <Response [200]>
2019-10-16 10:51:13,690 INFO response is : <Response [200]>
2019-10-16 10:51:13,690 INFO response is : <Response [200]>
2019-10-16 10:51:13,690 INFO response is : <Response [200]>
2019-10-16 10:51:13,691 INFO response is : {"data":{"refresh":"eyJ0eXAiOiJKV1QiLCJhbGciOiJIUzI1NiJ9.eyJ0b2tlbl90eXBlIjoicmVmcmVzaCIsImV4cCI6MTU3MTI4MDY3MywianRpIjoiNDBmZjA3OWY4YzMxNGI5MTk3YzlmMTFjMmM3ZjQ4YzIiLCJ1c2VyX2lkIjoxfQ.SWeX6yin8nFJzmGRFfxcGe89KBerSSibopaD_m2G0Zg","access":"eyJ0eXAiOiJKV1QiLCJhbGciOiJIUzI1NiJ9.eyJ0b2tlbl90eXBlIjoiYWNjZXNzIiwiZXhwIjoxNTcxMTk3ODczLCJqdGkiOiIxYTY2NzZlODYwYmQ0ZjAyOTc2Yjc5NjZkNDRkZDY2MyIsInVzZXJfaWQiOjF9.iI9AeICUspwBnrhLhmNBSWRaNiJGLnuyPmyDqWXkXm4"},"code":20000,"message":"success"}
2019-10-16 10:51:13,691 INFO response is : {"data":{"refresh":"eyJ0eXAiOiJKV1QiLCJhbGciOiJIUzI1NiJ9.eyJ0b2tlbl90eXBlIjoicmVmcmVzaCIsImV4cCI6MTU3MTI4MDY3MywianRpIjoiNDBmZjA3OWY4YzMxNGI5MTk3YzlmMTFjMmM3ZjQ4YzIiLCJ1c2VyX2lkIjoxfQ.SWeX6yin8nFJzmGRFfxcGe89KBerSSibopaD_m2G0Zg","access":"eyJ0eXAiOiJKV1QiLCJhbGciOiJIUzI1NiJ9.eyJ0b2tlbl90eXBlIjoiYWNjZXNzIiwiZXhwIjoxNTcxMTk3ODczLCJqdGkiOiIxYTY2NzZlODYwYmQ0ZjAyOTc2Yjc5NjZkNDRkZDY2MyIsInVzZXJfaWQiOjF9.iI9AeICUspwBnrhLhmNBSWRaNiJGLnuyPmyDqWXkXm4"},"code":20000,"message":"success"}
2019-10-16 10:51:13,691 INFO response is : {"data":{"refresh":"eyJ0eXAiOiJKV1QiLCJhbGciOiJIUzI1NiJ9.eyJ0b2tlbl90eXBlIjoicmVmcmVzaCIsImV4cCI6MTU3MTI4MDY3MywianRpIjoiNDBmZjA3OWY4YzMxNGI5MTk3YzlmMTFjMmM3ZjQ4YzIiLCJ1c2VyX2lkIjoxfQ.SWeX6yin8nFJzmGRFfxcGe89KBerSSibopaD_m2G0Zg","access":"eyJ0eXAiOiJKV1QiLCJhbGciOiJIUzI1NiJ9.eyJ0b2tlbl90eXBlIjoiYWNjZXNzIiwiZXhwIjoxNTcxMTk3ODczLCJqdGkiOiIxYTY2NzZlODYwYmQ0ZjAyOTc2Yjc5NjZkNDRkZDY2MyIsInVzZXJfaWQiOjF9.iI9AeICUspwBnrhLhmNBSWRaNiJGLnuyPmyDqWXkXm4"},"code":20000,"message":"success"}
2019-10-16 10:51:13,691 INFO response is : {"data":{"refresh":"eyJ0eXAiOiJKV1QiLCJhbGciOiJIUzI1NiJ9.eyJ0b2tlbl90eXBlIjoicmVmcmVzaCIsImV4cCI6MTU3MTI4MDY3MywianRpIjoiNDBmZjA3OWY4YzMxNGI5MTk3YzlmMTFjMmM3ZjQ4YzIiLCJ1c2VyX2lkIjoxfQ.SWeX6yin8nFJzmGRFfxcGe89KBerSSibopaD_m2G0Zg","access":"eyJ0eXAiOiJKV1QiLCJhbGciOiJIUzI1NiJ9.eyJ0b2tlbl90eXBlIjoiYWNjZXNzIiwiZXhwIjoxNTcxMTk3ODczLCJqdGkiOiIxYTY2NzZlODYwYmQ0ZjAyOTc2Yjc5NjZkNDRkZDY2MyIsInVzZXJfaWQiOjF9.iI9AeICUspwBnrhLhmNBSWRaNiJGLnuyPmyDqWXkXm4"},"code":20000,"message":"success"}
2019-10-16 10:51:13,691 INFO response is : {"data":{"refresh":"eyJ0eXAiOiJKV1QiLCJhbGciOiJIUzI1NiJ9.eyJ0b2tlbl90eXBlIjoicmVmcmVzaCIsImV4cCI6MTU3MTI4MDY3MywianRpIjoiNDBmZjA3OWY4YzMxNGI5MTk3YzlmMTFjMmM3ZjQ4YzIiLCJ1c2VyX2lkIjoxfQ.SWeX6yin8nFJzmGRFfxcGe89KBerSSibopaD_m2G0Zg","access":"eyJ0eXAiOiJKV1QiLCJhbGciOiJIUzI1NiJ9.eyJ0b2tlbl90eXBlIjoiYWNjZXNzIiwiZXhwIjoxNTcxMTk3ODczLCJqdGkiOiIxYTY2NzZlODYwYmQ0ZjAyOTc2Yjc5NjZkNDRkZDY2MyIsInVzZXJfaWQiOjF9.iI9AeICUspwBnrhLhmNBSWRaNiJGLnuyPmyDqWXkXm4"},"code":20000,"message":"success"}
2019-10-16 10:51:13,691 INFO response is : {"data":{"refresh":"eyJ0eXAiOiJKV1QiLCJhbGciOiJIUzI1NiJ9.eyJ0b2tlbl90eXBlIjoicmVmcmVzaCIsImV4cCI6MTU3MTI4MDY3MywianRpIjoiNDBmZjA3OWY4YzMxNGI5MTk3YzlmMTFjMmM3ZjQ4YzIiLCJ1c2VyX2lkIjoxfQ.SWeX6yin8nFJzmGRFfxcGe89KBerSSibopaD_m2G0Zg","access":"eyJ0eXAiOiJKV1QiLCJhbGciOiJIUzI1NiJ9.eyJ0b2tlbl90eXBlIjoiYWNjZXNzIiwiZXhwIjoxNTcxMTk3ODczLCJqdGkiOiIxYTY2NzZlODYwYmQ0ZjAyOTc2Yjc5NjZkNDRkZDY2MyIsInVzZXJfaWQiOjF9.iI9AeICUspwBnrhLhmNBSWRaNiJGLnuyPmyDqWXkXm4"},"code":20000,"message":"success"}
2019-10-16 10:51:13,691 INFO response is : {"data":{"refresh":"eyJ0eXAiOiJKV1QiLCJhbGciOiJIUzI1NiJ9.eyJ0b2tlbl90eXBlIjoicmVmcmVzaCIsImV4cCI6MTU3MTI4MDY3MywianRpIjoiNDBmZjA3OWY4YzMxNGI5MTk3YzlmMTFjMmM3ZjQ4YzIiLCJ1c2VyX2lkIjoxfQ.SWeX6yin8nFJzmGRFfxcGe89KBerSSibopaD_m2G0Zg","access":"eyJ0eXAiOiJKV1QiLCJhbGciOiJIUzI1NiJ9.eyJ0b2tlbl90eXBlIjoiYWNjZXNzIiwiZXhwIjoxNTcxMTk3ODczLCJqdGkiOiIxYTY2NzZlODYwYmQ0ZjAyOTc2Yjc5NjZkNDRkZDY2MyIsInVzZXJfaWQiOjF9.iI9AeICUspwBnrhLhmNBSWRaNiJGLnuyPmyDqWXkXm4"},"code":20000,"message":"success"}
2019-10-16 10:51:13,691 INFO response is : {"data":{"refresh":"eyJ0eXAiOiJKV1QiLCJhbGciOiJIUzI1NiJ9.eyJ0b2tlbl90eXBlIjoicmVmcmVzaCIsImV4cCI6MTU3MTI4MDY3MywianRpIjoiNDBmZjA3OWY4YzMxNGI5MTk3YzlmMTFjMmM3ZjQ4YzIiLCJ1c2VyX2lkIjoxfQ.SWeX6yin8nFJzmGRFfxcGe89KBerSSibopaD_m2G0Zg","access":"eyJ0eXAiOiJKV1QiLCJhbGciOiJIUzI1NiJ9.eyJ0b2tlbl90eXBlIjoiYWNjZXNzIiwiZXhwIjoxNTcxMTk3ODczLCJqdGkiOiIxYTY2NzZlODYwYmQ0ZjAyOTc2Yjc5NjZkNDRkZDY2MyIsInVzZXJfaWQiOjF9.iI9AeICUspwBnrhLhmNBSWRaNiJGLnuyPmyDqWXkXm4"},"code":20000,"message":"success"}
2019-10-16 10:51:13,691 INFO response is : {"data":{"refresh":"eyJ0eXAiOiJKV1QiLCJhbGciOiJIUzI1NiJ9.eyJ0b2tlbl90eXBlIjoicmVmcmVzaCIsImV4cCI6MTU3MTI4MDY3MywianRpIjoiNDBmZjA3OWY4YzMxNGI5MTk3YzlmMTFjMmM3ZjQ4YzIiLCJ1c2VyX2lkIjoxfQ.SWeX6yin8nFJzmGRFfxcGe89KBerSSibopaD_m2G0Zg","access":"eyJ0eXAiOiJKV1QiLCJhbGciOiJIUzI1NiJ9.eyJ0b2tlbl90eXBlIjoiYWNjZXNzIiwiZXhwIjoxNTcxMTk3ODczLCJqdGkiOiIxYTY2NzZlODYwYmQ0ZjAyOTc2Yjc5NjZkNDRkZDY2MyIsInVzZXJfaWQiOjF9.iI9AeICUspwBnrhLhmNBSWRaNiJGLnuyPmyDqWXkXm4"},"code":20000,"message":"success"}
2019-10-16 10:51:13,691 INFO response is : {"data":{"refresh":"eyJ0eXAiOiJKV1QiLCJhbGciOiJIUzI1NiJ9.eyJ0b2tlbl90eXBlIjoicmVmcmVzaCIsImV4cCI6MTU3MTI4MDY3MywianRpIjoiNDBmZjA3OWY4YzMxNGI5MTk3YzlmMTFjMmM3ZjQ4YzIiLCJ1c2VyX2lkIjoxfQ.SWeX6yin8nFJzmGRFfxcGe89KBerSSibopaD_m2G0Zg","access":"eyJ0eXAiOiJKV1QiLCJhbGciOiJIUzI1NiJ9.eyJ0b2tlbl90eXBlIjoiYWNjZXNzIiwiZXhwIjoxNTcxMTk3ODczLCJqdGkiOiIxYTY2NzZlODYwYmQ0ZjAyOTc2Yjc5NjZkNDRkZDY2MyIsInVzZXJfaWQiOjF9.iI9AeICUspwBnrhLhmNBSWRaNiJGLnuyPmyDqWXkXm4"},"code":20000,"message":"success"}
2019-10-16 10:51:13,692 INFO in login！
2019-10-16 10:51:13,692 INFO in login！
2019-10-16 10:51:13,692 INFO in login！
2019-10-16 10:51:13,692 INFO in login！
2019-10-16 10:51:13,692 INFO in login！
2019-10-16 10:51:13,692 INFO in login！
2019-10-16 10:51:13,692 INFO in login！
2019-10-16 10:51:13,692 INFO in login！
2019-10-16 10:51:13,692 INFO in login！
2019-10-16 10:51:13,692 INFO in login！
2019-10-16 10:51:13,692 INFO in login！
2019-10-16 10:51:14,251 INFO response is : <Response [200]>
2019-10-16 10:51:14,251 INFO response is : <Response [200]>
2019-10-16 10:51:14,251 INFO response is : <Response [200]>
2019-10-16 10:51:14,251 INFO response is : <Response [200]>
2019-10-16 10:51:14,251 INFO response is : <Response [200]>
2019-10-16 10:51:14,251 INFO response is : <Response [200]>
2019-10-16 10:51:14,251 INFO response is : <Response [200]>
2019-10-16 10:51:14,251 INFO response is : <Response [200]>
2019-10-16 10:51:14,251 INFO response is : <Response [200]>
2019-10-16 10:51:14,251 INFO response is : <Response [200]>
2019-10-16 10:51:14,251 INFO response is : <Response [200]>
2019-10-16 10:51:14,251 INFO response is : <Response [200]>
2019-10-16 10:51:14,252 INFO response is : {"data":{"refresh":"eyJ0eXAiOiJKV1QiLCJhbGciOiJIUzI1NiJ9.eyJ0b2tlbl90eXBlIjoicmVmcmVzaCIsImV4cCI6MTU3MTI4MDY3NCwianRpIjoiNzRjMWY4NjY1NDBjNGU0MmE2OWNkMmIyOTAwZjg0MDEiLCJ1c2VyX2lkIjoxfQ.0KK4ofrGcmeNJ6QRb6wRVM85O4eGzbVkFO7Hp8MGtYA","access":"eyJ0eXAiOiJKV1QiLCJhbGciOiJIUzI1NiJ9.eyJ0b2tlbl90eXBlIjoiYWNjZXNzIiwiZXhwIjoxNTcxMTk3ODc0LCJqdGkiOiIyMTE1NTdkN2VkMjk0ZjQxYWVkYTEyMWM1ODRhOThhZiIsInVzZXJfaWQiOjF9.ds5gmJcdyF9j-J_gSSbA9Ikxbzwk8RStF5iUsPHhejU"},"code":20000,"message":"success"}
2019-10-16 10:51:14,252 INFO response is : {"data":{"refresh":"eyJ0eXAiOiJKV1QiLCJhbGciOiJIUzI1NiJ9.eyJ0b2tlbl90eXBlIjoicmVmcmVzaCIsImV4cCI6MTU3MTI4MDY3NCwianRpIjoiNzRjMWY4NjY1NDBjNGU0MmE2OWNkMmIyOTAwZjg0MDEiLCJ1c2VyX2lkIjoxfQ.0KK4ofrGcmeNJ6QRb6wRVM85O4eGzbVkFO7Hp8MGtYA","access":"eyJ0eXAiOiJKV1QiLCJhbGciOiJIUzI1NiJ9.eyJ0b2tlbl90eXBlIjoiYWNjZXNzIiwiZXhwIjoxNTcxMTk3ODc0LCJqdGkiOiIyMTE1NTdkN2VkMjk0ZjQxYWVkYTEyMWM1ODRhOThhZiIsInVzZXJfaWQiOjF9.ds5gmJcdyF9j-J_gSSbA9Ikxbzwk8RStF5iUsPHhejU"},"code":20000,"message":"success"}
2019-10-16 10:51:14,252 INFO response is : {"data":{"refresh":"eyJ0eXAiOiJKV1QiLCJhbGciOiJIUzI1NiJ9.eyJ0b2tlbl90eXBlIjoicmVmcmVzaCIsImV4cCI6MTU3MTI4MDY3NCwianRpIjoiNzRjMWY4NjY1NDBjNGU0MmE2OWNkMmIyOTAwZjg0MDEiLCJ1c2VyX2lkIjoxfQ.0KK4ofrGcmeNJ6QRb6wRVM85O4eGzbVkFO7Hp8MGtYA","access":"eyJ0eXAiOiJKV1QiLCJhbGciOiJIUzI1NiJ9.eyJ0b2tlbl90eXBlIjoiYWNjZXNzIiwiZXhwIjoxNTcxMTk3ODc0LCJqdGkiOiIyMTE1NTdkN2VkMjk0ZjQxYWVkYTEyMWM1ODRhOThhZiIsInVzZXJfaWQiOjF9.ds5gmJcdyF9j-J_gSSbA9Ikxbzwk8RStF5iUsPHhejU"},"code":20000,"message":"success"}
2019-10-16 10:51:14,252 INFO response is : {"data":{"refresh":"eyJ0eXAiOiJKV1QiLCJhbGciOiJIUzI1NiJ9.eyJ0b2tlbl90eXBlIjoicmVmcmVzaCIsImV4cCI6MTU3MTI4MDY3NCwianRpIjoiNzRjMWY4NjY1NDBjNGU0MmE2OWNkMmIyOTAwZjg0MDEiLCJ1c2VyX2lkIjoxfQ.0KK4ofrGcmeNJ6QRb6wRVM85O4eGzbVkFO7Hp8MGtYA","access":"eyJ0eXAiOiJKV1QiLCJhbGciOiJIUzI1NiJ9.eyJ0b2tlbl90eXBlIjoiYWNjZXNzIiwiZXhwIjoxNTcxMTk3ODc0LCJqdGkiOiIyMTE1NTdkN2VkMjk0ZjQxYWVkYTEyMWM1ODRhOThhZiIsInVzZXJfaWQiOjF9.ds5gmJcdyF9j-J_gSSbA9Ikxbzwk8RStF5iUsPHhejU"},"code":20000,"message":"success"}
2019-10-16 10:51:14,252 INFO response is : {"data":{"refresh":"eyJ0eXAiOiJKV1QiLCJhbGciOiJIUzI1NiJ9.eyJ0b2tlbl90eXBlIjoicmVmcmVzaCIsImV4cCI6MTU3MTI4MDY3NCwianRpIjoiNzRjMWY4NjY1NDBjNGU0MmE2OWNkMmIyOTAwZjg0MDEiLCJ1c2VyX2lkIjoxfQ.0KK4ofrGcmeNJ6QRb6wRVM85O4eGzbVkFO7Hp8MGtYA","access":"eyJ0eXAiOiJKV1QiLCJhbGciOiJIUzI1NiJ9.eyJ0b2tlbl90eXBlIjoiYWNjZXNzIiwiZXhwIjoxNTcxMTk3ODc0LCJqdGkiOiIyMTE1NTdkN2VkMjk0ZjQxYWVkYTEyMWM1ODRhOThhZiIsInVzZXJfaWQiOjF9.ds5gmJcdyF9j-J_gSSbA9Ikxbzwk8RStF5iUsPHhejU"},"code":20000,"message":"success"}
2019-10-16 10:51:14,252 INFO response is : {"data":{"refresh":"eyJ0eXAiOiJKV1QiLCJhbGciOiJIUzI1NiJ9.eyJ0b2tlbl90eXBlIjoicmVmcmVzaCIsImV4cCI6MTU3MTI4MDY3NCwianRpIjoiNzRjMWY4NjY1NDBjNGU0MmE2OWNkMmIyOTAwZjg0MDEiLCJ1c2VyX2lkIjoxfQ.0KK4ofrGcmeNJ6QRb6wRVM85O4eGzbVkFO7Hp8MGtYA","access":"eyJ0eXAiOiJKV1QiLCJhbGciOiJIUzI1NiJ9.eyJ0b2tlbl90eXBlIjoiYWNjZXNzIiwiZXhwIjoxNTcxMTk3ODc0LCJqdGkiOiIyMTE1NTdkN2VkMjk0ZjQxYWVkYTEyMWM1ODRhOThhZiIsInVzZXJfaWQiOjF9.ds5gmJcdyF9j-J_gSSbA9Ikxbzwk8RStF5iUsPHhejU"},"code":20000,"message":"success"}
2019-10-16 10:51:14,252 INFO response is : {"data":{"refresh":"eyJ0eXAiOiJKV1QiLCJhbGciOiJIUzI1NiJ9.eyJ0b2tlbl90eXBlIjoicmVmcmVzaCIsImV4cCI6MTU3MTI4MDY3NCwianRpIjoiNzRjMWY4NjY1NDBjNGU0MmE2OWNkMmIyOTAwZjg0MDEiLCJ1c2VyX2lkIjoxfQ.0KK4ofrGcmeNJ6QRb6wRVM85O4eGzbVkFO7Hp8MGtYA","access":"eyJ0eXAiOiJKV1QiLCJhbGciOiJIUzI1NiJ9.eyJ0b2tlbl90eXBlIjoiYWNjZXNzIiwiZXhwIjoxNTcxMTk3ODc0LCJqdGkiOiIyMTE1NTdkN2VkMjk0ZjQxYWVkYTEyMWM1ODRhOThhZiIsInVzZXJfaWQiOjF9.ds5gmJcdyF9j-J_gSSbA9Ikxbzwk8RStF5iUsPHhejU"},"code":20000,"message":"success"}
2019-10-16 10:51:14,252 INFO response is : {"data":{"refresh":"eyJ0eXAiOiJKV1QiLCJhbGciOiJIUzI1NiJ9.eyJ0b2tlbl90eXBlIjoicmVmcmVzaCIsImV4cCI6MTU3MTI4MDY3NCwianRpIjoiNzRjMWY4NjY1NDBjNGU0MmE2OWNkMmIyOTAwZjg0MDEiLCJ1c2VyX2lkIjoxfQ.0KK4ofrGcmeNJ6QRb6wRVM85O4eGzbVkFO7Hp8MGtYA","access":"eyJ0eXAiOiJKV1QiLCJhbGciOiJIUzI1NiJ9.eyJ0b2tlbl90eXBlIjoiYWNjZXNzIiwiZXhwIjoxNTcxMTk3ODc0LCJqdGkiOiIyMTE1NTdkN2VkMjk0ZjQxYWVkYTEyMWM1ODRhOThhZiIsInVzZXJfaWQiOjF9.ds5gmJcdyF9j-J_gSSbA9Ikxbzwk8RStF5iUsPHhejU"},"code":20000,"message":"success"}
2019-10-16 10:51:14,252 INFO response is : {"data":{"refresh":"eyJ0eXAiOiJKV1QiLCJhbGciOiJIUzI1NiJ9.eyJ0b2tlbl90eXBlIjoicmVmcmVzaCIsImV4cCI6MTU3MTI4MDY3NCwianRpIjoiNzRjMWY4NjY1NDBjNGU0MmE2OWNkMmIyOTAwZjg0MDEiLCJ1c2VyX2lkIjoxfQ.0KK4ofrGcmeNJ6QRb6wRVM85O4eGzbVkFO7Hp8MGtYA","access":"eyJ0eXAiOiJKV1QiLCJhbGciOiJIUzI1NiJ9.eyJ0b2tlbl90eXBlIjoiYWNjZXNzIiwiZXhwIjoxNTcxMTk3ODc0LCJqdGkiOiIyMTE1NTdkN2VkMjk0ZjQxYWVkYTEyMWM1ODRhOThhZiIsInVzZXJfaWQiOjF9.ds5gmJcdyF9j-J_gSSbA9Ikxbzwk8RStF5iUsPHhejU"},"code":20000,"message":"success"}
2019-10-16 10:51:14,252 INFO response is : {"data":{"refresh":"eyJ0eXAiOiJKV1QiLCJhbGciOiJIUzI1NiJ9.eyJ0b2tlbl90eXBlIjoicmVmcmVzaCIsImV4cCI6MTU3MTI4MDY3NCwianRpIjoiNzRjMWY4NjY1NDBjNGU0MmE2OWNkMmIyOTAwZjg0MDEiLCJ1c2VyX2lkIjoxfQ.0KK4ofrGcmeNJ6QRb6wRVM85O4eGzbVkFO7Hp8MGtYA","access":"eyJ0eXAiOiJKV1QiLCJhbGciOiJIUzI1NiJ9.eyJ0b2tlbl90eXBlIjoiYWNjZXNzIiwiZXhwIjoxNTcxMTk3ODc0LCJqdGkiOiIyMTE1NTdkN2VkMjk0ZjQxYWVkYTEyMWM1ODRhOThhZiIsInVzZXJfaWQiOjF9.ds5gmJcdyF9j-J_gSSbA9Ikxbzwk8RStF5iUsPHhejU"},"code":20000,"message":"success"}
2019-10-16 10:51:14,252 INFO response is : {"data":{"refresh":"eyJ0eXAiOiJKV1QiLCJhbGciOiJIUzI1NiJ9.eyJ0b2tlbl90eXBlIjoicmVmcmVzaCIsImV4cCI6MTU3MTI4MDY3NCwianRpIjoiNzRjMWY4NjY1NDBjNGU0MmE2OWNkMmIyOTAwZjg0MDEiLCJ1c2VyX2lkIjoxfQ.0KK4ofrGcmeNJ6QRb6wRVM85O4eGzbVkFO7Hp8MGtYA","access":"eyJ0eXAiOiJKV1QiLCJhbGciOiJIUzI1NiJ9.eyJ0b2tlbl90eXBlIjoiYWNjZXNzIiwiZXhwIjoxNTcxMTk3ODc0LCJqdGkiOiIyMTE1NTdkN2VkMjk0ZjQxYWVkYTEyMWM1ODRhOThhZiIsInVzZXJfaWQiOjF9.ds5gmJcdyF9j-J_gSSbA9Ikxbzwk8RStF5iUsPHhejU"},"code":20000,"message":"success"}
2019-10-16 10:51:14,252 INFO response is : {"data":{"refresh":"eyJ0eXAiOiJKV1QiLCJhbGciOiJIUzI1NiJ9.eyJ0b2tlbl90eXBlIjoicmVmcmVzaCIsImV4cCI6MTU3MTI4MDY3NCwianRpIjoiNzRjMWY4NjY1NDBjNGU0MmE2OWNkMmIyOTAwZjg0MDEiLCJ1c2VyX2lkIjoxfQ.0KK4ofrGcmeNJ6QRb6wRVM85O4eGzbVkFO7Hp8MGtYA","access":"eyJ0eXAiOiJKV1QiLCJhbGciOiJIUzI1NiJ9.eyJ0b2tlbl90eXBlIjoiYWNjZXNzIiwiZXhwIjoxNTcxMTk3ODc0LCJqdGkiOiIyMTE1NTdkN2VkMjk0ZjQxYWVkYTEyMWM1ODRhOThhZiIsInVzZXJfaWQiOjF9.ds5gmJcdyF9j-J_gSSbA9Ikxbzwk8RStF5iUsPHhejU"},"code":20000,"message":"success"}
2019-10-16 10:51:14,252 INFO response is : {"data":{"refresh":"eyJ0eXAiOiJKV1QiLCJhbGciOiJIUzI1NiJ9.eyJ0b2tlbl90eXBlIjoicmVmcmVzaCIsImV4cCI6MTU3MTI4MDY3NCwianRpIjoiNzRjMWY4NjY1NDBjNGU0MmE2OWNkMmIyOTAwZjg0MDEiLCJ1c2VyX2lkIjoxfQ.0KK4ofrGcmeNJ6QRb6wRVM85O4eGzbVkFO7Hp8MGtYA","access":"eyJ0eXAiOiJKV1QiLCJhbGciOiJIUzI1NiJ9.eyJ0b2tlbl90eXBlIjoiYWNjZXNzIiwiZXhwIjoxNTcxMTk3ODc0LCJqdGkiOiIyMTE1NTdkN2VkMjk0ZjQxYWVkYTEyMWM1ODRhOThhZiIsInVzZXJfaWQiOjF9.ds5gmJcdyF9j-J_gSSbA9Ikxbzwk8RStF5iUsPHhejU"},"code":20000,"message":"success"}
2019-10-16 10:51:14,254 INFO <Response [200]>
2019-10-16 10:51:14,254 INFO <Response [200]>
2019-10-16 10:51:14,254 INFO <Response [200]>
2019-10-16 10:51:14,254 INFO <Response [200]>
2019-10-16 10:51:14,254 INFO <Response [200]>
2019-10-16 10:51:14,254 INFO <Response [200]>
2019-10-16 10:51:14,254 INFO <Response [200]>
2019-10-16 10:51:14,254 INFO <Response [200]>
2019-10-16 10:51:14,254 INFO <Response [200]>
2019-10-16 10:51:14,254 INFO <Response [200]>
2019-10-16 10:51:14,254 INFO <Response [200]>
2019-10-16 10:51:14,254 INFO <Response [200]>
2019-10-16 10:51:14,254 INFO <Response [200]>
2019-10-16 10:51:14,254 INFO <Response [200]>
2019-10-16 10:51:14,255 INFO in login！
2019-10-16 10:51:14,255 INFO in login！
2019-10-16 10:51:14,255 INFO in login！
2019-10-16 10:51:14,255 INFO in login！
2019-10-16 10:51:14,255 INFO in login！
2019-10-16 10:51:14,255 INFO in login！
2019-10-16 10:51:14,255 INFO in login！
2019-10-16 10:51:14,255 INFO in login！
2019-10-16 10:51:14,255 INFO in login！
2019-10-16 10:51:14,255 INFO in login！
2019-10-16 10:51:14,255 INFO in login！
2019-10-16 10:51:14,255 INFO in login！
2019-10-16 10:51:14,255 INFO in login！
2019-10-16 10:51:14,255 INFO in login！
2019-10-16 10:51:14,255 INFO in login！
2019-10-16 10:51:14,790 INFO response is : <Response [200]>
2019-10-16 10:51:14,790 INFO response is : <Response [200]>
2019-10-16 10:51:14,790 INFO response is : <Response [200]>
2019-10-16 10:51:14,790 INFO response is : <Response [200]>
2019-10-16 10:51:14,790 INFO response is : <Response [200]>
2019-10-16 10:51:14,790 INFO response is : <Response [200]>
2019-10-16 10:51:14,790 INFO response is : <Response [200]>
2019-10-16 10:51:14,790 INFO response is : <Response [200]>
2019-10-16 10:51:14,790 INFO response is : <Response [200]>
2019-10-16 10:51:14,790 INFO response is : <Response [200]>
2019-10-16 10:51:14,790 INFO response is : <Response [200]>
2019-10-16 10:51:14,790 INFO response is : <Response [200]>
2019-10-16 10:51:14,790 INFO response is : <Response [200]>
2019-10-16 10:51:14,790 INFO response is : <Response [200]>
2019-10-16 10:51:14,790 INFO response is : <Response [200]>
2019-10-16 10:51:14,790 INFO response is : <Response [200]>
2019-10-16 10:51:14,792 INFO response is : {"data":{"refresh":"eyJ0eXAiOiJKV1QiLCJhbGciOiJIUzI1NiJ9.eyJ0b2tlbl90eXBlIjoicmVmcmVzaCIsImV4cCI6MTU3MTI4MDY3NCwianRpIjoiODAxYmE4NTVjMjVlNGRlZjg2ZWU0Y2M0YTc2NGE1ZTUiLCJ1c2VyX2lkIjoxfQ.T3b_gM5Z4NQ5nlv0rVDLSItPWEPXlQ-mKwobx_TVU-c","access":"eyJ0eXAiOiJKV1QiLCJhbGciOiJIUzI1NiJ9.eyJ0b2tlbl90eXBlIjoiYWNjZXNzIiwiZXhwIjoxNTcxMTk3ODc0LCJqdGkiOiIyY2JkOWVmNTRlMWM0ZjNjODdhMWY4NGNkN2I4ZTMxZiIsInVzZXJfaWQiOjF9.xGZQNpMRvQCMPkeRFhk1pjDZBmqeTLdfBOcdkebf800"},"code":20000,"message":"success"}
2019-10-16 10:51:14,792 INFO response is : {"data":{"refresh":"eyJ0eXAiOiJKV1QiLCJhbGciOiJIUzI1NiJ9.eyJ0b2tlbl90eXBlIjoicmVmcmVzaCIsImV4cCI6MTU3MTI4MDY3NCwianRpIjoiODAxYmE4NTVjMjVlNGRlZjg2ZWU0Y2M0YTc2NGE1ZTUiLCJ1c2VyX2lkIjoxfQ.T3b_gM5Z4NQ5nlv0rVDLSItPWEPXlQ-mKwobx_TVU-c","access":"eyJ0eXAiOiJKV1QiLCJhbGciOiJIUzI1NiJ9.eyJ0b2tlbl90eXBlIjoiYWNjZXNzIiwiZXhwIjoxNTcxMTk3ODc0LCJqdGkiOiIyY2JkOWVmNTRlMWM0ZjNjODdhMWY4NGNkN2I4ZTMxZiIsInVzZXJfaWQiOjF9.xGZQNpMRvQCMPkeRFhk1pjDZBmqeTLdfBOcdkebf800"},"code":20000,"message":"success"}
2019-10-16 10:51:14,792 INFO response is : {"data":{"refresh":"eyJ0eXAiOiJKV1QiLCJhbGciOiJIUzI1NiJ9.eyJ0b2tlbl90eXBlIjoicmVmcmVzaCIsImV4cCI6MTU3MTI4MDY3NCwianRpIjoiODAxYmE4NTVjMjVlNGRlZjg2ZWU0Y2M0YTc2NGE1ZTUiLCJ1c2VyX2lkIjoxfQ.T3b_gM5Z4NQ5nlv0rVDLSItPWEPXlQ-mKwobx_TVU-c","access":"eyJ0eXAiOiJKV1QiLCJhbGciOiJIUzI1NiJ9.eyJ0b2tlbl90eXBlIjoiYWNjZXNzIiwiZXhwIjoxNTcxMTk3ODc0LCJqdGkiOiIyY2JkOWVmNTRlMWM0ZjNjODdhMWY4NGNkN2I4ZTMxZiIsInVzZXJfaWQiOjF9.xGZQNpMRvQCMPkeRFhk1pjDZBmqeTLdfBOcdkebf800"},"code":20000,"message":"success"}
2019-10-16 10:51:14,792 INFO response is : {"data":{"refresh":"eyJ0eXAiOiJKV1QiLCJhbGciOiJIUzI1NiJ9.eyJ0b2tlbl90eXBlIjoicmVmcmVzaCIsImV4cCI6MTU3MTI4MDY3NCwianRpIjoiODAxYmE4NTVjMjVlNGRlZjg2ZWU0Y2M0YTc2NGE1ZTUiLCJ1c2VyX2lkIjoxfQ.T3b_gM5Z4NQ5nlv0rVDLSItPWEPXlQ-mKwobx_TVU-c","access":"eyJ0eXAiOiJKV1QiLCJhbGciOiJIUzI1NiJ9.eyJ0b2tlbl90eXBlIjoiYWNjZXNzIiwiZXhwIjoxNTcxMTk3ODc0LCJqdGkiOiIyY2JkOWVmNTRlMWM0ZjNjODdhMWY4NGNkN2I4ZTMxZiIsInVzZXJfaWQiOjF9.xGZQNpMRvQCMPkeRFhk1pjDZBmqeTLdfBOcdkebf800"},"code":20000,"message":"success"}
2019-10-16 10:51:14,792 INFO response is : {"data":{"refresh":"eyJ0eXAiOiJKV1QiLCJhbGciOiJIUzI1NiJ9.eyJ0b2tlbl90eXBlIjoicmVmcmVzaCIsImV4cCI6MTU3MTI4MDY3NCwianRpIjoiODAxYmE4NTVjMjVlNGRlZjg2ZWU0Y2M0YTc2NGE1ZTUiLCJ1c2VyX2lkIjoxfQ.T3b_gM5Z4NQ5nlv0rVDLSItPWEPXlQ-mKwobx_TVU-c","access":"eyJ0eXAiOiJKV1QiLCJhbGciOiJIUzI1NiJ9.eyJ0b2tlbl90eXBlIjoiYWNjZXNzIiwiZXhwIjoxNTcxMTk3ODc0LCJqdGkiOiIyY2JkOWVmNTRlMWM0ZjNjODdhMWY4NGNkN2I4ZTMxZiIsInVzZXJfaWQiOjF9.xGZQNpMRvQCMPkeRFhk1pjDZBmqeTLdfBOcdkebf800"},"code":20000,"message":"success"}
2019-10-16 10:51:14,792 INFO response is : {"data":{"refresh":"eyJ0eXAiOiJKV1QiLCJhbGciOiJIUzI1NiJ9.eyJ0b2tlbl90eXBlIjoicmVmcmVzaCIsImV4cCI6MTU3MTI4MDY3NCwianRpIjoiODAxYmE4NTVjMjVlNGRlZjg2ZWU0Y2M0YTc2NGE1ZTUiLCJ1c2VyX2lkIjoxfQ.T3b_gM5Z4NQ5nlv0rVDLSItPWEPXlQ-mKwobx_TVU-c","access":"eyJ0eXAiOiJKV1QiLCJhbGciOiJIUzI1NiJ9.eyJ0b2tlbl90eXBlIjoiYWNjZXNzIiwiZXhwIjoxNTcxMTk3ODc0LCJqdGkiOiIyY2JkOWVmNTRlMWM0ZjNjODdhMWY4NGNkN2I4ZTMxZiIsInVzZXJfaWQiOjF9.xGZQNpMRvQCMPkeRFhk1pjDZBmqeTLdfBOcdkebf800"},"code":20000,"message":"success"}
2019-10-16 10:51:14,792 INFO response is : {"data":{"refresh":"eyJ0eXAiOiJKV1QiLCJhbGciOiJIUzI1NiJ9.eyJ0b2tlbl90eXBlIjoicmVmcmVzaCIsImV4cCI6MTU3MTI4MDY3NCwianRpIjoiODAxYmE4NTVjMjVlNGRlZjg2ZWU0Y2M0YTc2NGE1ZTUiLCJ1c2VyX2lkIjoxfQ.T3b_gM5Z4NQ5nlv0rVDLSItPWEPXlQ-mKwobx_TVU-c","access":"eyJ0eXAiOiJKV1QiLCJhbGciOiJIUzI1NiJ9.eyJ0b2tlbl90eXBlIjoiYWNjZXNzIiwiZXhwIjoxNTcxMTk3ODc0LCJqdGkiOiIyY2JkOWVmNTRlMWM0ZjNjODdhMWY4NGNkN2I4ZTMxZiIsInVzZXJfaWQiOjF9.xGZQNpMRvQCMPkeRFhk1pjDZBmqeTLdfBOcdkebf800"},"code":20000,"message":"success"}
2019-10-16 10:51:14,792 INFO response is : {"data":{"refresh":"eyJ0eXAiOiJKV1QiLCJhbGciOiJIUzI1NiJ9.eyJ0b2tlbl90eXBlIjoicmVmcmVzaCIsImV4cCI6MTU3MTI4MDY3NCwianRpIjoiODAxYmE4NTVjMjVlNGRlZjg2ZWU0Y2M0YTc2NGE1ZTUiLCJ1c2VyX2lkIjoxfQ.T3b_gM5Z4NQ5nlv0rVDLSItPWEPXlQ-mKwobx_TVU-c","access":"eyJ0eXAiOiJKV1QiLCJhbGciOiJIUzI1NiJ9.eyJ0b2tlbl90eXBlIjoiYWNjZXNzIiwiZXhwIjoxNTcxMTk3ODc0LCJqdGkiOiIyY2JkOWVmNTRlMWM0ZjNjODdhMWY4NGNkN2I4ZTMxZiIsInVzZXJfaWQiOjF9.xGZQNpMRvQCMPkeRFhk1pjDZBmqeTLdfBOcdkebf800"},"code":20000,"message":"success"}
2019-10-16 10:51:14,792 INFO response is : {"data":{"refresh":"eyJ0eXAiOiJKV1QiLCJhbGciOiJIUzI1NiJ9.eyJ0b2tlbl90eXBlIjoicmVmcmVzaCIsImV4cCI6MTU3MTI4MDY3NCwianRpIjoiODAxYmE4NTVjMjVlNGRlZjg2ZWU0Y2M0YTc2NGE1ZTUiLCJ1c2VyX2lkIjoxfQ.T3b_gM5Z4NQ5nlv0rVDLSItPWEPXlQ-mKwobx_TVU-c","access":"eyJ0eXAiOiJKV1QiLCJhbGciOiJIUzI1NiJ9.eyJ0b2tlbl90eXBlIjoiYWNjZXNzIiwiZXhwIjoxNTcxMTk3ODc0LCJqdGkiOiIyY2JkOWVmNTRlMWM0ZjNjODdhMWY4NGNkN2I4ZTMxZiIsInVzZXJfaWQiOjF9.xGZQNpMRvQCMPkeRFhk1pjDZBmqeTLdfBOcdkebf800"},"code":20000,"message":"success"}
2019-10-16 10:51:14,792 INFO response is : {"data":{"refresh":"eyJ0eXAiOiJKV1QiLCJhbGciOiJIUzI1NiJ9.eyJ0b2tlbl90eXBlIjoicmVmcmVzaCIsImV4cCI6MTU3MTI4MDY3NCwianRpIjoiODAxYmE4NTVjMjVlNGRlZjg2ZWU0Y2M0YTc2NGE1ZTUiLCJ1c2VyX2lkIjoxfQ.T3b_gM5Z4NQ5nlv0rVDLSItPWEPXlQ-mKwobx_TVU-c","access":"eyJ0eXAiOiJKV1QiLCJhbGciOiJIUzI1NiJ9.eyJ0b2tlbl90eXBlIjoiYWNjZXNzIiwiZXhwIjoxNTcxMTk3ODc0LCJqdGkiOiIyY2JkOWVmNTRlMWM0ZjNjODdhMWY4NGNkN2I4ZTMxZiIsInVzZXJfaWQiOjF9.xGZQNpMRvQCMPkeRFhk1pjDZBmqeTLdfBOcdkebf800"},"code":20000,"message":"success"}
2019-10-16 10:51:14,792 INFO response is : {"data":{"refresh":"eyJ0eXAiOiJKV1QiLCJhbGciOiJIUzI1NiJ9.eyJ0b2tlbl90eXBlIjoicmVmcmVzaCIsImV4cCI6MTU3MTI4MDY3NCwianRpIjoiODAxYmE4NTVjMjVlNGRlZjg2ZWU0Y2M0YTc2NGE1ZTUiLCJ1c2VyX2lkIjoxfQ.T3b_gM5Z4NQ5nlv0rVDLSItPWEPXlQ-mKwobx_TVU-c","access":"eyJ0eXAiOiJKV1QiLCJhbGciOiJIUzI1NiJ9.eyJ0b2tlbl90eXBlIjoiYWNjZXNzIiwiZXhwIjoxNTcxMTk3ODc0LCJqdGkiOiIyY2JkOWVmNTRlMWM0ZjNjODdhMWY4NGNkN2I4ZTMxZiIsInVzZXJfaWQiOjF9.xGZQNpMRvQCMPkeRFhk1pjDZBmqeTLdfBOcdkebf800"},"code":20000,"message":"success"}
2019-10-16 10:51:14,792 INFO response is : {"data":{"refresh":"eyJ0eXAiOiJKV1QiLCJhbGciOiJIUzI1NiJ9.eyJ0b2tlbl90eXBlIjoicmVmcmVzaCIsImV4cCI6MTU3MTI4MDY3NCwianRpIjoiODAxYmE4NTVjMjVlNGRlZjg2ZWU0Y2M0YTc2NGE1ZTUiLCJ1c2VyX2lkIjoxfQ.T3b_gM5Z4NQ5nlv0rVDLSItPWEPXlQ-mKwobx_TVU-c","access":"eyJ0eXAiOiJKV1QiLCJhbGciOiJIUzI1NiJ9.eyJ0b2tlbl90eXBlIjoiYWNjZXNzIiwiZXhwIjoxNTcxMTk3ODc0LCJqdGkiOiIyY2JkOWVmNTRlMWM0ZjNjODdhMWY4NGNkN2I4ZTMxZiIsInVzZXJfaWQiOjF9.xGZQNpMRvQCMPkeRFhk1pjDZBmqeTLdfBOcdkebf800"},"code":20000,"message":"success"}
2019-10-16 10:51:14,792 INFO response is : {"data":{"refresh":"eyJ0eXAiOiJKV1QiLCJhbGciOiJIUzI1NiJ9.eyJ0b2tlbl90eXBlIjoicmVmcmVzaCIsImV4cCI6MTU3MTI4MDY3NCwianRpIjoiODAxYmE4NTVjMjVlNGRlZjg2ZWU0Y2M0YTc2NGE1ZTUiLCJ1c2VyX2lkIjoxfQ.T3b_gM5Z4NQ5nlv0rVDLSItPWEPXlQ-mKwobx_TVU-c","access":"eyJ0eXAiOiJKV1QiLCJhbGciOiJIUzI1NiJ9.eyJ0b2tlbl90eXBlIjoiYWNjZXNzIiwiZXhwIjoxNTcxMTk3ODc0LCJqdGkiOiIyY2JkOWVmNTRlMWM0ZjNjODdhMWY4NGNkN2I4ZTMxZiIsInVzZXJfaWQiOjF9.xGZQNpMRvQCMPkeRFhk1pjDZBmqeTLdfBOcdkebf800"},"code":20000,"message":"success"}
2019-10-16 10:51:14,792 INFO response is : {"data":{"refresh":"eyJ0eXAiOiJKV1QiLCJhbGciOiJIUzI1NiJ9.eyJ0b2tlbl90eXBlIjoicmVmcmVzaCIsImV4cCI6MTU3MTI4MDY3NCwianRpIjoiODAxYmE4NTVjMjVlNGRlZjg2ZWU0Y2M0YTc2NGE1ZTUiLCJ1c2VyX2lkIjoxfQ.T3b_gM5Z4NQ5nlv0rVDLSItPWEPXlQ-mKwobx_TVU-c","access":"eyJ0eXAiOiJKV1QiLCJhbGciOiJIUzI1NiJ9.eyJ0b2tlbl90eXBlIjoiYWNjZXNzIiwiZXhwIjoxNTcxMTk3ODc0LCJqdGkiOiIyY2JkOWVmNTRlMWM0ZjNjODdhMWY4NGNkN2I4ZTMxZiIsInVzZXJfaWQiOjF9.xGZQNpMRvQCMPkeRFhk1pjDZBmqeTLdfBOcdkebf800"},"code":20000,"message":"success"}
2019-10-16 10:51:14,792 INFO response is : {"data":{"refresh":"eyJ0eXAiOiJKV1QiLCJhbGciOiJIUzI1NiJ9.eyJ0b2tlbl90eXBlIjoicmVmcmVzaCIsImV4cCI6MTU3MTI4MDY3NCwianRpIjoiODAxYmE4NTVjMjVlNGRlZjg2ZWU0Y2M0YTc2NGE1ZTUiLCJ1c2VyX2lkIjoxfQ.T3b_gM5Z4NQ5nlv0rVDLSItPWEPXlQ-mKwobx_TVU-c","access":"eyJ0eXAiOiJKV1QiLCJhbGciOiJIUzI1NiJ9.eyJ0b2tlbl90eXBlIjoiYWNjZXNzIiwiZXhwIjoxNTcxMTk3ODc0LCJqdGkiOiIyY2JkOWVmNTRlMWM0ZjNjODdhMWY4NGNkN2I4ZTMxZiIsInVzZXJfaWQiOjF9.xGZQNpMRvQCMPkeRFhk1pjDZBmqeTLdfBOcdkebf800"},"code":20000,"message":"success"}
2019-10-16 10:51:14,792 INFO response is : {"data":{"refresh":"eyJ0eXAiOiJKV1QiLCJhbGciOiJIUzI1NiJ9.eyJ0b2tlbl90eXBlIjoicmVmcmVzaCIsImV4cCI6MTU3MTI4MDY3NCwianRpIjoiODAxYmE4NTVjMjVlNGRlZjg2ZWU0Y2M0YTc2NGE1ZTUiLCJ1c2VyX2lkIjoxfQ.T3b_gM5Z4NQ5nlv0rVDLSItPWEPXlQ-mKwobx_TVU-c","access":"eyJ0eXAiOiJKV1QiLCJhbGciOiJIUzI1NiJ9.eyJ0b2tlbl90eXBlIjoiYWNjZXNzIiwiZXhwIjoxNTcxMTk3ODc0LCJqdGkiOiIyY2JkOWVmNTRlMWM0ZjNjODdhMWY4NGNkN2I4ZTMxZiIsInVzZXJfaWQiOjF9.xGZQNpMRvQCMPkeRFhk1pjDZBmqeTLdfBOcdkebf800"},"code":20000,"message":"success"}
2019-10-16 10:51:14,792 INFO response is : {"data":{"refresh":"eyJ0eXAiOiJKV1QiLCJhbGciOiJIUzI1NiJ9.eyJ0b2tlbl90eXBlIjoicmVmcmVzaCIsImV4cCI6MTU3MTI4MDY3NCwianRpIjoiODAxYmE4NTVjMjVlNGRlZjg2ZWU0Y2M0YTc2NGE1ZTUiLCJ1c2VyX2lkIjoxfQ.T3b_gM5Z4NQ5nlv0rVDLSItPWEPXlQ-mKwobx_TVU-c","access":"eyJ0eXAiOiJKV1QiLCJhbGciOiJIUzI1NiJ9.eyJ0b2tlbl90eXBlIjoiYWNjZXNzIiwiZXhwIjoxNTcxMTk3ODc0LCJqdGkiOiIyY2JkOWVmNTRlMWM0ZjNjODdhMWY4NGNkN2I4ZTMxZiIsInVzZXJfaWQiOjF9.xGZQNpMRvQCMPkeRFhk1pjDZBmqeTLdfBOcdkebf800"},"code":20000,"message":"success"}
2019-10-16 10:51:15,578 INFO Opening browser 'chrome' to base url 'http://localhost:9527'.
2019-10-16 10:51:15,578 INFO Opening browser 'chrome' to base url 'http://localhost:9527'.
2019-10-16 10:51:15,578 INFO Opening browser 'chrome' to base url 'http://localhost:9527'.
2019-10-16 10:51:15,578 INFO Opening browser 'chrome' to base url 'http://localhost:9527'.
2019-10-16 10:51:15,578 INFO Opening browser 'chrome' to base url 'http://localhost:9527'.
2019-10-16 10:51:15,578 INFO Opening browser 'chrome' to base url 'http://localhost:9527'.
2019-10-16 10:51:15,578 INFO Opening browser 'chrome' to base url 'http://localhost:9527'.
2019-10-16 10:51:15,578 INFO Opening browser 'chrome' to base url 'http://localhost:9527'.
2019-10-16 10:51:15,578 INFO Opening browser 'chrome' to base url 'http://localhost:9527'.
2019-10-16 10:51:15,578 INFO Opening browser 'chrome' to base url 'http://localhost:9527'.
2019-10-16 10:51:15,578 INFO Opening browser 'chrome' to base url 'http://localhost:9527'.
2019-10-16 10:51:15,578 INFO Opening browser 'chrome' to base url 'http://localhost:9527'.
2019-10-16 10:51:15,578 INFO Opening browser 'chrome' to base url 'http://localhost:9527'.
2019-10-16 10:51:15,578 INFO Opening browser 'chrome' to base url 'http://localhost:9527'.
2019-10-16 10:51:15,578 INFO Opening browser 'chrome' to base url 'http://localhost:9527'.
2019-10-16 10:51:15,578 INFO Opening browser 'chrome' to base url 'http://localhost:9527'.
2019-10-16 10:51:15,578 INFO Opening browser 'chrome' to base url 'http://localhost:9527'.
2019-10-16 10:51:36,034 DEBUG Opened browser with session id 82cfd46309fe9886459f913b4ffc3293.
2019-10-16 10:51:36,034 DEBUG Opened browser with session id 82cfd46309fe9886459f913b4ffc3293.
2019-10-16 10:51:36,034 DEBUG Opened browser with session id 82cfd46309fe9886459f913b4ffc3293.
2019-10-16 10:51:36,034 DEBUG Opened browser with session id 82cfd46309fe9886459f913b4ffc3293.
2019-10-16 10:51:36,034 DEBUG Opened browser with session id 82cfd46309fe9886459f913b4ffc3293.
2019-10-16 10:51:36,034 DEBUG Opened browser with session id 82cfd46309fe9886459f913b4ffc3293.
2019-10-16 10:51:36,034 DEBUG Opened browser with session id 82cfd46309fe9886459f913b4ffc3293.
2019-10-16 10:51:36,034 DEBUG Opened browser with session id 82cfd46309fe9886459f913b4ffc3293.
2019-10-16 10:51:36,034 DEBUG Opened browser with session id 82cfd46309fe9886459f913b4ffc3293.
2019-10-16 10:51:36,034 DEBUG Opened browser with session id 82cfd46309fe9886459f913b4ffc3293.
2019-10-16 10:51:36,034 DEBUG Opened browser with session id 82cfd46309fe9886459f913b4ffc3293.
2019-10-16 10:51:36,034 DEBUG Opened browser with session id 82cfd46309fe9886459f913b4ffc3293.
2019-10-16 10:51:36,034 DEBUG Opened browser with session id 82cfd46309fe9886459f913b4ffc3293.
2019-10-16 10:51:36,034 DEBUG Opened browser with session id 82cfd46309fe9886459f913b4ffc3293.
2019-10-16 10:51:36,034 DEBUG Opened browser with session id 82cfd46309fe9886459f913b4ffc3293.
2019-10-16 10:51:36,034 DEBUG Opened browser with session id 82cfd46309fe9886459f913b4ffc3293.
2019-10-16 10:51:36,034 DEBUG Opened browser with session id 82cfd46309fe9886459f913b4ffc3293.
2019-10-16 10:51:36,041 INFO 1
2019-10-16 10:51:36,041 INFO 1
2019-10-16 10:51:36,041 INFO 1
2019-10-16 10:51:36,041 INFO 1
2019-10-16 10:51:36,041 INFO 1
2019-10-16 10:51:36,041 INFO 1
2019-10-16 10:51:36,041 INFO 1
2019-10-16 10:51:36,041 INFO 1
2019-10-16 10:51:36,041 INFO 1
2019-10-16 10:51:36,041 INFO 1
2019-10-16 10:51:36,041 INFO 1
2019-10-16 10:51:36,041 INFO 1
2019-10-16 10:51:36,041 INFO 1
2019-10-16 10:51:36,041 INFO 1
2019-10-16 10:51:36,041 INFO 1
2019-10-16 10:51:36,041 INFO 1
2019-10-16 10:51:36,041 INFO 1
2019-10-16 10:51:36,041 INFO 1
2019-10-16 10:51:36,044 INFO Typing text 'admin' into text field 'name=username'.
2019-10-16 10:51:36,044 INFO Typing text 'admin' into text field 'name=username'.
2019-10-16 10:51:36,044 INFO Typing text 'admin' into text field 'name=username'.
2019-10-16 10:51:36,044 INFO Typing text 'admin' into text field 'name=username'.
2019-10-16 10:51:36,044 INFO Typing text 'admin' into text field 'name=username'.
2019-10-16 10:51:36,044 INFO Typing text 'admin' into text field 'name=username'.
2019-10-16 10:51:36,044 INFO Typing text 'admin' into text field 'name=username'.
2019-10-16 10:51:36,044 INFO Typing text 'admin' into text field 'name=username'.
2019-10-16 10:51:36,044 INFO Typing text 'admin' into text field 'name=username'.
2019-10-16 10:51:36,044 INFO Typing text 'admin' into text field 'name=username'.
2019-10-16 10:51:36,044 INFO Typing text 'admin' into text field 'name=username'.
2019-10-16 10:51:36,044 INFO Typing text 'admin' into text field 'name=username'.
2019-10-16 10:51:36,044 INFO Typing text 'admin' into text field 'name=username'.
2019-10-16 10:51:36,044 INFO Typing text 'admin' into text field 'name=username'.
2019-10-16 10:51:36,044 INFO Typing text 'admin' into text field 'name=username'.
2019-10-16 10:51:36,044 INFO Typing text 'admin' into text field 'name=username'.
2019-10-16 10:51:36,044 INFO Typing text 'admin' into text field 'name=username'.
2019-10-16 10:51:36,044 INFO Typing text 'admin' into text field 'name=username'.
2019-10-16 10:52:31,441 INFO 开始执行测试,报告输出模式text
2019-10-16 10:52:31,443 INFO in login！
2019-10-16 10:52:31,443 INFO in login！
2019-10-16 10:52:32,368 INFO response is : <Response [200]>
2019-10-16 10:52:32,368 INFO response is : <Response [200]>
2019-10-16 10:52:32,368 INFO response is : <Response [200]>
2019-10-16 10:52:32,369 INFO response is : {"data":{"refresh":"eyJ0eXAiOiJKV1QiLCJhbGciOiJIUzI1NiJ9.eyJ0b2tlbl90eXBlIjoicmVmcmVzaCIsImV4cCI6MTU3MTI4MDc1MiwianRpIjoiODEzNjJkOWI0NjdlNDBmYmJkOWIxZDBlNTlkOTQwMGYiLCJ1c2VyX2lkIjoxfQ.55-RZNygTYnUiFiS3FC9ZSS9GGWtR9RpIGgxtpzhFnM","access":"eyJ0eXAiOiJKV1QiLCJhbGciOiJIUzI1NiJ9.eyJ0b2tlbl90eXBlIjoiYWNjZXNzIiwiZXhwIjoxNTcxMTk3OTUyLCJqdGkiOiI1ZmU3YTlmMjIxOWQ0Y2ZlOTA4Y2E1MTU5OTMzMjE3NyIsInVzZXJfaWQiOjF9.ip9QmxP_JHxxVhObw9s4aXJj9kKiLFpJjyTkFRJiwxc"},"code":20000,"message":"success"}
2019-10-16 10:52:32,369 INFO response is : {"data":{"refresh":"eyJ0eXAiOiJKV1QiLCJhbGciOiJIUzI1NiJ9.eyJ0b2tlbl90eXBlIjoicmVmcmVzaCIsImV4cCI6MTU3MTI4MDc1MiwianRpIjoiODEzNjJkOWI0NjdlNDBmYmJkOWIxZDBlNTlkOTQwMGYiLCJ1c2VyX2lkIjoxfQ.55-RZNygTYnUiFiS3FC9ZSS9GGWtR9RpIGgxtpzhFnM","access":"eyJ0eXAiOiJKV1QiLCJhbGciOiJIUzI1NiJ9.eyJ0b2tlbl90eXBlIjoiYWNjZXNzIiwiZXhwIjoxNTcxMTk3OTUyLCJqdGkiOiI1ZmU3YTlmMjIxOWQ0Y2ZlOTA4Y2E1MTU5OTMzMjE3NyIsInVzZXJfaWQiOjF9.ip9QmxP_JHxxVhObw9s4aXJj9kKiLFpJjyTkFRJiwxc"},"code":20000,"message":"success"}
2019-10-16 10:52:32,369 INFO response is : {"data":{"refresh":"eyJ0eXAiOiJKV1QiLCJhbGciOiJIUzI1NiJ9.eyJ0b2tlbl90eXBlIjoicmVmcmVzaCIsImV4cCI6MTU3MTI4MDc1MiwianRpIjoiODEzNjJkOWI0NjdlNDBmYmJkOWIxZDBlNTlkOTQwMGYiLCJ1c2VyX2lkIjoxfQ.55-RZNygTYnUiFiS3FC9ZSS9GGWtR9RpIGgxtpzhFnM","access":"eyJ0eXAiOiJKV1QiLCJhbGciOiJIUzI1NiJ9.eyJ0b2tlbl90eXBlIjoiYWNjZXNzIiwiZXhwIjoxNTcxMTk3OTUyLCJqdGkiOiI1ZmU3YTlmMjIxOWQ0Y2ZlOTA4Y2E1MTU5OTMzMjE3NyIsInVzZXJfaWQiOjF9.ip9QmxP_JHxxVhObw9s4aXJj9kKiLFpJjyTkFRJiwxc"},"code":20000,"message":"success"}
2019-10-16 10:52:32,369 INFO response is : {"data":{"refresh":"eyJ0eXAiOiJKV1QiLCJhbGciOiJIUzI1NiJ9.eyJ0b2tlbl90eXBlIjoicmVmcmVzaCIsImV4cCI6MTU3MTI4MDc1MiwianRpIjoiODEzNjJkOWI0NjdlNDBmYmJkOWIxZDBlNTlkOTQwMGYiLCJ1c2VyX2lkIjoxfQ.55-RZNygTYnUiFiS3FC9ZSS9GGWtR9RpIGgxtpzhFnM","access":"eyJ0eXAiOiJKV1QiLCJhbGciOiJIUzI1NiJ9.eyJ0b2tlbl90eXBlIjoiYWNjZXNzIiwiZXhwIjoxNTcxMTk3OTUyLCJqdGkiOiI1ZmU3YTlmMjIxOWQ0Y2ZlOTA4Y2E1MTU5OTMzMjE3NyIsInVzZXJfaWQiOjF9.ip9QmxP_JHxxVhObw9s4aXJj9kKiLFpJjyTkFRJiwxc"},"code":20000,"message":"success"}
2019-10-16 10:52:32,370 INFO in getUserinfo heasers is :{'Content-Type': 'application/json', 'Authorization': 'Bearer eyJ0eXAiOiJKV1QiLCJhbGciOiJIUzI1NiJ9.eyJ0b2tlbl90eXBlIjoiYWNjZXNzIiwiZXhwIjoxNTcxMTk3OTUyLCJqdGkiOiI1ZmU3YTlmMjIxOWQ0Y2ZlOTA4Y2E1MTU5OTMzMjE3NyIsInVzZXJfaWQiOjF9.ip9QmxP_JHxxVhObw9s4aXJj9kKiLFpJjyTkFRJiwxc'}
2019-10-16 10:52:32,370 INFO in getUserinfo heasers is :{'Content-Type': 'application/json', 'Authorization': 'Bearer eyJ0eXAiOiJKV1QiLCJhbGciOiJIUzI1NiJ9.eyJ0b2tlbl90eXBlIjoiYWNjZXNzIiwiZXhwIjoxNTcxMTk3OTUyLCJqdGkiOiI1ZmU3YTlmMjIxOWQ0Y2ZlOTA4Y2E1MTU5OTMzMjE3NyIsInVzZXJfaWQiOjF9.ip9QmxP_JHxxVhObw9s4aXJj9kKiLFpJjyTkFRJiwxc'}
2019-10-16 10:52:32,370 INFO in getUserinfo heasers is :{'Content-Type': 'application/json', 'Authorization': 'Bearer eyJ0eXAiOiJKV1QiLCJhbGciOiJIUzI1NiJ9.eyJ0b2tlbl90eXBlIjoiYWNjZXNzIiwiZXhwIjoxNTcxMTk3OTUyLCJqdGkiOiI1ZmU3YTlmMjIxOWQ0Y2ZlOTA4Y2E1MTU5OTMzMjE3NyIsInVzZXJfaWQiOjF9.ip9QmxP_JHxxVhObw9s4aXJj9kKiLFpJjyTkFRJiwxc'}
2019-10-16 10:52:32,370 INFO in getUserinfo heasers is :{'Content-Type': 'application/json', 'Authorization': 'Bearer eyJ0eXAiOiJKV1QiLCJhbGciOiJIUzI1NiJ9.eyJ0b2tlbl90eXBlIjoiYWNjZXNzIiwiZXhwIjoxNTcxMTk3OTUyLCJqdGkiOiI1ZmU3YTlmMjIxOWQ0Y2ZlOTA4Y2E1MTU5OTMzMjE3NyIsInVzZXJfaWQiOjF9.ip9QmxP_JHxxVhObw9s4aXJj9kKiLFpJjyTkFRJiwxc'}
2019-10-16 10:52:32,370 INFO in getUserinfo heasers is :{'Content-Type': 'application/json', 'Authorization': 'Bearer eyJ0eXAiOiJKV1QiLCJhbGciOiJIUzI1NiJ9.eyJ0b2tlbl90eXBlIjoiYWNjZXNzIiwiZXhwIjoxNTcxMTk3OTUyLCJqdGkiOiI1ZmU3YTlmMjIxOWQ0Y2ZlOTA4Y2E1MTU5OTMzMjE3NyIsInVzZXJfaWQiOjF9.ip9QmxP_JHxxVhObw9s4aXJj9kKiLFpJjyTkFRJiwxc'}
2019-10-16 10:52:32,764 INFO response is : <Response [200]>
2019-10-16 10:52:32,764 INFO response is : <Response [200]>
2019-10-16 10:52:32,764 INFO response is : <Response [200]>
2019-10-16 10:52:32,764 INFO response is : <Response [200]>
2019-10-16 10:52:32,764 INFO response is : <Response [200]>
2019-10-16 10:52:32,764 INFO response is : <Response [200]>
2019-10-16 10:52:32,765 INFO <Response [200]>
2019-10-16 10:52:32,765 INFO <Response [200]>
2019-10-16 10:52:32,765 INFO <Response [200]>
2019-10-16 10:52:32,765 INFO <Response [200]>
2019-10-16 10:52:32,765 INFO <Response [200]>
2019-10-16 10:52:32,765 INFO <Response [200]>
2019-10-16 10:52:32,765 INFO <Response [200]>
2019-10-16 10:52:32,766 INFO in login！
2019-10-16 10:52:32,766 INFO in login！
2019-10-16 10:52:32,766 INFO in login！
2019-10-16 10:52:32,766 INFO in login！
2019-10-16 10:52:32,766 INFO in login！
2019-10-16 10:52:32,766 INFO in login！
2019-10-16 10:52:32,766 INFO in login！
2019-10-16 10:52:32,766 INFO in login！
2019-10-16 10:52:33,390 INFO response is : <Response [200]>
2019-10-16 10:52:33,390 INFO response is : <Response [200]>
2019-10-16 10:52:33,390 INFO response is : <Response [200]>
2019-10-16 10:52:33,390 INFO response is : <Response [200]>
2019-10-16 10:52:33,390 INFO response is : <Response [200]>
2019-10-16 10:52:33,390 INFO response is : <Response [200]>
2019-10-16 10:52:33,390 INFO response is : <Response [200]>
2019-10-16 10:52:33,390 INFO response is : <Response [200]>
2019-10-16 10:52:33,390 INFO response is : <Response [200]>
2019-10-16 10:52:33,391 INFO response is : {"data":{"refresh":"eyJ0eXAiOiJKV1QiLCJhbGciOiJIUzI1NiJ9.eyJ0b2tlbl90eXBlIjoicmVmcmVzaCIsImV4cCI6MTU3MTI4MDc1MywianRpIjoiOTBhNGE3NGYzMjJhNDVlOWFjZjY2NjM1YTcxOWI4ZDQiLCJ1c2VyX2lkIjoxfQ.Xb04FlCOqKRecrt4SbO4PnD-gi4xnHvIyw89MqvxKD8","access":"eyJ0eXAiOiJKV1QiLCJhbGciOiJIUzI1NiJ9.eyJ0b2tlbl90eXBlIjoiYWNjZXNzIiwiZXhwIjoxNTcxMTk3OTUzLCJqdGkiOiIwZDIzOWE2ZmIwZjE0OWI3ODZjMGQ3MDlhMDUzYWJiNiIsInVzZXJfaWQiOjF9.c9iJ5fdwvQ0E-IX9OYlx2OclmE9Qhw9wsi-aEaR8228"},"code":20000,"message":"success"}
2019-10-16 10:52:33,391 INFO response is : {"data":{"refresh":"eyJ0eXAiOiJKV1QiLCJhbGciOiJIUzI1NiJ9.eyJ0b2tlbl90eXBlIjoicmVmcmVzaCIsImV4cCI6MTU3MTI4MDc1MywianRpIjoiOTBhNGE3NGYzMjJhNDVlOWFjZjY2NjM1YTcxOWI4ZDQiLCJ1c2VyX2lkIjoxfQ.Xb04FlCOqKRecrt4SbO4PnD-gi4xnHvIyw89MqvxKD8","access":"eyJ0eXAiOiJKV1QiLCJhbGciOiJIUzI1NiJ9.eyJ0b2tlbl90eXBlIjoiYWNjZXNzIiwiZXhwIjoxNTcxMTk3OTUzLCJqdGkiOiIwZDIzOWE2ZmIwZjE0OWI3ODZjMGQ3MDlhMDUzYWJiNiIsInVzZXJfaWQiOjF9.c9iJ5fdwvQ0E-IX9OYlx2OclmE9Qhw9wsi-aEaR8228"},"code":20000,"message":"success"}
2019-10-16 10:52:33,391 INFO response is : {"data":{"refresh":"eyJ0eXAiOiJKV1QiLCJhbGciOiJIUzI1NiJ9.eyJ0b2tlbl90eXBlIjoicmVmcmVzaCIsImV4cCI6MTU3MTI4MDc1MywianRpIjoiOTBhNGE3NGYzMjJhNDVlOWFjZjY2NjM1YTcxOWI4ZDQiLCJ1c2VyX2lkIjoxfQ.Xb04FlCOqKRecrt4SbO4PnD-gi4xnHvIyw89MqvxKD8","access":"eyJ0eXAiOiJKV1QiLCJhbGciOiJIUzI1NiJ9.eyJ0b2tlbl90eXBlIjoiYWNjZXNzIiwiZXhwIjoxNTcxMTk3OTUzLCJqdGkiOiIwZDIzOWE2ZmIwZjE0OWI3ODZjMGQ3MDlhMDUzYWJiNiIsInVzZXJfaWQiOjF9.c9iJ5fdwvQ0E-IX9OYlx2OclmE9Qhw9wsi-aEaR8228"},"code":20000,"message":"success"}
2019-10-16 10:52:33,391 INFO response is : {"data":{"refresh":"eyJ0eXAiOiJKV1QiLCJhbGciOiJIUzI1NiJ9.eyJ0b2tlbl90eXBlIjoicmVmcmVzaCIsImV4cCI6MTU3MTI4MDc1MywianRpIjoiOTBhNGE3NGYzMjJhNDVlOWFjZjY2NjM1YTcxOWI4ZDQiLCJ1c2VyX2lkIjoxfQ.Xb04FlCOqKRecrt4SbO4PnD-gi4xnHvIyw89MqvxKD8","access":"eyJ0eXAiOiJKV1QiLCJhbGciOiJIUzI1NiJ9.eyJ0b2tlbl90eXBlIjoiYWNjZXNzIiwiZXhwIjoxNTcxMTk3OTUzLCJqdGkiOiIwZDIzOWE2ZmIwZjE0OWI3ODZjMGQ3MDlhMDUzYWJiNiIsInVzZXJfaWQiOjF9.c9iJ5fdwvQ0E-IX9OYlx2OclmE9Qhw9wsi-aEaR8228"},"code":20000,"message":"success"}
2019-10-16 10:52:33,391 INFO response is : {"data":{"refresh":"eyJ0eXAiOiJKV1QiLCJhbGciOiJIUzI1NiJ9.eyJ0b2tlbl90eXBlIjoicmVmcmVzaCIsImV4cCI6MTU3MTI4MDc1MywianRpIjoiOTBhNGE3NGYzMjJhNDVlOWFjZjY2NjM1YTcxOWI4ZDQiLCJ1c2VyX2lkIjoxfQ.Xb04FlCOqKRecrt4SbO4PnD-gi4xnHvIyw89MqvxKD8","access":"eyJ0eXAiOiJKV1QiLCJhbGciOiJIUzI1NiJ9.eyJ0b2tlbl90eXBlIjoiYWNjZXNzIiwiZXhwIjoxNTcxMTk3OTUzLCJqdGkiOiIwZDIzOWE2ZmIwZjE0OWI3ODZjMGQ3MDlhMDUzYWJiNiIsInVzZXJfaWQiOjF9.c9iJ5fdwvQ0E-IX9OYlx2OclmE9Qhw9wsi-aEaR8228"},"code":20000,"message":"success"}
2019-10-16 10:52:33,391 INFO response is : {"data":{"refresh":"eyJ0eXAiOiJKV1QiLCJhbGciOiJIUzI1NiJ9.eyJ0b2tlbl90eXBlIjoicmVmcmVzaCIsImV4cCI6MTU3MTI4MDc1MywianRpIjoiOTBhNGE3NGYzMjJhNDVlOWFjZjY2NjM1YTcxOWI4ZDQiLCJ1c2VyX2lkIjoxfQ.Xb04FlCOqKRecrt4SbO4PnD-gi4xnHvIyw89MqvxKD8","access":"eyJ0eXAiOiJKV1QiLCJhbGciOiJIUzI1NiJ9.eyJ0b2tlbl90eXBlIjoiYWNjZXNzIiwiZXhwIjoxNTcxMTk3OTUzLCJqdGkiOiIwZDIzOWE2ZmIwZjE0OWI3ODZjMGQ3MDlhMDUzYWJiNiIsInVzZXJfaWQiOjF9.c9iJ5fdwvQ0E-IX9OYlx2OclmE9Qhw9wsi-aEaR8228"},"code":20000,"message":"success"}
2019-10-16 10:52:33,391 INFO response is : {"data":{"refresh":"eyJ0eXAiOiJKV1QiLCJhbGciOiJIUzI1NiJ9.eyJ0b2tlbl90eXBlIjoicmVmcmVzaCIsImV4cCI6MTU3MTI4MDc1MywianRpIjoiOTBhNGE3NGYzMjJhNDVlOWFjZjY2NjM1YTcxOWI4ZDQiLCJ1c2VyX2lkIjoxfQ.Xb04FlCOqKRecrt4SbO4PnD-gi4xnHvIyw89MqvxKD8","access":"eyJ0eXAiOiJKV1QiLCJhbGciOiJIUzI1NiJ9.eyJ0b2tlbl90eXBlIjoiYWNjZXNzIiwiZXhwIjoxNTcxMTk3OTUzLCJqdGkiOiIwZDIzOWE2ZmIwZjE0OWI3ODZjMGQ3MDlhMDUzYWJiNiIsInVzZXJfaWQiOjF9.c9iJ5fdwvQ0E-IX9OYlx2OclmE9Qhw9wsi-aEaR8228"},"code":20000,"message":"success"}
2019-10-16 10:52:33,391 INFO response is : {"data":{"refresh":"eyJ0eXAiOiJKV1QiLCJhbGciOiJIUzI1NiJ9.eyJ0b2tlbl90eXBlIjoicmVmcmVzaCIsImV4cCI6MTU3MTI4MDc1MywianRpIjoiOTBhNGE3NGYzMjJhNDVlOWFjZjY2NjM1YTcxOWI4ZDQiLCJ1c2VyX2lkIjoxfQ.Xb04FlCOqKRecrt4SbO4PnD-gi4xnHvIyw89MqvxKD8","access":"eyJ0eXAiOiJKV1QiLCJhbGciOiJIUzI1NiJ9.eyJ0b2tlbl90eXBlIjoiYWNjZXNzIiwiZXhwIjoxNTcxMTk3OTUzLCJqdGkiOiIwZDIzOWE2ZmIwZjE0OWI3ODZjMGQ3MDlhMDUzYWJiNiIsInVzZXJfaWQiOjF9.c9iJ5fdwvQ0E-IX9OYlx2OclmE9Qhw9wsi-aEaR8228"},"code":20000,"message":"success"}
2019-10-16 10:52:33,391 INFO response is : {"data":{"refresh":"eyJ0eXAiOiJKV1QiLCJhbGciOiJIUzI1NiJ9.eyJ0b2tlbl90eXBlIjoicmVmcmVzaCIsImV4cCI6MTU3MTI4MDc1MywianRpIjoiOTBhNGE3NGYzMjJhNDVlOWFjZjY2NjM1YTcxOWI4ZDQiLCJ1c2VyX2lkIjoxfQ.Xb04FlCOqKRecrt4SbO4PnD-gi4xnHvIyw89MqvxKD8","access":"eyJ0eXAiOiJKV1QiLCJhbGciOiJIUzI1NiJ9.eyJ0b2tlbl90eXBlIjoiYWNjZXNzIiwiZXhwIjoxNTcxMTk3OTUzLCJqdGkiOiIwZDIzOWE2ZmIwZjE0OWI3ODZjMGQ3MDlhMDUzYWJiNiIsInVzZXJfaWQiOjF9.c9iJ5fdwvQ0E-IX9OYlx2OclmE9Qhw9wsi-aEaR8228"},"code":20000,"message":"success"}
2019-10-16 10:52:33,391 INFO response is : {"data":{"refresh":"eyJ0eXAiOiJKV1QiLCJhbGciOiJIUzI1NiJ9.eyJ0b2tlbl90eXBlIjoicmVmcmVzaCIsImV4cCI6MTU3MTI4MDc1MywianRpIjoiOTBhNGE3NGYzMjJhNDVlOWFjZjY2NjM1YTcxOWI4ZDQiLCJ1c2VyX2lkIjoxfQ.Xb04FlCOqKRecrt4SbO4PnD-gi4xnHvIyw89MqvxKD8","access":"eyJ0eXAiOiJKV1QiLCJhbGciOiJIUzI1NiJ9.eyJ0b2tlbl90eXBlIjoiYWNjZXNzIiwiZXhwIjoxNTcxMTk3OTUzLCJqdGkiOiIwZDIzOWE2ZmIwZjE0OWI3ODZjMGQ3MDlhMDUzYWJiNiIsInVzZXJfaWQiOjF9.c9iJ5fdwvQ0E-IX9OYlx2OclmE9Qhw9wsi-aEaR8228"},"code":20000,"message":"success"}
2019-10-16 10:52:33,393 INFO in login！
2019-10-16 10:52:33,393 INFO in login！
2019-10-16 10:52:33,393 INFO in login！
2019-10-16 10:52:33,393 INFO in login！
2019-10-16 10:52:33,393 INFO in login！
2019-10-16 10:52:33,393 INFO in login！
2019-10-16 10:52:33,393 INFO in login！
2019-10-16 10:52:33,393 INFO in login！
2019-10-16 10:52:33,393 INFO in login！
2019-10-16 10:52:33,393 INFO in login！
2019-10-16 10:52:33,393 INFO in login！
2019-10-16 10:52:33,930 INFO response is : <Response [200]>
2019-10-16 10:52:33,930 INFO response is : <Response [200]>
2019-10-16 10:52:33,930 INFO response is : <Response [200]>
2019-10-16 10:52:33,930 INFO response is : <Response [200]>
2019-10-16 10:52:33,930 INFO response is : <Response [200]>
2019-10-16 10:52:33,930 INFO response is : <Response [200]>
2019-10-16 10:52:33,930 INFO response is : <Response [200]>
2019-10-16 10:52:33,930 INFO response is : <Response [200]>
2019-10-16 10:52:33,930 INFO response is : <Response [200]>
2019-10-16 10:52:33,930 INFO response is : <Response [200]>
2019-10-16 10:52:33,930 INFO response is : <Response [200]>
2019-10-16 10:52:33,930 INFO response is : <Response [200]>
2019-10-16 10:52:33,931 INFO response is : {"data":{"refresh":"eyJ0eXAiOiJKV1QiLCJhbGciOiJIUzI1NiJ9.eyJ0b2tlbl90eXBlIjoicmVmcmVzaCIsImV4cCI6MTU3MTI4MDc1MywianRpIjoiZWFlOGY0NzhlZWU2NDMxOTgyOTRhYmE2Mzc0ZGRmOTciLCJ1c2VyX2lkIjoxfQ.oW-TPT88IQDc1Bo0WCEBgFckDeOVoGbS4-YqUD30lUs","access":"eyJ0eXAiOiJKV1QiLCJhbGciOiJIUzI1NiJ9.eyJ0b2tlbl90eXBlIjoiYWNjZXNzIiwiZXhwIjoxNTcxMTk3OTUzLCJqdGkiOiIyZjgyZjQ3ODkzY2U0NjEwYmI1YzhlMjNhN2UzYmJkYSIsInVzZXJfaWQiOjF9.hGjgrWhkdcm1FhylcnHkX4PcOCQ4o9zXMrdxATf-FAM"},"code":20000,"message":"success"}
2019-10-16 10:52:33,931 INFO response is : {"data":{"refresh":"eyJ0eXAiOiJKV1QiLCJhbGciOiJIUzI1NiJ9.eyJ0b2tlbl90eXBlIjoicmVmcmVzaCIsImV4cCI6MTU3MTI4MDc1MywianRpIjoiZWFlOGY0NzhlZWU2NDMxOTgyOTRhYmE2Mzc0ZGRmOTciLCJ1c2VyX2lkIjoxfQ.oW-TPT88IQDc1Bo0WCEBgFckDeOVoGbS4-YqUD30lUs","access":"eyJ0eXAiOiJKV1QiLCJhbGciOiJIUzI1NiJ9.eyJ0b2tlbl90eXBlIjoiYWNjZXNzIiwiZXhwIjoxNTcxMTk3OTUzLCJqdGkiOiIyZjgyZjQ3ODkzY2U0NjEwYmI1YzhlMjNhN2UzYmJkYSIsInVzZXJfaWQiOjF9.hGjgrWhkdcm1FhylcnHkX4PcOCQ4o9zXMrdxATf-FAM"},"code":20000,"message":"success"}
2019-10-16 10:52:33,931 INFO response is : {"data":{"refresh":"eyJ0eXAiOiJKV1QiLCJhbGciOiJIUzI1NiJ9.eyJ0b2tlbl90eXBlIjoicmVmcmVzaCIsImV4cCI6MTU3MTI4MDc1MywianRpIjoiZWFlOGY0NzhlZWU2NDMxOTgyOTRhYmE2Mzc0ZGRmOTciLCJ1c2VyX2lkIjoxfQ.oW-TPT88IQDc1Bo0WCEBgFckDeOVoGbS4-YqUD30lUs","access":"eyJ0eXAiOiJKV1QiLCJhbGciOiJIUzI1NiJ9.eyJ0b2tlbl90eXBlIjoiYWNjZXNzIiwiZXhwIjoxNTcxMTk3OTUzLCJqdGkiOiIyZjgyZjQ3ODkzY2U0NjEwYmI1YzhlMjNhN2UzYmJkYSIsInVzZXJfaWQiOjF9.hGjgrWhkdcm1FhylcnHkX4PcOCQ4o9zXMrdxATf-FAM"},"code":20000,"message":"success"}
2019-10-16 10:52:33,931 INFO response is : {"data":{"refresh":"eyJ0eXAiOiJKV1QiLCJhbGciOiJIUzI1NiJ9.eyJ0b2tlbl90eXBlIjoicmVmcmVzaCIsImV4cCI6MTU3MTI4MDc1MywianRpIjoiZWFlOGY0NzhlZWU2NDMxOTgyOTRhYmE2Mzc0ZGRmOTciLCJ1c2VyX2lkIjoxfQ.oW-TPT88IQDc1Bo0WCEBgFckDeOVoGbS4-YqUD30lUs","access":"eyJ0eXAiOiJKV1QiLCJhbGciOiJIUzI1NiJ9.eyJ0b2tlbl90eXBlIjoiYWNjZXNzIiwiZXhwIjoxNTcxMTk3OTUzLCJqdGkiOiIyZjgyZjQ3ODkzY2U0NjEwYmI1YzhlMjNhN2UzYmJkYSIsInVzZXJfaWQiOjF9.hGjgrWhkdcm1FhylcnHkX4PcOCQ4o9zXMrdxATf-FAM"},"code":20000,"message":"success"}
2019-10-16 10:52:33,931 INFO response is : {"data":{"refresh":"eyJ0eXAiOiJKV1QiLCJhbGciOiJIUzI1NiJ9.eyJ0b2tlbl90eXBlIjoicmVmcmVzaCIsImV4cCI6MTU3MTI4MDc1MywianRpIjoiZWFlOGY0NzhlZWU2NDMxOTgyOTRhYmE2Mzc0ZGRmOTciLCJ1c2VyX2lkIjoxfQ.oW-TPT88IQDc1Bo0WCEBgFckDeOVoGbS4-YqUD30lUs","access":"eyJ0eXAiOiJKV1QiLCJhbGciOiJIUzI1NiJ9.eyJ0b2tlbl90eXBlIjoiYWNjZXNzIiwiZXhwIjoxNTcxMTk3OTUzLCJqdGkiOiIyZjgyZjQ3ODkzY2U0NjEwYmI1YzhlMjNhN2UzYmJkYSIsInVzZXJfaWQiOjF9.hGjgrWhkdcm1FhylcnHkX4PcOCQ4o9zXMrdxATf-FAM"},"code":20000,"message":"success"}
2019-10-16 10:52:33,931 INFO response is : {"data":{"refresh":"eyJ0eXAiOiJKV1QiLCJhbGciOiJIUzI1NiJ9.eyJ0b2tlbl90eXBlIjoicmVmcmVzaCIsImV4cCI6MTU3MTI4MDc1MywianRpIjoiZWFlOGY0NzhlZWU2NDMxOTgyOTRhYmE2Mzc0ZGRmOTciLCJ1c2VyX2lkIjoxfQ.oW-TPT88IQDc1Bo0WCEBgFckDeOVoGbS4-YqUD30lUs","access":"eyJ0eXAiOiJKV1QiLCJhbGciOiJIUzI1NiJ9.eyJ0b2tlbl90eXBlIjoiYWNjZXNzIiwiZXhwIjoxNTcxMTk3OTUzLCJqdGkiOiIyZjgyZjQ3ODkzY2U0NjEwYmI1YzhlMjNhN2UzYmJkYSIsInVzZXJfaWQiOjF9.hGjgrWhkdcm1FhylcnHkX4PcOCQ4o9zXMrdxATf-FAM"},"code":20000,"message":"success"}
2019-10-16 10:52:33,931 INFO response is : {"data":{"refresh":"eyJ0eXAiOiJKV1QiLCJhbGciOiJIUzI1NiJ9.eyJ0b2tlbl90eXBlIjoicmVmcmVzaCIsImV4cCI6MTU3MTI4MDc1MywianRpIjoiZWFlOGY0NzhlZWU2NDMxOTgyOTRhYmE2Mzc0ZGRmOTciLCJ1c2VyX2lkIjoxfQ.oW-TPT88IQDc1Bo0WCEBgFckDeOVoGbS4-YqUD30lUs","access":"eyJ0eXAiOiJKV1QiLCJhbGciOiJIUzI1NiJ9.eyJ0b2tlbl90eXBlIjoiYWNjZXNzIiwiZXhwIjoxNTcxMTk3OTUzLCJqdGkiOiIyZjgyZjQ3ODkzY2U0NjEwYmI1YzhlMjNhN2UzYmJkYSIsInVzZXJfaWQiOjF9.hGjgrWhkdcm1FhylcnHkX4PcOCQ4o9zXMrdxATf-FAM"},"code":20000,"message":"success"}
2019-10-16 10:52:33,931 INFO response is : {"data":{"refresh":"eyJ0eXAiOiJKV1QiLCJhbGciOiJIUzI1NiJ9.eyJ0b2tlbl90eXBlIjoicmVmcmVzaCIsImV4cCI6MTU3MTI4MDc1MywianRpIjoiZWFlOGY0NzhlZWU2NDMxOTgyOTRhYmE2Mzc0ZGRmOTciLCJ1c2VyX2lkIjoxfQ.oW-TPT88IQDc1Bo0WCEBgFckDeOVoGbS4-YqUD30lUs","access":"eyJ0eXAiOiJKV1QiLCJhbGciOiJIUzI1NiJ9.eyJ0b2tlbl90eXBlIjoiYWNjZXNzIiwiZXhwIjoxNTcxMTk3OTUzLCJqdGkiOiIyZjgyZjQ3ODkzY2U0NjEwYmI1YzhlMjNhN2UzYmJkYSIsInVzZXJfaWQiOjF9.hGjgrWhkdcm1FhylcnHkX4PcOCQ4o9zXMrdxATf-FAM"},"code":20000,"message":"success"}
2019-10-16 10:52:33,931 INFO response is : {"data":{"refresh":"eyJ0eXAiOiJKV1QiLCJhbGciOiJIUzI1NiJ9.eyJ0b2tlbl90eXBlIjoicmVmcmVzaCIsImV4cCI6MTU3MTI4MDc1MywianRpIjoiZWFlOGY0NzhlZWU2NDMxOTgyOTRhYmE2Mzc0ZGRmOTciLCJ1c2VyX2lkIjoxfQ.oW-TPT88IQDc1Bo0WCEBgFckDeOVoGbS4-YqUD30lUs","access":"eyJ0eXAiOiJKV1QiLCJhbGciOiJIUzI1NiJ9.eyJ0b2tlbl90eXBlIjoiYWNjZXNzIiwiZXhwIjoxNTcxMTk3OTUzLCJqdGkiOiIyZjgyZjQ3ODkzY2U0NjEwYmI1YzhlMjNhN2UzYmJkYSIsInVzZXJfaWQiOjF9.hGjgrWhkdcm1FhylcnHkX4PcOCQ4o9zXMrdxATf-FAM"},"code":20000,"message":"success"}
2019-10-16 10:52:33,931 INFO response is : {"data":{"refresh":"eyJ0eXAiOiJKV1QiLCJhbGciOiJIUzI1NiJ9.eyJ0b2tlbl90eXBlIjoicmVmcmVzaCIsImV4cCI6MTU3MTI4MDc1MywianRpIjoiZWFlOGY0NzhlZWU2NDMxOTgyOTRhYmE2Mzc0ZGRmOTciLCJ1c2VyX2lkIjoxfQ.oW-TPT88IQDc1Bo0WCEBgFckDeOVoGbS4-YqUD30lUs","access":"eyJ0eXAiOiJKV1QiLCJhbGciOiJIUzI1NiJ9.eyJ0b2tlbl90eXBlIjoiYWNjZXNzIiwiZXhwIjoxNTcxMTk3OTUzLCJqdGkiOiIyZjgyZjQ3ODkzY2U0NjEwYmI1YzhlMjNhN2UzYmJkYSIsInVzZXJfaWQiOjF9.hGjgrWhkdcm1FhylcnHkX4PcOCQ4o9zXMrdxATf-FAM"},"code":20000,"message":"success"}
2019-10-16 10:52:33,931 INFO response is : {"data":{"refresh":"eyJ0eXAiOiJKV1QiLCJhbGciOiJIUzI1NiJ9.eyJ0b2tlbl90eXBlIjoicmVmcmVzaCIsImV4cCI6MTU3MTI4MDc1MywianRpIjoiZWFlOGY0NzhlZWU2NDMxOTgyOTRhYmE2Mzc0ZGRmOTciLCJ1c2VyX2lkIjoxfQ.oW-TPT88IQDc1Bo0WCEBgFckDeOVoGbS4-YqUD30lUs","access":"eyJ0eXAiOiJKV1QiLCJhbGciOiJIUzI1NiJ9.eyJ0b2tlbl90eXBlIjoiYWNjZXNzIiwiZXhwIjoxNTcxMTk3OTUzLCJqdGkiOiIyZjgyZjQ3ODkzY2U0NjEwYmI1YzhlMjNhN2UzYmJkYSIsInVzZXJfaWQiOjF9.hGjgrWhkdcm1FhylcnHkX4PcOCQ4o9zXMrdxATf-FAM"},"code":20000,"message":"success"}
2019-10-16 10:52:33,931 INFO response is : {"data":{"refresh":"eyJ0eXAiOiJKV1QiLCJhbGciOiJIUzI1NiJ9.eyJ0b2tlbl90eXBlIjoicmVmcmVzaCIsImV4cCI6MTU3MTI4MDc1MywianRpIjoiZWFlOGY0NzhlZWU2NDMxOTgyOTRhYmE2Mzc0ZGRmOTciLCJ1c2VyX2lkIjoxfQ.oW-TPT88IQDc1Bo0WCEBgFckDeOVoGbS4-YqUD30lUs","access":"eyJ0eXAiOiJKV1QiLCJhbGciOiJIUzI1NiJ9.eyJ0b2tlbl90eXBlIjoiYWNjZXNzIiwiZXhwIjoxNTcxMTk3OTUzLCJqdGkiOiIyZjgyZjQ3ODkzY2U0NjEwYmI1YzhlMjNhN2UzYmJkYSIsInVzZXJfaWQiOjF9.hGjgrWhkdcm1FhylcnHkX4PcOCQ4o9zXMrdxATf-FAM"},"code":20000,"message":"success"}
2019-10-16 10:52:33,931 INFO response is : {"data":{"refresh":"eyJ0eXAiOiJKV1QiLCJhbGciOiJIUzI1NiJ9.eyJ0b2tlbl90eXBlIjoicmVmcmVzaCIsImV4cCI6MTU3MTI4MDc1MywianRpIjoiZWFlOGY0NzhlZWU2NDMxOTgyOTRhYmE2Mzc0ZGRmOTciLCJ1c2VyX2lkIjoxfQ.oW-TPT88IQDc1Bo0WCEBgFckDeOVoGbS4-YqUD30lUs","access":"eyJ0eXAiOiJKV1QiLCJhbGciOiJIUzI1NiJ9.eyJ0b2tlbl90eXBlIjoiYWNjZXNzIiwiZXhwIjoxNTcxMTk3OTUzLCJqdGkiOiIyZjgyZjQ3ODkzY2U0NjEwYmI1YzhlMjNhN2UzYmJkYSIsInVzZXJfaWQiOjF9.hGjgrWhkdcm1FhylcnHkX4PcOCQ4o9zXMrdxATf-FAM"},"code":20000,"message":"success"}
2019-10-16 10:52:33,933 INFO <Response [200]>
2019-10-16 10:52:33,933 INFO <Response [200]>
2019-10-16 10:52:33,933 INFO <Response [200]>
2019-10-16 10:52:33,933 INFO <Response [200]>
2019-10-16 10:52:33,933 INFO <Response [200]>
2019-10-16 10:52:33,933 INFO <Response [200]>
2019-10-16 10:52:33,933 INFO <Response [200]>
2019-10-16 10:52:33,933 INFO <Response [200]>
2019-10-16 10:52:33,933 INFO <Response [200]>
2019-10-16 10:52:33,933 INFO <Response [200]>
2019-10-16 10:52:33,933 INFO <Response [200]>
2019-10-16 10:52:33,933 INFO <Response [200]>
2019-10-16 10:52:33,933 INFO <Response [200]>
2019-10-16 10:52:33,933 INFO <Response [200]>
2019-10-16 10:52:33,934 INFO in login！
2019-10-16 10:52:33,934 INFO in login！
2019-10-16 10:52:33,934 INFO in login！
2019-10-16 10:52:33,934 INFO in login！
2019-10-16 10:52:33,934 INFO in login！
2019-10-16 10:52:33,934 INFO in login！
2019-10-16 10:52:33,934 INFO in login！
2019-10-16 10:52:33,934 INFO in login！
2019-10-16 10:52:33,934 INFO in login！
2019-10-16 10:52:33,934 INFO in login！
2019-10-16 10:52:33,934 INFO in login！
2019-10-16 10:52:33,934 INFO in login！
2019-10-16 10:52:33,934 INFO in login！
2019-10-16 10:52:33,934 INFO in login！
2019-10-16 10:52:33,934 INFO in login！
2019-10-16 10:52:34,505 INFO response is : <Response [200]>
2019-10-16 10:52:34,505 INFO response is : <Response [200]>
2019-10-16 10:52:34,505 INFO response is : <Response [200]>
2019-10-16 10:52:34,505 INFO response is : <Response [200]>
2019-10-16 10:52:34,505 INFO response is : <Response [200]>
2019-10-16 10:52:34,505 INFO response is : <Response [200]>
2019-10-16 10:52:34,505 INFO response is : <Response [200]>
2019-10-16 10:52:34,505 INFO response is : <Response [200]>
2019-10-16 10:52:34,505 INFO response is : <Response [200]>
2019-10-16 10:52:34,505 INFO response is : <Response [200]>
2019-10-16 10:52:34,505 INFO response is : <Response [200]>
2019-10-16 10:52:34,505 INFO response is : <Response [200]>
2019-10-16 10:52:34,505 INFO response is : <Response [200]>
2019-10-16 10:52:34,505 INFO response is : <Response [200]>
2019-10-16 10:52:34,505 INFO response is : <Response [200]>
2019-10-16 10:52:34,505 INFO response is : <Response [200]>
2019-10-16 10:52:34,507 INFO response is : {"data":{"refresh":"eyJ0eXAiOiJKV1QiLCJhbGciOiJIUzI1NiJ9.eyJ0b2tlbl90eXBlIjoicmVmcmVzaCIsImV4cCI6MTU3MTI4MDc1NCwianRpIjoiNzU4NWI3NWExNDFhNGFmMjk0YTc5M2Y0MWJmZTgxMzMiLCJ1c2VyX2lkIjoxfQ.7gE68VFzuZVaCa-1MS1lte9HRc5VUFY4bl8vqKntD9o","access":"eyJ0eXAiOiJKV1QiLCJhbGciOiJIUzI1NiJ9.eyJ0b2tlbl90eXBlIjoiYWNjZXNzIiwiZXhwIjoxNTcxMTk3OTU0LCJqdGkiOiI2NjEyZDczYTdmNzE0NTgwODQ4M2I5YjcyODM5MTE2OCIsInVzZXJfaWQiOjF9.7c4MfTBQ8cpbEPSsm0rheYBfgNHbkQ-HF36PqkI5NlI"},"code":20000,"message":"success"}
2019-10-16 10:52:34,507 INFO response is : {"data":{"refresh":"eyJ0eXAiOiJKV1QiLCJhbGciOiJIUzI1NiJ9.eyJ0b2tlbl90eXBlIjoicmVmcmVzaCIsImV4cCI6MTU3MTI4MDc1NCwianRpIjoiNzU4NWI3NWExNDFhNGFmMjk0YTc5M2Y0MWJmZTgxMzMiLCJ1c2VyX2lkIjoxfQ.7gE68VFzuZVaCa-1MS1lte9HRc5VUFY4bl8vqKntD9o","access":"eyJ0eXAiOiJKV1QiLCJhbGciOiJIUzI1NiJ9.eyJ0b2tlbl90eXBlIjoiYWNjZXNzIiwiZXhwIjoxNTcxMTk3OTU0LCJqdGkiOiI2NjEyZDczYTdmNzE0NTgwODQ4M2I5YjcyODM5MTE2OCIsInVzZXJfaWQiOjF9.7c4MfTBQ8cpbEPSsm0rheYBfgNHbkQ-HF36PqkI5NlI"},"code":20000,"message":"success"}
2019-10-16 10:52:34,507 INFO response is : {"data":{"refresh":"eyJ0eXAiOiJKV1QiLCJhbGciOiJIUzI1NiJ9.eyJ0b2tlbl90eXBlIjoicmVmcmVzaCIsImV4cCI6MTU3MTI4MDc1NCwianRpIjoiNzU4NWI3NWExNDFhNGFmMjk0YTc5M2Y0MWJmZTgxMzMiLCJ1c2VyX2lkIjoxfQ.7gE68VFzuZVaCa-1MS1lte9HRc5VUFY4bl8vqKntD9o","access":"eyJ0eXAiOiJKV1QiLCJhbGciOiJIUzI1NiJ9.eyJ0b2tlbl90eXBlIjoiYWNjZXNzIiwiZXhwIjoxNTcxMTk3OTU0LCJqdGkiOiI2NjEyZDczYTdmNzE0NTgwODQ4M2I5YjcyODM5MTE2OCIsInVzZXJfaWQiOjF9.7c4MfTBQ8cpbEPSsm0rheYBfgNHbkQ-HF36PqkI5NlI"},"code":20000,"message":"success"}
2019-10-16 10:52:34,507 INFO response is : {"data":{"refresh":"eyJ0eXAiOiJKV1QiLCJhbGciOiJIUzI1NiJ9.eyJ0b2tlbl90eXBlIjoicmVmcmVzaCIsImV4cCI6MTU3MTI4MDc1NCwianRpIjoiNzU4NWI3NWExNDFhNGFmMjk0YTc5M2Y0MWJmZTgxMzMiLCJ1c2VyX2lkIjoxfQ.7gE68VFzuZVaCa-1MS1lte9HRc5VUFY4bl8vqKntD9o","access":"eyJ0eXAiOiJKV1QiLCJhbGciOiJIUzI1NiJ9.eyJ0b2tlbl90eXBlIjoiYWNjZXNzIiwiZXhwIjoxNTcxMTk3OTU0LCJqdGkiOiI2NjEyZDczYTdmNzE0NTgwODQ4M2I5YjcyODM5MTE2OCIsInVzZXJfaWQiOjF9.7c4MfTBQ8cpbEPSsm0rheYBfgNHbkQ-HF36PqkI5NlI"},"code":20000,"message":"success"}
2019-10-16 10:52:34,507 INFO response is : {"data":{"refresh":"eyJ0eXAiOiJKV1QiLCJhbGciOiJIUzI1NiJ9.eyJ0b2tlbl90eXBlIjoicmVmcmVzaCIsImV4cCI6MTU3MTI4MDc1NCwianRpIjoiNzU4NWI3NWExNDFhNGFmMjk0YTc5M2Y0MWJmZTgxMzMiLCJ1c2VyX2lkIjoxfQ.7gE68VFzuZVaCa-1MS1lte9HRc5VUFY4bl8vqKntD9o","access":"eyJ0eXAiOiJKV1QiLCJhbGciOiJIUzI1NiJ9.eyJ0b2tlbl90eXBlIjoiYWNjZXNzIiwiZXhwIjoxNTcxMTk3OTU0LCJqdGkiOiI2NjEyZDczYTdmNzE0NTgwODQ4M2I5YjcyODM5MTE2OCIsInVzZXJfaWQiOjF9.7c4MfTBQ8cpbEPSsm0rheYBfgNHbkQ-HF36PqkI5NlI"},"code":20000,"message":"success"}
2019-10-16 10:52:34,507 INFO response is : {"data":{"refresh":"eyJ0eXAiOiJKV1QiLCJhbGciOiJIUzI1NiJ9.eyJ0b2tlbl90eXBlIjoicmVmcmVzaCIsImV4cCI6MTU3MTI4MDc1NCwianRpIjoiNzU4NWI3NWExNDFhNGFmMjk0YTc5M2Y0MWJmZTgxMzMiLCJ1c2VyX2lkIjoxfQ.7gE68VFzuZVaCa-1MS1lte9HRc5VUFY4bl8vqKntD9o","access":"eyJ0eXAiOiJKV1QiLCJhbGciOiJIUzI1NiJ9.eyJ0b2tlbl90eXBlIjoiYWNjZXNzIiwiZXhwIjoxNTcxMTk3OTU0LCJqdGkiOiI2NjEyZDczYTdmNzE0NTgwODQ4M2I5YjcyODM5MTE2OCIsInVzZXJfaWQiOjF9.7c4MfTBQ8cpbEPSsm0rheYBfgNHbkQ-HF36PqkI5NlI"},"code":20000,"message":"success"}
2019-10-16 10:52:34,507 INFO response is : {"data":{"refresh":"eyJ0eXAiOiJKV1QiLCJhbGciOiJIUzI1NiJ9.eyJ0b2tlbl90eXBlIjoicmVmcmVzaCIsImV4cCI6MTU3MTI4MDc1NCwianRpIjoiNzU4NWI3NWExNDFhNGFmMjk0YTc5M2Y0MWJmZTgxMzMiLCJ1c2VyX2lkIjoxfQ.7gE68VFzuZVaCa-1MS1lte9HRc5VUFY4bl8vqKntD9o","access":"eyJ0eXAiOiJKV1QiLCJhbGciOiJIUzI1NiJ9.eyJ0b2tlbl90eXBlIjoiYWNjZXNzIiwiZXhwIjoxNTcxMTk3OTU0LCJqdGkiOiI2NjEyZDczYTdmNzE0NTgwODQ4M2I5YjcyODM5MTE2OCIsInVzZXJfaWQiOjF9.7c4MfTBQ8cpbEPSsm0rheYBfgNHbkQ-HF36PqkI5NlI"},"code":20000,"message":"success"}
2019-10-16 10:52:34,507 INFO response is : {"data":{"refresh":"eyJ0eXAiOiJKV1QiLCJhbGciOiJIUzI1NiJ9.eyJ0b2tlbl90eXBlIjoicmVmcmVzaCIsImV4cCI6MTU3MTI4MDc1NCwianRpIjoiNzU4NWI3NWExNDFhNGFmMjk0YTc5M2Y0MWJmZTgxMzMiLCJ1c2VyX2lkIjoxfQ.7gE68VFzuZVaCa-1MS1lte9HRc5VUFY4bl8vqKntD9o","access":"eyJ0eXAiOiJKV1QiLCJhbGciOiJIUzI1NiJ9.eyJ0b2tlbl90eXBlIjoiYWNjZXNzIiwiZXhwIjoxNTcxMTk3OTU0LCJqdGkiOiI2NjEyZDczYTdmNzE0NTgwODQ4M2I5YjcyODM5MTE2OCIsInVzZXJfaWQiOjF9.7c4MfTBQ8cpbEPSsm0rheYBfgNHbkQ-HF36PqkI5NlI"},"code":20000,"message":"success"}
2019-10-16 10:52:34,507 INFO response is : {"data":{"refresh":"eyJ0eXAiOiJKV1QiLCJhbGciOiJIUzI1NiJ9.eyJ0b2tlbl90eXBlIjoicmVmcmVzaCIsImV4cCI6MTU3MTI4MDc1NCwianRpIjoiNzU4NWI3NWExNDFhNGFmMjk0YTc5M2Y0MWJmZTgxMzMiLCJ1c2VyX2lkIjoxfQ.7gE68VFzuZVaCa-1MS1lte9HRc5VUFY4bl8vqKntD9o","access":"eyJ0eXAiOiJKV1QiLCJhbGciOiJIUzI1NiJ9.eyJ0b2tlbl90eXBlIjoiYWNjZXNzIiwiZXhwIjoxNTcxMTk3OTU0LCJqdGkiOiI2NjEyZDczYTdmNzE0NTgwODQ4M2I5YjcyODM5MTE2OCIsInVzZXJfaWQiOjF9.7c4MfTBQ8cpbEPSsm0rheYBfgNHbkQ-HF36PqkI5NlI"},"code":20000,"message":"success"}
2019-10-16 10:52:34,507 INFO response is : {"data":{"refresh":"eyJ0eXAiOiJKV1QiLCJhbGciOiJIUzI1NiJ9.eyJ0b2tlbl90eXBlIjoicmVmcmVzaCIsImV4cCI6MTU3MTI4MDc1NCwianRpIjoiNzU4NWI3NWExNDFhNGFmMjk0YTc5M2Y0MWJmZTgxMzMiLCJ1c2VyX2lkIjoxfQ.7gE68VFzuZVaCa-1MS1lte9HRc5VUFY4bl8vqKntD9o","access":"eyJ0eXAiOiJKV1QiLCJhbGciOiJIUzI1NiJ9.eyJ0b2tlbl90eXBlIjoiYWNjZXNzIiwiZXhwIjoxNTcxMTk3OTU0LCJqdGkiOiI2NjEyZDczYTdmNzE0NTgwODQ4M2I5YjcyODM5MTE2OCIsInVzZXJfaWQiOjF9.7c4MfTBQ8cpbEPSsm0rheYBfgNHbkQ-HF36PqkI5NlI"},"code":20000,"message":"success"}
2019-10-16 10:52:34,507 INFO response is : {"data":{"refresh":"eyJ0eXAiOiJKV1QiLCJhbGciOiJIUzI1NiJ9.eyJ0b2tlbl90eXBlIjoicmVmcmVzaCIsImV4cCI6MTU3MTI4MDc1NCwianRpIjoiNzU4NWI3NWExNDFhNGFmMjk0YTc5M2Y0MWJmZTgxMzMiLCJ1c2VyX2lkIjoxfQ.7gE68VFzuZVaCa-1MS1lte9HRc5VUFY4bl8vqKntD9o","access":"eyJ0eXAiOiJKV1QiLCJhbGciOiJIUzI1NiJ9.eyJ0b2tlbl90eXBlIjoiYWNjZXNzIiwiZXhwIjoxNTcxMTk3OTU0LCJqdGkiOiI2NjEyZDczYTdmNzE0NTgwODQ4M2I5YjcyODM5MTE2OCIsInVzZXJfaWQiOjF9.7c4MfTBQ8cpbEPSsm0rheYBfgNHbkQ-HF36PqkI5NlI"},"code":20000,"message":"success"}
2019-10-16 10:52:34,507 INFO response is : {"data":{"refresh":"eyJ0eXAiOiJKV1QiLCJhbGciOiJIUzI1NiJ9.eyJ0b2tlbl90eXBlIjoicmVmcmVzaCIsImV4cCI6MTU3MTI4MDc1NCwianRpIjoiNzU4NWI3NWExNDFhNGFmMjk0YTc5M2Y0MWJmZTgxMzMiLCJ1c2VyX2lkIjoxfQ.7gE68VFzuZVaCa-1MS1lte9HRc5VUFY4bl8vqKntD9o","access":"eyJ0eXAiOiJKV1QiLCJhbGciOiJIUzI1NiJ9.eyJ0b2tlbl90eXBlIjoiYWNjZXNzIiwiZXhwIjoxNTcxMTk3OTU0LCJqdGkiOiI2NjEyZDczYTdmNzE0NTgwODQ4M2I5YjcyODM5MTE2OCIsInVzZXJfaWQiOjF9.7c4MfTBQ8cpbEPSsm0rheYBfgNHbkQ-HF36PqkI5NlI"},"code":20000,"message":"success"}
2019-10-16 10:52:34,507 INFO response is : {"data":{"refresh":"eyJ0eXAiOiJKV1QiLCJhbGciOiJIUzI1NiJ9.eyJ0b2tlbl90eXBlIjoicmVmcmVzaCIsImV4cCI6MTU3MTI4MDc1NCwianRpIjoiNzU4NWI3NWExNDFhNGFmMjk0YTc5M2Y0MWJmZTgxMzMiLCJ1c2VyX2lkIjoxfQ.7gE68VFzuZVaCa-1MS1lte9HRc5VUFY4bl8vqKntD9o","access":"eyJ0eXAiOiJKV1QiLCJhbGciOiJIUzI1NiJ9.eyJ0b2tlbl90eXBlIjoiYWNjZXNzIiwiZXhwIjoxNTcxMTk3OTU0LCJqdGkiOiI2NjEyZDczYTdmNzE0NTgwODQ4M2I5YjcyODM5MTE2OCIsInVzZXJfaWQiOjF9.7c4MfTBQ8cpbEPSsm0rheYBfgNHbkQ-HF36PqkI5NlI"},"code":20000,"message":"success"}
2019-10-16 10:52:34,507 INFO response is : {"data":{"refresh":"eyJ0eXAiOiJKV1QiLCJhbGciOiJIUzI1NiJ9.eyJ0b2tlbl90eXBlIjoicmVmcmVzaCIsImV4cCI6MTU3MTI4MDc1NCwianRpIjoiNzU4NWI3NWExNDFhNGFmMjk0YTc5M2Y0MWJmZTgxMzMiLCJ1c2VyX2lkIjoxfQ.7gE68VFzuZVaCa-1MS1lte9HRc5VUFY4bl8vqKntD9o","access":"eyJ0eXAiOiJKV1QiLCJhbGciOiJIUzI1NiJ9.eyJ0b2tlbl90eXBlIjoiYWNjZXNzIiwiZXhwIjoxNTcxMTk3OTU0LCJqdGkiOiI2NjEyZDczYTdmNzE0NTgwODQ4M2I5YjcyODM5MTE2OCIsInVzZXJfaWQiOjF9.7c4MfTBQ8cpbEPSsm0rheYBfgNHbkQ-HF36PqkI5NlI"},"code":20000,"message":"success"}
2019-10-16 10:52:34,507 INFO response is : {"data":{"refresh":"eyJ0eXAiOiJKV1QiLCJhbGciOiJIUzI1NiJ9.eyJ0b2tlbl90eXBlIjoicmVmcmVzaCIsImV4cCI6MTU3MTI4MDc1NCwianRpIjoiNzU4NWI3NWExNDFhNGFmMjk0YTc5M2Y0MWJmZTgxMzMiLCJ1c2VyX2lkIjoxfQ.7gE68VFzuZVaCa-1MS1lte9HRc5VUFY4bl8vqKntD9o","access":"eyJ0eXAiOiJKV1QiLCJhbGciOiJIUzI1NiJ9.eyJ0b2tlbl90eXBlIjoiYWNjZXNzIiwiZXhwIjoxNTcxMTk3OTU0LCJqdGkiOiI2NjEyZDczYTdmNzE0NTgwODQ4M2I5YjcyODM5MTE2OCIsInVzZXJfaWQiOjF9.7c4MfTBQ8cpbEPSsm0rheYBfgNHbkQ-HF36PqkI5NlI"},"code":20000,"message":"success"}
2019-10-16 10:52:34,507 INFO response is : {"data":{"refresh":"eyJ0eXAiOiJKV1QiLCJhbGciOiJIUzI1NiJ9.eyJ0b2tlbl90eXBlIjoicmVmcmVzaCIsImV4cCI6MTU3MTI4MDc1NCwianRpIjoiNzU4NWI3NWExNDFhNGFmMjk0YTc5M2Y0MWJmZTgxMzMiLCJ1c2VyX2lkIjoxfQ.7gE68VFzuZVaCa-1MS1lte9HRc5VUFY4bl8vqKntD9o","access":"eyJ0eXAiOiJKV1QiLCJhbGciOiJIUzI1NiJ9.eyJ0b2tlbl90eXBlIjoiYWNjZXNzIiwiZXhwIjoxNTcxMTk3OTU0LCJqdGkiOiI2NjEyZDczYTdmNzE0NTgwODQ4M2I5YjcyODM5MTE2OCIsInVzZXJfaWQiOjF9.7c4MfTBQ8cpbEPSsm0rheYBfgNHbkQ-HF36PqkI5NlI"},"code":20000,"message":"success"}
2019-10-16 10:52:34,507 INFO response is : {"data":{"refresh":"eyJ0eXAiOiJKV1QiLCJhbGciOiJIUzI1NiJ9.eyJ0b2tlbl90eXBlIjoicmVmcmVzaCIsImV4cCI6MTU3MTI4MDc1NCwianRpIjoiNzU4NWI3NWExNDFhNGFmMjk0YTc5M2Y0MWJmZTgxMzMiLCJ1c2VyX2lkIjoxfQ.7gE68VFzuZVaCa-1MS1lte9HRc5VUFY4bl8vqKntD9o","access":"eyJ0eXAiOiJKV1QiLCJhbGciOiJIUzI1NiJ9.eyJ0b2tlbl90eXBlIjoiYWNjZXNzIiwiZXhwIjoxNTcxMTk3OTU0LCJqdGkiOiI2NjEyZDczYTdmNzE0NTgwODQ4M2I5YjcyODM5MTE2OCIsInVzZXJfaWQiOjF9.7c4MfTBQ8cpbEPSsm0rheYBfgNHbkQ-HF36PqkI5NlI"},"code":20000,"message":"success"}
2019-10-16 10:52:35,059 INFO Opening browser 'chrome' to base url 'http://www.agavetest.info/rockprod/'.
2019-10-16 10:52:35,059 INFO Opening browser 'chrome' to base url 'http://www.agavetest.info/rockprod/'.
2019-10-16 10:52:35,059 INFO Opening browser 'chrome' to base url 'http://www.agavetest.info/rockprod/'.
2019-10-16 10:52:35,059 INFO Opening browser 'chrome' to base url 'http://www.agavetest.info/rockprod/'.
2019-10-16 10:52:35,059 INFO Opening browser 'chrome' to base url 'http://www.agavetest.info/rockprod/'.
2019-10-16 10:52:35,059 INFO Opening browser 'chrome' to base url 'http://www.agavetest.info/rockprod/'.
2019-10-16 10:52:35,059 INFO Opening browser 'chrome' to base url 'http://www.agavetest.info/rockprod/'.
2019-10-16 10:52:35,059 INFO Opening browser 'chrome' to base url 'http://www.agavetest.info/rockprod/'.
2019-10-16 10:52:35,059 INFO Opening browser 'chrome' to base url 'http://www.agavetest.info/rockprod/'.
2019-10-16 10:52:35,059 INFO Opening browser 'chrome' to base url 'http://www.agavetest.info/rockprod/'.
2019-10-16 10:52:35,059 INFO Opening browser 'chrome' to base url 'http://www.agavetest.info/rockprod/'.
2019-10-16 10:52:35,059 INFO Opening browser 'chrome' to base url 'http://www.agavetest.info/rockprod/'.
2019-10-16 10:52:35,059 INFO Opening browser 'chrome' to base url 'http://www.agavetest.info/rockprod/'.
2019-10-16 10:52:35,059 INFO Opening browser 'chrome' to base url 'http://www.agavetest.info/rockprod/'.
2019-10-16 10:52:35,059 INFO Opening browser 'chrome' to base url 'http://www.agavetest.info/rockprod/'.
2019-10-16 10:52:35,059 INFO Opening browser 'chrome' to base url 'http://www.agavetest.info/rockprod/'.
2019-10-16 10:52:35,059 INFO Opening browser 'chrome' to base url 'http://www.agavetest.info/rockprod/'.
2019-10-16 10:52:49,282 DEBUG Opened browser with session id 9d10657eaaef45e61f511b99481e942e.
2019-10-16 10:52:49,282 DEBUG Opened browser with session id 9d10657eaaef45e61f511b99481e942e.
2019-10-16 10:52:49,282 DEBUG Opened browser with session id 9d10657eaaef45e61f511b99481e942e.
2019-10-16 10:52:49,282 DEBUG Opened browser with session id 9d10657eaaef45e61f511b99481e942e.
2019-10-16 10:52:49,282 DEBUG Opened browser with session id 9d10657eaaef45e61f511b99481e942e.
2019-10-16 10:52:49,282 DEBUG Opened browser with session id 9d10657eaaef45e61f511b99481e942e.
2019-10-16 10:52:49,282 DEBUG Opened browser with session id 9d10657eaaef45e61f511b99481e942e.
2019-10-16 10:52:49,282 DEBUG Opened browser with session id 9d10657eaaef45e61f511b99481e942e.
2019-10-16 10:52:49,282 DEBUG Opened browser with session id 9d10657eaaef45e61f511b99481e942e.
2019-10-16 10:52:49,282 DEBUG Opened browser with session id 9d10657eaaef45e61f511b99481e942e.
2019-10-16 10:52:49,282 DEBUG Opened browser with session id 9d10657eaaef45e61f511b99481e942e.
2019-10-16 10:52:49,282 DEBUG Opened browser with session id 9d10657eaaef45e61f511b99481e942e.
2019-10-16 10:52:49,282 DEBUG Opened browser with session id 9d10657eaaef45e61f511b99481e942e.
2019-10-16 10:52:49,282 DEBUG Opened browser with session id 9d10657eaaef45e61f511b99481e942e.
2019-10-16 10:52:49,282 DEBUG Opened browser with session id 9d10657eaaef45e61f511b99481e942e.
2019-10-16 10:52:49,282 DEBUG Opened browser with session id 9d10657eaaef45e61f511b99481e942e.
2019-10-16 10:52:49,282 DEBUG Opened browser with session id 9d10657eaaef45e61f511b99481e942e.
2019-10-16 10:52:49,286 INFO 1
2019-10-16 10:52:49,286 INFO 1
2019-10-16 10:52:49,286 INFO 1
2019-10-16 10:52:49,286 INFO 1
2019-10-16 10:52:49,286 INFO 1
2019-10-16 10:52:49,286 INFO 1
2019-10-16 10:52:49,286 INFO 1
2019-10-16 10:52:49,286 INFO 1
2019-10-16 10:52:49,286 INFO 1
2019-10-16 10:52:49,286 INFO 1
2019-10-16 10:52:49,286 INFO 1
2019-10-16 10:52:49,286 INFO 1
2019-10-16 10:52:49,286 INFO 1
2019-10-16 10:52:49,286 INFO 1
2019-10-16 10:52:49,286 INFO 1
2019-10-16 10:52:49,286 INFO 1
2019-10-16 10:52:49,286 INFO 1
2019-10-16 10:52:49,286 INFO 1
2019-10-16 10:52:49,289 INFO Typing text 'admin' into text field 'name=username'.
2019-10-16 10:52:49,289 INFO Typing text 'admin' into text field 'name=username'.
2019-10-16 10:52:49,289 INFO Typing text 'admin' into text field 'name=username'.
2019-10-16 10:52:49,289 INFO Typing text 'admin' into text field 'name=username'.
2019-10-16 10:52:49,289 INFO Typing text 'admin' into text field 'name=username'.
2019-10-16 10:52:49,289 INFO Typing text 'admin' into text field 'name=username'.
2019-10-16 10:52:49,289 INFO Typing text 'admin' into text field 'name=username'.
2019-10-16 10:52:49,289 INFO Typing text 'admin' into text field 'name=username'.
2019-10-16 10:52:49,289 INFO Typing text 'admin' into text field 'name=username'.
2019-10-16 10:52:49,289 INFO Typing text 'admin' into text field 'name=username'.
2019-10-16 10:52:49,289 INFO Typing text 'admin' into text field 'name=username'.
2019-10-16 10:52:49,289 INFO Typing text 'admin' into text field 'name=username'.
2019-10-16 10:52:49,289 INFO Typing text 'admin' into text field 'name=username'.
2019-10-16 10:52:49,289 INFO Typing text 'admin' into text field 'name=username'.
2019-10-16 10:52:49,289 INFO Typing text 'admin' into text field 'name=username'.
2019-10-16 10:52:49,289 INFO Typing text 'admin' into text field 'name=username'.
2019-10-16 10:52:49,289 INFO Typing text 'admin' into text field 'name=username'.
2019-10-16 10:52:49,289 INFO Typing text 'admin' into text field 'name=username'.
2019-10-16 10:52:49,873 INFO None
2019-10-16 10:52:49,873 INFO None
2019-10-16 10:52:49,873 INFO None
2019-10-16 10:52:49,873 INFO None
2019-10-16 10:52:49,873 INFO None
2019-10-16 10:52:49,873 INFO None
2019-10-16 10:52:49,873 INFO None
2019-10-16 10:52:49,873 INFO None
2019-10-16 10:52:49,873 INFO None
2019-10-16 10:52:49,873 INFO None
2019-10-16 10:52:49,873 INFO None
2019-10-16 10:52:49,873 INFO None
2019-10-16 10:52:49,873 INFO None
2019-10-16 10:52:49,873 INFO None
2019-10-16 10:52:49,873 INFO None
2019-10-16 10:52:49,873 INFO None
2019-10-16 10:52:49,873 INFO None
2019-10-16 10:52:49,873 INFO None
2019-10-16 10:52:49,873 INFO None
2019-10-16 10:52:49,875 INFO Typing text 'admin' into text field 'name=password'.
2019-10-16 10:52:49,875 INFO Typing text 'admin' into text field 'name=password'.
2019-10-16 10:52:49,875 INFO Typing text 'admin' into text field 'name=password'.
2019-10-16 10:52:49,875 INFO Typing text 'admin' into text field 'name=password'.
2019-10-16 10:52:49,875 INFO Typing text 'admin' into text field 'name=password'.
2019-10-16 10:52:49,875 INFO Typing text 'admin' into text field 'name=password'.
2019-10-16 10:52:49,875 INFO Typing text 'admin' into text field 'name=password'.
2019-10-16 10:52:49,875 INFO Typing text 'admin' into text field 'name=password'.
2019-10-16 10:52:49,875 INFO Typing text 'admin' into text field 'name=password'.
2019-10-16 10:52:49,875 INFO Typing text 'admin' into text field 'name=password'.
2019-10-16 10:52:49,875 INFO Typing text 'admin' into text field 'name=password'.
2019-10-16 10:52:49,875 INFO Typing text 'admin' into text field 'name=password'.
2019-10-16 10:52:49,875 INFO Typing text 'admin' into text field 'name=password'.
2019-10-16 10:52:49,875 INFO Typing text 'admin' into text field 'name=password'.
2019-10-16 10:52:49,875 INFO Typing text 'admin' into text field 'name=password'.
2019-10-16 10:52:49,875 INFO Typing text 'admin' into text field 'name=password'.
2019-10-16 10:52:49,875 INFO Typing text 'admin' into text field 'name=password'.
2019-10-16 10:52:49,875 INFO Typing text 'admin' into text field 'name=password'.
2019-10-16 10:52:49,875 INFO Typing text 'admin' into text field 'name=password'.
2019-10-16 10:52:50,198 INFO None
2019-10-16 10:52:50,198 INFO None
2019-10-16 10:52:50,198 INFO None
2019-10-16 10:52:50,198 INFO None
2019-10-16 10:52:50,198 INFO None
2019-10-16 10:52:50,198 INFO None
2019-10-16 10:52:50,198 INFO None
2019-10-16 10:52:50,198 INFO None
2019-10-16 10:52:50,198 INFO None
2019-10-16 10:52:50,198 INFO None
2019-10-16 10:52:50,198 INFO None
2019-10-16 10:52:50,198 INFO None
2019-10-16 10:52:50,198 INFO None
2019-10-16 10:52:50,198 INFO None
2019-10-16 10:52:50,198 INFO None
2019-10-16 10:52:50,198 INFO None
2019-10-16 10:52:50,198 INFO None
2019-10-16 10:52:50,198 INFO None
2019-10-16 10:52:50,198 INFO None
2019-10-16 10:52:50,198 INFO None
2019-10-16 10:52:50,200 INFO Clicking button 'id=login_button'.
2019-10-16 10:52:50,200 INFO Clicking button 'id=login_button'.
2019-10-16 10:52:50,200 INFO Clicking button 'id=login_button'.
2019-10-16 10:52:50,200 INFO Clicking button 'id=login_button'.
2019-10-16 10:52:50,200 INFO Clicking button 'id=login_button'.
2019-10-16 10:52:50,200 INFO Clicking button 'id=login_button'.
2019-10-16 10:52:50,200 INFO Clicking button 'id=login_button'.
2019-10-16 10:52:50,200 INFO Clicking button 'id=login_button'.
2019-10-16 10:52:50,200 INFO Clicking button 'id=login_button'.
2019-10-16 10:52:50,200 INFO Clicking button 'id=login_button'.
2019-10-16 10:52:50,200 INFO Clicking button 'id=login_button'.
2019-10-16 10:52:50,200 INFO Clicking button 'id=login_button'.
2019-10-16 10:52:50,200 INFO Clicking button 'id=login_button'.
2019-10-16 10:52:50,200 INFO Clicking button 'id=login_button'.
2019-10-16 10:52:50,200 INFO Clicking button 'id=login_button'.
2019-10-16 10:52:50,200 INFO Clicking button 'id=login_button'.
2019-10-16 10:52:50,200 INFO Clicking button 'id=login_button'.
2019-10-16 10:52:50,200 INFO Clicking button 'id=login_button'.
2019-10-16 10:52:50,200 INFO Clicking button 'id=login_button'.
2019-10-16 10:52:50,200 INFO Clicking button 'id=login_button'.
2019-10-16 10:52:50,437 INFO None
2019-10-16 10:52:50,437 INFO None
2019-10-16 10:52:50,437 INFO None
2019-10-16 10:52:50,437 INFO None
2019-10-16 10:52:50,437 INFO None
2019-10-16 10:52:50,437 INFO None
2019-10-16 10:52:50,437 INFO None
2019-10-16 10:52:50,437 INFO None
2019-10-16 10:52:50,437 INFO None
2019-10-16 10:52:50,437 INFO None
2019-10-16 10:52:50,437 INFO None
2019-10-16 10:52:50,437 INFO None
2019-10-16 10:52:50,437 INFO None
2019-10-16 10:52:50,437 INFO None
2019-10-16 10:52:50,437 INFO None
2019-10-16 10:52:50,437 INFO None
2019-10-16 10:52:50,437 INFO None
2019-10-16 10:52:50,437 INFO None
2019-10-16 10:52:50,437 INFO None
2019-10-16 10:52:50,437 INFO None
2019-10-16 10:52:50,437 INFO None
2019-10-16 10:52:50,438 DEBUG Closing browser with session id 9d10657eaaef45e61f511b99481e942e.
2019-10-16 10:52:50,438 DEBUG Closing browser with session id 9d10657eaaef45e61f511b99481e942e.
2019-10-16 10:52:50,438 DEBUG Closing browser with session id 9d10657eaaef45e61f511b99481e942e.
2019-10-16 10:52:50,438 DEBUG Closing browser with session id 9d10657eaaef45e61f511b99481e942e.
2019-10-16 10:52:50,438 DEBUG Closing browser with session id 9d10657eaaef45e61f511b99481e942e.
2019-10-16 10:52:50,438 DEBUG Closing browser with session id 9d10657eaaef45e61f511b99481e942e.
2019-10-16 10:52:50,438 DEBUG Closing browser with session id 9d10657eaaef45e61f511b99481e942e.
2019-10-16 10:52:50,438 DEBUG Closing browser with session id 9d10657eaaef45e61f511b99481e942e.
2019-10-16 10:52:50,438 DEBUG Closing browser with session id 9d10657eaaef45e61f511b99481e942e.
2019-10-16 10:52:50,438 DEBUG Closing browser with session id 9d10657eaaef45e61f511b99481e942e.
2019-10-16 10:52:50,438 DEBUG Closing browser with session id 9d10657eaaef45e61f511b99481e942e.
2019-10-16 10:52:50,438 DEBUG Closing browser with session id 9d10657eaaef45e61f511b99481e942e.
2019-10-16 10:52:50,438 DEBUG Closing browser with session id 9d10657eaaef45e61f511b99481e942e.
2019-10-16 10:52:50,438 DEBUG Closing browser with session id 9d10657eaaef45e61f511b99481e942e.
2019-10-16 10:52:50,438 DEBUG Closing browser with session id 9d10657eaaef45e61f511b99481e942e.
2019-10-16 10:52:50,438 DEBUG Closing browser with session id 9d10657eaaef45e61f511b99481e942e.
2019-10-16 10:52:50,438 DEBUG Closing browser with session id 9d10657eaaef45e61f511b99481e942e.
2019-10-16 10:52:50,438 DEBUG Closing browser with session id 9d10657eaaef45e61f511b99481e942e.
2019-10-16 10:52:50,438 DEBUG Closing browser with session id 9d10657eaaef45e61f511b99481e942e.
2019-10-16 10:52:50,438 DEBUG Closing browser with session id 9d10657eaaef45e61f511b99481e942e.
2019-10-16 10:52:50,438 DEBUG Closing browser with session id 9d10657eaaef45e61f511b99481e942e.
2019-10-16 10:52:50,740 INFO None
2019-10-16 10:52:50,740 INFO None
2019-10-16 10:52:50,740 INFO None
2019-10-16 10:52:50,740 INFO None
2019-10-16 10:52:50,740 INFO None
2019-10-16 10:52:50,740 INFO None
2019-10-16 10:52:50,740 INFO None
2019-10-16 10:52:50,740 INFO None
2019-10-16 10:52:50,740 INFO None
2019-10-16 10:52:50,740 INFO None
2019-10-16 10:52:50,740 INFO None
2019-10-16 10:52:50,740 INFO None
2019-10-16 10:52:50,740 INFO None
2019-10-16 10:52:50,740 INFO None
2019-10-16 10:52:50,740 INFO None
2019-10-16 10:52:50,740 INFO None
2019-10-16 10:52:50,740 INFO None
2019-10-16 10:52:50,740 INFO None
2019-10-16 10:52:50,740 INFO None
2019-10-16 10:52:50,740 INFO None
2019-10-16 10:52:50,740 INFO None
2019-10-16 10:52:50,740 INFO None
